================================================================
 EDGE AI SERVER v90-multiuav -- Zone 2
================================================================
[EDGE-Z2] Port              : 9995
[EDGE-Z2] Coordinator       : 127.0.0.1:9997
[EDGE-Z2] ZONE_SAFE=0.15  ZONE_MALICIOUS=0.30  NASH_P*=0.4000
[EDGE-Z2] Weights: W1=0.27 W2=0.18 W3=0.23 W4=0.18 W5=0.14
[EDGE-Z2] LEARNING_RATE=0.050  W_MIN=0.05  NASH_BAN_CONFIRM_K=1
[CLOUD-DELAY] RTT=400ms  pre-cloud-pkts=4
[EDGE-AI] Config snapshot saved -> logs/edge_ai_z2_config_20260624_172708.json
[EDGE-Z2] Ready on port 9995

[EDGE-Z2-ENSEMBLE] CID:0 m1=0.671 m2=0.020 m3=0.000 m4=0.000 m5=0.000 p=0.187 cloud=PRE overlap=NO -> WARN
[EDGE-Z2-ENSEMBLE] CID:0 m1=0.684 m2=0.020 m3=0.000 m4=0.000 m5=0.000 p=0.190 cloud=PRE overlap=NO -> WARN
[EDGE-Z2-ENSEMBLE] CID:0 m1=0.682 m2=0.020 m3=0.000 m4=0.000 m5=0.113 p=0.205 cloud=PRE overlap=NO -> WARN
[EDGE-Z2-ENSEMBLE] CID:3 m1=0.684 m2=0.020 m3=0.000 m4=0.000 m5=0.000 p=0.190 cloud=PRE overlap=NO -> WARN
[EDGE-Z2-ENSEMBLE] CID:0 m1=0.671 m2=0.020 m3=0.000 m4=0.000 m5=0.110 p=0.202 cloud=PRE overlap=NO -> WARN
[EDGE-Z2-ENSEMBLE] CID:3 m1=0.687 m2=0.020 m3=0.000 m4=0.000 m5=0.000 p=0.191 cloud=PRE overlap=NO -> WARN
[EDGE-Z2] HANDOVER_LOAD  CID:0     from_Z1  safe_wins_raw=0 decayed=0 decay=0.30 probationK=8  ban_str=0  warn_str=17  verdict=WARN  spd_seeded=10  ts_seeded=10
[EDGE-Z2] HANDOVER_LOAD  CID:1     from_Z1  safe_wins_raw=2 decayed=1 decay=0.30 probationK=8  ban_str=1  warn_str=0  verdict=BAN  spd_seeded=10  ts_seeded=10
[EDGE-Z2] HANDOVER_LOAD  CID:2     from_Z1  safe_wins_raw=2 decayed=1 decay=0.30 probationK=8  ban_str=1  warn_str=0  verdict=BAN  spd_seeded=10  ts_seeded=10
[EDGE-Z2] HANDOVER_LOAD  CID:3     from_Z1  safe_wins_raw=0 decayed=0 decay=0.30 probationK=8  ban_str=0  warn_str=8  verdict=WARN  spd_seeded=10  ts_seeded=10
[EDGE-Z2] HANDOVER_LOAD  CID:4     from_Z1  safe_wins_raw=128 decayed=38 decay=0.30 probationK=8  ban_str=0  warn_str=0  verdict=SAFE  spd_seeded=10  ts_seeded=10
[EDGE-Z2] HANDOVER_LOAD  CID:5     from_Z1  safe_wins_raw=2 decayed=1 decay=0.30 probationK=8  ban_str=1  warn_str=0  verdict=BAN  spd_seeded=10  ts_seeded=10
[EDGE-Z2-ENSEMBLE] CID:0 m1=0.687 m2=0.020 m3=0.000 m4=0.000 m5=0.112 p=0.206 cloud=PRE overlap=YES -> WARN
[EDGE-Z2-ENSEMBLE] CID:3 m1=0.680 m2=0.020 m3=0.000 m4=0.000 m5=0.113 p=0.205 cloud=PRE overlap=YES -> WARN
[EDGE-Z2-ENSEMBLE] CID:0 m1=0.676 m2=0.020 m3=0.000 m4=0.000 m5=0.111 p=0.203 cloud=PRE overlap=YES -> WARN
[EDGE-Z2-ENSEMBLE] CID:3 m1=0.674 m2=0.020 m3=0.000 m4=0.000 m5=0.114 p=0.203 cloud=PRE overlap=YES -> WARN
[EDGE-Z2-ENSEMBLE] CID:0 m1=0.684 m2=0.020 m3=0.000 m4=0.000 m5=0.114 p=0.206 cloud=PRE overlap=YES -> WARN
[EDGE-Z2-ENSEMBLE] CID:3 m1=0.680 m2=0.020 m3=0.000 m4=0.000 m5=0.114 p=0.205 cloud=PRE overlap=YES -> WARN
[EDGE-Z2-ENSEMBLE] CID:0 m1=0.682 m2=0.020 m3=0.000 m4=0.000 m5=0.114 p=0.205 cloud=PRE overlap=YES -> WARN
[EDGE-Z2-ENSEMBLE] CID:3 m1=0.678 m2=0.020 m3=0.000 m4=0.000 m5=0.113 p=0.204 cloud=PRE overlap=YES -> WARN
[EDGE-Z2-ENSEMBLE] CID:0 m1=0.668 m2=0.020 m3=0.000 m4=0.000 m5=0.114 p=0.201 cloud=PRE overlap=YES -> WARN
[EDGE-Z2-ENSEMBLE] CID:3 m1=0.676 m2=0.020 m3=0.000 m4=0.000 m5=0.111 p=0.203 cloud=PRE overlap=YES -> WARN
[EDGE-Z2-ENSEMBLE] CID:0 m1=0.684 m2=0.020 m3=0.000 m4=0.000 m5=0.113 p=0.206 cloud=PRE overlap=YES -> WARN
[EDGE-Z2-ENSEMBLE] CID:3 m1=0.668 m2=0.020 m3=0.000 m4=0.000 m5=0.108 p=0.201 cloud=PRE overlap=YES -> WARN
[EDGE-Z2-ENSEMBLE] CID:0 m1=0.684 m2=0.020 m3=0.000 m4=0.000 m5=0.115 p=0.206 cloud=PRE overlap=YES -> WARN
[EDGE-Z2-ENSEMBLE] CID:3 m1=0.674 m2=0.020 m3=0.000 m4=0.000 m5=0.108 p=0.202 cloud=PRE overlap=YES -> WARN
[EDGE-Z2-ENSEMBLE] CID:0 m1=0.684 m2=0.020 m3=0.000 m4=0.000 m5=0.115 p=0.206 cloud=PRE overlap=YES -> WARN
[EDGE-Z2-ENSEMBLE] CID:3 m1=0.671 m2=0.020 m3=0.000 m4=0.000 m5=0.106 p=0.201 cloud=PRE overlap=YES -> WARN
[EDGE-Z2-ENSEMBLE] CID:0 m1=0.676 m2=0.020 m3=0.000 m4=0.000 m5=0.113 p=0.203 cloud=PRE overlap=YES -> WARN
[EDGE-Z2-ENSEMBLE] CID:3 m1=0.682 m2=0.020 m3=0.040 m4=0.000 m5=0.107 p=0.213 cloud=PRE overlap=YES -> WARN
[EDGE-Z2-ENSEMBLE] CID:0 m1=0.671 m2=0.020 m3=0.000 m4=0.000 m5=0.114 p=0.202 cloud=PRE overlap=YES -> WARN
[EDGE-Z2-ENSEMBLE] CID:3 m1=0.680 m2=0.020 m3=0.040 m4=0.000 m5=0.108 p=0.213 cloud=PRE overlap=YES -> WARN
[EDGE-Z2-ENSEMBLE] CID:0 m1=0.680 m2=0.020 m3=0.000 m4=0.000 m5=0.113 p=0.205 cloud=PRE overlap=YES -> WARN
[EDGE-Z2-ENSEMBLE] CID:3 m1=0.685 m2=0.020 m3=0.000 m4=0.000 m5=0.112 p=0.206 cloud=PRE overlap=YES -> WARN
[EDGE-Z2-ENSEMBLE] CID:0 m1=0.668 m2=0.020 m3=0.000 m4=0.000 m5=0.109 p=0.201 cloud=PRE overlap=YES -> WARN
[EDGE-CALIB] Received calibration: attack=speed_attack conf=1.00
[EDGE-CALIB] Applied: W1: 0.2727→0.2737 (Δ0.0200)  ZONE_MAL: 0.300→0.300
[EDGE-CALIB] New weights: W1=0.273 W2=0.182 W3=0.227 W4=0.182 W5=0.136
[EDGE-Z2-ENSEMBLE] CID:3 m1=0.684 m2=0.020 m3=0.000 m4=0.000 m5=0.115 p=0.206 cloud=PRE overlap=YES -> WARN
[EDGE-Z2-ENSEMBLE] CID:0 m1=0.000 m2=0.020 m3=0.000 m4=0.000 m5=0.079 p=0.014 cloud=PRE overlap=YES -> SAFE
[EDGE-Z2-ENSEMBLE] CID:3 m1=0.676 m2=0.020 m3=0.000 m4=0.000 m5=0.116 p=0.204 cloud=PRE overlap=YES -> WARN
[EDGE-Z2-ENSEMBLE] CID:0 m1=0.000 m2=0.020 m3=0.000 m4=0.000 m5=0.052 p=0.006 cloud=PRE overlap=YES -> SAFE
[EDGE-Z2-ENSEMBLE] CID:3 m1=0.671 m2=0.020 m3=0.000 m4=0.000 m5=0.113 p=0.202 cloud=PRE overlap=YES -> WARN
[EDGE-Z2-ENSEMBLE] CID:0 m1=0.000 m2=0.768 m3=0.000 m4=0.000 m5=0.026 p=0.133 cloud=PRE overlap=YES -> SAFE
[EDGE-Z2-ENSEMBLE] CID:3 m1=0.680 m2=0.020 m3=0.000 m4=0.000 m5=0.113 p=0.205 cloud=PRE overlap=YES -> WARN
[EDGE-Z2-ENSEMBLE] CID:0 m1=0.000 m2=0.020 m3=0.000 m4=0.000 m5=0.000 p=0.000 cloud=PRE overlap=YES -> SAFE
[EDGE-Z2-ENSEMBLE] CID:0 m1=0.000 m2=0.020 m3=0.000 m4=0.000 m5=0.000 p=0.000 cloud=PRE overlap=YES -> SAFE
[EDGE-Z2-ENSEMBLE] CID:0 m1=0.000 m2=0.766 m3=0.000 m4=0.000 m5=0.222 p=0.161 cloud=PRE overlap=YES -> WARN
[EDGE-Z2-ENSEMBLE] CID:0 m1=0.000 m2=0.020 m3=0.000 m4=0.000 m5=0.200 p=0.031 cloud=PRE overlap=YES -> SAFE
[EDGE-Z2-ENSEMBLE] CID:0 m1=0.000 m2=0.020 m3=0.550 m4=0.000 m5=0.000 p=0.124 cloud=PRE overlap=YES -> SAFE
[EDGE-Z2-ENSEMBLE] CID:0 m1=0.000 m2=0.766 m3=0.550 m4=0.302 m5=0.446 p=0.380 cloud=PRE overlap=YES -> BAN
[EDGE-Z2] CID:0 -> FASTBAN
