================================================================
 EDGE AI SERVER v90-multiuav -- Zone 1
================================================================
[EDGE-Z1] Port              : 9999
[EDGE-Z1] Coordinator       : 127.0.0.1:9997
[EDGE-Z1] ZONE_SAFE=0.15  ZONE_MALICIOUS=0.30  NASH_P*=0.4000
[EDGE-Z1] Weights: W1=0.27 W2=0.18 W3=0.23 W4=0.18 W5=0.14
[EDGE-Z1] LEARNING_RATE=0.000  W_MIN=0.05  NASH_BAN_CONFIRM_K=1
[CLOUD-DELAY] RTT=400ms  pre-cloud-pkts=4
[EDGE-AI] Config snapshot saved -> logs/edge_ai_z1_config_20260719_061058.json
[EDGE-Z1] Ready on port 9999

[EDGE-Z1-ENSEMBLE] CID:6 m1=0.000 m2=0.020 m3=0.000 m4=0.000 m5=0.000 p=0.004 cloud=PRE overlap=NO -> SAFE
[EDGE-Z1-ENSEMBLE] CID:9 m1=0.000 m2=0.020 m3=0.000 m4=0.000 m5=0.000 p=0.004 cloud=PRE overlap=NO -> SAFE
[EDGE-Z1-ENSEMBLE] CID:7 m1=0.000 m2=0.020 m3=0.000 m4=0.000 m5=0.000 p=0.004 cloud=PRE overlap=NO -> SAFE
[EDGE-Z1-ENSEMBLE] CID:8 m1=0.000 m2=0.020 m3=0.000 m4=0.000 m5=0.000 p=0.004 cloud=PRE overlap=NO -> SAFE
[EDGE-Z1-ENSEMBLE] CID:4 m1=0.000 m2=0.020 m3=0.000 m4=0.000 m5=0.000 p=0.004 cloud=PRE overlap=NO -> SAFE
[EDGE-Z1-ENSEMBLE] CID:0 m1=0.000 m2=0.020 m3=0.000 m4=0.000 m5=0.000 p=0.004 cloud=PRE overlap=NO -> SAFE
[EDGE-Z1-ENSEMBLE] CID:6 m1=0.000 m2=0.020 m3=0.000 m4=0.000 m5=0.000 p=0.000 cloud=PRE overlap=NO -> SAFE
[EDGE-Z1-ENSEMBLE] CID:5 m1=0.000 m2=0.020 m3=0.000 m4=0.000 m5=0.000 p=0.004 cloud=PRE overlap=NO -> SAFE
[EDGE-Z1-ENSEMBLE] CID:3 m1=0.000 m2=0.020 m3=0.000 m4=0.000 m5=0.000 p=0.004 cloud=PRE overlap=NO -> SAFE
[EDGE-Z1-ENSEMBLE] CID:9 m1=0.000 m2=0.020 m3=0.000 m4=0.000 m5=0.000 p=0.000 cloud=PRE overlap=NO -> SAFE
[EDGE-Z1-ENSEMBLE] CID:7 m1=0.000 m2=0.020 m3=0.000 m4=0.000 m5=0.000 p=0.000 cloud=PRE overlap=NO -> SAFE
[EDGE-Z1-ENSEMBLE] CID:1 m1=0.000 m2=0.020 m3=0.000 m4=0.000 m5=0.000 p=0.004 cloud=PRE overlap=NO -> SAFE
[EDGE-Z1-ENSEMBLE] CID:2 m1=0.000 m2=0.020 m3=0.000 m4=0.000 m5=0.000 p=0.004 cloud=PRE overlap=NO -> SAFE
[EDGE-Z1-ENSEMBLE] CID:8 m1=0.000 m2=0.020 m3=0.000 m4=0.000 m5=0.000 p=0.000 cloud=PRE overlap=NO -> SAFE
[EDGE-Z1-ENSEMBLE] CID:4 m1=0.000 m2=0.020 m3=0.000 m4=0.000 m5=0.000 p=0.000 cloud=PRE overlap=NO -> SAFE
[EDGE-Z1-ENSEMBLE] CID:0 m1=0.000 m2=0.020 m3=0.000 m4=0.000 m5=0.000 p=0.000 cloud=PRE overlap=NO -> SAFE
[EDGE-Z1-ENSEMBLE] CID:6 m1=0.000 m2=0.020 m3=0.040 m4=0.000 m5=0.000 p=0.003 cloud=PRE overlap=NO -> SAFE
[EDGE-Z1-ENSEMBLE] CID:5 m1=0.000 m2=0.020 m3=0.000 m4=0.000 m5=0.000 p=0.000 cloud=PRE overlap=NO -> SAFE
[EDGE-Z1-ENSEMBLE] CID:7 m1=0.000 m2=0.020 m3=0.000 m4=0.000 m5=0.000 p=0.000 cloud=PRE overlap=NO -> SAFE
[EDGE-Z1-ENSEMBLE] CID:3 m1=0.000 m2=0.020 m3=0.000 m4=0.000 m5=0.000 p=0.000 cloud=PRE overlap=NO -> SAFE
[EDGE-Z1-ENSEMBLE] CID:9 m1=0.000 m2=0.020 m3=0.000 m4=0.000 m5=0.000 p=0.000 cloud=PRE overlap=NO -> SAFE
[EDGE-Z1-ENSEMBLE] CID:1 m1=0.000 m2=0.020 m3=0.000 m4=0.000 m5=0.000 p=0.000 cloud=PRE overlap=NO -> SAFE
[EDGE-Z1-ENSEMBLE] CID:2 m1=0.000 m2=0.020 m3=0.000 m4=0.000 m5=0.000 p=0.000 cloud=PRE overlap=NO -> SAFE
[EDGE-Z1-ENSEMBLE] CID:8 m1=0.000 m2=0.020 m3=0.000 m4=0.000 m5=0.000 p=0.000 cloud=PRE overlap=NO -> SAFE
[EDGE-Z1-ENSEMBLE] CID:4 m1=0.000 m2=0.020 m3=0.000 m4=0.000 m5=0.000 p=0.000 cloud=PRE overlap=NO -> SAFE
[EDGE-Z1-ENSEMBLE] CID:0 m1=0.000 m2=0.020 m3=0.000 m4=0.000 m5=0.000 p=0.000 cloud=PRE overlap=NO -> SAFE
[EDGE-Z1-ENSEMBLE] CID:6 m1=0.000 m2=0.020 m3=0.000 m4=0.000 m5=0.000 p=0.000 cloud=PRE overlap=NO -> SAFE
[EDGE-Z1-ENSEMBLE] CID:5 m1=0.000 m2=0.020 m3=0.000 m4=0.000 m5=0.000 p=0.000 cloud=PRE overlap=NO -> SAFE
[EDGE-Z1-ENSEMBLE] CID:3 m1=0.000 m2=0.020 m3=0.000 m4=0.000 m5=0.000 p=0.000 cloud=PRE overlap=NO -> SAFE
[EDGE-Z1-ENSEMBLE] CID:9 m1=0.000 m2=0.020 m3=0.000 m4=0.000 m5=0.000 p=0.000 cloud=PRE overlap=NO -> SAFE
[EDGE-Z1-ENSEMBLE] CID:7 m1=0.000 m2=0.020 m3=0.000 m4=0.000 m5=0.000 p=0.000 cloud=PRE overlap=NO -> SAFE
[EDGE-Z1-ENSEMBLE] CID:1 m1=0.000 m2=0.020 m3=0.040 m4=0.000 m5=0.000 p=0.003 cloud=PRE overlap=NO -> SAFE
[EDGE-Z1-ENSEMBLE] CID:2 m1=0.000 m2=0.020 m3=0.000 m4=0.000 m5=0.000 p=0.000 cloud=PRE overlap=NO -> SAFE
[EDGE-Z1-ENSEMBLE] CID:8 m1=0.000 m2=0.020 m3=0.000 m4=0.000 m5=0.000 p=0.000 cloud=PRE overlap=NO -> SAFE
[EDGE-Z1-ENSEMBLE] CID:4 m1=0.000 m2=0.020 m3=0.000 m4=0.000 m5=0.000 p=0.000 cloud=PRE overlap=NO -> SAFE
[EDGE-Z1-ENSEMBLE] CID:0 m1=0.000 m2=0.020 m3=0.000 m4=0.000 m5=0.000 p=0.000 cloud=PRE overlap=NO -> SAFE
[EDGE-Z1-ENSEMBLE] CID:6 m1=0.000 m2=0.020 m3=0.000 m4=0.000 m5=0.000 p=0.000 cloud=PRE overlap=NO -> SAFE
[EDGE-Z1-ENSEMBLE] CID:5 m1=0.000 m2=0.020 m3=0.000 m4=0.000 m5=0.000 p=0.000 cloud=PRE overlap=NO -> SAFE
[EDGE-Z1-ENSEMBLE] CID:3 m1=0.000 m2=0.020 m3=0.000 m4=0.000 m5=0.000 p=0.000 cloud=PRE overlap=NO -> SAFE
[EDGE-Z1-ENSEMBLE] CID:7 m1=0.000 m2=0.020 m3=0.000 m4=0.000 m5=0.000 p=0.000 cloud=PRE overlap=NO -> SAFE
[EDGE-Z1-ENSEMBLE] CID:9 m1=0.000 m2=0.020 m3=0.000 m4=0.000 m5=0.000 p=0.000 cloud=PRE overlap=NO -> SAFE
[EDGE-Z1-ENSEMBLE] CID:1 m1=0.000 m2=0.020 m3=0.000 m4=0.000 m5=0.000 p=0.000 cloud=PRE overlap=NO -> SAFE
[EDGE-Z1-ENSEMBLE] CID:2 m1=0.000 m2=0.020 m3=0.000 m4=0.000 m5=0.000 p=0.000 cloud=PRE overlap=NO -> SAFE
[EDGE-Z1-ENSEMBLE] CID:8 m1=0.000 m2=0.020 m3=0.000 m4=0.000 m5=0.000 p=0.000 cloud=PRE overlap=NO -> SAFE
[EDGE-Z1-ENSEMBLE] CID:4 m1=0.000 m2=0.020 m3=0.000 m4=0.000 m5=0.000 p=0.000 cloud=PRE overlap=NO -> SAFE
[EDGE-Z1-ENSEMBLE] CID:0 m1=0.000 m2=0.020 m3=0.000 m4=0.000 m5=0.000 p=0.000 cloud=PRE overlap=NO -> SAFE
[EDGE-Z1-ENSEMBLE] CID:6 m1=0.000 m2=0.020 m3=0.000 m4=0.000 m5=0.000 p=0.000 cloud=PRE overlap=NO -> SAFE
[EDGE-Z1-ENSEMBLE] CID:5 m1=0.000 m2=0.020 m3=0.000 m4=0.000 m5=0.000 p=0.000 cloud=PRE overlap=NO -> SAFE
[EDGE-Z1-ENSEMBLE] CID:3 m1=0.000 m2=0.020 m3=0.000 m4=0.000 m5=0.000 p=0.000 cloud=PRE overlap=NO -> SAFE
[EDGE-Z1-ENSEMBLE] CID:7 m1=0.000 m2=0.020 m3=0.000 m4=0.000 m5=0.000 p=0.000 cloud=PRE overlap=NO -> SAFE
[EDGE-Z1-ENSEMBLE] CID:9 m1=0.000 m2=0.020 m3=0.000 m4=0.000 m5=0.000 p=0.000 cloud=PRE overlap=NO -> SAFE
[EDGE-Z1-ENSEMBLE] CID:1 m1=0.000 m2=0.020 m3=0.000 m4=0.000 m5=0.000 p=0.000 cloud=PRE overlap=NO -> SAFE
[EDGE-Z1-ENSEMBLE] CID:2 m1=0.000 m2=0.020 m3=0.000 m4=0.000 m5=0.000 p=0.000 cloud=PRE overlap=NO -> SAFE
[EDGE-Z1-ENSEMBLE] CID:8 m1=0.000 m2=0.020 m3=0.000 m4=0.000 m5=0.000 p=0.000 cloud=PRE overlap=NO -> SAFE
[EDGE-Z1-ENSEMBLE] CID:4 m1=0.000 m2=0.020 m3=0.000 m4=0.000 m5=0.000 p=0.000 cloud=PRE overlap=NO -> SAFE
[EDGE-Z1-ENSEMBLE] CID:0 m1=0.000 m2=0.020 m3=0.000 m4=0.000 m5=0.000 p=0.000 cloud=PRE overlap=NO -> SAFE
[EDGE-Z1-ENSEMBLE] CID:6 m1=0.000 m2=0.020 m3=0.000 m4=0.000 m5=0.000 p=0.000 cloud=PRE overlap=NO -> SAFE
[EDGE-Z1-ENSEMBLE] CID:5 m1=0.000 m2=0.020 m3=0.000 m4=0.000 m5=0.000 p=0.000 cloud=PRE overlap=NO -> SAFE
[EDGE-Z1-ENSEMBLE] CID:3 m1=0.000 m2=0.020 m3=0.000 m4=0.000 m5=0.000 p=0.000 cloud=PRE overlap=NO -> SAFE
[EDGE-Z1-ENSEMBLE] CID:7 m1=0.000 m2=0.020 m3=0.000 m4=0.000 m5=0.000 p=0.000 cloud=PRE overlap=NO -> SAFE
[EDGE-Z1-ENSEMBLE] CID:9 m1=0.000 m2=0.020 m3=0.000 m4=0.000 m5=0.000 p=0.000 cloud=PRE overlap=NO -> SAFE
[EDGE-Z1-ENSEMBLE] CID:1 m1=0.000 m2=0.020 m3=0.000 m4=0.000 m5=0.000 p=0.000 cloud=PRE overlap=NO -> SAFE
[EDGE-Z1-ENSEMBLE] CID:2 m1=0.000 m2=0.020 m3=0.000 m4=0.000 m5=0.000 p=0.000 cloud=PRE overlap=NO -> SAFE
[EDGE-Z1-ENSEMBLE] CID:8 m1=0.000 m2=0.020 m3=0.000 m4=0.000 m5=0.000 p=0.000 cloud=PRE overlap=NO -> SAFE
[EDGE-Z1-ENSEMBLE] CID:4 m1=0.000 m2=0.020 m3=0.000 m4=0.000 m5=0.000 p=0.000 cloud=PRE overlap=NO -> SAFE
[EDGE-Z1-ENSEMBLE] CID:0 m1=0.000 m2=0.020 m3=0.000 m4=0.000 m5=0.000 p=0.000 cloud=PRE overlap=NO -> SAFE
[EDGE-Z1-ENSEMBLE] CID:6 m1=0.000 m2=0.020 m3=0.000 m4=0.000 m5=0.000 p=0.000 cloud=PRE overlap=NO -> SAFE
[EDGE-Z1-ENSEMBLE] CID:5 m1=0.000 m2=0.020 m3=0.000 m4=0.000 m5=0.000 p=0.000 cloud=PRE overlap=NO -> SAFE
[EDGE-Z1-ENSEMBLE] CID:3 m1=0.000 m2=0.020 m3=0.000 m4=0.000 m5=0.000 p=0.000 cloud=PRE overlap=NO -> SAFE
[EDGE-Z1-ENSEMBLE] CID:9 m1=0.000 m2=0.020 m3=0.000 m4=0.000 m5=0.000 p=0.000 cloud=PRE overlap=NO -> SAFE
[EDGE-Z1-ENSEMBLE] CID:7 m1=0.000 m2=0.020 m3=0.000 m4=0.000 m5=0.000 p=0.000 cloud=PRE overlap=NO -> SAFE
[EDGE-Z1-ENSEMBLE] CID:1 m1=0.000 m2=0.020 m3=0.000 m4=0.000 m5=0.000 p=0.000 cloud=PRE overlap=NO -> SAFE
[EDGE-Z1-ENSEMBLE] CID:2 m1=0.000 m2=0.020 m3=0.000 m4=0.000 m5=0.000 p=0.000 cloud=PRE overlap=NO -> SAFE
[EDGE-Z1-ENSEMBLE] CID:8 m1=0.000 m2=0.020 m3=0.000 m4=0.000 m5=0.000 p=0.000 cloud=PRE overlap=NO -> SAFE
[EDGE-Z1-ENSEMBLE] CID:4 m1=0.000 m2=0.020 m3=0.000 m4=0.000 m5=0.000 p=0.000 cloud=PRE overlap=NO -> SAFE
[EDGE-Z1-ENSEMBLE] CID:0 m1=0.000 m2=0.020 m3=0.000 m4=0.000 m5=0.000 p=0.000 cloud=PRE overlap=NO -> SAFE
[EDGE-Z1-ENSEMBLE] CID:6 m1=0.000 m2=0.020 m3=0.000 m4=0.000 m5=0.000 p=0.000 cloud=PRE overlap=NO -> SAFE
[EDGE-Z1-ENSEMBLE] CID:5 m1=0.000 m2=0.020 m3=0.000 m4=0.000 m5=0.000 p=0.000 cloud=PRE overlap=NO -> SAFE
[EDGE-Z1-ENSEMBLE] CID:3 m1=0.000 m2=0.020 m3=0.000 m4=0.000 m5=0.000 p=0.000 cloud=PRE overlap=NO -> SAFE
[EDGE-Z1-ENSEMBLE] CID:7 m1=0.000 m2=0.020 m3=0.000 m4=0.000 m5=0.000 p=0.000 cloud=PRE overlap=NO -> SAFE
[EDGE-Z1-ENSEMBLE] CID:9 m1=0.000 m2=0.020 m3=0.000 m4=0.000 m5=0.000 p=0.000 cloud=PRE overlap=NO -> SAFE
[EDGE-Z1-ENSEMBLE] CID:1 m1=0.000 m2=0.020 m3=0.000 m4=0.000 m5=0.000 p=0.000 cloud=PRE overlap=NO -> SAFE
[EDGE-Z1-ENSEMBLE] CID:2 m1=0.000 m2=0.020 m3=0.000 m4=0.000 m5=0.000 p=0.000 cloud=PRE overlap=NO -> SAFE
[EDGE-Z1-ENSEMBLE] CID:8 m1=0.000 m2=0.020 m3=0.000 m4=0.000 m5=0.000 p=0.000 cloud=PRE overlap=NO -> SAFE
[EDGE-Z1-ENSEMBLE] CID:4 m1=0.000 m2=0.020 m3=0.000 m4=0.000 m5=0.000 p=0.000 cloud=PRE overlap=NO -> SAFE
[EDGE-Z1-ENSEMBLE] CID:0 m1=0.000 m2=0.020 m3=0.000 m4=0.000 m5=0.000 p=0.000 cloud=PRE overlap=NO -> SAFE
[EDGE-Z1-ENSEMBLE] CID:6 m1=0.000 m2=0.020 m3=0.000 m4=0.000 m5=0.000 p=0.000 cloud=PRE overlap=NO -> SAFE
[EDGE-Z1-ENSEMBLE] CID:5 m1=0.000 m2=0.020 m3=0.000 m4=0.000 m5=0.000 p=0.000 cloud=PRE overlap=NO -> SAFE
[EDGE-Z1-ENSEMBLE] CID:3 m1=0.000 m2=0.020 m3=0.000 m4=0.000 m5=0.000 p=0.000 cloud=PRE overlap=NO -> SAFE
[EDGE-Z1-ENSEMBLE] CID:7 m1=0.000 m2=0.020 m3=0.000 m4=0.000 m5=0.000 p=0.000 cloud=PRE overlap=NO -> SAFE
[EDGE-Z1-ENSEMBLE] CID:9 m1=0.000 m2=0.020 m3=0.000 m4=0.000 m5=0.000 p=0.000 cloud=PRE overlap=NO -> SAFE
[EDGE-Z1-ENSEMBLE] CID:1 m1=0.000 m2=0.020 m3=0.000 m4=0.000 m5=0.000 p=0.000 cloud=PRE overlap=NO -> SAFE
[EDGE-Z1-ENSEMBLE] CID:2 m1=0.000 m2=0.020 m3=0.000 m4=0.000 m5=0.000 p=0.000 cloud=PRE overlap=NO -> SAFE
[EDGE-Z1-ENSEMBLE] CID:8 m1=0.000 m2=0.020 m3=0.000 m4=0.000 m5=0.000 p=0.000 cloud=PRE overlap=NO -> SAFE
[EDGE-Z1-ENSEMBLE] CID:4 m1=0.000 m2=0.020 m3=0.000 m4=0.000 m5=0.000 p=0.000 cloud=PRE overlap=NO -> SAFE
[EDGE-Z1-ENSEMBLE] CID:0 m1=0.000 m2=0.020 m3=0.000 m4=0.000 m5=0.000 p=0.000 cloud=PRE overlap=NO -> SAFE
[EDGE-Z1-ENSEMBLE] CID:6 m1=0.000 m2=0.020 m3=0.000 m4=0.000 m5=0.000 p=0.000 cloud=PRE overlap=NO -> SAFE
[EDGE-Z1-ENSEMBLE] CID:5 m1=0.000 m2=0.020 m3=0.000 m4=0.000 m5=0.000 p=0.000 cloud=PRE overlap=NO -> SAFE
[EDGE-Z1-ENSEMBLE] CID:3 m1=0.000 m2=0.020 m3=0.000 m4=0.000 m5=0.000 p=0.000 cloud=PRE overlap=NO -> SAFE
[EDGE-Z1-ENSEMBLE] CID:9 m1=0.000 m2=0.020 m3=0.000 m4=0.000 m5=0.000 p=0.000 cloud=PRE overlap=NO -> SAFE
[EDGE-Z1-ENSEMBLE] CID:7 m1=0.000 m2=0.020 m3=0.000 m4=0.000 m5=0.000 p=0.000 cloud=PRE overlap=NO -> SAFE
[EDGE-Z1-ENSEMBLE] CID:1 m1=0.000 m2=0.020 m3=0.000 m4=0.000 m5=0.000 p=0.000 cloud=PRE overlap=NO -> SAFE
[EDGE-Z1-ENSEMBLE] CID:2 m1=0.000 m2=0.020 m3=0.000 m4=0.000 m5=0.000 p=0.000 cloud=PRE overlap=NO -> SAFE
[EDGE-Z1-ENSEMBLE] CID:8 m1=0.000 m2=0.020 m3=0.000 m4=0.000 m5=0.000 p=0.000 cloud=PRE overlap=NO -> SAFE
[EDGE-Z1-ENSEMBLE] CID:4 m1=0.000 m2=0.020 m3=0.040 m4=0.000 m5=0.000 p=0.000 cloud=PRE overlap=NO -> SAFE
[EDGE-Z1-ENSEMBLE] CID:0 m1=0.000 m2=0.020 m3=0.000 m4=0.000 m5=0.000 p=0.000 cloud=PRE overlap=NO -> SAFE
[EDGE-Z1-ENSEMBLE] CID:6 m1=0.000 m2=0.020 m3=0.000 m4=0.000 m5=0.000 p=0.000 cloud=PRE overlap=NO -> SAFE
[EDGE-Z1-ENSEMBLE] CID:5 m1=0.000 m2=0.020 m3=0.000 m4=0.000 m5=0.000 p=0.000 cloud=PRE overlap=NO -> SAFE
[EDGE-Z1-ENSEMBLE] CID:3 m1=0.000 m2=0.020 m3=0.000 m4=0.000 m5=0.000 p=0.000 cloud=PRE overlap=NO -> SAFE
[EDGE-Z1-ENSEMBLE] CID:9 m1=0.000 m2=0.020 m3=0.000 m4=0.000 m5=0.000 p=0.000 cloud=PRE overlap=NO -> SAFE
[EDGE-Z1-ENSEMBLE] CID:7 m1=0.000 m2=0.020 m3=0.000 m4=0.000 m5=0.000 p=0.000 cloud=PRE overlap=NO -> SAFE
[EDGE-Z1-ENSEMBLE] CID:1 m1=0.000 m2=0.020 m3=0.000 m4=0.000 m5=0.000 p=0.000 cloud=PRE overlap=NO -> SAFE
[EDGE-Z1-ENSEMBLE] CID:2 m1=0.000 m2=0.020 m3=0.000 m4=0.000 m5=0.000 p=0.000 cloud=PRE overlap=NO -> SAFE
[EDGE-Z1-ENSEMBLE] CID:8 m1=0.000 m2=0.020 m3=0.000 m4=0.000 m5=0.000 p=0.000 cloud=PRE overlap=NO -> SAFE
[EDGE-Z1-ENSEMBLE] CID:4 m1=0.000 m2=0.020 m3=0.040 m4=0.000 m5=0.000 p=0.000 cloud=PRE overlap=NO -> SAFE
[EDGE-Z1-ENSEMBLE] CID:0 m1=0.000 m2=0.020 m3=0.000 m4=0.000 m5=0.000 p=0.000 cloud=PRE overlap=NO -> SAFE
[EDGE-Z1-ENSEMBLE] CID:6 m1=0.000 m2=0.020 m3=0.000 m4=0.000 m5=0.000 p=0.000 cloud=PRE overlap=NO -> SAFE
[EDGE-Z1-ENSEMBLE] CID:5 m1=0.000 m2=0.020 m3=0.000 m4=0.000 m5=0.000 p=0.000 cloud=PRE overlap=NO -> SAFE
[EDGE-Z1-ENSEMBLE] CID:3 m1=0.000 m2=0.020 m3=0.000 m4=0.000 m5=0.000 p=0.000 cloud=PRE overlap=NO -> SAFE
[EDGE-Z1-ENSEMBLE] CID:7 m1=0.000 m2=0.020 m3=0.000 m4=0.000 m5=0.000 p=0.000 cloud=PRE overlap=NO -> SAFE
[EDGE-Z1-ENSEMBLE] CID:9 m1=0.000 m2=0.020 m3=0.000 m4=0.000 m5=0.000 p=0.000 cloud=PRE overlap=NO -> SAFE
[EDGE-Z1-ENSEMBLE] CID:1 m1=0.000 m2=0.020 m3=0.000 m4=0.000 m5=0.000 p=0.000 cloud=PRE overlap=NO -> SAFE
[EDGE-Z1-ENSEMBLE] CID:2 m1=0.000 m2=0.020 m3=0.000 m4=0.000 m5=0.000 p=0.000 cloud=PRE overlap=NO -> SAFE
[EDGE-Z1-ENSEMBLE] CID:8 m1=0.000 m2=0.020 m3=0.000 m4=0.000 m5=0.000 p=0.000 cloud=PRE overlap=NO -> SAFE
[EDGE-Z1-ENSEMBLE] CID:4 m1=0.000 m2=0.020 m3=0.040 m4=0.000 m5=0.000 p=0.000 cloud=PRE overlap=NO -> SAFE
[EDGE-Z1-ENSEMBLE] CID:0 m1=0.000 m2=0.020 m3=0.000 m4=0.000 m5=0.000 p=0.000 cloud=PRE overlap=NO -> SAFE
[EDGE-Z1-ENSEMBLE] CID:6 m1=0.000 m2=0.020 m3=0.000 m4=0.000 m5=0.000 p=0.000 cloud=PRE overlap=NO -> SAFE
[EDGE-Z1-ENSEMBLE] CID:5 m1=0.000 m2=0.020 m3=0.000 m4=0.000 m5=0.000 p=0.000 cloud=PRE overlap=NO -> SAFE
[EDGE-Z1-ENSEMBLE] CID:3 m1=0.000 m2=0.020 m3=0.000 m4=0.000 m5=0.000 p=0.000 cloud=PRE overlap=NO -> SAFE
[EDGE-Z1-ENSEMBLE] CID:7 m1=0.000 m2=0.020 m3=0.000 m4=0.000 m5=0.000 p=0.000 cloud=PRE overlap=NO -> SAFE
[EDGE-Z1-ENSEMBLE] CID:9 m1=0.000 m2=0.020 m3=0.000 m4=0.000 m5=0.000 p=0.000 cloud=PRE overlap=NO -> SAFE
[EDGE-Z1-ENSEMBLE] CID:1 m1=0.000 m2=0.020 m3=0.000 m4=0.000 m5=0.000 p=0.000 cloud=PRE overlap=NO -> SAFE
[EDGE-Z1-ENSEMBLE] CID:2 m1=0.000 m2=0.020 m3=0.000 m4=0.000 m5=0.000 p=0.000 cloud=PRE overlap=NO -> SAFE
[EDGE-Z1-ENSEMBLE] CID:8 m1=0.000 m2=0.020 m3=0.000 m4=0.000 m5=0.000 p=0.000 cloud=PRE overlap=NO -> SAFE
[EDGE-Z1-ENSEMBLE] CID:4 m1=0.000 m2=0.020 m3=0.000 m4=0.000 m5=0.000 p=0.000 cloud=PRE overlap=NO -> SAFE
[EDGE-Z1-ENSEMBLE] CID:0 m1=0.000 m2=0.020 m3=0.000 m4=0.000 m5=0.000 p=0.000 cloud=PRE overlap=NO -> SAFE
[EDGE-Z1-ENSEMBLE] CID:6 m1=0.000 m2=0.020 m3=0.000 m4=0.000 m5=0.000 p=0.000 cloud=PRE overlap=NO -> SAFE
[EDGE-Z1-ENSEMBLE] CID:5 m1=0.000 m2=0.020 m3=0.000 m4=0.000 m5=0.000 p=0.000 cloud=PRE overlap=NO -> SAFE
[EDGE-Z1-ENSEMBLE] CID:3 m1=0.000 m2=0.020 m3=0.000 m4=0.000 m5=0.000 p=0.000 cloud=PRE overlap=NO -> SAFE
[EDGE-Z1-ENSEMBLE] CID:7 m1=0.000 m2=0.020 m3=0.000 m4=0.000 m5=0.000 p=0.000 cloud=PRE overlap=NO -> SAFE
[EDGE-Z1-ENSEMBLE] CID:1 m1=0.000 m2=0.020 m3=0.000 m4=0.000 m5=0.000 p=0.000 cloud=PRE overlap=NO -> SAFE
[EDGE-Z1-ENSEMBLE] CID:2 m1=0.000 m2=0.020 m3=0.000 m4=0.000 m5=0.000 p=0.000 cloud=PRE overlap=NO -> SAFE
[EDGE-Z1-ENSEMBLE] CID:8 m1=0.000 m2=0.020 m3=0.000 m4=0.000 m5=0.000 p=0.000 cloud=PRE overlap=NO -> SAFE
[EDGE-Z1-ENSEMBLE] CID:9 m1=0.000 m2=0.020 m3=0.000 m4=0.000 m5=0.000 p=0.000 cloud=PRE overlap=NO -> SAFE
[EDGE-Z1-ENSEMBLE] CID:4 m1=0.000 m2=0.020 m3=0.000 m4=0.000 m5=0.000 p=0.000 cloud=PRE overlap=NO -> SAFE
[EDGE-Z1-ENSEMBLE] CID:0 m1=0.000 m2=0.020 m3=0.000 m4=0.000 m5=0.000 p=0.000 cloud=PRE overlap=NO -> SAFE
[EDGE-Z1-ENSEMBLE] CID:6 m1=0.000 m2=0.020 m3=0.000 m4=0.000 m5=0.000 p=0.000 cloud=PRE overlap=NO -> SAFE
[EDGE-Z1-ENSEMBLE] CID:5 m1=0.000 m2=0.020 m3=0.000 m4=0.000 m5=0.000 p=0.000 cloud=PRE overlap=NO -> SAFE
[EDGE-Z1-ENSEMBLE] CID:3 m1=0.000 m2=0.020 m3=0.000 m4=0.000 m5=0.000 p=0.000 cloud=PRE overlap=NO -> SAFE
[EDGE-Z1-ENSEMBLE] CID:7 m1=0.000 m2=0.020 m3=0.000 m4=0.000 m5=0.000 p=0.000 cloud=PRE overlap=NO -> SAFE
[EDGE-Z1-ENSEMBLE] CID:9 m1=0.000 m2=0.020 m3=0.000 m4=0.000 m5=0.000 p=0.000 cloud=PRE overlap=NO -> SAFE
[EDGE-Z1-ENSEMBLE] CID:1 m1=0.000 m2=0.020 m3=0.000 m4=0.000 m5=0.000 p=0.000 cloud=PRE overlap=NO -> SAFE
[EDGE-Z1-ENSEMBLE] CID:2 m1=0.000 m2=0.020 m3=0.000 m4=0.000 m5=0.000 p=0.000 cloud=PRE overlap=NO -> SAFE
[EDGE-Z1-ENSEMBLE] CID:8 m1=0.000 m2=0.020 m3=0.000 m4=0.000 m5=0.000 p=0.000 cloud=PRE overlap=NO -> SAFE
[EDGE-Z1-ENSEMBLE] CID:4 m1=0.000 m2=0.020 m3=0.000 m4=0.000 m5=0.000 p=0.000 cloud=PRE overlap=NO -> SAFE
[EDGE-Z1-ENSEMBLE] CID:0 m1=0.000 m2=0.020 m3=0.000 m4=0.000 m5=0.000 p=0.000 cloud=PRE overlap=NO -> SAFE
[EDGE-Z1-ENSEMBLE] CID:6 m1=0.000 m2=0.020 m3=0.000 m4=0.000 m5=0.000 p=0.000 cloud=PRE overlap=NO -> SAFE
[EDGE-Z1-ENSEMBLE] CID:5 m1=0.000 m2=0.020 m3=0.000 m4=0.000 m5=0.000 p=0.000 cloud=PRE overlap=NO -> SAFE
[EDGE-Z1-ENSEMBLE] CID:3 m1=0.000 m2=0.020 m3=0.000 m4=0.000 m5=0.000 p=0.000 cloud=PRE overlap=NO -> SAFE
[EDGE-Z1-ENSEMBLE] CID:7 m1=0.000 m2=0.020 m3=0.000 m4=0.000 m5=0.000 p=0.000 cloud=PRE overlap=NO -> SAFE
[EDGE-Z1-ENSEMBLE] CID:1 m1=0.000 m2=0.020 m3=0.000 m4=0.000 m5=0.000 p=0.000 cloud=PRE overlap=NO -> SAFE
[EDGE-Z1-ENSEMBLE] CID:2 m1=0.000 m2=0.020 m3=0.000 m4=0.000 m5=0.000 p=0.000 cloud=PRE overlap=NO -> SAFE
[EDGE-Z1-ENSEMBLE] CID:8 m1=0.000 m2=0.020 m3=0.000 m4=0.000 m5=0.000 p=0.000 cloud=PRE overlap=NO -> SAFE
[EDGE-Z1-ENSEMBLE] CID:9 m1=0.000 m2=0.020 m3=0.000 m4=0.000 m5=0.000 p=0.000 cloud=PRE overlap=NO -> SAFE
[EDGE-Z1-ENSEMBLE] CID:4 m1=0.000 m2=0.020 m3=0.000 m4=0.000 m5=0.000 p=0.000 cloud=PRE overlap=NO -> SAFE
[EDGE-Z1-ENSEMBLE] CID:0 m1=0.000 m2=0.020 m3=0.000 m4=0.000 m5=0.000 p=0.000 cloud=PRE overlap=NO -> SAFE
[EDGE-Z1-ENSEMBLE] CID:6 m1=0.000 m2=0.020 m3=0.000 m4=0.000 m5=0.000 p=0.000 cloud=PRE overlap=NO -> SAFE
[EDGE-Z1-ENSEMBLE] CID:5 m1=0.000 m2=0.020 m3=0.000 m4=0.000 m5=0.000 p=0.000 cloud=PRE overlap=NO -> SAFE
[EDGE-Z1-ENSEMBLE] CID:3 m1=0.000 m2=0.020 m3=0.000 m4=0.000 m5=0.000 p=0.000 cloud=PRE overlap=NO -> SAFE
[EDGE-Z1-ENSEMBLE] CID:7 m1=0.000 m2=0.020 m3=0.000 m4=0.000 m5=0.000 p=0.000 cloud=PRE overlap=NO -> SAFE
[EDGE-Z1-ENSEMBLE] CID:1 m1=0.000 m2=0.020 m3=0.000 m4=0.000 m5=0.000 p=0.000 cloud=PRE overlap=NO -> SAFE
[EDGE-Z1-ENSEMBLE] CID:2 m1=0.000 m2=0.020 m3=0.000 m4=0.000 m5=0.000 p=0.000 cloud=PRE overlap=NO -> SAFE
[EDGE-Z1-ENSEMBLE] CID:8 m1=0.000 m2=0.020 m3=0.000 m4=0.000 m5=0.000 p=0.000 cloud=PRE overlap=NO -> SAFE
[EDGE-Z1-ENSEMBLE] CID:4 m1=0.000 m2=0.020 m3=0.000 m4=0.000 m5=0.000 p=0.000 cloud=PRE overlap=NO -> SAFE
[EDGE-Z1-ENSEMBLE] CID:0 m1=0.000 m2=0.020 m3=0.000 m4=0.000 m5=0.000 p=0.000 cloud=PRE overlap=NO -> SAFE
[EDGE-Z1-ENSEMBLE] CID:6 m1=0.000 m2=0.020 m3=0.000 m4=0.000 m5=0.000 p=0.000 cloud=PRE overlap=NO -> SAFE
[EDGE-Z1-ENSEMBLE] CID:5 m1=0.000 m2=0.020 m3=0.000 m4=0.000 m5=0.000 p=0.000 cloud=PRE overlap=NO -> SAFE
[EDGE-Z1-ENSEMBLE] CID:3 m1=0.000 m2=0.020 m3=0.000 m4=0.000 m5=0.000 p=0.000 cloud=PRE overlap=NO -> SAFE
[EDGE-Z1-ENSEMBLE] CID:7 m1=0.000 m2=0.020 m3=0.000 m4=0.000 m5=0.000 p=0.000 cloud=PRE overlap=NO -> SAFE
[EDGE-Z1-ENSEMBLE] CID:1 m1=0.000 m2=0.020 m3=0.000 m4=0.000 m5=0.000 p=0.000 cloud=PRE overlap=NO -> SAFE
[EDGE-Z1-ENSEMBLE] CID:2 m1=0.000 m2=0.020 m3=0.000 m4=0.000 m5=0.000 p=0.000 cloud=PRE overlap=NO -> SAFE
[EDGE-Z1-ENSEMBLE] CID:8 m1=0.000 m2=0.020 m3=0.000 m4=0.000 m5=0.000 p=0.000 cloud=PRE overlap=NO -> SAFE
[EDGE-Z1-ENSEMBLE] CID:4 m1=0.000 m2=0.020 m3=0.000 m4=0.000 m5=0.000 p=0.000 cloud=PRE overlap=NO -> SAFE
[EDGE-Z1-ENSEMBLE] CID:0 m1=0.000 m2=0.020 m3=0.000 m4=0.000 m5=0.000 p=0.000 cloud=PRE overlap=NO -> SAFE
[EDGE-Z1-ENSEMBLE] CID:6 m1=0.000 m2=0.020 m3=0.000 m4=0.000 m5=0.000 p=0.000 cloud=PRE overlap=NO -> SAFE
[EDGE-Z1-ENSEMBLE] CID:5 m1=0.000 m2=0.020 m3=0.000 m4=0.000 m5=0.000 p=0.000 cloud=PRE overlap=NO -> SAFE
[EDGE-Z1-ENSEMBLE] CID:3 m1=0.000 m2=0.020 m3=0.000 m4=0.000 m5=0.000 p=0.000 cloud=PRE overlap=NO -> SAFE
[EDGE-Z1-ENSEMBLE] CID:7 m1=0.000 m2=0.020 m3=0.000 m4=0.000 m5=0.000 p=0.000 cloud=PRE overlap=NO -> SAFE
[EDGE-Z1-ENSEMBLE] CID:1 m1=0.000 m2=0.020 m3=0.000 m4=0.000 m5=0.000 p=0.000 cloud=PRE overlap=NO -> SAFE
[EDGE-Z1-ENSEMBLE] CID:2 m1=0.000 m2=0.020 m3=0.000 m4=0.000 m5=0.000 p=0.000 cloud=PRE overlap=NO -> SAFE
[EDGE-Z1-ENSEMBLE] CID:8 m1=0.000 m2=0.020 m3=0.000 m4=0.000 m5=0.000 p=0.000 cloud=PRE overlap=NO -> SAFE
[EDGE-Z1-ENSEMBLE] CID:4 m1=0.000 m2=0.020 m3=0.000 m4=0.000 m5=0.000 p=0.000 cloud=PRE overlap=NO -> SAFE
[EDGE-Z1-ENSEMBLE] CID:0 m1=0.666 m2=0.020 m3=0.000 m4=0.000 m5=0.000 p=0.152 cloud=PRE overlap=NO -> WARN
[EDGE-Z1-ENSEMBLE] CID:6 m1=0.000 m2=0.020 m3=0.000 m4=0.000 m5=0.000 p=0.000 cloud=PRE overlap=NO -> SAFE
[EDGE-Z1-ENSEMBLE] CID:5 m1=0.663 m2=0.020 m3=0.000 m4=0.000 m5=0.000 p=0.151 cloud=PRE overlap=NO -> WARN
[EDGE-Z1-ENSEMBLE] CID:3 m1=0.000 m2=0.020 m3=0.000 m4=0.000 m5=0.000 p=0.000 cloud=PRE overlap=NO -> SAFE
[EDGE-Z1-ENSEMBLE] CID:7 m1=0.000 m2=0.020 m3=0.000 m4=0.000 m5=0.000 p=0.000 cloud=PRE overlap=NO -> SAFE
[EDGE-Z1-ENSEMBLE] CID:1 m1=0.000 m2=0.020 m3=0.000 m4=0.000 m5=0.000 p=0.000 cloud=PRE overlap=NO -> SAFE
[EDGE-Z1-ENSEMBLE] CID:2 m1=0.000 m2=0.020 m3=0.000 m4=0.000 m5=0.000 p=0.000 cloud=PRE overlap=NO -> SAFE
[EDGE-Z1-ENSEMBLE] CID:8 m1=0.000 m2=0.020 m3=0.000 m4=0.000 m5=0.000 p=0.000 cloud=PRE overlap=NO -> SAFE
[EDGE-Z1-ENSEMBLE] CID:4 m1=0.000 m2=0.020 m3=0.000 m4=0.000 m5=0.000 p=0.000 cloud=PRE overlap=NO -> SAFE
[EDGE-Z1-ENSEMBLE] CID:0 m1=0.670 m2=0.020 m3=0.000 m4=0.000 m5=0.028 p=0.190 cloud=PRE overlap=NO -> WARN
[EDGE-Z1-ENSEMBLE] CID:6 m1=0.000 m2=0.020 m3=0.000 m4=0.000 m5=0.000 p=0.000 cloud=PRE overlap=NO -> SAFE
[EDGE-Z1-ENSEMBLE] CID:5 m1=0.679 m2=0.020 m3=0.000 m4=0.000 m5=0.029 p=0.193 cloud=PRE overlap=NO -> WARN
[EDGE-Z1-ENSEMBLE] CID:3 m1=0.000 m2=0.020 m3=0.000 m4=0.000 m5=0.000 p=0.000 cloud=PRE overlap=NO -> SAFE
[EDGE-Z1-ENSEMBLE] CID:7 m1=0.000 m2=0.020 m3=0.000 m4=0.000 m5=0.000 p=0.000 cloud=PRE overlap=NO -> SAFE
[EDGE-Z1-ENSEMBLE] CID:1 m1=0.000 m2=0.020 m3=0.000 m4=0.000 m5=0.000 p=0.000 cloud=PRE overlap=NO -> SAFE
[EDGE-Z1-ENSEMBLE] CID:2 m1=0.000 m2=0.020 m3=0.000 m4=0.000 m5=0.000 p=0.000 cloud=PRE overlap=NO -> SAFE
[EDGE-Z1-ENSEMBLE] CID:8 m1=0.000 m2=0.020 m3=0.000 m4=0.000 m5=0.000 p=0.000 cloud=PRE overlap=NO -> SAFE
[EDGE-Z1-ENSEMBLE] CID:4 m1=0.000 m2=0.020 m3=0.000 m4=0.000 m5=0.000 p=0.000 cloud=PRE overlap=NO -> SAFE
[EDGE-Z1-ENSEMBLE] CID:0 m1=0.672 m2=0.020 m3=0.000 m4=0.000 m5=0.053 p=0.194 cloud=PRE overlap=NO -> WARN
[EDGE-Z1-ENSEMBLE] CID:6 m1=0.000 m2=0.020 m3=0.000 m4=0.000 m5=0.000 p=0.000 cloud=PRE overlap=NO -> SAFE
[EDGE-Z1-ENSEMBLE] CID:5 m1=0.666 m2=0.020 m3=0.000 m4=0.000 m5=0.056 p=0.193 cloud=PRE overlap=NO -> WARN
[EDGE-Z1-ENSEMBLE] CID:3 m1=0.000 m2=0.020 m3=0.000 m4=0.000 m5=0.000 p=0.000 cloud=PRE overlap=NO -> SAFE
[EDGE-Z1-ENSEMBLE] CID:7 m1=0.000 m2=0.020 m3=0.000 m4=0.000 m5=0.000 p=0.000 cloud=PRE overlap=NO -> SAFE
[EDGE-Z1-ENSEMBLE] CID:1 m1=0.000 m2=0.020 m3=0.000 m4=0.000 m5=0.000 p=0.000 cloud=PRE overlap=NO -> SAFE
[EDGE-Z1-ENSEMBLE] CID:2 m1=0.000 m2=0.020 m3=0.000 m4=0.000 m5=0.000 p=0.000 cloud=PRE overlap=NO -> SAFE
[EDGE-Z1-ENSEMBLE] CID:8 m1=0.000 m2=0.020 m3=0.000 m4=0.000 m5=0.000 p=0.000 cloud=PRE overlap=NO -> SAFE
[EDGE-Z1-ENSEMBLE] CID:4 m1=0.000 m2=0.020 m3=0.000 m4=0.000 m5=0.000 p=0.000 cloud=PRE overlap=NO -> SAFE
[EDGE-Z1-ENSEMBLE] CID:0 m1=0.679 m2=0.020 m3=0.000 m4=0.000 m5=0.083 p=0.200 cloud=PRE overlap=NO -> WARN
[EDGE-Z1-ENSEMBLE] CID:6 m1=0.000 m2=0.020 m3=0.000 m4=0.000 m5=0.000 p=0.000 cloud=PRE overlap=NO -> SAFE
[EDGE-Z1-ENSEMBLE] CID:5 m1=0.672 m2=0.020 m3=0.000 m4=0.000 m5=0.084 p=0.198 cloud=PRE overlap=NO -> WARN
[EDGE-Z1-ENSEMBLE] CID:3 m1=0.000 m2=0.020 m3=0.000 m4=0.000 m5=0.000 p=0.000 cloud=PRE overlap=NO -> SAFE
[EDGE-Z1-ENSEMBLE] CID:7 m1=0.000 m2=0.020 m3=0.000 m4=0.000 m5=0.000 p=0.000 cloud=PRE overlap=NO -> SAFE
[EDGE-Z1-ENSEMBLE] CID:1 m1=0.000 m2=0.020 m3=0.000 m4=0.000 m5=0.000 p=0.000 cloud=PRE overlap=NO -> SAFE
[EDGE-Z1-ENSEMBLE] CID:2 m1=0.000 m2=0.020 m3=0.000 m4=0.000 m5=0.000 p=0.000 cloud=PRE overlap=NO -> SAFE
[EDGE-Z1-ENSEMBLE] CID:8 m1=0.000 m2=0.020 m3=0.000 m4=0.000 m5=0.000 p=0.000 cloud=PRE overlap=NO -> SAFE
[EDGE-Z1-ENSEMBLE] CID:4 m1=0.000 m2=0.020 m3=0.000 m4=0.000 m5=0.000 p=0.000 cloud=PRE overlap=NO -> SAFE
[EDGE-Z1-ENSEMBLE] CID:0 m1=0.670 m2=0.020 m3=0.000 m4=0.000 m5=0.111 p=0.201 cloud=PRE overlap=NO -> WARN
[EDGE-Z1-ENSEMBLE] CID:6 m1=0.675 m2=0.020 m3=0.000 m4=0.000 m5=0.000 p=0.153 cloud=PRE overlap=NO -> WARN
[EDGE-Z1-ENSEMBLE] CID:5 m1=0.666 m2=0.020 m3=0.000 m4=0.000 m5=0.109 p=0.200 cloud=PRE overlap=NO -> WARN
[EDGE-Z1-ENSEMBLE] CID:3 m1=0.000 m2=0.020 m3=0.000 m4=0.000 m5=0.000 p=0.000 cloud=PRE overlap=NO -> SAFE
[EDGE-Z1-ENSEMBLE] CID:7 m1=0.000 m2=0.020 m3=0.000 m4=0.000 m5=0.000 p=0.000 cloud=PRE overlap=NO -> SAFE
[EDGE-Z1-ENSEMBLE] CID:1 m1=0.675 m2=0.020 m3=0.000 m4=0.000 m5=0.000 p=0.153 cloud=PRE overlap=NO -> WARN
[EDGE-Z1-ENSEMBLE] CID:2 m1=0.000 m2=0.020 m3=0.000 m4=0.000 m5=0.000 p=0.000 cloud=PRE overlap=NO -> SAFE
[EDGE-Z1-ENSEMBLE] CID:8 m1=0.000 m2=0.020 m3=0.000 m4=0.000 m5=0.000 p=0.000 cloud=PRE overlap=NO -> SAFE
[EDGE-Z1-ENSEMBLE] CID:4 m1=0.000 m2=0.020 m3=0.000 m4=0.000 m5=0.000 p=0.000 cloud=PRE overlap=NO -> SAFE
[EDGE-Z1-ENSEMBLE] CID:0 m1=0.677 m2=0.020 m3=0.000 m4=0.000 m5=0.113 p=0.204 cloud=PRE overlap=NO -> WARN
[EDGE-Z1-ENSEMBLE] CID:6 m1=0.679 m2=0.020 m3=0.000 m4=0.000 m5=0.028 p=0.193 cloud=PRE overlap=NO -> WARN
[EDGE-Z1-ENSEMBLE] CID:5 m1=0.672 m2=0.020 m3=0.000 m4=0.000 m5=0.111 p=0.202 cloud=PRE overlap=NO -> WARN
[EDGE-Z1-ENSEMBLE] CID:3 m1=0.000 m2=0.020 m3=0.000 m4=0.000 m5=0.000 p=0.000 cloud=PRE overlap=NO -> SAFE
[EDGE-Z1-ENSEMBLE] CID:7 m1=0.000 m2=0.020 m3=0.000 m4=0.000 m5=0.000 p=0.000 cloud=PRE overlap=NO -> SAFE
[EDGE-Z1-ENSEMBLE] CID:1 m1=0.663 m2=0.020 m3=0.000 m4=0.000 m5=0.026 p=0.188 cloud=PRE overlap=NO -> WARN
[EDGE-Z1-ENSEMBLE] CID:2 m1=0.000 m2=0.020 m3=0.000 m4=0.000 m5=0.000 p=0.000 cloud=PRE overlap=NO -> SAFE
[EDGE-Z1-ENSEMBLE] CID:8 m1=0.000 m2=0.020 m3=0.000 m4=0.000 m5=0.000 p=0.000 cloud=PRE overlap=NO -> SAFE
[EDGE-Z1-ENSEMBLE] CID:4 m1=0.000 m2=0.020 m3=0.000 m4=0.000 m5=0.000 p=0.000 cloud=PRE overlap=NO -> SAFE
[EDGE-Z1-ENSEMBLE] CID:0 m1=0.675 m2=0.020 m3=0.000 m4=0.000 m5=0.114 p=0.203 cloud=PRE overlap=NO -> WARN
[EDGE-Z1-ENSEMBLE] CID:6 m1=0.677 m2=0.020 m3=0.000 m4=0.000 m5=0.057 p=0.196 cloud=PRE overlap=NO -> WARN
[EDGE-Z1-ENSEMBLE] CID:5 m1=0.683 m2=0.020 m3=0.000 m4=0.000 m5=0.112 p=0.205 cloud=PRE overlap=NO -> WARN
[EDGE-Z1-ENSEMBLE] CID:3 m1=0.000 m2=0.020 m3=0.000 m4=0.000 m5=0.000 p=0.000 cloud=PRE overlap=NO -> SAFE
[EDGE-Z1-ENSEMBLE] CID:7 m1=0.000 m2=0.020 m3=0.000 m4=0.000 m5=0.000 p=0.000 cloud=PRE overlap=NO -> SAFE
[EDGE-Z1-ENSEMBLE] CID:1 m1=0.675 m2=0.020 m3=0.000 m4=0.000 m5=0.056 p=0.195 cloud=PRE overlap=NO -> WARN
[EDGE-Z1-ENSEMBLE] CID:2 m1=0.000 m2=0.020 m3=0.000 m4=0.000 m5=0.000 p=0.000 cloud=PRE overlap=NO -> SAFE
[EDGE-Z1-ENSEMBLE] CID:8 m1=0.000 m2=0.020 m3=0.000 m4=0.000 m5=0.000 p=0.000 cloud=PRE overlap=NO -> SAFE
[EDGE-Z1-ENSEMBLE] CID:4 m1=0.000 m2=0.020 m3=0.000 m4=0.000 m5=0.000 p=0.000 cloud=PRE overlap=NO -> SAFE
[EDGE-Z1-ENSEMBLE] CID:0 m1=0.670 m2=0.020 m3=0.000 m4=0.000 m5=0.113 p=0.202 cloud=PRE overlap=NO -> WARN
[EDGE-Z1-ENSEMBLE] CID:6 m1=0.670 m2=0.020 m3=0.000 m4=0.000 m5=0.087 p=0.198 cloud=PRE overlap=NO -> WARN
[EDGE-Z1-ENSEMBLE] CID:5 m1=0.677 m2=0.020 m3=0.000 m4=0.000 m5=0.114 p=0.204 cloud=PRE overlap=NO -> WARN
[EDGE-Z1-ENSEMBLE] CID:3 m1=0.000 m2=0.020 m3=0.000 m4=0.000 m5=0.000 p=0.000 cloud=PRE overlap=NO -> SAFE
[EDGE-Z1-ENSEMBLE] CID:7 m1=0.000 m2=0.020 m3=0.000 m4=0.000 m5=0.000 p=0.000 cloud=PRE overlap=NO -> SAFE
[EDGE-Z1-ENSEMBLE] CID:1 m1=0.663 m2=0.020 m3=0.000 m4=0.000 m5=0.082 p=0.196 cloud=PRE overlap=NO -> WARN
[EDGE-Z1-ENSEMBLE] CID:2 m1=0.663 m2=0.020 m3=0.000 m4=0.000 m5=0.000 p=0.149 cloud=PRE overlap=NO -> SAFE
[EDGE-Z1-ENSEMBLE] CID:8 m1=0.000 m2=0.020 m3=0.000 m4=0.000 m5=0.000 p=0.000 cloud=PRE overlap=NO -> SAFE
[EDGE-Z1-ENSEMBLE] CID:4 m1=0.000 m2=0.020 m3=0.000 m4=0.000 m5=0.000 p=0.000 cloud=PRE overlap=NO -> SAFE
[EDGE-Z1-ENSEMBLE] CID:0 m1=0.659 m2=0.020 m3=0.000 m4=0.000 m5=0.109 p=0.198 cloud=PRE overlap=NO -> WARN
[EDGE-Z1-ENSEMBLE] CID:6 m1=0.679 m2=0.020 m3=0.000 m4=0.000 m5=0.116 p=0.205 cloud=PRE overlap=NO -> WARN
[EDGE-Z1-ENSEMBLE] CID:5 m1=0.663 m2=0.020 m3=0.000 m4=0.000 m5=0.112 p=0.200 cloud=PRE overlap=NO -> WARN
[EDGE-Z1-ENSEMBLE] CID:3 m1=0.000 m2=0.020 m3=0.000 m4=0.000 m5=0.000 p=0.000 cloud=PRE overlap=NO -> SAFE
[EDGE-Z1-ENSEMBLE] CID:7 m1=0.675 m2=0.020 m3=0.000 m4=0.000 m5=0.000 p=0.153 cloud=PRE overlap=NO -> WARN
[EDGE-Z1-ENSEMBLE] CID:1 m1=0.679 m2=0.020 m3=0.000 m4=0.000 m5=0.111 p=0.204 cloud=PRE overlap=NO -> WARN
[EDGE-Z1-ENSEMBLE] CID:2 m1=0.681 m2=0.020 m3=0.000 m4=0.000 m5=0.027 p=0.158 cloud=PRE overlap=NO -> WARN
[EDGE-Z1-ENSEMBLE] CID:8 m1=0.000 m2=0.020 m3=0.000 m4=0.000 m5=0.000 p=0.000 cloud=PRE overlap=NO -> SAFE
[EDGE-Z1-ENSEMBLE] CID:4 m1=0.000 m2=0.020 m3=0.000 m4=0.000 m5=0.000 p=0.000 cloud=PRE overlap=NO -> SAFE
[EDGE-Z1-ENSEMBLE] CID:0 m1=0.659 m2=0.020 m3=0.000 m4=0.000 m5=0.108 p=0.198 cloud=PRE overlap=NO -> WARN
[EDGE-Z1-ENSEMBLE] CID:6 m1=0.675 m2=0.020 m3=0.000 m4=0.000 m5=0.116 p=0.204 cloud=PRE overlap=NO -> WARN
[EDGE-Z1-ENSEMBLE] CID:5 m1=0.675 m2=0.020 m3=0.000 m4=0.000 m5=0.114 p=0.203 cloud=PRE overlap=NO -> WARN
[EDGE-Z1-ENSEMBLE] CID:3 m1=0.000 m2=0.020 m3=0.000 m4=0.000 m5=0.000 p=0.000 cloud=PRE overlap=NO -> SAFE
[EDGE-Z1-ENSEMBLE] CID:7 m1=0.672 m2=0.020 m3=0.000 m4=0.000 m5=0.027 p=0.191 cloud=PRE overlap=NO -> WARN
[EDGE-Z1-ENSEMBLE] CID:1 m1=0.659 m2=0.020 m3=0.000 m4=0.000 m5=0.108 p=0.198 cloud=PRE overlap=NO -> WARN
[EDGE-Z1-ENSEMBLE] CID:2 m1=0.675 m2=0.020 m3=0.000 m4=0.000 m5=0.057 p=0.195 cloud=PRE overlap=NO -> WARN
[EDGE-Z1-ENSEMBLE] CID:8 m1=0.000 m2=0.020 m3=0.000 m4=0.000 m5=0.000 p=0.000 cloud=PRE overlap=NO -> SAFE
[EDGE-Z1-ENSEMBLE] CID:4 m1=0.000 m2=0.020 m3=0.000 m4=0.000 m5=0.000 p=0.000 cloud=PRE overlap=NO -> SAFE
[EDGE-Z1-ENSEMBLE] CID:0 m1=0.663 m2=0.020 m3=0.000 m4=0.000 m5=0.105 p=0.199 cloud=PRE overlap=NO -> WARN
[EDGE-Z1-ENSEMBLE] CID:6 m1=0.659 m2=0.020 m3=0.000 m4=0.000 m5=0.112 p=0.199 cloud=PRE overlap=NO -> WARN
[EDGE-Z1-ENSEMBLE] CID:5 m1=0.659 m2=0.020 m3=0.000 m4=0.000 m5=0.112 p=0.199 cloud=PRE overlap=NO -> WARN
[EDGE-Z1-ENSEMBLE] CID:7 m1=0.659 m2=0.020 m3=0.000 m4=0.000 m5=0.053 p=0.191 cloud=PRE overlap=NO -> WARN
[EDGE-Z1-ENSEMBLE] CID:3 m1=0.000 m2=0.020 m3=0.000 m4=0.000 m5=0.000 p=0.000 cloud=PRE overlap=NO -> SAFE
[EDGE-Z1-ENSEMBLE] CID:1 m1=0.670 m2=0.020 m3=0.000 m4=0.000 m5=0.109 p=0.201 cloud=PRE overlap=NO -> WARN
[EDGE-Z1-ENSEMBLE] CID:2 m1=0.677 m2=0.020 m3=0.000 m4=0.000 m5=0.084 p=0.200 cloud=PRE overlap=NO -> WARN
[EDGE-Z1-ENSEMBLE] CID:8 m1=0.000 m2=0.020 m3=0.000 m4=0.000 m5=0.000 p=0.000 cloud=PRE overlap=NO -> SAFE
[EDGE-Z1-ENSEMBLE] CID:4 m1=0.000 m2=0.020 m3=0.000 m4=0.000 m5=0.000 p=0.000 cloud=PRE overlap=NO -> SAFE
[EDGE-Z1-ENSEMBLE] CID:0 m1=0.679 m2=0.020 m3=0.000 m4=0.000 m5=0.106 p=0.203 cloud=PRE overlap=NO -> WARN
[EDGE-Z1-ENSEMBLE] CID:6 m1=0.675 m2=0.020 m3=0.000 m4=0.000 m5=0.111 p=0.203 cloud=PRE overlap=NO -> WARN
[EDGE-Z1-ENSEMBLE] CID:5 m1=0.670 m2=0.020 m3=0.000 m4=0.000 m5=0.108 p=0.201 cloud=PRE overlap=NO -> WARN
[EDGE-Z1-ENSEMBLE] CID:3 m1=0.000 m2=0.020 m3=0.000 m4=0.000 m5=0.000 p=0.000 cloud=PRE overlap=NO -> SAFE
[EDGE-Z1-ENSEMBLE] CID:7 m1=0.672 m2=0.020 m3=0.000 m4=0.000 m5=0.082 p=0.198 cloud=PRE overlap=NO -> WARN
[EDGE-Z1-ENSEMBLE] CID:1 m1=0.666 m2=0.020 m3=0.000 m4=0.000 m5=0.107 p=0.200 cloud=PRE overlap=NO -> WARN
[EDGE-Z1-ENSEMBLE] CID:2 m1=0.677 m2=0.020 m3=0.000 m4=0.000 m5=0.114 p=0.204 cloud=PRE overlap=NO -> WARN
[VEREMI-EVIDENCE] Z1 CID:8 mode=hard_only old_p=0.153 p_veremi=0.350 p_edge=0.153 streak=1 reasons=speed_pos_claimed details={'speed_err': 6.1, 'derived_speed': 19.0}
[EDGE-Z1-ENSEMBLE] CID:8 m1=0.675 m2=0.020 m3=0.000 m4=0.000 m5=0.000 p=0.153 cloud=PRE overlap=NO -> WARN
[EDGE-Z1-ENSEMBLE] CID:4 m1=0.000 m2=0.020 m3=0.000 m4=0.000 m5=0.000 p=0.000 cloud=PRE overlap=NO -> SAFE
[EDGE-Z1-ENSEMBLE] CID:0 m1=0.663 m2=0.020 m3=0.000 m4=0.000 m5=0.105 p=0.199 cloud=PRE overlap=NO -> WARN
[EDGE-Z1-ENSEMBLE] CID:6 m1=0.666 m2=0.020 m3=0.000 m4=0.000 m5=0.111 p=0.201 cloud=PRE overlap=NO -> WARN
[EDGE-Z1-ENSEMBLE] CID:5 m1=0.677 m2=0.020 m3=0.000 m4=0.000 m5=0.108 p=0.203 cloud=PRE overlap=NO -> WARN
[EDGE-Z1-ENSEMBLE] CID:3 m1=0.663 m2=0.020 m3=0.000 m4=0.000 m5=0.000 p=0.149 cloud=PRE overlap=NO -> SAFE
[EDGE-Z1-ENSEMBLE] CID:7 m1=0.679 m2=0.020 m3=0.000 m4=0.000 m5=0.111 p=0.204 cloud=PRE overlap=NO -> WARN
[EDGE-Z1-ENSEMBLE] CID:1 m1=0.663 m2=0.020 m3=0.000 m4=0.000 m5=0.107 p=0.199 cloud=PRE overlap=NO -> WARN
[EDGE-Z1-ENSEMBLE] CID:2 m1=0.666 m2=0.020 m3=0.000 m4=0.000 m5=0.115 p=0.201 cloud=PRE overlap=NO -> WARN
[EDGE-Z1-ENSEMBLE] CID:8 m1=0.675 m2=0.020 m3=0.000 m4=0.000 m5=0.028 p=0.192 cloud=PRE overlap=NO -> WARN
[EDGE-Z1-ENSEMBLE] CID:4 m1=0.000 m2=0.020 m3=0.000 m4=0.000 m5=0.000 p=0.000 cloud=PRE overlap=NO -> SAFE
[EDGE-Z1-ENSEMBLE] CID:0 m1=0.670 m2=0.020 m3=0.000 m4=0.000 m5=0.107 p=0.201 cloud=PRE overlap=NO -> WARN
[EDGE-Z1-ENSEMBLE] CID:6 m1=0.672 m2=0.020 m3=0.000 m4=0.000 m5=0.109 p=0.202 cloud=PRE overlap=NO -> WARN
[EDGE-Z1-ENSEMBLE] CID:5 m1=0.681 m2=0.020 m3=0.000 m4=0.000 m5=0.112 p=0.205 cloud=PRE overlap=NO -> WARN
[EDGE-Z1-ENSEMBLE] CID:3 m1=0.672 m2=0.020 m3=0.000 m4=0.000 m5=0.026 p=0.156 cloud=PRE overlap=NO -> WARN
[EDGE-Z1-ENSEMBLE] CID:7 m1=0.655 m2=0.020 m3=0.000 m4=0.000 m5=0.108 p=0.197 cloud=PRE overlap=NO -> WARN
[EDGE-Z1-ENSEMBLE] CID:1 m1=0.672 m2=0.020 m3=0.000 m4=0.000 m5=0.106 p=0.201 cloud=PRE overlap=NO -> WARN
[EDGE-Z1-ENSEMBLE] CID:2 m1=0.672 m2=0.020 m3=0.000 m4=0.000 m5=0.113 p=0.202 cloud=PRE overlap=NO -> WARN
[EDGE-Z1-ENSEMBLE] CID:8 m1=0.670 m2=0.020 m3=0.000 m4=0.000 m5=0.057 p=0.194 cloud=PRE overlap=NO -> WARN
[EDGE-Z1-ENSEMBLE] CID:4 m1=0.000 m2=0.020 m3=0.000 m4=0.000 m5=0.000 p=0.000 cloud=PRE overlap=NO -> SAFE
[EDGE-Z1-ENSEMBLE] CID:0 m1=0.677 m2=0.020 m3=0.000 m4=0.000 m5=0.110 p=0.203 cloud=PRE overlap=NO -> WARN
[EDGE-Z1-ENSEMBLE] CID:6 m1=0.681 m2=0.020 m3=0.000 m4=0.000 m5=0.111 p=0.205 cloud=PRE overlap=NO -> WARN
[EDGE-Z1-ENSEMBLE] CID:5 m1=0.679 m2=0.020 m3=0.000 m4=0.000 m5=0.113 p=0.204 cloud=PRE overlap=NO -> WARN
[EDGE-Z1-ENSEMBLE] CID:3 m1=0.666 m2=0.020 m3=0.000 m4=0.000 m5=0.054 p=0.193 cloud=PRE overlap=NO -> WARN
[EDGE-Z1-ENSEMBLE] CID:7 m1=0.675 m2=0.020 m3=0.000 m4=0.000 m5=0.108 p=0.202 cloud=PRE overlap=NO -> WARN
[EDGE-Z1-ENSEMBLE] CID:1 m1=0.663 m2=0.020 m3=0.000 m4=0.000 m5=0.106 p=0.199 cloud=PRE overlap=NO -> WARN
[EDGE-Z1-ENSEMBLE] CID:2 m1=0.679 m2=0.020 m3=0.000 m4=0.000 m5=0.114 p=0.204 cloud=PRE overlap=NO -> WARN
[EDGE-Z1-ENSEMBLE] CID:8 m1=0.681 m2=0.020 m3=0.000 m4=0.000 m5=0.088 p=0.201 cloud=PRE overlap=NO -> WARN
[EDGE-Z1-ENSEMBLE] CID:4 m1=0.000 m2=0.020 m3=0.000 m4=0.000 m5=0.000 p=0.000 cloud=PRE overlap=NO -> SAFE
[EDGE-Z1-ENSEMBLE] CID:0 m1=0.670 m2=0.020 m3=0.000 m4=0.000 m5=0.111 p=0.201 cloud=PRE overlap=NO -> WARN
[EDGE-Z1-ENSEMBLE] CID:6 m1=0.677 m2=0.020 m3=0.000 m4=0.000 m5=0.114 p=0.204 cloud=PRE overlap=NO -> WARN
[EDGE-Z1-ENSEMBLE] CID:5 m1=0.672 m2=0.020 m3=0.000 m4=0.000 m5=0.116 p=0.203 cloud=PRE overlap=NO -> WARN
[EDGE-Z1-ENSEMBLE] CID:3 m1=0.663 m2=0.020 m3=0.000 m4=0.000 m5=0.081 p=0.196 cloud=PRE overlap=NO -> WARN
[EDGE-Z1-ENSEMBLE] CID:7 m1=0.670 m2=0.020 m3=0.000 m4=0.000 m5=0.110 p=0.201 cloud=PRE overlap=NO -> WARN
[EDGE-Z1-ENSEMBLE] CID:1 m1=0.666 m2=0.020 m3=0.000 m4=0.000 m5=0.106 p=0.200 cloud=PRE overlap=NO -> WARN
[EDGE-Z1-ENSEMBLE] CID:2 m1=0.663 m2=0.020 m3=0.000 m4=0.000 m5=0.111 p=0.200 cloud=PRE overlap=NO -> WARN
[EDGE-Z1-ENSEMBLE] CID:8 m1=0.670 m2=0.020 m3=0.000 m4=0.000 m5=0.113 p=0.202 cloud=PRE overlap=NO -> WARN
[EDGE-Z1-ENSEMBLE] CID:4 m1=0.677 m2=0.020 m3=0.000 m4=0.000 m5=0.000 p=0.153 cloud=PRE overlap=NO -> WARN
[EDGE-Z1-ENSEMBLE] CID:0 m1=0.670 m2=0.020 m3=0.000 m4=0.000 m5=0.109 p=0.201 cloud=PRE overlap=NO -> WARN
[EDGE-Z1-ENSEMBLE] CID:6 m1=0.681 m2=0.020 m3=0.000 m4=0.000 m5=0.116 p=0.205 cloud=PRE overlap=NO -> WARN
[EDGE-Z1-ENSEMBLE] CID:5 m1=0.670 m2=0.020 m3=0.000 m4=0.000 m5=0.116 p=0.202 cloud=PRE overlap=NO -> WARN
[EDGE-Z1-ENSEMBLE] CID:3 m1=0.659 m2=0.020 m3=0.000 m4=0.000 m5=0.104 p=0.198 cloud=PRE overlap=NO -> WARN
[EDGE-Z1-ENSEMBLE] CID:7 m1=0.666 m2=0.020 m3=0.000 m4=0.000 m5=0.109 p=0.200 cloud=PRE overlap=NO -> WARN
[EDGE-Z1-ENSEMBLE] CID:1 m1=0.675 m2=0.020 m3=0.000 m4=0.000 m5=0.107 p=0.202 cloud=PRE overlap=NO -> WARN
[EDGE-Z1-ENSEMBLE] CID:2 m1=0.681 m2=0.020 m3=0.000 m4=0.000 m5=0.112 p=0.205 cloud=PRE overlap=NO -> WARN
[EDGE-Z1-ENSEMBLE] CID:8 m1=0.670 m2=0.020 m3=0.000 m4=0.000 m5=0.112 p=0.202 cloud=PRE overlap=NO -> WARN
[EDGE-Z1-ENSEMBLE] CID:4 m1=0.659 m2=0.020 m3=0.000 m4=0.000 m5=0.025 p=0.187 cloud=PRE overlap=NO -> WARN
[EDGE-Z1-ENSEMBLE] CID:0 m1=0.666 m2=0.020 m3=0.000 m4=0.000 m5=0.109 p=0.200 cloud=PRE overlap=NO -> WARN
[EDGE-Z1-ENSEMBLE] CID:6 m1=0.677 m2=0.020 m3=0.000 m4=0.000 m5=0.118 p=0.204 cloud=PRE overlap=NO -> WARN
[EDGE-Z1-ENSEMBLE] CID:5 m1=0.677 m2=0.020 m3=0.000 m4=0.000 m5=0.116 p=0.204 cloud=PRE overlap=NO -> WARN
[EDGE-Z1-ENSEMBLE] CID:3 m1=0.670 m2=0.020 m3=0.000 m4=0.000 m5=0.106 p=0.201 cloud=PRE overlap=NO -> WARN
[EDGE-Z1-ENSEMBLE] CID:7 m1=0.679 m2=0.020 m3=0.000 m4=0.000 m5=0.109 p=0.204 cloud=PRE overlap=NO -> WARN
[EDGE-Z1-ENSEMBLE] CID:1 m1=0.672 m2=0.020 m3=0.000 m4=0.000 m5=0.109 p=0.202 cloud=PRE overlap=NO -> WARN
[EDGE-Z1-ENSEMBLE] CID:2 m1=0.655 m2=0.020 m3=0.000 m4=0.000 m5=0.111 p=0.197 cloud=PRE overlap=NO -> WARN
[EDGE-Z1-ENSEMBLE] CID:8 m1=0.681 m2=0.020 m3=0.000 m4=0.000 m5=0.114 p=0.205 cloud=PRE overlap=NO -> WARN
[EDGE-Z1-ENSEMBLE] CID:4 m1=0.675 m2=0.020 m3=0.000 m4=0.000 m5=0.056 p=0.195 cloud=PRE overlap=NO -> WARN
[EDGE-Z1-ENSEMBLE] CID:0 m1=0.681 m2=0.020 m3=0.000 m4=0.000 m5=0.112 p=0.205 cloud=PRE overlap=NO -> WARN
[EDGE-Z1-ENSEMBLE] CID:6 m1=0.663 m2=0.020 m3=0.000 m4=0.000 m5=0.116 p=0.200 cloud=PRE overlap=NO -> WARN
[EDGE-Z1-ENSEMBLE] CID:5 m1=0.679 m2=0.020 m3=0.000 m4=0.000 m5=0.115 p=0.205 cloud=PRE overlap=NO -> WARN
[EDGE-Z1-ENSEMBLE] CID:3 m1=0.681 m2=0.020 m3=0.000 m4=0.000 m5=0.108 p=0.204 cloud=PRE overlap=NO -> WARN
[EDGE-Z1-ENSEMBLE] CID:7 m1=0.672 m2=0.020 m3=0.000 m4=0.000 m5=0.112 p=0.202 cloud=PRE overlap=NO -> WARN
[EDGE-Z1-ENSEMBLE] CID:1 m1=0.666 m2=0.020 m3=0.000 m4=0.000 m5=0.108 p=0.200 cloud=PRE overlap=NO -> WARN
[EDGE-Z1-ENSEMBLE] CID:2 m1=0.683 m2=0.020 m3=0.000 m4=0.000 m5=0.113 p=0.205 cloud=PRE overlap=NO -> WARN
[EDGE-Z1-ENSEMBLE] CID:8 m1=0.675 m2=0.020 m3=0.000 m4=0.000 m5=0.115 p=0.203 cloud=PRE overlap=NO -> WARN
[EDGE-Z1-ENSEMBLE] CID:4 m1=0.683 m2=0.020 m3=0.000 m4=0.000 m5=0.086 p=0.202 cloud=PRE overlap=NO -> WARN
[EDGE-Z1-ENSEMBLE] CID:0 m1=0.670 m2=0.020 m3=0.000 m4=0.000 m5=0.111 p=0.201 cloud=PRE overlap=NO -> WARN
[EDGE-Z1-ENSEMBLE] CID:6 m1=0.672 m2=0.020 m3=0.000 m4=0.000 m5=0.114 p=0.203 cloud=PRE overlap=NO -> WARN
[EDGE-Z1-ENSEMBLE] CID:5 m1=0.672 m2=0.020 m3=0.000 m4=0.000 m5=0.113 p=0.202 cloud=PRE overlap=NO -> WARN
[EDGE-Z1-ENSEMBLE] CID:3 m1=0.659 m2=0.020 m3=0.000 m4=0.000 m5=0.107 p=0.198 cloud=PRE overlap=NO -> WARN
[EDGE-Z1-ENSEMBLE] CID:7 m1=0.675 m2=0.020 m3=0.000 m4=0.000 m5=0.112 p=0.203 cloud=PRE overlap=NO -> WARN
[EDGE-Z1-ENSEMBLE] CID:1 m1=0.659 m2=0.020 m3=0.000 m4=0.000 m5=0.107 p=0.198 cloud=PRE overlap=NO -> WARN
[EDGE-Z1-ENSEMBLE] CID:2 m1=0.675 m2=0.020 m3=0.000 m4=0.000 m5=0.112 p=0.203 cloud=PRE overlap=NO -> WARN
[EDGE-Z1-ENSEMBLE] CID:8 m1=0.679 m2=0.020 m3=0.000 m4=0.000 m5=0.114 p=0.204 cloud=PRE overlap=NO -> WARN
[EDGE-Z1-ENSEMBLE] CID:4 m1=0.670 m2=0.020 m3=0.000 m4=0.000 m5=0.113 p=0.202 cloud=PRE overlap=NO -> WARN
[EDGE-Z1-ENSEMBLE] CID:0 m1=0.679 m2=0.020 m3=0.000 m4=0.000 m5=0.113 p=0.204 cloud=PRE overlap=NO -> WARN
[EDGE-Z1-ENSEMBLE] CID:6 m1=0.666 m2=0.020 m3=0.000 m4=0.000 m5=0.112 p=0.201 cloud=PRE overlap=NO -> WARN
[EDGE-Z1-ENSEMBLE] CID:5 m1=0.666 m2=0.020 m3=0.000 m4=0.000 m5=0.112 p=0.201 cloud=PRE overlap=NO -> WARN
[EDGE-Z1-ENSEMBLE] CID:3 m1=0.659 m2=0.020 m3=0.000 m4=0.000 m5=0.106 p=0.198 cloud=PRE overlap=NO -> WARN
[EDGE-Z1-ENSEMBLE] CID:7 m1=0.675 m2=0.020 m3=0.000 m4=0.000 m5=0.113 p=0.203 cloud=PRE overlap=NO -> WARN
[EDGE-Z1-ENSEMBLE] CID:1 m1=0.670 m2=0.020 m3=0.000 m4=0.000 m5=0.108 p=0.201 cloud=PRE overlap=NO -> WARN
[EDGE-Z1-ENSEMBLE] CID:2 m1=0.675 m2=0.020 m3=0.000 m4=0.000 m5=0.114 p=0.203 cloud=PRE overlap=NO -> WARN
[EDGE-Z1-ENSEMBLE] CID:8 m1=0.675 m2=0.020 m3=0.000 m4=0.000 m5=0.116 p=0.204 cloud=PRE overlap=NO -> WARN
[EDGE-Z1-ENSEMBLE] CID:4 m1=0.677 m2=0.020 m3=0.000 m4=0.000 m5=0.113 p=0.204 cloud=PRE overlap=NO -> WARN
[EDGE-Z1-ENSEMBLE] CID:0 m1=0.670 m2=0.020 m3=0.000 m4=0.000 m5=0.113 p=0.202 cloud=PRE overlap=NO -> WARN
[EDGE-Z1-ENSEMBLE] CID:6 m1=0.659 m2=0.020 m3=0.000 m4=0.000 m5=0.107 p=0.198 cloud=PRE overlap=NO -> WARN
[EDGE-Z1-ENSEMBLE] CID:5 m1=0.666 m2=0.020 m3=0.000 m4=0.000 m5=0.112 p=0.201 cloud=PRE overlap=NO -> WARN
[EDGE-Z1-ENSEMBLE] CID:3 m1=0.666 m2=0.020 m3=0.000 m4=0.000 m5=0.107 p=0.200 cloud=PRE overlap=NO -> WARN
[EDGE-Z1-ENSEMBLE] CID:7 m1=0.672 m2=0.020 m3=0.000 m4=0.000 m5=0.114 p=0.203 cloud=PRE overlap=NO -> WARN
[EDGE-Z1-ENSEMBLE] CID:1 m1=0.670 m2=0.020 m3=0.000 m4=0.000 m5=0.107 p=0.201 cloud=PRE overlap=NO -> WARN
[EDGE-Z1-ENSEMBLE] CID:2 m1=0.670 m2=0.020 m3=0.000 m4=0.000 m5=0.112 p=0.202 cloud=PRE overlap=NO -> WARN
[EDGE-Z1-ENSEMBLE] CID:8 m1=0.666 m2=0.020 m3=0.000 m4=0.000 m5=0.115 p=0.201 cloud=PRE overlap=NO -> WARN
[EDGE-Z1-ENSEMBLE] CID:4 m1=0.683 m2=0.020 m3=0.000 m4=0.000 m5=0.118 p=0.206 cloud=PRE overlap=NO -> WARN
[EDGE-Z1-ENSEMBLE] CID:0 m1=0.663 m2=0.020 m3=0.000 m4=0.000 m5=0.112 p=0.200 cloud=PRE overlap=NO -> WARN
[EDGE-Z1-ENSEMBLE] CID:6 m1=0.666 m2=0.020 m3=0.000 m4=0.000 m5=0.105 p=0.200 cloud=PRE overlap=NO -> WARN
[EDGE-Z1-ENSEMBLE] CID:5 m1=0.677 m2=0.020 m3=0.000 m4=0.000 m5=0.112 p=0.204 cloud=PRE overlap=NO -> WARN
[EDGE-Z1-ENSEMBLE] CID:3 m1=0.681 m2=0.020 m3=0.000 m4=0.000 m5=0.110 p=0.204 cloud=PRE overlap=NO -> WARN
[EDGE-Z1-ENSEMBLE] CID:7 m1=0.672 m2=0.020 m3=0.000 m4=0.000 m5=0.112 p=0.202 cloud=PRE overlap=NO -> WARN
[EDGE-Z1-ENSEMBLE] CID:1 m1=0.675 m2=0.020 m3=0.000 m4=0.000 m5=0.107 p=0.202 cloud=PRE overlap=NO -> WARN
[EDGE-Z1-ENSEMBLE] CID:2 m1=0.663 m2=0.020 m3=0.000 m4=0.000 m5=0.113 p=0.200 cloud=PRE overlap=NO -> WARN
[EDGE-Z1-ENSEMBLE] CID:8 m1=0.655 m2=0.020 m3=0.000 m4=0.000 m5=0.110 p=0.197 cloud=PRE overlap=NO -> WARN
[EDGE-Z1-ENSEMBLE] CID:4 m1=0.679 m2=0.020 m3=0.000 m4=0.000 m5=0.119 p=0.205 cloud=PRE overlap=NO -> WARN
[EDGE-Z1-ENSEMBLE] CID:0 m1=0.679 m2=0.020 m3=0.000 m4=0.000 m5=0.112 p=0.204 cloud=PRE overlap=NO -> WARN
[EDGE-Z1-ENSEMBLE] CID:6 m1=0.663 m2=0.020 m3=0.000 m4=0.000 m5=0.105 p=0.199 cloud=PRE overlap=NO -> WARN
[EDGE-Z1-ENSEMBLE] CID:5 m1=0.655 m2=0.020 m3=0.000 m4=0.000 m5=0.107 p=0.197 cloud=PRE overlap=NO -> WARN
[EDGE-Z1-ENSEMBLE] CID:3 m1=0.675 m2=0.020 m3=0.000 m4=0.000 m5=0.108 p=0.202 cloud=PRE overlap=NO -> WARN
[EDGE-Z1-ENSEMBLE] CID:7 m1=0.659 m2=0.020 m3=0.000 m4=0.000 m5=0.110 p=0.198 cloud=PRE overlap=NO -> WARN
[EDGE-Z1-ENSEMBLE] CID:1 m1=0.659 m2=0.020 m3=0.000 m4=0.000 m5=0.106 p=0.198 cloud=PRE overlap=NO -> WARN
[EDGE-Z1-ENSEMBLE] CID:2 m1=0.681 m2=0.020 m3=0.000 m4=0.000 m5=0.112 p=0.205 cloud=PRE overlap=NO -> WARN
[EDGE-Z1-ENSEMBLE] CID:8 m1=0.663 m2=0.020 m3=0.000 m4=0.000 m5=0.108 p=0.199 cloud=PRE overlap=NO -> WARN
[EDGE-Z1-ENSEMBLE] CID:4 m1=0.670 m2=0.020 m3=0.000 m4=0.000 m5=0.116 p=0.202 cloud=PRE overlap=NO -> WARN
[EDGE-Z1-ENSEMBLE] CID:0 m1=0.000 m2=0.020 m3=0.000 m4=0.000 m5=0.056 p=0.011 cloud=PRE overlap=NO -> SAFE
[EDGE-Z1-ENSEMBLE] CID:6 m1=0.655 m2=0.020 m3=0.000 m4=0.000 m5=0.102 p=0.196 cloud=PRE overlap=NO -> WARN
[EDGE-Z1-ENSEMBLE] CID:5 m1=0.000 m2=0.020 m3=0.000 m4=0.000 m5=0.049 p=0.010 cloud=PRE overlap=NO -> SAFE
[EDGE-Z1-ENSEMBLE] CID:3 m1=0.672 m2=0.020 m3=0.000 m4=0.000 m5=0.111 p=0.202 cloud=PRE overlap=NO -> WARN
[EDGE-Z1-ENSEMBLE] CID:7 m1=0.679 m2=0.020 m3=0.000 m4=0.000 m5=0.111 p=0.204 cloud=PRE overlap=NO -> WARN
[EDGE-Z1-ENSEMBLE] CID:1 m1=0.666 m2=0.020 m3=0.000 m4=0.000 m5=0.107 p=0.200 cloud=PRE overlap=NO -> WARN
[EDGE-Z1-ENSEMBLE] CID:2 m1=0.655 m2=0.020 m3=0.000 m4=0.000 m5=0.109 p=0.197 cloud=PRE overlap=NO -> WARN
[EDGE-Z1-ENSEMBLE] CID:8 m1=0.672 m2=0.020 m3=0.000 m4=0.000 m5=0.106 p=0.201 cloud=PRE overlap=NO -> WARN
[EDGE-Z1-ENSEMBLE] CID:4 m1=0.666 m2=0.020 m3=0.000 m4=0.000 m5=0.115 p=0.201 cloud=PRE overlap=NO -> WARN
[EDGE-Z1-ENSEMBLE] CID:0 m1=0.000 m2=0.020 m3=0.000 m4=0.000 m5=0.000 p=0.000 cloud=PRE overlap=NO -> SAFE
[EDGE-Z1-ENSEMBLE] CID:6 m1=0.453 m2=0.020 m3=0.000 m4=0.000 m5=0.090 p=0.139 cloud=PRE overlap=NO -> SAFE
[EDGE-Z1-ENSEMBLE] CID:5 m1=0.389 m2=0.020 m3=0.000 m4=0.000 m5=0.036 p=0.110 cloud=PRE overlap=NO -> SAFE
[EDGE-Z1-ENSEMBLE] CID:3 m1=0.681 m2=0.020 m3=0.000 m4=0.000 m5=0.115 p=0.205 cloud=PRE overlap=NO -> WARN
[EDGE-Z1-ENSEMBLE] CID:7 m1=0.365 m2=0.020 m3=0.000 m4=0.000 m5=0.095 p=0.116 cloud=PRE overlap=NO -> SAFE
[EDGE-Z1-ENSEMBLE] CID:1 m1=0.672 m2=0.020 m3=0.000 m4=0.000 m5=0.108 p=0.202 cloud=PRE overlap=NO -> WARN
[EDGE-Z1-ENSEMBLE] CID:2 m1=0.675 m2=0.020 m3=0.000 m4=0.000 m5=0.109 p=0.203 cloud=PRE overlap=NO -> WARN
[EDGE-Z1-ENSEMBLE] CID:8 m1=0.675 m2=0.020 m3=0.000 m4=0.000 m5=0.106 p=0.202 cloud=PRE overlap=NO -> WARN
[EDGE-Z1-ENSEMBLE] CID:4 m1=0.663 m2=0.020 m3=0.000 m4=0.000 m5=0.112 p=0.200 cloud=PRE overlap=NO -> WARN
[EDGE-Z1-ENSEMBLE] CID:0 m1=0.000 m2=0.020 m3=0.000 m4=0.000 m5=0.000 p=0.000 cloud=PRE overlap=NO -> SAFE
[EDGE-Z1-ENSEMBLE] CID:6 m1=0.341 m2=0.020 m3=0.000 m4=0.000 m5=0.076 p=0.102 cloud=PRE overlap=NO -> SAFE
[VEREMI-EVIDENCE] Z1 CID:5 mode=hard_only old_p=0.120 p_veremi=0.350 p_edge=0.120 streak=1 reasons=speed_pos_claimed details={'speed_err': 7.6, 'derived_speed': 15.0}
[EDGE-Z1-ENSEMBLE] CID:5 m1=0.453 m2=0.020 m3=0.000 m4=0.000 m5=0.023 p=0.120 cloud=PRE overlap=NO -> SAFE
[EDGE-Z1-ENSEMBLE] CID:3 m1=0.666 m2=0.020 m3=0.000 m4=0.000 m5=0.115 p=0.201 cloud=PRE overlap=NO -> WARN
[EDGE-Z1-ENSEMBLE] CID:7 m1=0.433 m2=0.020 m3=0.000 m4=0.000 m5=0.081 p=0.128 cloud=PRE overlap=NO -> SAFE
[EDGE-Z1-ENSEMBLE] CID:1 m1=0.433 m2=0.020 m3=0.000 m4=0.000 m5=0.094 p=0.134 cloud=PRE overlap=NO -> SAFE
[EDGE-Z1-ENSEMBLE] CID:2 m1=0.679 m2=0.020 m3=0.000 m4=0.000 m5=0.111 p=0.204 cloud=PRE overlap=NO -> WARN
[EDGE-Z1-ENSEMBLE] CID:8 m1=0.675 m2=0.020 m3=0.000 m4=0.000 m5=0.108 p=0.202 cloud=PRE overlap=NO -> WARN
[EDGE-Z1-ENSEMBLE] CID:4 m1=0.659 m2=0.020 m3=0.000 m4=0.000 m5=0.107 p=0.198 cloud=PRE overlap=NO -> WARN
[VEREMI-EVIDENCE] Z1 CID:0 mode=hard_only old_p=0.127 p_veremi=0.350 p_edge=0.127 streak=1 reasons=speed_pos_claimed details={'speed_err': 6.7, 'derived_speed': 16.2}
[EDGE-Z1-ENSEMBLE] CID:0 m1=0.507 m2=0.020 m3=0.000 m4=0.000 m5=0.000 p=0.127 cloud=PRE overlap=NO -> SAFE
[EDGE-Z1-ENSEMBLE] CID:6 m1=0.389 m2=0.020 m3=0.000 m4=0.000 m5=0.062 p=0.108 cloud=PRE overlap=NO -> SAFE
[VEREMI-EVIDENCE] Z1 CID:5 mode=hard_only old_p=0.113 p_veremi=0.950 p_edge=0.950 streak=2 reasons=speed_pos_claimed details={'speed_err': 7.6, 'derived_speed': 15.0}
[EDGE-Z1-ENSEMBLE] CID:5 m1=0.453 m2=0.020 m3=0.000 m4=0.000 m5=0.009 p=0.950 cloud=PRE overlap=NO -> BAN
[EDGE-Z1-ENSEMBLE] CID:3 m1=0.677 m2=0.020 m3=0.000 m4=0.000 m5=0.114 p=0.204 cloud=PRE overlap=NO -> WARN
[EDGE-Z1-ENSEMBLE] CID:7 m1=0.365 m2=0.020 m3=0.000 m4=0.000 m5=0.066 p=0.102 cloud=PRE overlap=NO -> SAFE
[EDGE-Z1-ENSEMBLE] CID:1 m1=0.453 m2=0.020 m3=0.000 m4=0.000 m5=0.081 p=0.133 cloud=PRE overlap=NO -> SAFE
[EDGE-Z1-ENSEMBLE] CID:2 m1=0.490 m2=0.020 m3=0.000 m4=0.000 m5=0.101 p=0.151 cloud=PRE overlap=NO -> WARN
[EDGE-Z1-ENSEMBLE] CID:8 m1=0.659 m2=0.020 m3=0.000 m4=0.000 m5=0.108 p=0.198 cloud=PRE overlap=NO -> WARN
[EDGE-Z1-ENSEMBLE] CID:4 m1=0.681 m2=0.020 m3=0.000 m4=0.000 m5=0.108 p=0.204 cloud=PRE overlap=NO -> WARN
[VEREMI-EVIDENCE] Z1 CID:0 mode=hard_only old_p=0.077 p_veremi=0.950 p_edge=0.950 streak=2 reasons=speed_pos_claimed details={'speed_err': 7.1, 'derived_speed': 15.0}
[EDGE-Z1-ENSEMBLE] CID:0 m1=0.341 m2=0.020 m3=0.000 m4=0.000 m5=0.000 p=0.950 cloud=PRE overlap=NO -> BAN
[EDGE-Z1-ENSEMBLE] CID:6 m1=0.453 m2=0.020 m3=0.000 m4=0.000 m5=0.051 p=0.119 cloud=PRE overlap=NO -> SAFE
[EDGE-Z1] CID:5 -> FASTBAN
[EDGE-Z1-ENSEMBLE] CID:3 m1=0.672 m2=0.020 m3=0.000 m4=0.000 m5=0.113 p=0.202 cloud=PRE overlap=NO -> WARN
[EDGE-Z1-ENSEMBLE] CID:7 m1=0.507 m2=0.020 m3=0.000 m4=0.000 m5=0.056 p=0.134 cloud=PRE overlap=NO -> SAFE
[VEREMI-EVIDENCE] Z1 CID:1 mode=hard_only old_p=0.137 p_veremi=0.350 p_edge=0.137 streak=1 reasons=speed_pos_claimed details={'speed_err': 7.8, 'derived_speed': 15.0}
[EDGE-Z1-ENSEMBLE] CID:1 m1=0.490 m2=0.020 m3=0.000 m4=0.000 m5=0.071 p=0.137 cloud=PRE overlap=NO -> SAFE
[EDGE-Z1-ENSEMBLE] CID:2 m1=0.389 m2=0.020 m3=0.000 m4=0.000 m5=0.083 p=0.121 cloud=PRE overlap=NO -> SAFE
[EDGE-Z1-ENSEMBLE] CID:8 m1=0.675 m2=0.020 m3=0.000 m4=0.000 m5=0.111 p=0.203 cloud=PRE overlap=NO -> WARN
[EDGE-Z1-ENSEMBLE] CID:4 m1=0.507 m2=0.020 m3=0.000 m4=0.000 m5=0.097 p=0.155 cloud=PRE overlap=NO -> WARN
[EDGE-Z1] CID:0 -> FASTBAN
[VEREMI-EVIDENCE] Z1 CID:6 mode=hard_only old_p=0.113 p_veremi=0.350 p_edge=0.113 streak=1 reasons=speed_pos_claimed details={'speed_err': 7.6, 'derived_speed': 15.0}
[EDGE-Z1-ENSEMBLE] CID:6 m1=0.453 m2=0.020 m3=0.000 m4=0.000 m5=0.040 p=0.113 cloud=PRE overlap=NO -> SAFE
[EDGE-Z1-ENSEMBLE] CID:3 m1=0.681 m2=0.020 m3=0.000 m4=0.000 m5=0.116 p=0.205 cloud=PRE overlap=NO -> WARN
[EDGE-Z1-ENSEMBLE] CID:7 m1=0.453 m2=0.020 m3=0.000 m4=0.000 m5=0.041 p=0.113 cloud=PRE overlap=NO -> SAFE
[VEREMI-EVIDENCE] Z1 CID:1 mode=hard_only old_p=0.109 p_veremi=0.950 p_edge=0.950 streak=2 reasons=speed_pos_claimed details={'speed_err': 7.4, 'derived_speed': 15.0}
[EDGE-Z1-ENSEMBLE] CID:1 m1=0.411 m2=0.020 m3=0.000 m4=0.000 m5=0.057 p=0.950 cloud=PRE overlap=NO -> BAN
[EDGE-Z1-ENSEMBLE] CID:2 m1=0.365 m2=0.020 m3=0.000 m4=0.000 m5=0.071 p=0.108 cloud=PRE overlap=NO -> SAFE
[EDGE-Z1-ENSEMBLE] CID:8 m1=0.663 m2=0.020 m3=0.000 m4=0.000 m5=0.109 p=0.199 cloud=PRE overlap=NO -> WARN
[EDGE-Z1-ENSEMBLE] CID:4 m1=0.389 m2=0.020 m3=0.000 m4=0.000 m5=0.083 p=0.121 cloud=PRE overlap=NO -> SAFE
[VEREMI-EVIDENCE] Z1 CID:6 mode=hard_only old_p=0.090 p_veremi=0.950 p_edge=0.950 streak=2 reasons=speed_pos_claimed details={'speed_err': 7.3, 'derived_speed': 15.0}
[EDGE-Z1-ENSEMBLE] CID:6 m1=0.389 m2=0.020 m3=0.000 m4=0.000 m5=0.038 p=0.950 cloud=PRE overlap=NO -> BAN
[EDGE-Z1-ENSEMBLE] CID:3 m1=0.677 m2=0.020 m3=0.000 m4=0.000 m5=0.114 p=0.204 cloud=PRE overlap=NO -> WARN
[EDGE-Z1-ENSEMBLE] CID:7 m1=0.453 m2=0.020 m3=0.000 m4=0.000 m5=0.043 p=0.108 cloud=PRE overlap=NO -> SAFE
[EDGE-Z1] CID:1 -> FASTBAN
[EDGE-Z1-ENSEMBLE] CID:2 m1=0.365 m2=0.020 m3=0.000 m4=0.000 m5=0.054 p=0.101 cloud=PRE overlap=NO -> SAFE
[EDGE-Z1-ENSEMBLE] CID:8 m1=0.672 m2=0.020 m3=0.000 m4=0.000 m5=0.108 p=0.202 cloud=PRE overlap=NO -> WARN
[EDGE-Z1-ENSEMBLE] CID:4 m1=0.507 m2=0.020 m3=0.000 m4=0.000 m5=0.073 p=0.150 cloud=PRE overlap=NO -> WARN
[EDGE-Z1] CID:6 -> FASTBAN
[EDGE-Z1-ENSEMBLE] CID:3 m1=0.670 m2=0.020 m3=0.000 m4=0.000 m5=0.115 p=0.202 cloud=PRE overlap=NO -> WARN
[EDGE-Z1-ENSEMBLE] CID:7 m1=0.365 m2=0.020 m3=0.040 m4=0.000 m5=0.042 p=0.088 cloud=PRE overlap=NO -> SAFE
[EDGE-Z1-ENSEMBLE] CID:2 m1=0.389 m2=0.020 m3=0.000 m4=0.000 m5=0.038 p=0.100 cloud=PRE overlap=NO -> SAFE
[EDGE-Z1-ENSEMBLE] CID:8 m1=0.655 m2=0.020 m3=0.000 m4=0.000 m5=0.105 p=0.197 cloud=PRE overlap=NO -> WARN
[EDGE-Z1-ENSEMBLE] CID:4 m1=0.365 m2=0.020 m3=0.000 m4=0.000 m5=0.059 p=0.111 cloud=PRE overlap=NO -> SAFE
[EDGE-Z1-ENSEMBLE] CID:3 m1=0.670 m2=0.020 m3=0.000 m4=0.000 m5=0.113 p=0.202 cloud=PRE overlap=NO -> WARN
[VEREMI-EVIDENCE] Z1 CID:7 mode=hard_only old_p=0.261 p_veremi=0.350 p_edge=0.261 streak=1 reasons=speed_pos_claimed details={'speed_err': 7.9, 'derived_speed': 15.0}
[EDGE-Z1-ENSEMBLE] CID:7 m1=0.507 m2=0.020 m3=0.550 m4=0.000 m5=0.046 p=0.261 cloud=PRE overlap=NO -> WARN
[VEREMI-EVIDENCE] Z1 CID:2 mode=hard_only old_p=0.107 p_veremi=0.350 p_edge=0.107 streak=1 reasons=speed_pos_claimed details={'speed_err': 7.5, 'derived_speed': 15.0}
[EDGE-Z1-ENSEMBLE] CID:2 m1=0.433 m2=0.020 m3=0.000 m4=0.000 m5=0.036 p=0.107 cloud=PRE overlap=NO -> SAFE
[EDGE-Z1-ENSEMBLE] CID:8 m1=0.681 m2=0.020 m3=0.000 m4=0.000 m5=0.109 p=0.204 cloud=PRE overlap=NO -> WARN
[EDGE-Z1-ENSEMBLE] CID:4 m1=0.453 m2=0.020 m3=0.000 m4=0.000 m5=0.044 p=0.128 cloud=PRE overlap=NO -> SAFE
[EDGE-Z1-ENSEMBLE] CID:3 m1=0.666 m2=0.020 m3=0.000 m4=0.000 m5=0.112 p=0.201 cloud=PRE overlap=NO -> WARN
[VEREMI-EVIDENCE] Z1 CID:7 mode=hard_only old_p=0.227 p_veremi=0.950 p_edge=0.950 streak=2 reasons=speed_pos_claimed details={'speed_err': 7.1, 'derived_speed': 15.0}
[EDGE-Z1-ENSEMBLE] CID:7 m1=0.341 m2=0.020 m3=0.550 m4=0.000 m5=0.041 p=0.950 cloud=PRE overlap=NO -> BAN
[VEREMI-EVIDENCE] Z1 CID:2 mode=hard_only old_p=0.118 p_veremi=0.950 p_edge=0.950 streak=2 reasons=speed_pos_claimed details={'speed_err': 7.8, 'derived_speed': 15.0}
[EDGE-Z1-ENSEMBLE] CID:2 m1=0.490 m2=0.020 m3=0.000 m4=0.000 m5=0.039 p=0.950 cloud=PRE overlap=NO -> BAN
[EDGE-Z1-ENSEMBLE] CID:8 m1=0.681 m2=0.020 m3=0.000 m4=0.000 m5=0.111 p=0.205 cloud=PRE overlap=NO -> WARN
[EDGE-Z1-ENSEMBLE] CID:4 m1=0.507 m2=0.020 m3=0.040 m4=0.000 m5=0.044 p=0.153 cloud=PRE overlap=NO -> WARN
[EDGE-Z1] CID:7 -> FASTBAN
[EDGE-Z1-ENSEMBLE] CID:3 m1=0.655 m2=0.020 m3=0.000 m4=0.000 m5=0.107 p=0.197 cloud=PRE overlap=NO -> WARN
[EDGE-Z1] CID:2 -> FASTBAN
[EDGE-Z1-ENSEMBLE] CID:8 m1=0.677 m2=0.020 m3=0.000 m4=0.000 m5=0.114 p=0.204 cloud=PRE overlap=NO -> WARN
[EDGE-Z1-ENSEMBLE] CID:4 m1=0.365 m2=0.020 m3=0.040 m4=0.000 m5=0.043 p=0.118 cloud=PRE overlap=NO -> SAFE
[VEREMI-EVIDENCE] Z1 CID:3 mode=hard_only old_p=0.011 p_veremi=0.350 p_edge=0.011 streak=1 reasons=speed_pos_claimed details={'speed_err': 8.0, 'derived_speed': 23.0}
[EDGE-Z1-ENSEMBLE] CID:3 m1=0.000 m2=0.020 m3=0.000 m4=0.000 m5=0.051 p=0.011 cloud=PRE overlap=NO -> SAFE
[VEREMI-EVIDENCE] Z1 CID:8 mode=hard_only old_p=0.011 p_veremi=0.350 p_edge=0.011 streak=1 reasons=speed_pos_claimed details={'speed_err': 7.0, 'derived_speed': 21.6}
[EDGE-Z1-ENSEMBLE] CID:8 m1=0.000 m2=0.020 m3=0.000 m4=0.000 m5=0.056 p=0.011 cloud=PRE overlap=NO -> SAFE
[EDGE-Z1] HANDOVER OK   CID:0    --> Z2  verdict=BAN
[EDGE-Z1] HANDOVER_TRIGGER complete  CID:0     alpha=2.00  beta=1.00
[EDGE-Z1] HANDOVER OK   CID:1    --> Z2  verdict=BAN
[EDGE-Z1] HANDOVER_TRIGGER complete  CID:1     alpha=2.00  beta=1.00
[EDGE-Z1] HANDOVER OK   CID:2    --> Z2  verdict=BAN
[EDGE-Z1] HANDOVER_TRIGGER complete  CID:2     alpha=2.00  beta=1.00
[EDGE-Z1] HANDOVER OK   CID:3    --> Z2  verdict=SAFE
[EDGE-Z1] HANDOVER_TRIGGER complete  CID:3     alpha=2.00  beta=1.00
[EDGE-Z1] HANDOVER OK   CID:4    --> Z2  verdict=SAFE
[EDGE-Z1] HANDOVER_TRIGGER complete  CID:4     alpha=2.00  beta=1.00
[EDGE-Z1] HANDOVER OK   CID:5    --> Z2  verdict=BAN
[EDGE-Z1] HANDOVER_TRIGGER complete  CID:5     alpha=2.00  beta=1.00
[EDGE-Z1] HANDOVER OK   CID:6    --> Z2  verdict=BAN
[EDGE-Z1] HANDOVER_TRIGGER complete  CID:6     alpha=2.00  beta=1.00
[EDGE-Z1] HANDOVER OK   CID:7    --> Z2  verdict=BAN
[EDGE-Z1] HANDOVER_TRIGGER complete  CID:7     alpha=2.00  beta=1.00
[EDGE-Z1] HANDOVER OK   CID:8    --> Z2  verdict=SAFE
[EDGE-Z1] HANDOVER_TRIGGER complete  CID:8     alpha=2.00  beta=1.00
[EDGE-Z1] HANDOVER OK   CID:9    --> Z2  verdict=SAFE
[EDGE-Z1] HANDOVER_TRIGGER complete  CID:9     alpha=2.00  beta=1.00
[EDGE-Z1-ENSEMBLE] CID:4 m1=0.453 m2=0.020 m3=0.550 m4=0.000 m5=0.042 p=0.256 cloud=PRE overlap=NO -> WARN
[EDGE-Z1-ENSEMBLE] CID:3 m1=0.000 m2=0.020 m3=0.000 m4=0.000 m5=0.000 p=0.000 cloud=PRE overlap=NO -> SAFE
[EDGE-Z1-ENSEMBLE] CID:8 m1=0.000 m2=0.020 m3=0.000 m4=0.000 m5=0.004 p=0.000 cloud=PRE overlap=NO -> SAFE
[EDGE-Z1] Signal 15 — shutting down...
[EDGE-Z1] Saving metrics before exit...

================================================================
 EDGE-AI METRICS v90-multiuav  ZONE:1  V2X-EXP-MULTIUAV
================================================================
 Packets processed    : 494
 SAFE / WARN / BAN    : 290 / 192 / 12
 Confirmed banned CIDs: [0, 1, 2, 5, 6, 7]
 Handover state loaded: 0 CIDs
----------------------------------------------------------------
  CID0   first flagged at sim_ts=12.025s
  CID1   first flagged at sim_ts=14.384s
  CID2   first flagged at sim_ts=16.424s
  CID3   first flagged at sim_ts=18.844s
  CID4   first flagged at sim_ts=20.004s
  CID5   first flagged at sim_ts=12.096s
  CID6   first flagged at sim_ts=14.086s
  CID7   first flagged at sim_ts=16.346s
  CID8   first flagged at sim_ts=17.936s
----------------------------------------------------------------
 Final weights: W1=0.273 W2=0.182 W3=0.227 W4=0.182 W5=0.136
================================================================

[EDGE-AI] Metrics saved -> logs/edge_ai_z1_metrics_20260719_061219.json
