=== TAIL=1.1 MODE=ON SEED=1 already complete, skipping (resume) ===
=== TAIL=1.1 MODE=ON SEED=2 already complete, skipping (resume) ===
=== TAIL=1.1 MODE=ON SEED=3 already complete, skipping (resume) ===
=== TAIL=1.1 MODE=ON SEED=4 already complete, skipping (resume) ===
=== TAIL=1.1 MODE=ON SEED=5 already complete, skipping (resume) ===
=== TAIL=1.1 MODE=ON SEED=6 already complete, skipping (resume) ===
=== TAIL=1.1 MODE=ON SEED=7 already complete, skipping (resume) ===
=== TAIL=1.1 MODE=ON SEED=8 already complete, skipping (resume) ===
=== TAIL=1.1 MODE=ON SEED=9 already complete, skipping (resume) ===
=== TAIL=1.1 MODE=ON SEED=10 already complete, skipping (resume) ===
=== TAIL=1.1 MODE=ON SEED=11 already complete, skipping (resume) ===
=== TAIL=1.1 MODE=ON SEED=12 already complete, skipping (resume) ===
=== TAIL=1.1 MODE=ON SEED=13 already complete, skipping (resume) ===
=== TAIL=1.1 DUR=2.6 MODE=ON SEED=14 ===
exit=0 for TAIL=1.1 MODE=ON SEED=14
=== TAIL=1.1 DUR=2.6 MODE=ON SEED=15 ===
exit=0 for TAIL=1.1 MODE=ON SEED=15
=== TAIL=1.1 DUR=2.6 MODE=OFF SEED=1 ===
exit=0 for TAIL=1.1 MODE=OFF SEED=1
=== TAIL=1.1 DUR=2.6 MODE=OFF SEED=2 ===
exit=0 for TAIL=1.1 MODE=OFF SEED=2
=== TAIL=1.1 DUR=2.6 MODE=OFF SEED=3 ===
exit=0 for TAIL=1.1 MODE=OFF SEED=3
=== TAIL=1.1 DUR=2.6 MODE=OFF SEED=4 ===
exit=0 for TAIL=1.1 MODE=OFF SEED=4
=== TAIL=1.1 DUR=2.6 MODE=OFF SEED=5 ===
exit=0 for TAIL=1.1 MODE=OFF SEED=5
=== TAIL=1.1 DUR=2.6 MODE=OFF SEED=6 ===
exit=0 for TAIL=1.1 MODE=OFF SEED=6
=== TAIL=1.1 DUR=2.6 MODE=OFF SEED=7 ===
exit=0 for TAIL=1.1 MODE=OFF SEED=7
=== TAIL=1.1 DUR=2.6 MODE=OFF SEED=8 ===
exit=0 for TAIL=1.1 MODE=OFF SEED=8
=== TAIL=1.1 DUR=2.6 MODE=OFF SEED=9 ===
exit=0 for TAIL=1.1 MODE=OFF SEED=9
=== TAIL=1.1 DUR=2.6 MODE=OFF SEED=10 ===
exit=0 for TAIL=1.1 MODE=OFF SEED=10
=== TAIL=1.1 DUR=2.6 MODE=OFF SEED=11 ===
exit=0 for TAIL=1.1 MODE=OFF SEED=11
=== TAIL=1.1 DUR=2.6 MODE=OFF SEED=12 ===
exit=0 for TAIL=1.1 MODE=OFF SEED=12
=== TAIL=1.1 DUR=2.6 MODE=OFF SEED=13 ===
exit=0 for TAIL=1.1 MODE=OFF SEED=13
=== TAIL=1.1 DUR=2.6 MODE=OFF SEED=14 ===
exit=0 for TAIL=1.1 MODE=OFF SEED=14
=== TAIL=1.1 DUR=2.6 MODE=OFF SEED=15 ===
exit=0 for TAIL=1.1 MODE=OFF SEED=15
=== TAIL=1.2 DUR=2.7 MODE=ON SEED=1 ===
exit=0 for TAIL=1.2 MODE=ON SEED=1
=== TAIL=1.2 DUR=2.7 MODE=ON SEED=2 ===
exit=0 for TAIL=1.2 MODE=ON SEED=2
=== TAIL=1.2 DUR=2.7 MODE=ON SEED=3 ===
exit=0 for TAIL=1.2 MODE=ON SEED=3
=== TAIL=1.2 DUR=2.7 MODE=ON SEED=4 ===
exit=0 for TAIL=1.2 MODE=ON SEED=4
=== TAIL=1.2 DUR=2.7 MODE=ON SEED=5 ===
exit=0 for TAIL=1.2 MODE=ON SEED=5
=== TAIL=1.2 DUR=2.7 MODE=ON SEED=6 ===
exit=0 for TAIL=1.2 MODE=ON SEED=6
=== TAIL=1.2 DUR=2.7 MODE=ON SEED=7 ===
exit=0 for TAIL=1.2 MODE=ON SEED=7
=== TAIL=1.2 DUR=2.7 MODE=ON SEED=8 ===
exit=0 for TAIL=1.2 MODE=ON SEED=8
=== TAIL=1.2 DUR=2.7 MODE=ON SEED=9 ===
exit=0 for TAIL=1.2 MODE=ON SEED=9
=== TAIL=1.2 DUR=2.7 MODE=ON SEED=10 ===
exit=0 for TAIL=1.2 MODE=ON SEED=10
=== TAIL=1.2 DUR=2.7 MODE=ON SEED=11 ===
exit=0 for TAIL=1.2 MODE=ON SEED=11
=== TAIL=1.2 DUR=2.7 MODE=ON SEED=12 ===
exit=0 for TAIL=1.2 MODE=ON SEED=12
=== TAIL=1.2 DUR=2.7 MODE=ON SEED=13 ===
exit=0 for TAIL=1.2 MODE=ON SEED=13
=== TAIL=1.2 DUR=2.7 MODE=ON SEED=14 ===
exit=0 for TAIL=1.2 MODE=ON SEED=14
=== TAIL=1.2 DUR=2.7 MODE=ON SEED=15 ===
exit=0 for TAIL=1.2 MODE=ON SEED=15
=== TAIL=1.2 DUR=2.7 MODE=OFF SEED=1 ===
exit=0 for TAIL=1.2 MODE=OFF SEED=1
=== TAIL=1.2 DUR=2.7 MODE=OFF SEED=2 ===
exit=0 for TAIL=1.2 MODE=OFF SEED=2
=== TAIL=1.2 DUR=2.7 MODE=OFF SEED=3 ===
exit=0 for TAIL=1.2 MODE=OFF SEED=3
=== TAIL=1.2 DUR=2.7 MODE=OFF SEED=4 ===
exit=0 for TAIL=1.2 MODE=OFF SEED=4
=== TAIL=1.2 DUR=2.7 MODE=OFF SEED=5 ===
exit=0 for TAIL=1.2 MODE=OFF SEED=5
=== TAIL=1.2 DUR=2.7 MODE=OFF SEED=6 ===
exit=0 for TAIL=1.2 MODE=OFF SEED=6
=== TAIL=1.2 DUR=2.7 MODE=OFF SEED=7 ===
exit=0 for TAIL=1.2 MODE=OFF SEED=7
=== TAIL=1.2 DUR=2.7 MODE=OFF SEED=8 ===
exit=0 for TAIL=1.2 MODE=OFF SEED=8
=== TAIL=1.2 DUR=2.7 MODE=OFF SEED=9 ===
exit=0 for TAIL=1.2 MODE=OFF SEED=9
=== TAIL=1.2 DUR=2.7 MODE=OFF SEED=10 ===
exit=0 for TAIL=1.2 MODE=OFF SEED=10
=== TAIL=1.2 DUR=2.7 MODE=OFF SEED=11 ===
exit=0 for TAIL=1.2 MODE=OFF SEED=11
=== TAIL=1.2 DUR=2.7 MODE=OFF SEED=12 ===
exit=0 for TAIL=1.2 MODE=OFF SEED=12
=== TAIL=1.2 DUR=2.7 MODE=OFF SEED=13 ===
exit=0 for TAIL=1.2 MODE=OFF SEED=13
=== TAIL=1.2 DUR=2.7 MODE=OFF SEED=14 ===
exit=0 for TAIL=1.2 MODE=OFF SEED=14
=== TAIL=1.2 DUR=2.7 MODE=OFF SEED=15 ===
exit=0 for TAIL=1.2 MODE=OFF SEED=15
=== TAIL=1.3 DUR=2.8 MODE=ON SEED=1 ===
exit=0 for TAIL=1.3 MODE=ON SEED=1
=== TAIL=1.3 DUR=2.8 MODE=ON SEED=2 ===
exit=0 for TAIL=1.3 MODE=ON SEED=2
=== TAIL=1.3 DUR=2.8 MODE=ON SEED=3 ===
exit=0 for TAIL=1.3 MODE=ON SEED=3
=== TAIL=1.3 DUR=2.8 MODE=ON SEED=4 ===
exit=0 for TAIL=1.3 MODE=ON SEED=4
=== TAIL=1.3 DUR=2.8 MODE=ON SEED=5 ===
exit=0 for TAIL=1.3 MODE=ON SEED=5
=== TAIL=1.3 DUR=2.8 MODE=ON SEED=6 ===
exit=0 for TAIL=1.3 MODE=ON SEED=6
=== TAIL=1.3 DUR=2.8 MODE=ON SEED=7 ===
exit=0 for TAIL=1.3 MODE=ON SEED=7
=== TAIL=1.3 DUR=2.8 MODE=ON SEED=8 ===
exit=0 for TAIL=1.3 MODE=ON SEED=8
=== TAIL=1.3 DUR=2.8 MODE=ON SEED=9 ===
exit=0 for TAIL=1.3 MODE=ON SEED=9
=== TAIL=1.3 DUR=2.8 MODE=ON SEED=10 ===
exit=0 for TAIL=1.3 MODE=ON SEED=10
=== TAIL=1.3 DUR=2.8 MODE=ON SEED=11 ===
exit=0 for TAIL=1.3 MODE=ON SEED=11
=== TAIL=1.3 DUR=2.8 MODE=ON SEED=12 ===
exit=0 for TAIL=1.3 MODE=ON SEED=12
=== TAIL=1.3 DUR=2.8 MODE=ON SEED=13 ===
exit=0 for TAIL=1.3 MODE=ON SEED=13
=== TAIL=1.3 DUR=2.8 MODE=ON SEED=14 ===
exit=0 for TAIL=1.3 MODE=ON SEED=14
=== TAIL=1.3 DUR=2.8 MODE=ON SEED=15 ===
exit=0 for TAIL=1.3 MODE=ON SEED=15
=== TAIL=1.3 DUR=2.8 MODE=OFF SEED=1 ===
exit=0 for TAIL=1.3 MODE=OFF SEED=1
=== TAIL=1.3 DUR=2.8 MODE=OFF SEED=2 ===
exit=0 for TAIL=1.3 MODE=OFF SEED=2
=== TAIL=1.3 DUR=2.8 MODE=OFF SEED=3 ===
exit=0 for TAIL=1.3 MODE=OFF SEED=3
=== TAIL=1.3 DUR=2.8 MODE=OFF SEED=4 ===
exit=0 for TAIL=1.3 MODE=OFF SEED=4
=== TAIL=1.3 DUR=2.8 MODE=OFF SEED=5 ===
exit=0 for TAIL=1.3 MODE=OFF SEED=5
=== TAIL=1.3 DUR=2.8 MODE=OFF SEED=6 ===
exit=0 for TAIL=1.3 MODE=OFF SEED=6
=== TAIL=1.3 DUR=2.8 MODE=OFF SEED=7 ===
exit=0 for TAIL=1.3 MODE=OFF SEED=7
=== TAIL=1.3 DUR=2.8 MODE=OFF SEED=8 ===
exit=0 for TAIL=1.3 MODE=OFF SEED=8
=== TAIL=1.3 DUR=2.8 MODE=OFF SEED=9 ===
exit=0 for TAIL=1.3 MODE=OFF SEED=9
=== TAIL=1.3 DUR=2.8 MODE=OFF SEED=10 ===
exit=0 for TAIL=1.3 MODE=OFF SEED=10
=== TAIL=1.3 DUR=2.8 MODE=OFF SEED=11 ===
exit=0 for TAIL=1.3 MODE=OFF SEED=11
=== TAIL=1.3 DUR=2.8 MODE=OFF SEED=12 ===
exit=0 for TAIL=1.3 MODE=OFF SEED=12
=== TAIL=1.3 DUR=2.8 MODE=OFF SEED=13 ===
exit=0 for TAIL=1.3 MODE=OFF SEED=13
=== TAIL=1.3 DUR=2.8 MODE=OFF SEED=14 ===
exit=0 for TAIL=1.3 MODE=OFF SEED=14
=== TAIL=1.3 DUR=2.8 MODE=OFF SEED=15 ===
exit=0 for TAIL=1.3 MODE=OFF SEED=15
=== TAIL=1.4 DUR=2.9 MODE=ON SEED=1 ===
exit=0 for TAIL=1.4 MODE=ON SEED=1
=== TAIL=1.4 DUR=2.9 MODE=ON SEED=2 ===
exit=0 for TAIL=1.4 MODE=ON SEED=2
=== TAIL=1.4 DUR=2.9 MODE=ON SEED=3 ===
exit=0 for TAIL=1.4 MODE=ON SEED=3
=== TAIL=1.4 DUR=2.9 MODE=ON SEED=4 ===
exit=0 for TAIL=1.4 MODE=ON SEED=4
=== TAIL=1.4 DUR=2.9 MODE=ON SEED=5 ===
exit=0 for TAIL=1.4 MODE=ON SEED=5
=== TAIL=1.4 DUR=2.9 MODE=ON SEED=6 ===
exit=0 for TAIL=1.4 MODE=ON SEED=6
=== TAIL=1.4 DUR=2.9 MODE=ON SEED=7 ===
exit=0 for TAIL=1.4 MODE=ON SEED=7
=== TAIL=1.4 DUR=2.9 MODE=ON SEED=8 ===
exit=0 for TAIL=1.4 MODE=ON SEED=8
=== TAIL=1.4 DUR=2.9 MODE=ON SEED=9 ===
exit=0 for TAIL=1.4 MODE=ON SEED=9
=== TAIL=1.4 DUR=2.9 MODE=ON SEED=10 ===
exit=0 for TAIL=1.4 MODE=ON SEED=10
=== TAIL=1.4 DUR=2.9 MODE=ON SEED=11 ===
exit=0 for TAIL=1.4 MODE=ON SEED=11
=== TAIL=1.4 DUR=2.9 MODE=ON SEED=12 ===
exit=0 for TAIL=1.4 MODE=ON SEED=12
=== TAIL=1.4 DUR=2.9 MODE=ON SEED=13 ===
exit=0 for TAIL=1.4 MODE=ON SEED=13
=== TAIL=1.4 DUR=2.9 MODE=ON SEED=14 ===
exit=0 for TAIL=1.4 MODE=ON SEED=14
=== TAIL=1.4 DUR=2.9 MODE=ON SEED=15 ===
exit=0 for TAIL=1.4 MODE=ON SEED=15
=== TAIL=1.4 DUR=2.9 MODE=OFF SEED=1 ===
exit=0 for TAIL=1.4 MODE=OFF SEED=1
=== TAIL=1.4 DUR=2.9 MODE=OFF SEED=2 ===
exit=0 for TAIL=1.4 MODE=OFF SEED=2
=== TAIL=1.4 DUR=2.9 MODE=OFF SEED=3 ===
exit=0 for TAIL=1.4 MODE=OFF SEED=3
=== TAIL=1.4 DUR=2.9 MODE=OFF SEED=4 ===
exit=0 for TAIL=1.4 MODE=OFF SEED=4
=== TAIL=1.4 DUR=2.9 MODE=OFF SEED=5 ===
exit=0 for TAIL=1.4 MODE=OFF SEED=5
=== TAIL=1.4 DUR=2.9 MODE=OFF SEED=6 ===
exit=0 for TAIL=1.4 MODE=OFF SEED=6
=== TAIL=1.4 DUR=2.9 MODE=OFF SEED=7 ===
exit=0 for TAIL=1.4 MODE=OFF SEED=7
=== TAIL=1.4 DUR=2.9 MODE=OFF SEED=8 ===
exit=0 for TAIL=1.4 MODE=OFF SEED=8
=== TAIL=1.4 DUR=2.9 MODE=OFF SEED=9 ===
exit=0 for TAIL=1.4 MODE=OFF SEED=9
=== TAIL=1.4 DUR=2.9 MODE=OFF SEED=10 ===
exit=0 for TAIL=1.4 MODE=OFF SEED=10
=== TAIL=1.4 DUR=2.9 MODE=OFF SEED=11 ===
exit=0 for TAIL=1.4 MODE=OFF SEED=11
=== TAIL=1.4 DUR=2.9 MODE=OFF SEED=12 ===
exit=0 for TAIL=1.4 MODE=OFF SEED=12
=== TAIL=1.4 DUR=2.9 MODE=OFF SEED=13 ===
exit=0 for TAIL=1.4 MODE=OFF SEED=13
=== TAIL=1.4 DUR=2.9 MODE=OFF SEED=14 ===
exit=0 for TAIL=1.4 MODE=OFF SEED=14
=== TAIL=1.4 DUR=2.9 MODE=OFF SEED=15 ===
exit=0 for TAIL=1.4 MODE=OFF SEED=15
BISECT2_15SEED_COMPLETE
