=== HYBRID VeReMi 15-rep study ===
mode=replace reps=15 date=Tuesday 14 July 2026 09:35:45 AM IST

================ REP 1 / 15 ================
REP 1 caught: 17/19  FP: 0/11
Missed malicious CIDs: [2, 5]
False-positive honest CIDs: []
Sorted malicious CID:demoted pairs:
  0:YES
  1:YES
  2:NO
  3:YES
  4:YES
  5:NO
  6:YES
  7:YES
  11:YES
  12:YES
  13:YES
  14:YES
  18:YES
  19:YES
  20:YES
  23:YES
  24:YES
  25:YES
  26:YES

================ REP 2 / 15 ================
REP 2 caught: 17/19  FP: 0/11
Missed malicious CIDs: [2, 4]
False-positive honest CIDs: []
Sorted malicious CID:demoted pairs:
  0:YES
  1:YES
  2:NO
  3:YES
  4:NO
  5:YES
  6:YES
  7:YES
  11:YES
  12:YES
  13:YES
  14:YES
  18:YES
  19:YES
  20:YES
  23:YES
  24:YES
  25:YES
  26:YES

================ REP 3 / 15 ================
REP 3 caught: 17/19  FP: 0/11
Missed malicious CIDs: [2, 5]
False-positive honest CIDs: []
Sorted malicious CID:demoted pairs:
  0:YES
  1:YES
  2:NO
  3:YES
  4:YES
  5:NO
  6:YES
  7:YES
  11:YES
  12:YES
  13:YES
  14:YES
  18:YES
  19:YES
  20:YES
  23:YES
  24:YES
  25:YES
  26:YES

================ REP 4 / 15 ================
REP 4 caught: 16/19  FP: 0/11
Missed malicious CIDs: [2, 5, 6]
False-positive honest CIDs: []
Sorted malicious CID:demoted pairs:
  0:YES
  1:YES
  2:NO
  3:YES
  4:YES
  5:NO
  6:NO
  7:YES
  11:YES
  12:YES
  13:YES
  14:YES
  18:YES
  19:YES
  20:YES
  23:YES
  24:YES
  25:YES
  26:YES

================ REP 5 / 15 ================
REP 5 caught: 18/19  FP: 0/11
Missed malicious CIDs: [2]
False-positive honest CIDs: []
Sorted malicious CID:demoted pairs:
  0:YES
  1:YES
  2:NO
  3:YES
  4:YES
  5:YES
  6:YES
  7:YES
  11:YES
  12:YES
  13:YES
  14:YES
  18:YES
  19:YES
  20:YES
  23:YES
  24:YES
  25:YES
  26:YES

================ REP 6 / 15 ================
REP 6 caught: 18/19  FP: 0/11
Missed malicious CIDs: [2]
False-positive honest CIDs: []
Sorted malicious CID:demoted pairs:
  0:YES
  1:YES
  2:NO
  3:YES
  4:YES
  5:YES
  6:YES
  7:YES
  11:YES
  12:YES
  13:YES
  14:YES
  18:YES
  19:YES
  20:YES
  23:YES
  24:YES
  25:YES
  26:YES

================ REP 7 / 15 ================
REP 7 caught: 18/19  FP: 0/11
Missed malicious CIDs: [2]
False-positive honest CIDs: []
Sorted malicious CID:demoted pairs:
  0:YES
  1:YES
  2:NO
  3:YES
  4:YES
  5:YES
  6:YES
  7:YES
  11:YES
  12:YES
  13:YES
  14:YES
  18:YES
  19:YES
  20:YES
  23:YES
  24:YES
  25:YES
  26:YES

================ REP 8 / 15 ================
REP 8 caught: 17/19  FP: 1/11
Missed malicious CIDs: [2, 5]
False-positive honest CIDs: [28]
Sorted malicious CID:demoted pairs:
  0:YES
  1:YES
  2:NO
  3:YES
  4:YES
  5:NO
  6:YES
  7:YES
  11:YES
  12:YES
  13:YES
  14:YES
  18:YES
  19:YES
  20:YES
  23:YES
  24:YES
  25:YES
  26:YES

================ REP 9 / 15 ================
REP 9 caught: 16/19  FP: 0/11
Missed malicious CIDs: [2, 5, 6]
False-positive honest CIDs: []
Sorted malicious CID:demoted pairs:
  0:YES
  1:YES
  2:NO
  3:YES
  4:YES
  5:NO
  6:NO
  7:YES
  11:YES
  12:YES
  13:YES
  14:YES
  18:YES
  19:YES
  20:YES
  23:YES
  24:YES
  25:YES
  26:YES

================ REP 10 / 15 ================
REP 10 caught: 15/19  FP: 0/11
Missed malicious CIDs: [2, 4, 5, 6]
False-positive honest CIDs: []
Sorted malicious CID:demoted pairs:
  0:YES
  1:YES
  2:NO
  3:YES
  4:NO
  5:NO
  6:NO
  7:YES
  11:YES
  12:YES
  13:YES
  14:YES
  18:YES
  19:YES
  20:YES
  23:YES
  24:YES
  25:YES
  26:YES

================ REP 11 / 15 ================
REP 11 caught: 15/19  FP: 0/11
Missed malicious CIDs: [2, 4, 5, 6]
False-positive honest CIDs: []
Sorted malicious CID:demoted pairs:
  0:YES
  1:YES
  2:NO
  3:YES
  4:NO
  5:NO
  6:NO
  7:YES
  11:YES
  12:YES
  13:YES
  14:YES
  18:YES
  19:YES
  20:YES
  23:YES
  24:YES
  25:YES
  26:YES

================ REP 12 / 15 ================
REP 12 caught: 17/19  FP: 0/11
Missed malicious CIDs: [2, 4]
False-positive honest CIDs: []
Sorted malicious CID:demoted pairs:
  0:YES
  1:YES
  2:NO
  3:YES
  4:NO
  5:YES
  6:YES
  7:YES
  11:YES
  12:YES
  13:YES
  14:YES
  18:YES
  19:YES
  20:YES
  23:YES
  24:YES
  25:YES
  26:YES

================ REP 13 / 15 ================
REP 13 caught: 15/19  FP: 0/11
Missed malicious CIDs: [2, 4, 5, 6]
False-positive honest CIDs: []
Sorted malicious CID:demoted pairs:
  0:YES
  1:YES
  2:NO
  3:YES
  4:NO
  5:NO
  6:NO
  7:YES
  11:YES
  12:YES
  13:YES
  14:YES
  18:YES
  19:YES
  20:YES
  23:YES
  24:YES
  25:YES
  26:YES

================ REP 14 / 15 ================
REP 14 caught: 16/19  FP: 0/11
Missed malicious CIDs: [2, 4, 6]
False-positive honest CIDs: []
Sorted malicious CID:demoted pairs:
  0:YES
  1:YES
  2:NO
  3:YES
  4:NO
  5:YES
  6:NO
  7:YES
  11:YES
  12:YES
  13:YES
  14:YES
  18:YES
  19:YES
  20:YES
  23:YES
  24:YES
  25:YES
  26:YES

================ REP 15 / 15 ================
REP 15 caught: 17/19  FP: 0/11
Missed malicious CIDs: [2, 5]
False-positive honest CIDs: []
Sorted malicious CID:demoted pairs:
  0:YES
  1:YES
  2:NO
  3:YES
  4:YES
  5:NO
  6:YES
  7:YES
  11:YES
  12:YES
  13:YES
  14:YES
  18:YES
  19:YES
  20:YES
  23:YES
  24:YES
  25:YES
  26:YES


================ FINAL HYBRID15 SUMMARY ================
Caught counts: [17, 17, 17, 16, 18, 18, 18, 17, 16, 15, 15, 17, 15, 16, 17]
FP counts: [0, 0, 0, 0, 0, 0, 0, 1, 0, 0, 0, 0, 0, 0, 0]
DR mean ± std: 87.37% ± 5.56%
FPR mean: 0.61%

Per-CID malicious stability:
  CID 0: 15/15
  CID 1: 15/15
  CID 2: 0/15
  CID 3: 15/15
  CID 4: 9/15
  CID 5: 6/15
  CID 6: 9/15
  CID 7: 15/15
  CID 11: 15/15
  CID 12: 15/15
  CID 13: 15/15
  CID 14: 15/15
  CID 18: 15/15
  CID 19: 15/15
  CID 20: 15/15
  CID 23: 15/15
  CID 24: 15/15
  CID 25: 15/15
  CID 26: 15/15
