================================================================
 EDGE AI SERVER v90-multiuav -- Zone 2
================================================================
[EDGE-Z2] Port              : 9995
[EDGE-Z2] Coordinator       : 127.0.0.1:9997
[EDGE-Z2] ZONE_SAFE=0.15  ZONE_MALICIOUS=0.30  NASH_P*=0.4000
[EDGE-Z2] Weights: W1=0.27 W2=0.18 W3=0.23 W4=0.18 W5=0.14
[EDGE-Z2] LEARNING_RATE=0.050  W_MIN=0.05  NASH_BAN_CONFIRM_K=1
[CLOUD-DELAY] RTT=400ms  pre-cloud-pkts=4
[EDGE-AI] Config snapshot saved -> logs/edge_ai_z2_config_20260705_220422.json
[EDGE-Z2] Ready on port 9995

[EDGE-Z2-ENSEMBLE] CID:29 m1=0.000 m2=0.020 m3=0.000 m4=0.000 m5=0.000 p=0.000 cloud=PRE overlap=NO -> SAFE
[EDGE-Z2-ENSEMBLE] CID:28 m1=0.000 m2=0.020 m3=0.000 m4=0.000 m5=0.000 p=0.000 cloud=PRE overlap=NO -> SAFE
[EDGE-Z2-ENSEMBLE] CID:29 m1=0.000 m2=0.020 m3=0.000 m4=0.000 m5=0.000 p=0.000 cloud=PRE overlap=NO -> SAFE
[EDGE-Z2-ENSEMBLE] CID:28 m1=0.000 m2=0.020 m3=0.000 m4=0.000 m5=0.000 p=0.000 cloud=PRE overlap=NO -> SAFE
[EDGE-Z2-ENSEMBLE] CID:29 m1=0.000 m2=0.020 m3=0.040 m4=0.000 m5=0.000 p=0.000 cloud=PRE overlap=NO -> SAFE
[EDGE-CALIB] Received calibration: attack=none conf=0.00
[EDGE-CALIB] Confidence 0.00 < 0.50 — ignoring
[EDGE-Z2-ENSEMBLE] CID:28 m1=0.000 m2=0.020 m3=0.000 m4=0.000 m5=0.000 p=0.000 cloud=PRE overlap=NO -> SAFE
[EDGE-Z2-ENSEMBLE] CID:21 m1=0.000 m2=0.020 m3=0.000 m4=0.000 m5=0.000 p=0.000 cloud=PRE overlap=NO -> SAFE
[EDGE-Z2-ENSEMBLE] CID:29 m1=0.000 m2=0.020 m3=0.000 m4=0.000 m5=0.000 p=0.000 cloud=PRE overlap=NO -> SAFE
[EDGE-Z2-ENSEMBLE] CID:28 m1=0.000 m2=0.020 m3=0.000 m4=0.000 m5=0.000 p=0.000 cloud=PRE overlap=NO -> SAFE
[EDGE-Z2-ENSEMBLE] CID:29 m1=0.000 m2=0.020 m3=0.000 m4=0.000 m5=0.000 p=0.000 cloud=PRE overlap=NO -> SAFE
[EDGE-Z2-ENSEMBLE] CID:28 m1=0.000 m2=0.020 m3=0.000 m4=0.000 m5=0.000 p=0.000 cloud=PRE overlap=NO -> SAFE
[EDGE-Z2-ENSEMBLE] CID:16 m1=0.000 m2=0.020 m3=0.000 m4=0.000 m5=0.000 p=0.000 cloud=PRE overlap=NO -> SAFE
[EDGE-Z2-ENSEMBLE] CID:17 m1=0.000 m2=0.020 m3=0.000 m4=0.000 m5=0.000 p=0.000 cloud=PRE overlap=NO -> SAFE
[EDGE-Z2-ENSEMBLE] CID:29 m1=0.000 m2=0.020 m3=0.000 m4=0.000 m5=0.000 p=0.000 cloud=PRE overlap=NO -> SAFE
[EDGE-Z2-ENSEMBLE] CID:28 m1=0.000 m2=0.020 m3=0.000 m4=0.000 m5=0.000 p=0.000 cloud=PRE overlap=NO -> SAFE
[EDGE-Z2-ENSEMBLE] CID:16 m1=0.000 m2=0.020 m3=0.000 m4=0.000 m5=0.000 p=0.000 cloud=PRE overlap=NO -> SAFE
[EDGE-Z2-ENSEMBLE] CID:17 m1=0.000 m2=0.020 m3=0.000 m4=0.000 m5=0.000 p=0.000 cloud=PRE overlap=NO -> SAFE
[EDGE-Z2-ENSEMBLE] CID:28 m1=0.000 m2=0.020 m3=0.000 m4=0.000 m5=0.000 p=0.000 cloud=PRE overlap=NO -> SAFE
[EDGE-Z2-ENSEMBLE] CID:16 m1=0.000 m2=0.020 m3=0.000 m4=0.000 m5=0.000 p=0.000 cloud=PRE overlap=NO -> SAFE
[EDGE-Z2-ENSEMBLE] CID:17 m1=0.000 m2=0.020 m3=0.000 m4=0.000 m5=0.000 p=0.000 cloud=PRE overlap=NO -> SAFE
[EDGE-Z2-ENSEMBLE] CID:29 m1=0.000 m2=0.020 m3=0.000 m4=0.000 m5=0.000 p=0.000 cloud=PRE overlap=NO -> SAFE
[EDGE-Z2-ENSEMBLE] CID:28 m1=0.000 m2=0.020 m3=0.000 m4=0.000 m5=0.000 p=0.000 cloud=PRE overlap=NO -> SAFE
[EDGE-Z2-ENSEMBLE] CID:16 m1=0.000 m2=0.020 m3=0.000 m4=0.000 m5=0.000 p=0.000 cloud=PRE overlap=NO -> SAFE
[EDGE-Z2-ENSEMBLE] CID:17 m1=0.000 m2=0.020 m3=0.000 m4=0.000 m5=0.000 p=0.000 cloud=PRE overlap=NO -> SAFE
[EDGE-Z2-ENSEMBLE] CID:29 m1=0.000 m2=0.020 m3=0.000 m4=0.000 m5=0.000 p=0.000 cloud=PRE overlap=NO -> SAFE
[EDGE-Z2-ENSEMBLE] CID:5 m1=0.000 m2=0.020 m3=0.000 m4=0.000 m5=0.000 p=0.000 cloud=PRE overlap=NO -> SAFE
[EDGE-Z2-ENSEMBLE] CID:28 m1=0.000 m2=0.020 m3=0.000 m4=0.000 m5=0.000 p=0.000 cloud=PRE overlap=NO -> SAFE
[EDGE-Z2-ENSEMBLE] CID:16 m1=0.000 m2=0.020 m3=0.000 m4=0.000 m5=0.000 p=0.000 cloud=PRE overlap=NO -> SAFE
[EDGE-Z2-ENSEMBLE] CID:6 m1=0.000 m2=0.020 m3=0.000 m4=0.000 m5=0.000 p=0.000 cloud=PRE overlap=NO -> SAFE
[EDGE-Z2-ENSEMBLE] CID:29 m1=0.000 m2=0.020 m3=0.000 m4=0.000 m5=0.000 p=0.000 cloud=PRE overlap=NO -> SAFE
[EDGE-Z2-ENSEMBLE] CID:5 m1=0.659 m2=0.020 m3=0.000 m4=0.000 m5=0.000 p=0.148 cloud=PRE overlap=NO -> SAFE
[EDGE-Z2-ENSEMBLE] CID:17 m1=0.000 m2=0.020 m3=0.000 m4=0.000 m5=0.000 p=0.000 cloud=PRE overlap=NO -> SAFE
[EDGE-Z2-ENSEMBLE] CID:28 m1=0.000 m2=0.020 m3=0.000 m4=0.000 m5=0.000 p=0.000 cloud=PRE overlap=NO -> SAFE
[EDGE-Z2-ENSEMBLE] CID:16 m1=0.000 m2=0.020 m3=0.000 m4=0.000 m5=0.000 p=0.000 cloud=PRE overlap=NO -> SAFE
[EDGE-Z2-ENSEMBLE] CID:6 m1=0.000 m2=0.020 m3=0.000 m4=0.000 m5=0.000 p=0.000 cloud=PRE overlap=NO -> SAFE
[EDGE-Z2] HANDOVER_LOAD  CID:0     from_Z1  safe_wins_raw=2 decayed=1 decay=0.30 probationK=8  ban_str=1  warn_str=0  verdict=BAN  spd_seeded=10  ts_seeded=10
[EDGE-Z2] HANDOVER_LOAD  CID:1     from_Z1  safe_wins_raw=2 decayed=1 decay=0.30 probationK=8  ban_str=1  warn_str=0  verdict=BAN  spd_seeded=10  ts_seeded=10
[EDGE-Z2] HANDOVER_LOAD  CID:2     from_Z1  safe_wins_raw=13 decayed=4 decay=0.30 probationK=8  ban_str=0  warn_str=0  verdict=SAFE  spd_seeded=10  ts_seeded=10
[EDGE-Z2] HANDOVER_LOAD  CID:3     from_Z1  safe_wins_raw=2 decayed=1 decay=0.30 probationK=8  ban_str=1  warn_str=0  verdict=BAN  spd_seeded=10  ts_seeded=10
[EDGE-Z2] HANDOVER_LOAD  CID:4     from_Z1  safe_wins_raw=133 decayed=40 decay=0.30 probationK=8  ban_str=0  warn_str=0  verdict=SAFE  spd_seeded=10  ts_seeded=10
[EDGE-Z2] HANDOVER_LOAD  CID:5     from_Z1  safe_wins_raw=131 decayed=39 decay=0.30 probationK=8  ban_str=0  warn_str=0  verdict=SAFE  spd_seeded=10  ts_seeded=10
[EDGE-Z2] HANDOVER_LOAD  CID:6     from_Z1  safe_wins_raw=133 decayed=40 decay=0.30 probationK=8  ban_str=0  warn_str=0  verdict=SAFE  spd_seeded=10  ts_seeded=10
[EDGE-Z2] HANDOVER_LOAD  CID:7     from_Z1  safe_wins_raw=2 decayed=1 decay=0.30 probationK=8  ban_str=1  warn_str=0  verdict=BAN  spd_seeded=10  ts_seeded=10
[EDGE-Z2] HANDOVER_LOAD  CID:8     from_Z1  safe_wins_raw=127 decayed=38 decay=0.30 probationK=8  ban_str=0  warn_str=0  verdict=SAFE  spd_seeded=10  ts_seeded=10
[EDGE-Z2] HANDOVER_LOAD  CID:9     from_Z1  safe_wins_raw=16 decayed=5 decay=0.30 probationK=8  ban_str=0  warn_str=0  verdict=SAFE  spd_seeded=10  ts_seeded=10
[EDGE-Z2] HANDOVER_LOAD  CID:10    from_Z1  safe_wins_raw=126 decayed=38 decay=0.30 probationK=8  ban_str=0  warn_str=0  verdict=SAFE  spd_seeded=10  ts_seeded=10
[EDGE-Z2] HANDOVER_LOAD  CID:11    from_Z1  safe_wins_raw=2 decayed=1 decay=0.30 probationK=8  ban_str=1  warn_str=0  verdict=BAN  spd_seeded=10  ts_seeded=10
[EDGE-Z2] HANDOVER_LOAD  CID:12    from_Z1  safe_wins_raw=2 decayed=1 decay=0.30 probationK=8  ban_str=1  warn_str=0  verdict=BAN  spd_seeded=10  ts_seeded=10
[EDGE-Z2] HANDOVER_LOAD  CID:13    from_Z1  safe_wins_raw=2 decayed=1 decay=0.30 probationK=8  ban_str=1  warn_str=0  verdict=BAN  spd_seeded=10  ts_seeded=10
[EDGE-Z2] HANDOVER_LOAD  CID:14    from_Z1  safe_wins_raw=2 decayed=1 decay=0.30 probationK=8  ban_str=1  warn_str=0  verdict=BAN  spd_seeded=10  ts_seeded=10
[EDGE-Z2] HANDOVER_LOAD  CID:15    from_Z1  safe_wins_raw=129 decayed=39 decay=0.30 probationK=8  ban_str=0  warn_str=0  verdict=SAFE  spd_seeded=10  ts_seeded=10[EDGE-Z2] HANDOVER_LOAD  CID:16    from_Z1  safe_wins_raw=129 decayed=39 decay=0.30 probationK=8  ban_str=0  warn_str=0  verdict=SAFE  spd_seeded=10  ts_seeded=10

[EDGE-Z2] HANDOVER_LOAD  CID:17    from_Z1  safe_wins_raw=127 decayed=38 decay=0.30 probationK=8  ban_str=0  warn_str=0  verdict=SAFE  spd_seeded=10  ts_seeded=10
[EDGE-Z2] HANDOVER_LOAD  CID:18    from_Z1  safe_wins_raw=2 decayed=1 decay=0.30 probationK=8  ban_str=1  warn_str=0  verdict=BAN  spd_seeded=10  ts_seeded=10
[EDGE-Z2] HANDOVER_LOAD  CID:19    from_Z1  safe_wins_raw=2 decayed=1 decay=0.30 probationK=8  ban_str=1  warn_str=0  verdict=BAN  spd_seeded=10  ts_seeded=10
[EDGE-Z2] HANDOVER_LOAD  CID:20    from_Z1  safe_wins_raw=1 decayed=0 decay=0.30 probationK=8  ban_str=1  warn_str=0  verdict=BAN  spd_seeded=10  ts_seeded=10
[EDGE-Z2] HANDOVER_LOAD  CID:21    from_Z1  safe_wins_raw=125 decayed=38 decay=0.30 probationK=8  ban_str=0  warn_str=0  verdict=SAFE  spd_seeded=10  ts_seeded=10
[EDGE-Z2] HANDOVER_LOAD  CID:22    from_Z1  safe_wins_raw=122 decayed=37 decay=0.30 probationK=8  ban_str=0  warn_str=0  verdict=SAFE  spd_seeded=10  ts_seeded=10
[EDGE-Z2] HANDOVER_LOAD  CID:23    from_Z1  safe_wins_raw=2 decayed=1 decay=0.30 probationK=8  ban_str=1  warn_str=0  verdict=BAN  spd_seeded=10  ts_seeded=10
[EDGE-Z2] HANDOVER_LOAD  CID:24    from_Z1  safe_wins_raw=2 decayed=1 decay=0.30 probationK=8  ban_str=1  warn_str=0  verdict=BAN  spd_seeded=10  ts_seeded=10
[EDGE-Z2] HANDOVER_LOAD  CID:25    from_Z1  safe_wins_raw=2 decayed=1 decay=0.30 probationK=8  ban_str=1  warn_str=0  verdict=BAN  spd_seeded=10  ts_seeded=10
[EDGE-Z2] HANDOVER_LOAD  CID:26    from_Z1  safe_wins_raw=2 decayed=1 decay=0.30 probationK=8  ban_str=1  warn_str=0  verdict=BAN  spd_seeded=10  ts_seeded=10
[EDGE-Z2] HANDOVER_LOAD  CID:27    from_Z1  safe_wins_raw=15 decayed=4 decay=0.30 probationK=8  ban_str=0  warn_str=0  verdict=SAFE  spd_seeded=10  ts_seeded=10
[EDGE-Z2] HANDOVER_LOAD  CID:28    from_Z1  safe_wins_raw=123 decayed=37 decay=0.30 probationK=8  ban_str=0  warn_str=0  verdict=SAFE  spd_seeded=10  ts_seeded=10
[EDGE-Z2] HANDOVER_LOAD  CID:29    from_Z1  safe_wins_raw=120 decayed=36 decay=0.30 probationK=8  ban_str=0  warn_str=0  verdict=SAFE  spd_seeded=10  ts_seeded=10
[EDGE-Z2-ENSEMBLE] CID:17 m1=0.000 m2=0.020 m3=0.000 m4=0.000 m5=0.000 p=0.000 cloud=PRE overlap=YES -> SAFE
[EDGE-Z2-ENSEMBLE] CID:29 m1=0.000 m2=0.020 m3=0.000 m4=0.000 m5=0.000 p=0.000 cloud=PRE overlap=YES -> SAFE
[EDGE-Z2-ENSEMBLE] CID:5 m1=0.655 m2=0.020 m3=0.000 m4=0.000 m5=0.000 p=0.174 cloud=PRE overlap=YES -> WARN
[EDGE-Z2-ENSEMBLE] CID:28 m1=0.000 m2=0.020 m3=0.000 m4=0.000 m5=0.000 p=0.000 cloud=PRE overlap=YES -> SAFE
[EDGE-Z2-ENSEMBLE] CID:16 m1=0.000 m2=0.020 m3=0.000 m4=0.000 m5=0.000 p=0.000 cloud=PRE overlap=YES -> SAFE
[EDGE-Z2-ENSEMBLE] CID:4 m1=0.000 m2=0.020 m3=0.000 m4=0.000 m5=0.000 p=0.000 cloud=PRE overlap=YES -> SAFE
[EDGE-Z2-ENSEMBLE] CID:6 m1=0.000 m2=0.020 m3=0.000 m4=0.000 m5=0.000 p=0.000 cloud=PRE overlap=YES -> SAFE
[EDGE-Z2-ENSEMBLE] CID:17 m1=0.000 m2=0.020 m3=0.000 m4=0.000 m5=0.000 p=0.000 cloud=PRE overlap=YES -> SAFE
[EDGE-Z2-ENSEMBLE] CID:29 m1=0.000 m2=0.020 m3=0.000 m4=0.000 m5=0.000 p=0.000 cloud=PRE overlap=YES -> SAFE
[EDGE-Z2-ENSEMBLE] CID:5 m1=0.681 m2=0.020 m3=0.000 m4=0.000 m5=0.024 p=0.193 cloud=PRE overlap=YES -> WARN
[EDGE-Z2-ENSEMBLE] CID:28 m1=0.000 m2=0.020 m3=0.000 m4=0.000 m5=0.000 p=0.000 cloud=PRE overlap=YES -> SAFE
[EDGE-Z2-ENSEMBLE] CID:16 m1=0.000 m2=0.020 m3=0.000 m4=0.000 m5=0.000 p=0.000 cloud=PRE overlap=YES -> SAFE
[EDGE-Z2-ENSEMBLE] CID:6 m1=0.000 m2=0.020 m3=0.000 m4=0.000 m5=0.000 p=0.000 cloud=PRE overlap=YES -> SAFE
[EDGE-Z2-ENSEMBLE] CID:4 m1=0.000 m2=0.020 m3=0.000 m4=0.000 m5=0.000 p=0.000 cloud=PRE overlap=YES -> SAFE
[EDGE-Z2-ENSEMBLE] CID:17 m1=0.000 m2=0.020 m3=0.000 m4=0.000 m5=0.000 p=0.000 cloud=PRE overlap=YES -> SAFE
[EDGE-Z2-ENSEMBLE] CID:29 m1=0.000 m2=0.020 m3=0.000 m4=0.000 m5=0.000 p=0.000 cloud=PRE overlap=YES -> SAFE
[EDGE-Z2-ENSEMBLE] CID:5 m1=0.666 m2=0.020 m3=0.000 m4=0.000 m5=0.052 p=0.192 cloud=PRE overlap=YES -> WARN
[EDGE-Z2-ENSEMBLE] CID:28 m1=0.000 m2=0.020 m3=0.000 m4=0.000 m5=0.000 p=0.000 cloud=PRE overlap=YES -> SAFE
[EDGE-Z2-ENSEMBLE] CID:4 m1=0.000 m2=0.020 m3=0.000 m4=0.000 m5=0.000 p=0.000 cloud=PRE overlap=YES -> SAFE
[EDGE-Z2-ENSEMBLE] CID:6 m1=0.666 m2=0.020 m3=0.000 m4=0.000 m5=0.000 p=0.177 cloud=PRE overlap=YES -> WARN
[EDGE-CALIB] Received calibration: attack=speed_attack conf=0.92
[EDGE-CALIB] Applied: W1: 0.2727→0.2737 (Δ0.0200)  W5: 0.1364→0.1369 (Δ0.0100)  ZONE_MAL: 0.300→0.300
[EDGE-CALIB] New weights: W1=0.273 W2=0.181 W3=0.227 W4=0.181 W5=0.137
[EDGE-Z2-ENSEMBLE] CID:17 m1=0.000 m2=0.020 m3=0.000 m4=0.000 m5=0.000 p=0.000 cloud=PRE overlap=YES -> SAFE
[EDGE-Z2-ENSEMBLE] CID:29 m1=0.000 m2=0.020 m3=0.000 m4=0.000 m5=0.000 p=0.000 cloud=PRE overlap=YES -> SAFE
[EDGE-Z2-ENSEMBLE] CID:5 m1=0.659 m2=0.020 m3=0.000 m4=0.000 m5=0.079 p=0.195 cloud=PRE overlap=YES -> WARN
[EDGE-Z2-ENSEMBLE] CID:28 m1=0.000 m2=0.020 m3=0.000 m4=0.000 m5=0.000 p=0.000 cloud=PRE overlap=YES -> SAFE
[EDGE-Z2-ENSEMBLE] CID:4 m1=0.000 m2=0.020 m3=0.000 m4=0.000 m5=0.000 p=0.000 cloud=PRE overlap=YES -> SAFE
[EDGE-Z2-ENSEMBLE] CID:6 m1=0.670 m2=0.020 m3=0.000 m4=0.000 m5=0.028 p=0.190 cloud=PRE overlap=YES -> WARN
[EDGE-Z2-ENSEMBLE] CID:17 m1=0.000 m2=0.020 m3=0.000 m4=0.000 m5=0.000 p=0.000 cloud=PRE overlap=YES -> SAFE
[EDGE-Z2-ENSEMBLE] CID:29 m1=0.000 m2=0.020 m3=0.000 m4=0.000 m5=0.000 p=0.000 cloud=PRE overlap=YES -> SAFE
[EDGE-Z2-ENSEMBLE] CID:5 m1=0.679 m2=0.020 m3=0.000 m4=0.000 m5=0.109 p=0.204 cloud=PRE overlap=YES -> WARN
[EDGE-Z2-ENSEMBLE] CID:28 m1=0.000 m2=0.020 m3=0.000 m4=0.000 m5=0.000 p=0.000 cloud=PRE overlap=YES -> SAFE
[EDGE-Z2-ENSEMBLE] CID:4 m1=0.000 m2=0.020 m3=0.000 m4=0.000 m5=0.000 p=0.000 cloud=PRE overlap=YES -> SAFE
[EDGE-Z2-ENSEMBLE] CID:6 m1=0.663 m2=0.020 m3=0.000 m4=0.000 m5=0.054 p=0.192 cloud=PRE overlap=YES -> WARN
[EDGE-CALIB] Received calibration: attack=speed_attack conf=0.90
[EDGE-CALIB] Applied: W1: 0.2733→0.2743 (Δ0.0200)  ZONE_MAL: 0.300→0.300
[EDGE-CALIB] New weights: W1=0.274 W2=0.181 W3=0.227 W4=0.181 W5=0.137
[EDGE-Z2-ENSEMBLE] CID:17 m1=0.000 m2=0.020 m3=0.000 m4=0.000 m5=0.000 p=0.000 cloud=PRE overlap=YES -> SAFE
[EDGE-Z2-ENSEMBLE] CID:29 m1=0.000 m2=0.020 m3=0.000 m4=0.000 m5=0.000 p=0.000 cloud=PRE overlap=YES -> SAFE
[EDGE-Z2-ENSEMBLE] CID:5 m1=0.681 m2=0.020 m3=0.000 m4=0.000 m5=0.114 p=0.206 cloud=PRE overlap=YES -> WARN
[EDGE-Z2-ENSEMBLE] CID:28 m1=0.000 m2=0.020 m3=0.000 m4=0.000 m5=0.000 p=0.000 cloud=PRE overlap=YES -> SAFE
[EDGE-Z2-ENSEMBLE] CID:4 m1=0.000 m2=0.020 m3=0.000 m4=0.000 m5=0.000 p=0.000 cloud=PRE overlap=YES -> SAFE
[EDGE-Z2-ENSEMBLE] CID:6 m1=0.672 m2=0.020 m3=0.000 m4=0.000 m5=0.081 p=0.199 cloud=PRE overlap=YES -> WARN
[EDGE-Z2-ENSEMBLE] CID:17 m1=0.000 m2=0.020 m3=0.000 m4=0.000 m5=0.000 p=0.000 cloud=PRE overlap=YES -> SAFE
[EDGE-Z2-ENSEMBLE] CID:29 m1=0.000 m2=0.020 m3=0.000 m4=0.000 m5=0.000 p=0.000 cloud=PRE overlap=YES -> SAFE
[EDGE-Z2-ENSEMBLE] CID:5 m1=0.672 m2=0.020 m3=0.000 m4=0.000 m5=0.112 p=0.203 cloud=PRE overlap=YES -> WARN
[EDGE-Z2-ENSEMBLE] CID:28 m1=0.000 m2=0.020 m3=0.000 m4=0.000 m5=0.000 p=0.000 cloud=PRE overlap=YES -> SAFE
[EDGE-Z2-ENSEMBLE] CID:4 m1=0.000 m2=0.020 m3=0.000 m4=0.000 m5=0.000 p=0.000 cloud=PRE overlap=YES -> SAFE
[EDGE-Z2-ENSEMBLE] CID:6 m1=0.679 m2=0.020 m3=0.000 m4=0.000 m5=0.109 p=0.205 cloud=PRE overlap=YES -> WARN
[EDGE-Z2-ENSEMBLE] CID:17 m1=0.675 m2=0.020 m3=0.000 m4=0.000 m5=0.001 p=0.154 cloud=PRE overlap=YES -> WARN
[EDGE-Z2-ENSEMBLE] CID:29 m1=0.000 m2=0.020 m3=0.000 m4=0.000 m5=0.000 p=0.000 cloud=PRE overlap=YES -> SAFE
[EDGE-Z2-ENSEMBLE] CID:5 m1=0.679 m2=0.020 m3=0.000 m4=0.000 m5=0.114 p=0.205 cloud=PRE overlap=YES -> WARN
[EDGE-Z2-ENSEMBLE] CID:28 m1=0.000 m2=0.020 m3=0.000 m4=0.000 m5=0.000 p=0.000 cloud=PRE overlap=YES -> SAFE
[EDGE-CALIB] Received calibration: attack=ts_replay conf=0.92
[EDGE-CALIB] Applied: W2: 0.1813→0.1823 (Δ0.0200)  ZONE_MAL: 0.300→0.299
[EDGE-CALIB] New weights: W1=0.274 W2=0.182 W3=0.227 W4=0.181 W5=0.137
[EDGE-Z2-ENSEMBLE] CID:4 m1=0.000 m2=0.020 m3=0.000 m4=0.000 m5=0.000 p=0.000 cloud=PRE overlap=YES -> SAFE
[EDGE-Z2-ENSEMBLE] CID:6 m1=0.681 m2=0.020 m3=0.000 m4=0.000 m5=0.113 p=0.206 cloud=PRE overlap=YES -> WARN
[EDGE-Z2-ENSEMBLE] CID:17 m1=0.655 m2=0.020 m3=0.000 m4=0.000 m5=0.024 p=0.186 cloud=PRE overlap=YES -> WARN
[EDGE-Z2-ENSEMBLE] CID:29 m1=0.000 m2=0.020 m3=0.000 m4=0.000 m5=0.000 p=0.000 cloud=PRE overlap=YES -> SAFE
[EDGE-Z2-ENSEMBLE] CID:5 m1=0.681 m2=0.020 m3=0.000 m4=0.000 m5=0.119 p=0.206 cloud=PRE overlap=YES -> WARN
[EDGE-CALIB] Received calibration: attack=speed_attack conf=0.90
[EDGE-CALIB] Applied: W1: 0.2737→0.2747 (Δ0.0200)  ZONE_MAL: 0.299→0.299
[EDGE-CALIB] New weights: W1=0.274 W2=0.182 W3=0.226 W4=0.181 W5=0.136
[EDGE-Z2-ENSEMBLE] CID:28 m1=0.000 m2=0.020 m3=0.000 m4=0.000 m5=0.000 p=0.000 cloud=PRE overlap=YES -> SAFE
[EDGE-Z2-ENSEMBLE] CID:4 m1=0.000 m2=0.020 m3=0.000 m4=0.000 m5=0.000 p=0.000 cloud=PRE overlap=YES -> SAFE
[EDGE-Z2-ENSEMBLE] CID:6 m1=0.663 m2=0.020 m3=0.000 m4=0.000 m5=0.112 p=0.201 cloud=PRE overlap=YES -> WARN
[EDGE-CALIB] Received calibration: attack=speed_attack conf=0.85
[EDGE-CALIB] Applied: W1: 0.2744→0.2754 (Δ0.0200)  W3: 0.2264→0.2269 (Δ0.0100)  ZONE_MAL: 0.299→0.299
[EDGE-CALIB] New weights: W1=0.275 W2=0.182 W3=0.227 W4=0.181 W5=0.136
[EDGE-Z2-ENSEMBLE] CID:17 m1=0.675 m2=0.020 m3=0.000 m4=0.000 m5=0.055 p=0.197 cloud=PRE overlap=YES -> WARN
[EDGE-Z2-ENSEMBLE] CID:29 m1=0.000 m2=0.020 m3=0.000 m4=0.000 m5=0.000 p=0.000 cloud=PRE overlap=YES -> SAFE
[EDGE-Z2-ENSEMBLE] CID:28 m1=0.000 m2=0.020 m3=0.000 m4=0.000 m5=0.000 p=0.000 cloud=PRE overlap=YES -> SAFE
[EDGE-Z2-ENSEMBLE] CID:4 m1=0.000 m2=0.020 m3=0.000 m4=0.000 m5=0.000 p=0.000 cloud=PRE overlap=YES -> SAFE
[EDGE-Z2-ENSEMBLE] CID:6 m1=0.666 m2=0.020 m3=0.000 m4=0.000 m5=0.112 p=0.202 cloud=PRE overlap=YES -> WARN
[EDGE-Z2-ENSEMBLE] CID:17 m1=0.679 m2=0.020 m3=0.000 m4=0.000 m5=0.084 p=0.202 cloud=PRE overlap=YES -> WARN
[EDGE-Z2-ENSEMBLE] CID:5 m1=0.672 m2=0.020 m3=0.000 m4=0.000 m5=0.117 p=0.204 cloud=PRE overlap=YES -> WARN
[EDGE-Z2-ENSEMBLE] CID:28 m1=0.000 m2=0.020 m3=0.000 m4=0.000 m5=0.000 p=0.000 cloud=PRE overlap=YES -> SAFE
[EDGE-Z2-ENSEMBLE] CID:4 m1=0.000 m2=0.020 m3=0.000 m4=0.000 m5=0.000 p=0.000 cloud=PRE overlap=YES -> SAFE
[EDGE-Z2-ENSEMBLE] CID:6 m1=0.677 m2=0.020 m3=0.000 m4=0.000 m5=0.113 p=0.205 cloud=PRE overlap=YES -> WARN
[EDGE-Z2-ENSEMBLE] CID:17 m1=0.681 m2=0.020 m3=0.000 m4=0.000 m5=0.113 p=0.206 cloud=PRE overlap=YES -> WARN
[EDGE-Z2-ENSEMBLE] CID:29 m1=0.000 m2=0.020 m3=0.000 m4=0.000 m5=0.000 p=0.000 cloud=PRE overlap=YES -> SAFE
[EDGE-Z2-ENSEMBLE] CID:5 m1=0.655 m2=0.020 m3=0.000 m4=0.000 m5=0.112 p=0.199 cloud=PRE overlap=YES -> WARN
[EDGE-Z2-ENSEMBLE] CID:28 m1=0.659 m2=0.020 m3=0.000 m4=0.000 m5=0.000 p=0.150 cloud=PRE overlap=YES -> SAFE
[EDGE-Z2-ENSEMBLE] CID:4 m1=0.000 m2=0.020 m3=0.000 m4=0.000 m5=0.000 p=0.000 cloud=PRE overlap=YES -> SAFE
[EDGE-Z2-ENSEMBLE] CID:6 m1=0.677 m2=0.020 m3=0.000 m4=0.000 m5=0.113 p=0.205 cloud=PRE overlap=YES -> WARN
[EDGE-CALIB] Received calibration: attack=speed_attack conf=0.85
[EDGE-CALIB] Applied: W1: 0.2750→0.2760 (Δ0.0200)  ZONE_MAL: 0.299→0.299
[EDGE-CALIB] New weights: W1=0.276 W2=0.181 W3=0.226 W4=0.180 W5=0.136
[EDGE-Z2-ENSEMBLE] CID:17 m1=0.655 m2=0.020 m3=0.000 m4=0.000 m5=0.110 p=0.199 cloud=PRE overlap=YES -> WARN
[EDGE-Z2-ENSEMBLE] CID:29 m1=0.000 m2=0.020 m3=0.000 m4=0.000 m5=0.000 p=0.000 cloud=PRE overlap=YES -> SAFE
[EDGE-Z2-ENSEMBLE] CID:5 m1=0.666 m2=0.020 m3=0.000 m4=0.000 m5=0.111 p=0.202 cloud=PRE overlap=YES -> WARN
[EDGE-Z2-ENSEMBLE] CID:4 m1=0.000 m2=0.020 m3=0.000 m4=0.000 m5=0.000 p=0.000 cloud=PRE overlap=YES -> SAFE
[EDGE-Z2-ENSEMBLE] CID:6 m1=0.677 m2=0.020 m3=0.000 m4=0.000 m5=0.112 p=0.206 cloud=PRE overlap=YES -> WARN
[EDGE-CALIB] Received calibration: attack=ts_replay conf=0.70
[EDGE-CALIB] Applied: W1: 0.2757→0.2767 (Δ0.0200)  W2: 0.1814→0.1834 (Δ0.0400)  ZONE_MAL: 0.299→0.300
[EDGE-CALIB] New weights: W1=0.276 W2=0.183 W3=0.226 W4=0.180 W5=0.136
[EDGE-Z2-ENSEMBLE] CID:17 m1=0.663 m2=0.020 m3=0.000 m4=0.000 m5=0.111 p=0.202 cloud=PRE overlap=YES -> WARN
[EDGE-Z2-ENSEMBLE] CID:29 m1=0.000 m2=0.020 m3=0.000 m4=0.000 m5=0.000 p=0.000 cloud=PRE overlap=YES -> SAFE
[EDGE-Z2-ENSEMBLE] CID:5 m1=0.659 m2=0.020 m3=0.000 m4=0.000 m5=0.107 p=0.200 cloud=PRE overlap=YES -> WARN
[EDGE-Z2-ENSEMBLE] CID:28 m1=0.655 m2=0.020 m3=0.000 m4=0.000 m5=0.023 p=0.153 cloud=PRE overlap=YES -> WARN
[EDGE-Z2-ENSEMBLE] CID:4 m1=0.000 m2=0.020 m3=0.000 m4=0.000 m5=0.000 p=0.000 cloud=PRE overlap=YES -> SAFE
[EDGE-Z2-ENSEMBLE] CID:6 m1=0.666 m2=0.020 m3=0.000 m4=0.000 m5=0.112 p=0.203 cloud=PRE overlap=YES -> WARN
[EDGE-Z2-ENSEMBLE] CID:17 m1=0.681 m2=0.020 m3=0.000 m4=0.000 m5=0.113 p=0.207 cloud=PRE overlap=YES -> WARN
[EDGE-Z2-ENSEMBLE] CID:29 m1=0.000 m2=0.020 m3=0.000 m4=0.000 m5=0.000 p=0.000 cloud=PRE overlap=YES -> SAFE
[EDGE-Z2-ENSEMBLE] CID:5 m1=0.670 m2=0.020 m3=0.000 m4=0.000 m5=0.104 p=0.202 cloud=PRE overlap=YES -> WARN
[EDGE-Z2-ENSEMBLE] CID:28 m1=0.677 m2=0.020 m3=0.000 m4=0.000 m5=0.053 p=0.198 cloud=PRE overlap=YES -> WARN
[EDGE-Z2-ENSEMBLE] CID:4 m1=0.683 m2=0.020 m3=0.000 m4=0.000 m5=0.006 p=0.158 cloud=PRE overlap=YES -> WARN
[EDGE-Z2-ENSEMBLE] CID:6 m1=0.675 m2=0.020 m3=0.000 m4=0.000 m5=0.114 p=0.205 cloud=PRE overlap=YES -> WARN
[EDGE-Z2-ENSEMBLE] CID:17 m1=0.659 m2=0.020 m3=0.000 m4=0.000 m5=0.109 p=0.200 cloud=PRE overlap=YES -> WARN
[EDGE-Z2-ENSEMBLE] CID:29 m1=0.670 m2=0.020 m3=0.000 m4=0.000 m5=0.001 p=0.154 cloud=PRE overlap=YES -> WARN
[EDGE-Z2-ENSEMBLE] CID:5 m1=0.675 m2=0.020 m3=0.000 m4=0.000 m5=0.105 p=0.204 cloud=PRE overlap=YES -> WARN
[EDGE-Z2-ENSEMBLE] CID:28 m1=0.681 m2=0.020 m3=0.000 m4=0.000 m5=0.081 p=0.203 cloud=PRE overlap=YES -> WARN
[EDGE-Z2-ENSEMBLE] CID:4 m1=0.663 m2=0.020 m3=0.000 m4=0.000 m5=0.031 p=0.191 cloud=PRE overlap=YES -> WARN
[EDGE-Z2-ENSEMBLE] CID:6 m1=0.670 m2=0.020 m3=0.000 m4=0.000 m5=0.112 p=0.204 cloud=PRE overlap=YES -> WARN
[EDGE-Z2-ENSEMBLE] CID:17 m1=0.681 m2=0.020 m3=0.000 m4=0.000 m5=0.109 p=0.206 cloud=PRE overlap=YES -> WARN
[EDGE-Z2-ENSEMBLE] CID:29 m1=0.681 m2=0.020 m3=0.000 m4=0.000 m5=0.029 p=0.196 cloud=PRE overlap=YES -> WARN
[EDGE-Z2-ENSEMBLE] CID:5 m1=0.000 m2=0.020 m3=0.000 m4=0.000 m5=0.080 p=0.015 cloud=PRE overlap=YES -> SAFE
[EDGE-Z2-ENSEMBLE] CID:28 m1=0.675 m2=0.020 m3=0.000 m4=0.000 m5=0.110 p=0.205 cloud=PRE overlap=YES -> WARN
[EDGE-Z2-ENSEMBLE] CID:4 m1=0.677 m2=0.020 m3=0.000 m4=0.000 m5=0.058 p=0.198 cloud=PRE overlap=YES -> WARN
[EDGE-Z2-ENSEMBLE] CID:6 m1=0.000 m2=0.020 m3=0.000 m4=0.000 m5=0.083 p=0.015 cloud=PRE overlap=YES -> SAFE
[EDGE-Z2-ENSEMBLE] CID:17 m1=0.666 m2=0.020 m3=0.000 m4=0.000 m5=0.111 p=0.203 cloud=PRE overlap=YES -> WARN
[EDGE-Z2-ENSEMBLE] CID:29 m1=0.659 m2=0.020 m3=0.000 m4=0.000 m5=0.052 p=0.193 cloud=PRE overlap=YES -> WARN
[EDGE-Z2-ENSEMBLE] CID:5 m1=0.000 m2=0.020 m3=0.000 m4=0.000 m5=0.053 p=0.006 cloud=PRE overlap=YES -> SAFE
[EDGE-Z2-ENSEMBLE] CID:28 m1=0.659 m2=0.020 m3=0.000 m4=0.000 m5=0.110 p=0.200 cloud=PRE overlap=YES -> WARN
[EDGE-CALIB] Received calibration: attack=speed_attack conf=0.99
[EDGE-CALIB] Applied: W1: 0.2759→0.2769 (Δ0.0200)  ZONE_MAL: 0.300→0.300
[EDGE-CALIB] New weights: W1=0.277 W2=0.183 W3=0.226 W4=0.180 W5=0.136
[EDGE-Z2-ENSEMBLE] CID:6 m1=0.000 m2=0.020 m3=0.000 m4=0.000 m5=0.054 p=0.006 cloud=PRE overlap=YES -> SAFE
[EDGE-Z2-ENSEMBLE] CID:4 m1=0.679 m2=0.020 m3=0.000 m4=0.000 m5=0.087 p=0.203 cloud=PRE overlap=YES -> WARN
[EDGE-Z2-ENSEMBLE] CID:17 m1=0.675 m2=0.020 m3=0.000 m4=0.000 m5=0.113 p=0.206 cloud=PRE overlap=YES -> WARN
[EDGE-Z2-ENSEMBLE] CID:29 m1=0.663 m2=0.020 m3=0.000 m4=0.000 m5=0.079 p=0.198 cloud=PRE overlap=YES -> WARN
[EDGE-Z2-ENSEMBLE] CID:5 m1=0.000 m2=0.770 m3=0.000 m4=0.000 m5=0.028 p=0.134 cloud=PRE overlap=YES -> SAFE
[EDGE-Z2-ENSEMBLE] CID:28 m1=0.663 m2=0.020 m3=0.000 m4=0.000 m5=0.111 p=0.202 cloud=PRE overlap=YES -> WARN
[EDGE-Z2-ENSEMBLE] CID:4 m1=0.679 m2=0.020 m3=0.000 m4=0.000 m5=0.117 p=0.207 cloud=PRE overlap=YES -> WARN
[EDGE-Z2-ENSEMBLE] CID:6 m1=0.000 m2=0.770 m3=0.000 m4=0.000 m5=0.028 p=0.135 cloud=PRE overlap=YES -> SAFE
[EDGE-Z2-ENSEMBLE] CID:17 m1=0.659 m2=0.020 m3=0.000 m4=0.000 m5=0.108 p=0.201 cloud=PRE overlap=YES -> WARN
[EDGE-Z2-ENSEMBLE] CID:29 m1=0.675 m2=0.020 m3=0.000 m4=0.000 m5=0.109 p=0.205 cloud=PRE overlap=YES -> WARN
[EDGE-Z2-ENSEMBLE] CID:28 m1=0.672 m2=0.020 m3=0.000 m4=0.000 m5=0.110 p=0.205 cloud=PRE overlap=YES -> WARN
[EDGE-Z2-ENSEMBLE] CID:5 m1=0.000 m2=0.020 m3=0.000 m4=0.000 m5=0.001 p=0.000 cloud=PRE overlap=YES -> SAFE
[EDGE-Z2-ENSEMBLE] CID:4 m1=0.681 m2=0.020 m3=0.000 m4=0.000 m5=0.116 p=0.208 cloud=PRE overlap=YES -> WARN
[EDGE-Z2-ENSEMBLE] CID:6 m1=0.000 m2=0.020 m3=0.000 m4=0.000 m5=0.000 p=0.000 cloud=PRE overlap=YES -> SAFE
[EDGE-Z2-ENSEMBLE] CID:17 m1=0.659 m2=0.020 m3=0.000 m4=0.000 m5=0.108 p=0.201 cloud=PRE overlap=YES -> WARN
[EDGE-Z2-ENSEMBLE] CID:29 m1=0.675 m2=0.020 m3=0.000 m4=0.000 m5=0.111 p=0.205 cloud=PRE overlap=YES -> WARN
[EDGE-Z2-ENSEMBLE] CID:5 m1=0.000 m2=0.020 m3=0.000 m4=0.000 m5=0.000 p=0.000 cloud=PRE overlap=YES -> SAFE
[EDGE-CALIB] Received calibration: attack=ts_replay conf=0.90
[EDGE-CALIB] Applied: W1: 0.2766→0.2776 (Δ0.0200)  ZONE_MAL: 0.300→0.300
[EDGE-CALIB] New weights: W1=0.277 W2=0.182 W3=0.225 W4=0.179 W5=0.136
[EDGE-Z2-ENSEMBLE] CID:28 m1=0.679 m2=0.020 m3=0.000 m4=0.000 m5=0.109 p=0.207 cloud=PRE overlap=YES -> WARN
[EDGE-Z2-ENSEMBLE] CID:4 m1=0.000 m2=0.020 m3=0.000 m4=0.000 m5=0.090 p=0.016 cloud=PRE overlap=YES -> SAFE
[EDGE-Z2-ENSEMBLE] CID:6 m1=0.000 m2=0.020 m3=0.000 m4=0.000 m5=0.000 p=0.000 cloud=PRE overlap=YES -> SAFE
[EDGE-CALIB] Received calibration: attack=ts_replay conf=0.85
[EDGE-CALIB] Applied: W1: 0.2773→0.2783 (Δ0.0200)  W5: 0.1355→0.1360 (Δ0.0100)  ZONE_MAL: 0.300→0.300
[EDGE-CALIB] New weights: W1=0.278 W2=0.182 W3=0.225 W4=0.179 W5=0.136
[EDGE-Z2-ENSEMBLE] CID:17 m1=0.677 m2=0.020 m3=0.000 m4=0.000 m5=0.107 p=0.206 cloud=PRE overlap=YES -> WARN
[EDGE-Z2-ENSEMBLE] CID:29 m1=0.679 m2=0.020 m3=0.000 m4=0.000 m5=0.110 p=0.207 cloud=PRE overlap=YES -> WARN
[EDGE-Z2-ENSEMBLE] CID:5 m1=0.000 m2=0.768 m3=0.000 m4=0.000 m5=0.225 p=0.162 cloud=PRE overlap=YES -> WARN
[EDGE-Z2-ENSEMBLE] CID:28 m1=0.681 m2=0.020 m3=0.000 m4=0.000 m5=0.111 p=0.208 cloud=PRE overlap=YES -> WARN
[EDGE-Z2-ENSEMBLE] CID:4 m1=0.000 m2=0.020 m3=0.000 m4=0.000 m5=0.061 p=0.007 cloud=PRE overlap=YES -> SAFE
[EDGE-Z2-ENSEMBLE] CID:6 m1=0.000 m2=0.775 m3=0.000 m4=0.000 m5=0.223 p=0.163 cloud=PRE overlap=YES -> WARN
[EDGE-Z2-ENSEMBLE] CID:17 m1=0.659 m2=0.020 m3=0.000 m4=0.000 m5=0.106 p=0.201 cloud=PRE overlap=YES -> WARN
[EDGE-Z2-ENSEMBLE] CID:29 m1=0.681 m2=0.020 m3=0.000 m4=0.000 m5=0.114 p=0.208 cloud=PRE overlap=YES -> WARN
[EDGE-Z2-ENSEMBLE] CID:5 m1=0.000 m2=0.020 m3=0.040 m4=0.000 m5=0.200 p=0.040 cloud=PRE overlap=YES -> SAFE
[EDGE-Z2-ENSEMBLE] CID:28 m1=0.672 m2=0.020 m3=0.000 m4=0.000 m5=0.113 p=0.206 cloud=PRE overlap=YES -> WARN
[EDGE-Z2-ENSEMBLE] CID:4 m1=0.000 m2=0.768 m3=0.000 m4=0.000 m5=0.032 p=0.134 cloud=PRE overlap=YES -> SAFE
[EDGE-Z2-ENSEMBLE] CID:6 m1=0.000 m2=0.020 m3=0.040 m4=0.000 m5=0.200 p=0.040 cloud=PRE overlap=YES -> SAFE
[EDGE-CALIB] Received calibration: attack=ts_replay conf=0.70
[EDGE-CALIB] Applied: W1: 0.2779→0.2789 (Δ0.0200)  W2: 0.1822→0.1842 (Δ0.0400)  ZONE_MAL: 0.300→0.299
[EDGE-CALIB] New weights: W1=0.278 W2=0.184 W3=0.224 W4=0.179 W5=0.135
[EDGE-Z2-ENSEMBLE] CID:17 m1=0.672 m2=0.020 m3=0.000 m4=0.000 m5=0.106 p=0.205 cloud=PRE overlap=YES -> WARN
[EDGE-Z2-ENSEMBLE] CID:29 m1=0.681 m2=0.020 m3=0.000 m4=0.000 m5=0.118 p=0.209 cloud=PRE overlap=YES -> WARN
[EDGE-Z2-ENSEMBLE] CID:5 m1=0.000 m2=0.020 m3=0.550 m4=0.000 m5=0.000 p=0.122 cloud=PRE overlap=YES -> SAFE
[EDGE-Z2-ENSEMBLE] CID:28 m1=0.666 m2=0.020 m3=0.000 m4=0.000 m5=0.114 p=0.204 cloud=PRE overlap=YES -> WARN
[EDGE-Z2-ENSEMBLE] CID:4 m1=0.000 m2=0.020 m3=0.000 m4=0.000 m5=0.002 p=0.000 cloud=PRE overlap=YES -> SAFE
[EDGE-Z2-ENSEMBLE] CID:6 m1=0.000 m2=0.020 m3=0.550 m4=0.000 m5=0.000 p=0.122 cloud=PRE overlap=YES -> SAFE
[EDGE-Z2-ENSEMBLE] CID:17 m1=0.670 m2=0.020 m3=0.000 m4=0.000 m5=0.107 p=0.204 cloud=PRE overlap=YES -> WARN
[EDGE-Z2-ENSEMBLE] CID:29 m1=0.670 m2=0.020 m3=0.000 m4=0.000 m5=0.117 p=0.206 cloud=PRE overlap=YES -> WARN
[EDGE-Z2-ENSEMBLE] CID:5 m1=0.000 m2=0.768 m3=0.550 m4=0.322 m5=0.452 p=0.383 cloud=PRE overlap=YES -> BAN
[EDGE-CALIB] Received calibration: attack=ts_replay conf=0.80
[EDGE-CALIB] Applied: W1: 0.2781→0.2791 (Δ0.0200)  W2: 0.1836→0.1856 (Δ0.0400)  ZONE_MAL: 0.299→0.299
[EDGE-CALIB] New weights: W1=0.278 W2=0.185 W3=0.224 W4=0.178 W5=0.135
[EDGE-Z2-ENSEMBLE] CID:28 m1=0.659 m2=0.020 m3=0.000 m4=0.000 m5=0.112 p=0.202 cloud=PRE overlap=YES -> WARN
[EDGE-Z2-ENSEMBLE] CID:4 m1=0.000 m2=0.020 m3=0.000 m4=0.000 m5=0.000 p=0.000 cloud=PRE overlap=YES -> SAFE
[EDGE-Z2-ENSEMBLE] CID:6 m1=0.000 m2=0.775 m3=0.550 m4=0.311 m5=0.449 p=0.382 cloud=PRE overlap=YES -> BAN
[EDGE-Z2-ENSEMBLE] CID:17 m1=0.655 m2=0.020 m3=0.000 m4=0.000 m5=0.107 p=0.200 cloud=PRE overlap=YES -> WARN
[EDGE-Z2-ENSEMBLE] CID:29 m1=0.675 m2=0.020 m3=0.000 m4=0.000 m5=0.117 p=0.207 cloud=PRE overlap=YES -> WARN
[EDGE-Z2] CID:5 -> FASTBAN
[EDGE-Z2-ENSEMBLE] CID:28 m1=0.675 m2=0.020 m3=0.000 m4=0.000 m5=0.111 p=0.207 cloud=PRE overlap=YES -> WARN
[EDGE-Z2-ENSEMBLE] CID:4 m1=0.000 m2=0.769 m3=0.000 m4=0.000 m5=0.223 p=0.164 cloud=PRE overlap=YES -> WARN
[EDGE-Z2] CID:6 -> FASTBAN
[EDGE-Z2-ENSEMBLE] CID:17 m1=0.681 m2=0.020 m3=0.000 m4=0.000 m5=0.108 p=0.208 cloud=PRE overlap=YES -> WARN
[EDGE-Z2-ENSEMBLE] CID:29 m1=0.663 m2=0.020 m3=0.000 m4=0.000 m5=0.114 p=0.204 cloud=PRE overlap=YES -> WARN
[EDGE-Z2-ENSEMBLE] CID:28 m1=0.659 m2=0.020 m3=0.000 m4=0.000 m5=0.106 p=0.202 cloud=PRE overlap=YES -> WARN
[EDGE-Z2-ENSEMBLE] CID:4 m1=0.000 m2=0.020 m3=0.000 m4=0.000 m5=0.200 p=0.031 cloud=PRE overlap=YES -> SAFE
[EDGE-Z2-ENSEMBLE] CID:17 m1=0.681 m2=0.020 m3=0.000 m4=0.000 m5=0.112 p=0.208 cloud=PRE overlap=YES -> WARN
[EDGE-Z2-ENSEMBLE] CID:29 m1=0.659 m2=0.020 m3=0.000 m4=0.000 m5=0.109 p=0.202 cloud=PRE overlap=YES -> WARN
[EDGE-Z2-ENSEMBLE] CID:28 m1=0.663 m2=0.020 m3=0.000 m4=0.000 m5=0.104 p=0.202 cloud=PRE overlap=YES -> WARN
[EDGE-Z2-ENSEMBLE] CID:4 m1=0.000 m2=0.020 m3=0.550 m4=0.000 m5=0.000 p=0.122 cloud=PRE overlap=YES -> SAFE
[EDGE-Z2-ENSEMBLE] CID:29 m1=0.672 m2=0.020 m3=0.000 m4=0.000 m5=0.107 p=0.205 cloud=PRE overlap=YES -> WARN
[EDGE-Z2-ENSEMBLE] CID:28 m1=0.679 m2=0.020 m3=0.000 m4=0.000 m5=0.107 p=0.207 cloud=PRE overlap=YES -> WARN
[EDGE-Z2-ENSEMBLE] CID:4 m1=0.000 m2=0.769 m3=0.550 m4=0.315 m5=0.450 p=0.382 cloud=PRE overlap=YES -> BAN
[EDGE-Z2-ENSEMBLE] CID:29 m1=0.663 m2=0.020 m3=0.000 m4=0.000 m5=0.106 p=0.203 cloud=PRE overlap=YES -> WARN
[EDGE-Z2-ENSEMBLE] CID:17 m1=0.675 m2=0.020 m3=0.000 m4=0.000 m5=0.113 p=0.207 cloud=PRE overlap=YES -> WARN
[EDGE-Z2-ENSEMBLE] CID:28 m1=0.659 m2=0.020 m3=0.000 m4=0.000 m5=0.107 p=0.202 cloud=PRE overlap=YES -> WARN
[EDGE-Z2] CID:4 -> FASTBAN
[EDGE-Z2-ENSEMBLE] CID:29 m1=0.681 m2=0.020 m3=0.000 m4=0.000 m5=0.108 p=0.208 cloud=PRE overlap=YES -> WARN
[EDGE-Z2-ENSEMBLE] CID:28 m1=0.670 m2=0.020 m3=0.000 m4=0.000 m5=0.106 p=0.204 cloud=PRE overlap=YES -> WARN
[EDGE-Z2-ENSEMBLE] CID:29 m1=0.681 m2=0.020 m3=0.000 m4=0.000 m5=0.112 p=0.208 cloud=PRE overlap=YES -> WARN
[EDGE-Z2-ENSEMBLE] CID:28 m1=0.670 m2=0.020 m3=0.000 m4=0.000 m5=0.108 p=0.205 cloud=PRE overlap=YES -> WARN
[EDGE-Z2-ENSEMBLE] CID:29 m1=0.670 m2=0.020 m3=0.000 m4=0.000 m5=0.113 p=0.205 cloud=PRE overlap=YES -> WARN
[EDGE-Z2-ENSEMBLE] CID:28 m1=0.655 m2=0.020 m3=0.000 m4=0.000 m5=0.107 p=0.200 cloud=PRE overlap=YES -> WARN
[EDGE-Z2-ENSEMBLE] CID:29 m1=0.659 m2=0.020 m3=0.000 m4=0.000 m5=0.111 p=0.202 cloud=PRE overlap=YES -> WARN
[EDGE-Z2-ENSEMBLE] CID:28 m1=0.666 m2=0.020 m3=0.000 m4=0.000 m5=0.104 p=0.203 cloud=PRE overlap=YES -> WARN
[EDGE-Z2-ENSEMBLE] CID:29 m1=0.675 m2=0.020 m3=0.000 m4=0.000 m5=0.113 p=0.207 cloud=PRE overlap=YES -> WARN
[EDGE-Z2-ENSEMBLE] CID:28 m1=0.677 m2=0.020 m3=0.000 m4=0.000 m5=0.107 p=0.207 cloud=PRE overlap=YES -> WARN
[EDGE-Z2-ENSEMBLE] CID:29 m1=0.677 m2=0.020 m3=0.000 m4=0.000 m5=0.112 p=0.207 cloud=PRE overlap=YES -> WARN
[EDGE-Z2-ENSEMBLE] CID:28 m1=0.683 m2=0.020 m3=0.000 m4=0.000 m5=0.111 p=0.209 cloud=PRE overlap=YES -> WARN
[EDGE-Z2-ENSEMBLE] CID:29 m1=0.659 m2=0.020 m3=0.000 m4=0.000 m5=0.108 p=0.202 cloud=PRE overlap=YES -> WARN
[EDGE-Z2-ENSEMBLE] CID:28 m1=0.681 m2=0.020 m3=0.000 m4=0.000 m5=0.113 p=0.209 cloud=PRE overlap=YES -> WARN
[EDGE-Z2-ENSEMBLE] CID:29 m1=0.655 m2=0.020 m3=0.000 m4=0.000 m5=0.106 p=0.200 cloud=PRE overlap=YES -> WARN
[EDGE-Z2-ENSEMBLE] CID:28 m1=0.670 m2=0.020 m3=0.000 m4=0.000 m5=0.116 p=0.206 cloud=PRE overlap=YES -> WARN
[EDGE-Z2-ENSEMBLE] CID:29 m1=0.659 m2=0.020 m3=0.000 m4=0.000 m5=0.106 p=0.202 cloud=PRE overlap=YES -> WARN
[EDGE-Z2-ENSEMBLE] CID:28 m1=0.675 m2=0.020 m3=0.000 m4=0.000 m5=0.117 p=0.207 cloud=PRE overlap=YES -> WARN
[EDGE-Z2-ENSEMBLE] CID:29 m1=0.683 m2=0.020 m3=0.000 m4=0.000 m5=0.108 p=0.208 cloud=PRE overlap=YES -> WARN
[EDGE-Z2-ENSEMBLE] CID:28 m1=0.683 m2=0.020 m3=0.000 m4=0.000 m5=0.119 p=0.210 cloud=PRE overlap=YES -> WARN
[EDGE-Z2-ENSEMBLE] CID:29 m1=0.681 m2=0.020 m3=0.000 m4=0.000 m5=0.109 p=0.208 cloud=PRE overlap=YES -> WARN
[EDGE-Z2-ENSEMBLE] CID:28 m1=0.675 m2=0.020 m3=0.000 m4=0.000 m5=0.117 p=0.207 cloud=PRE overlap=YES -> WARN
[EDGE-Z2-ENSEMBLE] CID:29 m1=0.670 m2=0.020 m3=0.000 m4=0.000 m5=0.111 p=0.205 cloud=PRE overlap=YES -> WARN
[EDGE-Z2-ENSEMBLE] CID:28 m1=0.677 m2=0.020 m3=0.000 m4=0.000 m5=0.116 p=0.208 cloud=PRE overlap=YES -> WARN
[EDGE-Z2-ENSEMBLE] CID:29 m1=0.672 m2=0.020 m3=0.000 m4=0.000 m5=0.113 p=0.206 cloud=PRE overlap=YES -> WARN
[EDGE-Z2-ENSEMBLE] CID:28 m1=0.675 m2=0.020 m3=0.000 m4=0.000 m5=0.117 p=0.207 cloud=PRE overlap=YES -> WARN
[EDGE-Z2-ENSEMBLE] CID:29 m1=0.663 m2=0.020 m3=0.000 m4=0.000 m5=0.114 p=0.204 cloud=PRE overlap=YES -> WARN
[EDGE-Z2-ENSEMBLE] CID:28 m1=0.655 m2=0.020 m3=0.000 m4=0.000 m5=0.113 p=0.201 cloud=PRE overlap=YES -> WARN
[EDGE-Z2-ENSEMBLE] CID:29 m1=0.675 m2=0.020 m3=0.000 m4=0.000 m5=0.112 p=0.207 cloud=PRE overlap=YES -> WARN
[EDGE-Z2-ENSEMBLE] CID:28 m1=0.675 m2=0.020 m3=0.000 m4=0.000 m5=0.111 p=0.207 cloud=PRE overlap=YES -> WARN
[EDGE-Z2-ENSEMBLE] CID:29 m1=0.679 m2=0.020 m3=0.000 m4=0.000 m5=0.111 p=0.208 cloud=PRE overlap=YES -> WARN
[EDGE-Z2-ENSEMBLE] CID:28 m1=0.675 m2=0.020 m3=0.000 m4=0.000 m5=0.111 p=0.207 cloud=PRE overlap=YES -> WARN
[EDGE-Z2-ENSEMBLE] CID:29 m1=0.677 m2=0.020 m3=0.000 m4=0.000 m5=0.113 p=0.207 cloud=PRE overlap=YES -> WARN
[EDGE-Z2-ENSEMBLE] CID:28 m1=0.666 m2=0.020 m3=0.000 m4=0.000 m5=0.109 p=0.204 cloud=PRE overlap=YES -> WARN
[EDGE-Z2-ENSEMBLE] CID:28 m1=0.659 m2=0.020 m3=0.000 m4=0.000 m5=0.106 p=0.202 cloud=PRE overlap=YES -> WARN
[EDGE-Z2-ENSEMBLE] CID:29 m1=0.670 m2=0.020 m3=0.000 m4=0.000 m5=0.112 p=0.205 cloud=PRE overlap=YES -> WARN
[EDGE-Z2-ENSEMBLE] CID:28 m1=0.675 m2=0.020 m3=0.000 m4=0.000 m5=0.109 p=0.206 cloud=PRE overlap=YES -> WARN
[EDGE-Z2-ENSEMBLE] CID:29 m1=0.659 m2=0.020 m3=0.000 m4=0.000 m5=0.112 p=0.202 cloud=PRE overlap=YES -> WARN
[EDGE-Z2-ENSEMBLE] CID:28 m1=0.681 m2=0.020 m3=0.000 m4=0.000 m5=0.111 p=0.208 cloud=PRE overlap=YES -> WARN
[EDGE-Z2-ENSEMBLE] CID:29 m1=0.659 m2=0.020 m3=0.000 m4=0.000 m5=0.109 p=0.202 cloud=PRE overlap=YES -> WARN
[EDGE-Z2-ENSEMBLE] CID:28 m1=0.681 m2=0.020 m3=0.000 m4=0.000 m5=0.113 p=0.209 cloud=PRE overlap=YES -> WARN
[EDGE-Z2-ENSEMBLE] CID:29 m1=0.666 m2=0.020 m3=0.000 m4=0.000 m5=0.106 p=0.203 cloud=PRE overlap=YES -> WARN
[EDGE-Z2-ENSEMBLE] CID:28 m1=0.672 m2=0.020 m3=0.000 m4=0.000 m5=0.114 p=0.206 cloud=PRE overlap=YES -> WARN
[EDGE-Z2-ENSEMBLE] CID:29 m1=0.679 m2=0.020 m3=0.000 m4=0.000 m5=0.107 p=0.207 cloud=PRE overlap=YES -> WARN
[EDGE-Z2-ENSEMBLE] CID:28 m1=0.666 m2=0.020 m3=0.000 m4=0.000 m5=0.115 p=0.205 cloud=PRE overlap=YES -> WARN
[EDGE-Z2-ENSEMBLE] CID:29 m1=0.675 m2=0.020 m3=0.000 m4=0.000 m5=0.108 p=0.206 cloud=PRE overlap=YES -> WARN
[EDGE-Z2-ENSEMBLE] CID:28 m1=0.681 m2=0.020 m3=0.000 m4=0.000 m5=0.117 p=0.209 cloud=PRE overlap=YES -> WARN
[EDGE-Z2-ENSEMBLE] CID:29 m1=0.675 m2=0.020 m3=0.000 m4=0.000 m5=0.111 p=0.207 cloud=PRE overlap=YES -> WARN
[EDGE-Z2-ENSEMBLE] CID:28 m1=0.666 m2=0.020 m3=0.000 m4=0.000 m5=0.113 p=0.204 cloud=PRE overlap=YES -> WARN
[EDGE-Z2-ENSEMBLE] CID:29 m1=0.666 m2=0.020 m3=0.000 m4=0.000 m5=0.112 p=0.204 cloud=PRE overlap=YES -> WARN
[EDGE-Z2-ENSEMBLE] CID:28 m1=0.681 m2=0.020 m3=0.000 m4=0.000 m5=0.113 p=0.209 cloud=PRE overlap=YES -> WARN
[EDGE-Z2-ENSEMBLE] CID:29 m1=0.663 m2=0.020 m3=0.000 m4=0.000 m5=0.111 p=0.203 cloud=PRE overlap=YES -> WARN
[EDGE-Z2-ENSEMBLE] CID:28 m1=0.663 m2=0.020 m3=0.000 m4=0.000 m5=0.112 p=0.203 cloud=PRE overlap=YES -> WARN
[EDGE-Z2-ENSEMBLE] CID:29 m1=0.670 m2=0.020 m3=0.000 m4=0.000 m5=0.109 p=0.205 cloud=PRE overlap=YES -> WARN
[EDGE-Z2-ENSEMBLE] CID:28 m1=0.663 m2=0.020 m3=0.000 m4=0.000 m5=0.111 p=0.203 cloud=PRE overlap=YES -> WARN
[EDGE-Z2-ENSEMBLE] CID:29 m1=0.672 m2=0.020 m3=0.000 m4=0.000 m5=0.108 p=0.205 cloud=PRE overlap=YES -> WARN
[EDGE-Z2-ENSEMBLE] CID:28 m1=0.683 m2=0.020 m3=0.000 m4=0.000 m5=0.112 p=0.209 cloud=PRE overlap=YES -> WARN
[EDGE-Z2-ENSEMBLE] CID:29 m1=0.663 m2=0.020 m3=0.000 m4=0.000 m5=0.106 p=0.203 cloud=PRE overlap=YES -> WARN
[EDGE-Z2-ENSEMBLE] CID:28 m1=0.659 m2=0.020 m3=0.000 m4=0.000 m5=0.111 p=0.202 cloud=PRE overlap=YES -> WARN
[EDGE-Z2-ENSEMBLE] CID:29 m1=0.677 m2=0.020 m3=0.000 m4=0.000 m5=0.108 p=0.207 cloud=PRE overlap=YES -> WARN
[EDGE-Z2-ENSEMBLE] CID:28 m1=0.666 m2=0.020 m3=0.000 m4=0.000 m5=0.107 p=0.204 cloud=PRE overlap=YES -> WARN
[EDGE-Z2-ENSEMBLE] CID:29 m1=0.663 m2=0.020 m3=0.000 m4=0.000 m5=0.108 p=0.203 cloud=PRE overlap=YES -> WARN
[EDGE-Z2-ENSEMBLE] CID:28 m1=0.681 m2=0.020 m3=0.000 m4=0.000 m5=0.111 p=0.208 cloud=PRE overlap=YES -> WARN
[EDGE-Z2-ENSEMBLE] CID:29 m1=0.681 m2=0.020 m3=0.000 m4=0.000 m5=0.111 p=0.208 cloud=PRE overlap=YES -> WARN
[EDGE-Z2-ENSEMBLE] CID:28 m1=0.679 m2=0.020 m3=0.000 m4=0.000 m5=0.114 p=0.208 cloud=PRE overlap=YES -> WARN
[EDGE-Z2-ENSEMBLE] CID:29 m1=0.663 m2=0.020 m3=0.000 m4=0.000 m5=0.109 p=0.203 cloud=PRE overlap=YES -> WARN
[EDGE-Z2-ENSEMBLE] CID:28 m1=0.677 m2=0.020 m3=0.000 m4=0.000 m5=0.113 p=0.207 cloud=PRE overlap=YES -> WARN
[EDGE-Z2-ENSEMBLE] CID:29 m1=0.679 m2=0.020 m3=0.000 m4=0.000 m5=0.113 p=0.208 cloud=PRE overlap=YES -> WARN
[EDGE-Z2-ENSEMBLE] CID:28 m1=0.659 m2=0.020 m3=0.000 m4=0.000 m5=0.113 p=0.202 cloud=PRE overlap=YES -> WARN
[EDGE-Z2-ENSEMBLE] CID:29 m1=0.677 m2=0.020 m3=0.000 m4=0.000 m5=0.113 p=0.207 cloud=PRE overlap=YES -> WARN
[EDGE-Z2-ENSEMBLE] CID:28 m1=0.663 m2=0.020 m3=0.000 m4=0.000 m5=0.112 p=0.203 cloud=PRE overlap=YES -> WARN
[EDGE-Z2-ENSEMBLE] CID:29 m1=0.672 m2=0.020 m3=0.000 m4=0.000 m5=0.114 p=0.206 cloud=PRE overlap=YES -> WARN
[EDGE-Z2-ENSEMBLE] CID:28 m1=0.677 m2=0.020 m3=0.000 m4=0.000 m5=0.111 p=0.207 cloud=PRE overlap=YES -> WARN
[EDGE-Z2-ENSEMBLE] CID:29 m1=0.681 m2=0.020 m3=0.000 m4=0.000 m5=0.114 p=0.209 cloud=PRE overlap=YES -> WARN
[EDGE-Z2-ENSEMBLE] CID:28 m1=0.677 m2=0.020 m3=0.000 m4=0.000 m5=0.111 p=0.207 cloud=PRE overlap=YES -> WARN
[EDGE-Z2-ENSEMBLE] CID:29 m1=0.666 m2=0.020 m3=0.000 m4=0.000 m5=0.115 p=0.205 cloud=PRE overlap=YES -> WARN
[EDGE-Z2-ENSEMBLE] CID:28 m1=0.670 m2=0.020 m3=0.000 m4=0.000 m5=0.109 p=0.205 cloud=PRE overlap=YES -> WARN
[EDGE-Z2-ENSEMBLE] CID:29 m1=0.681 m2=0.020 m3=0.000 m4=0.000 m5=0.116 p=0.209 cloud=PRE overlap=YES -> WARN
[EDGE-Z2-ENSEMBLE] CID:28 m1=0.683 m2=0.020 m3=0.000 m4=0.000 m5=0.114 p=0.209 cloud=PRE overlap=YES -> WARN
[EDGE-Z2-ENSEMBLE] CID:29 m1=0.666 m2=0.020 m3=0.000 m4=0.000 m5=0.113 p=0.204 cloud=PRE overlap=YES -> WARN
[EDGE-Z2-ENSEMBLE] CID:28 m1=0.655 m2=0.020 m3=0.000 m4=0.000 m5=0.113 p=0.201 cloud=PRE overlap=YES -> WARN
[EDGE-Z2-ENSEMBLE] CID:29 m1=0.681 m2=0.020 m3=0.000 m4=0.000 m5=0.116 p=0.209 cloud=PRE overlap=YES -> WARN
[EDGE-Z2-ENSEMBLE] CID:28 m1=0.675 m2=0.020 m3=0.000 m4=0.000 m5=0.112 p=0.207 cloud=PRE overlap=YES -> WARN
[EDGE-Z2-ENSEMBLE] CID:28 m1=0.683 m2=0.020 m3=0.000 m4=0.000 m5=0.114 p=0.209 cloud=PRE overlap=YES -> WARN
[EDGE-Z2-ENSEMBLE] CID:29 m1=0.670 m2=0.020 m3=0.000 m4=0.000 m5=0.113 p=0.205 cloud=PRE overlap=YES -> WARN
[EDGE-Z2-ENSEMBLE] CID:28 m1=0.666 m2=0.020 m3=0.000 m4=0.000 m5=0.113 p=0.204 cloud=PRE overlap=YES -> WARN
[EDGE-Z2-ENSEMBLE] CID:28 m1=0.670 m2=0.020 m3=0.000 m4=0.000 m5=0.110 p=0.205 cloud=PRE overlap=YES -> WARN
[EDGE-Z2-ENSEMBLE] CID:28 m1=0.681 m2=0.020 m3=0.000 m4=0.000 m5=0.115 p=0.209 cloud=PRE overlap=YES -> WARN
[EDGE-Z2-ENSEMBLE] CID:28 m1=0.655 m2=0.020 m3=0.000 m4=0.000 m5=0.112 p=0.201 cloud=PRE overlap=YES -> WARN
[EDGE-Z2-ENSEMBLE] CID:28 m1=0.666 m2=0.020 m3=0.000 m4=0.000 m5=0.108 p=0.204 cloud=PRE overlap=YES -> WARN
[EDGE-Z2-ENSEMBLE] CID:28 m1=0.670 m2=0.020 m3=0.000 m4=0.000 m5=0.108 p=0.205 cloud=PRE overlap=YES -> WARN
[EDGE-Z2-ENSEMBLE] CID:28 m1=0.663 m2=0.020 m3=0.000 m4=0.000 m5=0.107 p=0.203 cloud=PRE overlap=YES -> WARN
[EDGE-Z2-ENSEMBLE] CID:28 m1=0.655 m2=0.020 m3=0.000 m4=0.000 m5=0.102 p=0.200 cloud=PRE overlap=YES -> WARN
[EDGE-Z2-ENSEMBLE] CID:28 m1=0.677 m2=0.020 m3=0.000 m4=0.000 m5=0.106 p=0.207 cloud=PRE overlap=YES -> WARN
[EDGE-Z2-ENSEMBLE] CID:28 m1=0.666 m2=0.020 m3=0.000 m4=0.000 m5=0.106 p=0.203 cloud=PRE overlap=YES -> WARN
[EDGE-Z2-ENSEMBLE] CID:28 m1=0.663 m2=0.020 m3=0.000 m4=0.000 m5=0.105 p=0.202 cloud=PRE overlap=YES -> WARN
[EDGE-Z2-ENSEMBLE] CID:28 m1=0.659 m2=0.020 m3=0.000 m4=0.000 m5=0.104 p=0.201 cloud=PRE overlap=YES -> WARN
[EDGE-Z2-ENSEMBLE] CID:28 m1=0.670 m2=0.020 m3=0.000 m4=0.000 m5=0.107 p=0.204 cloud=PRE overlap=YES -> WARN
[EDGE-Z2-ENSEMBLE] CID:28 m1=0.672 m2=0.020 m3=0.000 m4=0.000 m5=0.106 p=0.205 cloud=PRE overlap=YES -> WARN
[EDGE-Z2-ENSEMBLE] CID:28 m1=0.672 m2=0.020 m3=0.000 m4=0.000 m5=0.107 p=0.205 cloud=PRE overlap=YES -> WARN
[EDGE-Z2-ENSEMBLE] CID:28 m1=0.666 m2=0.020 m3=0.000 m4=0.000 m5=0.107 p=0.204 cloud=PRE overlap=YES -> WARN
[EDGE-Z2-ENSEMBLE] CID:28 m1=0.675 m2=0.020 m3=0.000 m4=0.000 m5=0.110 p=0.206 cloud=PRE overlap=YES -> WARN
[EDGE-Z2-ENSEMBLE] CID:28 m1=0.683 m2=0.020 m3=0.000 m4=0.000 m5=0.113 p=0.209 cloud=PRE overlap=YES -> WARN
[EDGE-Z2-ENSEMBLE] CID:28 m1=0.670 m2=0.020 m3=0.000 m4=0.000 m5=0.113 p=0.205 cloud=PRE overlap=YES -> WARN
[EDGE-Z2-ENSEMBLE] CID:28 m1=0.683 m2=0.020 m3=0.000 m4=0.000 m5=0.116 p=0.209 cloud=PRE overlap=YES -> WARN
[EDGE-Z2-ENSEMBLE] CID:28 m1=0.672 m2=0.020 m3=0.000 m4=0.000 m5=0.117 p=0.207 cloud=PRE overlap=YES -> WARN
[EDGE-Z2-ENSEMBLE] CID:28 m1=0.663 m2=0.020 m3=0.000 m4=0.000 m5=0.114 p=0.204 cloud=PRE overlap=YES -> WARN
[EDGE-Z2-ENSEMBLE] CID:28 m1=0.670 m2=0.020 m3=0.000 m4=0.000 m5=0.111 p=0.205 cloud=PRE overlap=YES -> WARN
[EDGE-Z2-ENSEMBLE] CID:28 m1=0.683 m2=0.020 m3=0.000 m4=0.000 m5=0.114 p=0.209 cloud=PRE overlap=YES -> WARN
[EDGE-Z2-ENSEMBLE] CID:28 m1=0.683 m2=0.020 m3=0.000 m4=0.000 m5=0.114 p=0.209 cloud=PRE overlap=YES -> WARN
[EDGE-Z2-ENSEMBLE] CID:28 m1=0.677 m2=0.020 m3=0.000 m4=0.000 m5=0.116 p=0.208 cloud=PRE overlap=YES -> WARN
[EDGE-Z2-ENSEMBLE] CID:28 m1=0.675 m2=0.020 m3=0.000 m4=0.000 m5=0.118 p=0.207 cloud=PRE overlap=YES -> WARN
[EDGE-Z2-ENSEMBLE] CID:28 m1=0.672 m2=0.020 m3=0.000 m4=0.000 m5=0.118 p=0.207 cloud=PRE overlap=YES -> WARN
[EDGE-Z2-ENSEMBLE] CID:28 m1=0.677 m2=0.020 m3=0.000 m4=0.000 m5=0.117 p=0.208 cloud=PRE overlap=YES -> WARN
[EDGE-Z2-ENSEMBLE] CID:28 m1=0.679 m2=0.020 m3=0.000 m4=0.000 m5=0.116 p=0.208 cloud=PRE overlap=YES -> WARN
[EDGE-Z2-ENSEMBLE] CID:28 m1=0.672 m2=0.020 m3=0.000 m4=0.000 m5=0.114 p=0.206 cloud=PRE overlap=YES -> WARN
[EDGE-Z2-ENSEMBLE] CID:28 m1=0.666 m2=0.020 m3=0.000 m4=0.000 m5=0.113 p=0.204 cloud=PRE overlap=YES -> WARN
[EDGE-Z2-ENSEMBLE] CID:28 m1=0.670 m2=0.020 m3=0.000 m4=0.000 m5=0.112 p=0.205 cloud=PRE overlap=YES -> WARN
[EDGE-Z2-ENSEMBLE] CID:28 m1=0.670 m2=0.020 m3=0.000 m4=0.000 m5=0.111 p=0.205 cloud=PRE overlap=YES -> WARN
[EDGE-Z2-ENSEMBLE] CID:28 m1=0.666 m2=0.020 m3=0.000 m4=0.000 m5=0.108 p=0.204 cloud=PRE overlap=YES -> WARN
[EDGE-Z2-ENSEMBLE] CID:28 m1=0.670 m2=0.020 m3=0.000 m4=0.000 m5=0.107 p=0.204 cloud=PRE overlap=YES -> WARN
[EDGE-Z2-ENSEMBLE] CID:28 m1=0.679 m2=0.020 m3=0.000 m4=0.000 m5=0.110 p=0.208 cloud=PRE overlap=YES -> WARN
[EDGE-Z2-ENSEMBLE] CID:28 m1=0.675 m2=0.020 m3=0.000 m4=0.000 m5=0.111 p=0.207 cloud=PRE overlap=YES -> WARN
[EDGE-Z2-ENSEMBLE] CID:28 m1=0.666 m2=0.020 m3=0.000 m4=0.000 m5=0.111 p=0.204 cloud=PRE overlap=YES -> WARN
[EDGE-Z2-ENSEMBLE] CID:28 m1=0.679 m2=0.020 m3=0.000 m4=0.000 m5=0.113 p=0.208 cloud=PRE overlap=YES -> WARN
[EDGE-Z2-ENSEMBLE] CID:28 m1=0.659 m2=0.020 m3=0.000 m4=0.000 m5=0.112 p=0.202 cloud=PRE overlap=YES -> WARN
[EDGE-Z2-ENSEMBLE] CID:28 m1=0.659 m2=0.020 m3=0.000 m4=0.000 m5=0.108 p=0.202 cloud=PRE overlap=YES -> WARN
[EDGE-Z2-ENSEMBLE] CID:28 m1=0.666 m2=0.020 m3=0.000 m4=0.000 m5=0.106 p=0.203 cloud=PRE overlap=YES -> WARN
[EDGE-Z2-ENSEMBLE] CID:28 m1=0.675 m2=0.020 m3=0.000 m4=0.000 m5=0.108 p=0.206 cloud=PRE overlap=YES -> WARN
[EDGE-Z2-ENSEMBLE] CID:28 m1=0.675 m2=0.020 m3=0.000 m4=0.000 m5=0.107 p=0.206 cloud=PRE overlap=YES -> WARN
