================================================================
 EDGE AI SERVER v90-multiuav -- Zone 2
================================================================
[EDGE-Z2] Port              : 9995
[EDGE-Z2] Coordinator       : 127.0.0.1:9997
[EDGE-Z2] ZONE_SAFE=0.15  ZONE_MALICIOUS=0.30  NASH_P*=0.4000
[EDGE-Z2] Weights: W1=0.27 W2=0.18 W3=0.23 W4=0.18 W5=0.14
[EDGE-Z2] LEARNING_RATE=0.050  W_MIN=0.05  NASH_BAN_CONFIRM_K=1
[CLOUD-DELAY] RTT=400ms  pre-cloud-pkts=4
[EDGE-AI] Config snapshot saved -> logs/edge_ai_z2_config_20260705_224250.json
[EDGE-Z2] Ready on port 9995

[EDGE-Z2-ENSEMBLE] CID:26 m1=0.000 m2=0.020 m3=0.000 m4=0.000 m5=0.000 p=0.000 cloud=PRE overlap=NO -> SAFE
[EDGE-Z2-ENSEMBLE] CID:25 m1=0.000 m2=0.020 m3=0.000 m4=0.000 m5=0.000 p=0.000 cloud=PRE overlap=NO -> SAFE
[EDGE-Z2-ENSEMBLE] CID:26 m1=0.000 m2=0.020 m3=0.000 m4=0.000 m5=0.000 p=0.000 cloud=PRE overlap=NO -> SAFE
[EDGE-Z2-ENSEMBLE] CID:25 m1=0.000 m2=0.020 m3=0.000 m4=0.000 m5=0.000 p=0.000 cloud=PRE overlap=NO -> SAFE
[EDGE-Z2-ENSEMBLE] CID:26 m1=0.000 m2=0.020 m3=0.000 m4=0.000 m5=0.000 p=0.000 cloud=PRE overlap=NO -> SAFE
[EDGE-Z2-ENSEMBLE] CID:22 m1=0.000 m2=0.020 m3=0.000 m4=0.000 m5=0.000 p=0.000 cloud=PRE overlap=NO -> SAFE
[EDGE-CALIB] Received calibration: attack=ts_replay conf=1.00
[EDGE-CALIB] Applied: W2: 0.1818→0.1833 (Δ0.0300)  ZONE_MAL: 0.300→0.300
[EDGE-CALIB] New weights: W1=0.272 W2=0.183 W3=0.227 W4=0.181 W5=0.136
[EDGE-Z2-ENSEMBLE] CID:20 m1=0.000 m2=0.020 m3=0.000 m4=0.000 m5=0.000 p=0.000 cloud=PRE overlap=NO -> SAFE
[EDGE-Z2-ENSEMBLE] CID:25 m1=0.000 m2=0.020 m3=0.000 m4=0.000 m5=0.000 p=0.000 cloud=PRE overlap=NO -> SAFE
[EDGE-Z2-ENSEMBLE] CID:26 m1=0.000 m2=0.020 m3=0.000 m4=0.000 m5=0.000 p=0.000 cloud=PRE overlap=NO -> SAFE
[EDGE-Z2-ENSEMBLE] CID:22 m1=0.000 m2=0.020 m3=0.000 m4=0.000 m5=0.000 p=0.000 cloud=PRE overlap=NO -> SAFE
[EDGE-Z2-ENSEMBLE] CID:20 m1=0.000 m2=0.020 m3=0.000 m4=0.000 m5=0.000 p=0.000 cloud=PRE overlap=NO -> SAFE
[EDGE-Z2-ENSEMBLE] CID:25 m1=0.000 m2=0.020 m3=0.000 m4=0.000 m5=0.000 p=0.000 cloud=PRE overlap=NO -> SAFE
[EDGE-Z2-ENSEMBLE] CID:18 m1=0.000 m2=0.020 m3=0.000 m4=0.000 m5=0.000 p=0.000 cloud=PRE overlap=NO -> SAFE
[EDGE-Z2-ENSEMBLE] CID:17 m1=0.000 m2=0.020 m3=0.000 m4=0.000 m5=0.000 p=0.000 cloud=PRE overlap=NO -> SAFE
[EDGE-Z2-ENSEMBLE] CID:26 m1=0.000 m2=0.020 m3=0.000 m4=0.000 m5=0.000 p=0.000 cloud=PRE overlap=NO -> SAFE
[EDGE-Z2-ENSEMBLE] CID:22 m1=0.000 m2=0.020 m3=0.000 m4=0.000 m5=0.000 p=0.000 cloud=PRE overlap=NO -> SAFE
[EDGE-Z2-ENSEMBLE] CID:25 m1=0.000 m2=0.020 m3=0.000 m4=0.000 m5=0.000 p=0.000 cloud=PRE overlap=NO -> SAFE
[EDGE-Z2-ENSEMBLE] CID:19 m1=0.000 m2=0.020 m3=0.000 m4=0.000 m5=0.000 p=0.000 cloud=PRE overlap=NO -> SAFE
[EDGE-Z2-ENSEMBLE] CID:20 m1=0.000 m2=0.020 m3=0.000 m4=0.000 m5=0.000 p=0.000 cloud=PRE overlap=NO -> SAFE
[EDGE-Z2-ENSEMBLE] CID:18 m1=0.000 m2=0.020 m3=0.000 m4=0.000 m5=0.000 p=0.000 cloud=PRE overlap=NO -> SAFE
[EDGE-Z2-ENSEMBLE] CID:17 m1=0.000 m2=0.020 m3=0.000 m4=0.000 m5=0.000 p=0.000 cloud=PRE overlap=NO -> SAFE
[EDGE-Z2-ENSEMBLE] CID:26 m1=0.000 m2=0.020 m3=0.000 m4=0.000 m5=0.000 p=0.000 cloud=PRE overlap=NO -> SAFE
[EDGE-Z2-ENSEMBLE] CID:22 m1=0.000 m2=0.020 m3=0.000 m4=0.000 m5=0.000 p=0.000 cloud=PRE overlap=NO -> SAFE
[EDGE-Z2-ENSEMBLE] CID:20 m1=0.000 m2=0.020 m3=0.000 m4=0.000 m5=0.000 p=0.000 cloud=PRE overlap=NO -> SAFE
[EDGE-Z2-ENSEMBLE] CID:25 m1=0.000 m2=0.020 m3=0.000 m4=0.000 m5=0.000 p=0.000 cloud=PRE overlap=NO -> SAFE
[EDGE-Z2-ENSEMBLE] CID:19 m1=0.000 m2=0.020 m3=0.000 m4=0.000 m5=0.000 p=0.000 cloud=PRE overlap=NO -> SAFE
[EDGE-Z2-ENSEMBLE] CID:18 m1=0.000 m2=0.020 m3=0.000 m4=0.000 m5=0.000 p=0.000 cloud=PRE overlap=NO -> SAFE
[EDGE-Z2-ENSEMBLE] CID:17 m1=0.000 m2=0.020 m3=0.000 m4=0.000 m5=0.000 p=0.000 cloud=PRE overlap=NO -> SAFE
[EDGE-Z2-ENSEMBLE] CID:26 m1=0.000 m2=0.020 m3=0.000 m4=0.000 m5=0.000 p=0.000 cloud=PRE overlap=NO -> SAFE
[EDGE-Z2-ENSEMBLE] CID:22 m1=0.000 m2=0.020 m3=0.000 m4=0.000 m5=0.000 p=0.000 cloud=PRE overlap=NO -> SAFE
[EDGE-Z2-ENSEMBLE] CID:13 m1=0.000 m2=0.020 m3=0.000 m4=0.000 m5=0.000 p=0.000 cloud=PRE overlap=NO -> SAFE
[EDGE-Z2-ENSEMBLE] CID:11 m1=0.000 m2=0.020 m3=0.000 m4=0.000 m5=0.000 p=0.000 cloud=PRE overlap=NO -> SAFE
[EDGE-Z2-ENSEMBLE] CID:19 m1=0.000 m2=0.020 m3=0.040 m4=0.000 m5=0.000 p=0.000 cloud=PRE overlap=NO -> SAFE
[EDGE-Z2-ENSEMBLE] CID:12 m1=0.000 m2=0.020 m3=0.000 m4=0.000 m5=0.000 p=0.000 cloud=PRE overlap=NO -> SAFE
[EDGE-Z2-ENSEMBLE] CID:18 m1=0.000 m2=0.020 m3=0.000 m4=0.000 m5=0.000 p=0.000 cloud=PRE overlap=NO -> SAFE
[EDGE-Z2-ENSEMBLE] CID:17 m1=0.000 m2=0.020 m3=0.000 m4=0.000 m5=0.000 p=0.000 cloud=PRE overlap=NO -> SAFE
[EDGE-Z2-ENSEMBLE] CID:26 m1=0.000 m2=0.020 m3=0.000 m4=0.000 m5=0.000 p=0.000 cloud=PRE overlap=NO -> SAFE
[EDGE-Z2-ENSEMBLE] CID:22 m1=0.000 m2=0.020 m3=0.000 m4=0.000 m5=0.000 p=0.000 cloud=PRE overlap=NO -> SAFE
[EDGE-Z2-ENSEMBLE] CID:13 m1=0.000 m2=0.020 m3=0.000 m4=0.000 m5=0.000 p=0.000 cloud=PRE overlap=NO -> SAFE
[EDGE-Z2-ENSEMBLE] CID:11 m1=0.000 m2=0.020 m3=0.000 m4=0.000 m5=0.000 p=0.000 cloud=PRE overlap=NO -> SAFE
[EDGE-Z2-ENSEMBLE] CID:25 m1=0.000 m2=0.020 m3=0.000 m4=0.000 m5=0.000 p=0.000 cloud=PRE overlap=NO -> SAFE
[EDGE-Z2-ENSEMBLE] CID:19 m1=0.000 m2=0.020 m3=0.040 m4=0.000 m5=0.000 p=0.000 cloud=PRE overlap=NO -> SAFE
[EDGE-Z2-ENSEMBLE] CID:12 m1=0.000 m2=0.020 m3=0.000 m4=0.000 m5=0.000 p=0.000 cloud=PRE overlap=NO -> SAFE
[EDGE-Z2-ENSEMBLE] CID:18 m1=0.000 m2=0.020 m3=0.000 m4=0.000 m5=0.000 p=0.000 cloud=PRE overlap=NO -> SAFE
[EDGE-Z2-ENSEMBLE] CID:17 m1=0.000 m2=0.020 m3=0.000 m4=0.000 m5=0.000 p=0.000 cloud=PRE overlap=NO -> SAFE
[EDGE-Z2-ENSEMBLE] CID:26 m1=0.000 m2=0.020 m3=0.000 m4=0.000 m5=0.000 p=0.000 cloud=PRE overlap=NO -> SAFE
[EDGE-Z2-ENSEMBLE] CID:22 m1=0.000 m2=0.020 m3=0.000 m4=0.000 m5=0.000 p=0.000 cloud=PRE overlap=NO -> SAFE
[EDGE-Z2-ENSEMBLE] CID:7 m1=0.000 m2=0.020 m3=0.000 m4=0.000 m5=0.000 p=0.000 cloud=PRE overlap=NO -> SAFE
[EDGE-Z2-ENSEMBLE] CID:13 m1=0.000 m2=0.020 m3=0.040 m4=0.000 m5=0.000 p=0.000 cloud=PRE overlap=NO -> SAFE
[EDGE-Z2-ENSEMBLE] CID:11 m1=0.000 m2=0.020 m3=0.000 m4=0.000 m5=0.000 p=0.000 cloud=PRE overlap=NO -> SAFE
[EDGE-Z2-ENSEMBLE] CID:25 m1=0.670 m2=0.020 m3=0.000 m4=0.000 m5=0.001 p=0.151 cloud=PRE overlap=NO -> WARN
[EDGE-Z2-ENSEMBLE] CID:19 m1=0.000 m2=0.020 m3=0.000 m4=0.000 m5=0.000 p=0.000 cloud=PRE overlap=NO -> SAFE
[EDGE-Z2-ENSEMBLE] CID:12 m1=0.000 m2=0.020 m3=0.040 m4=0.000 m5=0.000 p=0.000 cloud=PRE overlap=NO -> SAFE
[EDGE-Z2-ENSEMBLE] CID:18 m1=0.000 m2=0.020 m3=0.000 m4=0.000 m5=0.000 p=0.000 cloud=PRE overlap=NO -> SAFE
[EDGE-Z2-ENSEMBLE] CID:17 m1=0.000 m2=0.020 m3=0.000 m4=0.000 m5=0.000 p=0.000 cloud=PRE overlap=NO -> SAFE
[EDGE-Z2-ENSEMBLE] CID:26 m1=0.000 m2=0.020 m3=0.000 m4=0.000 m5=0.000 p=0.000 cloud=PRE overlap=NO -> SAFE
[EDGE-Z2-ENSEMBLE] CID:22 m1=0.000 m2=0.020 m3=0.000 m4=0.000 m5=0.000 p=0.000 cloud=PRE overlap=NO -> SAFE
[EDGE-Z2-ENSEMBLE] CID:7 m1=0.000 m2=0.020 m3=0.000 m4=0.000 m5=0.000 p=0.000 cloud=PRE overlap=NO -> SAFE
[EDGE-Z2-ENSEMBLE] CID:13 m1=0.000 m2=0.020 m3=0.000 m4=0.000 m5=0.000 p=0.000 cloud=PRE overlap=NO -> SAFE
[EDGE-Z2-ENSEMBLE] CID:11 m1=0.000 m2=0.020 m3=0.000 m4=0.000 m5=0.000 p=0.000 cloud=PRE overlap=NO -> SAFE
[EDGE-Z2-ENSEMBLE] CID:25 m1=0.683 m2=0.020 m3=0.000 m4=0.000 m5=0.029 p=0.194 cloud=PRE overlap=NO -> WARN
[EDGE-Z2-ENSEMBLE] CID:19 m1=0.000 m2=0.020 m3=0.000 m4=0.000 m5=0.000 p=0.000 cloud=PRE overlap=NO -> SAFE
[EDGE-Z2-ENSEMBLE] CID:12 m1=0.000 m2=0.020 m3=0.000 m4=0.000 m5=0.000 p=0.000 cloud=PRE overlap=NO -> SAFE
[EDGE-Z2] HANDOVER_LOAD  CID:0     from_Z1  safe_wins_raw=25 decayed=8 decay=0.30 probationK=8  ban_str=0  warn_str=0  verdict=SAFE  spd_seeded=10  ts_seeded=10
[EDGE-Z2] HANDOVER_LOAD  CID:1     from_Z1  safe_wins_raw=21 decayed=6 decay=0.30 probationK=8  ban_str=0  warn_str=0  verdict=SAFE  spd_seeded=10  ts_seeded=10
[EDGE-Z2] HANDOVER_LOAD  CID:2     from_Z1  safe_wins_raw=134 decayed=40 decay=0.30 probationK=8  ban_str=0  warn_str=0  verdict=SAFE  spd_seeded=10  ts_seeded=10
[EDGE-Z2] HANDOVER_LOAD  CID:3     from_Z1  safe_wins_raw=2 decayed=1 decay=0.30 probationK=8  ban_str=1  warn_str=0  verdict=BAN  spd_seeded=10  ts_seeded=10
[EDGE-Z2] HANDOVER_LOAD  CID:4     from_Z1  safe_wins_raw=2 decayed=1 decay=0.30 probationK=8  ban_str=1  warn_str=0  verdict=BAN  spd_seeded=10  ts_seeded=10
[EDGE-Z2] HANDOVER_LOAD  CID:5     from_Z1  safe_wins_raw=18 decayed=5 decay=0.30 probationK=8  ban_str=0  warn_str=0  verdict=SAFE  spd_seeded=10  ts_seeded=10
[EDGE-Z2] HANDOVER_LOAD  CID:6     from_Z1  safe_wins_raw=2 decayed=1 decay=0.30 probationK=8  ban_str=1  warn_str=0  verdict=BAN  spd_seeded=10  ts_seeded=10
[EDGE-Z2] HANDOVER_LOAD  CID:7     from_Z1  safe_wins_raw=132 decayed=40 decay=0.30 probationK=8  ban_str=0  warn_str=0  verdict=SAFE  spd_seeded=10  ts_seeded=10
[EDGE-Z2] HANDOVER_LOAD  CID:8     from_Z1  safe_wins_raw=1 decayed=0 decay=0.30 probationK=8  ban_str=1  warn_str=0  verdict=BAN  spd_seeded=10  ts_seeded=10
[EDGE-Z2] HANDOVER_LOAD  CID:9     from_Z1  safe_wins_raw=2 decayed=1 decay=0.30 probationK=8  ban_str=1  warn_str=0  verdict=BAN  spd_seeded=10  ts_seeded=10
[EDGE-Z2] HANDOVER_LOAD  CID:10    from_Z1  safe_wins_raw=2 decayed=1 decay=0.30 probationK=8  ban_str=1  warn_str=0  verdict=BAN  spd_seeded=10  ts_seeded=10
[EDGE-Z2] HANDOVER_LOAD  CID:11    from_Z1  safe_wins_raw=129 decayed=39 decay=0.30 probationK=8  ban_str=0  warn_str=0  verdict=SAFE  spd_seeded=10  ts_seeded=10
[EDGE-Z2] HANDOVER_LOAD  CID:12    from_Z1  safe_wins_raw=131 decayed=39 decay=0.30 probationK=8  ban_str=0  warn_str=0  verdict=SAFE  spd_seeded=10  ts_seeded=10
[EDGE-Z2] HANDOVER_LOAD  CID:13    from_Z1  safe_wins_raw=128 decayed=38 decay=0.30 probationK=8  ban_str=0  warn_str=0  verdict=SAFE  spd_seeded=10  ts_seeded=10
[EDGE-Z2] HANDOVER_LOAD  CID:14    from_Z1  safe_wins_raw=2 decayed=1 decay=0.30 probationK=8  ban_str=1  warn_str=0  verdict=BAN  spd_seeded=10  ts_seeded=10
[EDGE-Z2] HANDOVER_LOAD  CID:15    from_Z1  safe_wins_raw=2 decayed=1 decay=0.30 probationK=8  ban_str=1  warn_str=0  verdict=BAN  spd_seeded=10  ts_seeded=10
[EDGE-Z2] HANDOVER_LOAD  CID:16    from_Z1  safe_wins_raw=2 decayed=1 decay=0.30 probationK=8  ban_str=1  warn_str=0  verdict=BAN  spd_seeded=10  ts_seeded=10
[EDGE-Z2] HANDOVER_LOAD  CID:17    from_Z1  safe_wins_raw=126 decayed=38 decay=0.30 probationK=8  ban_str=0  warn_str=0  verdict=SAFE  spd_seeded=10  ts_seeded=10
[EDGE-Z2] HANDOVER_LOAD  CID:18    from_Z1  safe_wins_raw=129 decayed=39 decay=0.30 probationK=8  ban_str=0  warn_str=0  verdict=SAFE  spd_seeded=10  ts_seeded=10
[EDGE-Z2] HANDOVER_LOAD  CID:19    from_Z1  safe_wins_raw=126 decayed=38 decay=0.30 probationK=8  ban_str=0  warn_str=0  verdict=SAFE  spd_seeded=10  ts_seeded=10
[EDGE-Z2] HANDOVER_LOAD  CID:20    from_Z1  safe_wins_raw=126 decayed=38 decay=0.30 probationK=8  ban_str=0  warn_str=0  verdict=SAFE  spd_seeded=10  ts_seeded=10
[EDGE-Z2] HANDOVER_LOAD  CID:21    from_Z1  safe_wins_raw=2 decayed=1 decay=0.30 probationK=8  ban_str=1  warn_str=0  verdict=BAN  spd_seeded=10  ts_seeded=10
[EDGE-Z2] HANDOVER_LOAD  CID:22    from_Z1  safe_wins_raw=124 decayed=37 decay=0.30 probationK=8  ban_str=0  warn_str=0  verdict=SAFE  spd_seeded=10  ts_seeded=10
[EDGE-Z2] HANDOVER_LOAD  CID:23    from_Z1  safe_wins_raw=2 decayed=1 decay=0.30 probationK=8  ban_str=1  warn_str=0  verdict=BAN  spd_seeded=10  ts_seeded=10
[EDGE-Z2] HANDOVER_LOAD  CID:24    from_Z1  safe_wins_raw=2 decayed=1 decay=0.30 probationK=8  ban_str=1  warn_str=0  verdict=BAN  spd_seeded=10  ts_seeded=10
[EDGE-Z2] HANDOVER_LOAD  CID:25    from_Z1  safe_wins_raw=123 decayed=37 decay=0.30 probationK=8  ban_str=0  warn_str=0  verdict=SAFE  spd_seeded=10  ts_seeded=10
[EDGE-Z2] HANDOVER_LOAD  CID:26    from_Z1  safe_wins_raw=123 decayed=37 decay=0.30 probationK=8  ban_str=0  warn_str=0  verdict=SAFE  spd_seeded=10  ts_seeded=10
[EDGE-Z2] HANDOVER_LOAD  CID:27    from_Z1  safe_wins_raw=2 decayed=1 decay=0.30 probationK=8  ban_str=1  warn_str=0  verdict=BAN  spd_seeded=10  ts_seeded=10
[EDGE-Z2] HANDOVER_LOAD  CID:28    from_Z1  safe_wins_raw=2 decayed=1 decay=0.30 probationK=8  ban_str=1  warn_str=0  verdict=BAN  spd_seeded=10  ts_seeded=10
[EDGE-Z2] HANDOVER_LOAD  CID:29    from_Z1  safe_wins_raw=2 decayed=1 decay=0.30 probationK=8  ban_str=1  warn_str=0  verdict=BAN  spd_seeded=8  ts_seeded=8
[EDGE-Z2-ENSEMBLE] CID:18 m1=0.000 m2=0.020 m3=0.000 m4=0.000 m5=0.000 p=0.000 cloud=PRE overlap=YES -> SAFE
[EDGE-Z2-ENSEMBLE] CID:17 m1=0.000 m2=0.020 m3=0.000 m4=0.000 m5=0.000 p=0.000 cloud=PRE overlap=YES -> SAFE
[EDGE-Z2-ENSEMBLE] CID:2 m1=0.000 m2=0.020 m3=0.000 m4=0.000 m5=0.000 p=0.000 cloud=PRE overlap=YES -> SAFE
[EDGE-Z2-ENSEMBLE] CID:26 m1=0.000 m2=0.020 m3=0.000 m4=0.000 m5=0.000 p=0.000 cloud=PRE overlap=YES -> SAFE
[EDGE-Z2-ENSEMBLE] CID:22 m1=0.000 m2=0.020 m3=0.000 m4=0.000 m5=0.000 p=0.000 cloud=PRE overlap=YES -> SAFE
[EDGE-Z2-ENSEMBLE] CID:7 m1=0.000 m2=0.020 m3=0.000 m4=0.000 m5=0.000 p=0.000 cloud=PRE overlap=YES -> SAFE
[EDGE-Z2-ENSEMBLE] CID:13 m1=0.000 m2=0.020 m3=0.000 m4=0.000 m5=0.000 p=0.000 cloud=PRE overlap=YES -> SAFE
[EDGE-Z2-ENSEMBLE] CID:11 m1=0.000 m2=0.020 m3=0.000 m4=0.000 m5=0.000 p=0.000 cloud=PRE overlap=YES -> SAFE
[EDGE-Z2-ENSEMBLE] CID:25 m1=0.655 m2=0.020 m3=0.000 m4=0.000 m5=0.000 p=0.182 cloud=PRE overlap=YES -> WARN
[EDGE-Z2-ENSEMBLE] CID:19 m1=0.000 m2=0.020 m3=0.000 m4=0.000 m5=0.000 p=0.000 cloud=PRE overlap=YES -> SAFE
[EDGE-Z2-ENSEMBLE] CID:12 m1=0.000 m2=0.020 m3=0.000 m4=0.000 m5=0.000 p=0.000 cloud=PRE overlap=YES -> SAFE
[EDGE-Z2-ENSEMBLE] CID:18 m1=0.000 m2=0.020 m3=0.000 m4=0.000 m5=0.000 p=0.000 cloud=PRE overlap=YES -> SAFE
[EDGE-Z2-ENSEMBLE] CID:17 m1=0.000 m2=0.020 m3=0.000 m4=0.000 m5=0.000 p=0.000 cloud=PRE overlap=YES -> SAFE
[EDGE-Z2-ENSEMBLE] CID:2 m1=0.000 m2=0.020 m3=0.000 m4=0.000 m5=0.000 p=0.000 cloud=PRE overlap=YES -> SAFE
[EDGE-Z2-ENSEMBLE] CID:26 m1=0.000 m2=0.020 m3=0.000 m4=0.000 m5=0.000 p=0.000 cloud=PRE overlap=YES -> SAFE
[EDGE-Z2-ENSEMBLE] CID:22 m1=0.000 m2=0.020 m3=0.000 m4=0.000 m5=0.000 p=0.000 cloud=PRE overlap=YES -> SAFE
[EDGE-Z2-ENSEMBLE] CID:7 m1=0.000 m2=0.020 m3=0.000 m4=0.000 m5=0.000 p=0.000 cloud=PRE overlap=YES -> SAFE
[EDGE-Z2-ENSEMBLE] CID:13 m1=0.000 m2=0.020 m3=0.000 m4=0.000 m5=0.000 p=0.000 cloud=PRE overlap=YES -> SAFE
[EDGE-Z2-ENSEMBLE] CID:11 m1=0.000 m2=0.020 m3=0.000 m4=0.000 m5=0.000 p=0.000 cloud=PRE overlap=YES -> SAFE
[EDGE-Z2-ENSEMBLE] CID:25 m1=0.659 m2=0.020 m3=0.000 m4=0.000 m5=0.023 p=0.186 cloud=PRE overlap=YES -> WARN
[EDGE-Z2-ENSEMBLE] CID:19 m1=0.000 m2=0.020 m3=0.000 m4=0.000 m5=0.000 p=0.000 cloud=PRE overlap=YES -> SAFE
[EDGE-Z2-ENSEMBLE] CID:12 m1=0.000 m2=0.020 m3=0.000 m4=0.000 m5=0.000 p=0.000 cloud=PRE overlap=YES -> SAFE
[EDGE-Z2-ENSEMBLE] CID:18 m1=0.000 m2=0.020 m3=0.000 m4=0.000 m5=0.000 p=0.000 cloud=PRE overlap=YES -> SAFE
[EDGE-Z2-ENSEMBLE] CID:17 m1=0.000 m2=0.020 m3=0.000 m4=0.000 m5=0.000 p=0.000 cloud=PRE overlap=YES -> SAFE
[EDGE-Z2-ENSEMBLE] CID:2 m1=0.000 m2=0.020 m3=0.550 m4=0.000 m5=0.000 p=0.104 cloud=PRE overlap=YES -> SAFE
[EDGE-Z2-ENSEMBLE] CID:26 m1=0.000 m2=0.020 m3=0.000 m4=0.000 m5=0.000 p=0.000 cloud=PRE overlap=YES -> SAFE
[EDGE-Z2-ENSEMBLE] CID:7 m1=0.000 m2=0.020 m3=0.000 m4=0.000 m5=0.000 p=0.000 cloud=PRE overlap=YES -> SAFE
[EDGE-Z2-ENSEMBLE] CID:13 m1=0.000 m2=0.020 m3=0.000 m4=0.000 m5=0.000 p=0.000 cloud=PRE overlap=YES -> SAFE
[EDGE-Z2-ENSEMBLE] CID:11 m1=0.000 m2=0.020 m3=0.000 m4=0.000 m5=0.000 p=0.000 cloud=PRE overlap=YES -> SAFE
[EDGE-Z2-ENSEMBLE] CID:25 m1=0.651 m2=0.020 m3=0.000 m4=0.000 m5=0.050 p=0.188 cloud=PRE overlap=YES -> WARN
[EDGE-Z2-ENSEMBLE] CID:19 m1=0.000 m2=0.020 m3=0.000 m4=0.000 m5=0.000 p=0.000 cloud=PRE overlap=YES -> SAFE
[EDGE-Z2-ENSEMBLE] CID:12 m1=0.000 m2=0.020 m3=0.000 m4=0.000 m5=0.000 p=0.000 cloud=PRE overlap=YES -> SAFE
[EDGE-Z2-ENSEMBLE] CID:18 m1=0.000 m2=0.020 m3=0.000 m4=0.000 m5=0.000 p=0.000 cloud=PRE overlap=YES -> SAFE
[EDGE-Z2-ENSEMBLE] CID:17 m1=0.000 m2=0.020 m3=0.000 m4=0.000 m5=0.000 p=0.000 cloud=PRE overlap=YES -> SAFE
[EDGE-Z2-ENSEMBLE] CID:2 m1=0.000 m2=0.020 m3=0.040 m4=0.000 m5=0.000 p=0.000 cloud=PRE overlap=YES -> SAFE
[EDGE-Z2-ENSEMBLE] CID:26 m1=0.663 m2=0.020 m3=0.000 m4=0.000 m5=0.003 p=0.176 cloud=PRE overlap=YES -> WARN
[EDGE-Z2-ENSEMBLE] CID:22 m1=0.000 m2=0.020 m3=0.000 m4=0.000 m5=0.000 p=0.000 cloud=PRE overlap=YES -> SAFE
[EDGE-Z2-ENSEMBLE] CID:7 m1=0.000 m2=0.020 m3=0.000 m4=0.000 m5=0.000 p=0.000 cloud=PRE overlap=YES -> SAFE
[EDGE-Z2-ENSEMBLE] CID:13 m1=0.000 m2=0.020 m3=0.000 m4=0.000 m5=0.000 p=0.000 cloud=PRE overlap=YES -> SAFE
[EDGE-Z2-ENSEMBLE] CID:11 m1=0.675 m2=0.020 m3=0.000 m4=0.000 m5=0.000 p=0.179 cloud=PRE overlap=YES -> WARN
[EDGE-Z2-ENSEMBLE] CID:25 m1=0.659 m2=0.020 m3=0.000 m4=0.000 m5=0.074 p=0.193 cloud=PRE overlap=YES -> WARN
[EDGE-Z2-ENSEMBLE] CID:19 m1=0.000 m2=0.020 m3=0.000 m4=0.000 m5=0.000 p=0.000 cloud=PRE overlap=YES -> SAFE
[EDGE-Z2-ENSEMBLE] CID:12 m1=0.000 m2=0.020 m3=0.000 m4=0.000 m5=0.000 p=0.000 cloud=PRE overlap=YES -> SAFE
[EDGE-Z2-ENSEMBLE] CID:18 m1=0.000 m2=0.020 m3=0.000 m4=0.000 m5=0.000 p=0.000 cloud=PRE overlap=YES -> SAFE
[EDGE-Z2-ENSEMBLE] CID:17 m1=0.000 m2=0.020 m3=0.000 m4=0.000 m5=0.000 p=0.000 cloud=PRE overlap=YES -> SAFE
[EDGE-Z2-ENSEMBLE] CID:2 m1=0.000 m2=0.020 m3=0.040 m4=0.000 m5=0.000 p=0.000 cloud=PRE overlap=YES -> SAFE
[EDGE-Z2-ENSEMBLE] CID:26 m1=0.672 m2=0.020 m3=0.000 m4=0.000 m5=0.029 p=0.191 cloud=PRE overlap=YES -> WARN
[EDGE-Z2-ENSEMBLE] CID:22 m1=0.000 m2=0.020 m3=0.000 m4=0.000 m5=0.000 p=0.000 cloud=PRE overlap=YES -> SAFE
[EDGE-Z2-ENSEMBLE] CID:7 m1=0.000 m2=0.020 m3=0.000 m4=0.000 m5=0.000 p=0.000 cloud=PRE overlap=YES -> SAFE
[EDGE-Z2-ENSEMBLE] CID:11 m1=0.670 m2=0.020 m3=0.000 m4=0.000 m5=0.027 p=0.190 cloud=PRE overlap=YES -> WARN
[EDGE-Z2-ENSEMBLE] CID:13 m1=0.000 m2=0.020 m3=0.000 m4=0.000 m5=0.000 p=0.000 cloud=PRE overlap=YES -> SAFE
[EDGE-Z2-ENSEMBLE] CID:25 m1=0.679 m2=0.020 m3=0.000 m4=0.000 m5=0.103 p=0.203 cloud=PRE overlap=YES -> WARN
[EDGE-Z2-ENSEMBLE] CID:19 m1=0.000 m2=0.020 m3=0.000 m4=0.000 m5=0.000 p=0.000 cloud=PRE overlap=YES -> SAFE
[EDGE-Z2-ENSEMBLE] CID:12 m1=0.000 m2=0.020 m3=0.000 m4=0.000 m5=0.000 p=0.000 cloud=PRE overlap=YES -> SAFE
[EDGE-CALIB] Received calibration: attack=ts_replay conf=0.85
[EDGE-CALIB] Applied: W2: 0.1830→0.1840 (Δ0.0200)  ZONE_MAL: 0.300→0.300
[EDGE-CALIB] New weights: W1=0.272 W2=0.184 W3=0.227 W4=0.181 W5=0.136
[EDGE-Z2-ENSEMBLE] CID:17 m1=0.000 m2=0.020 m3=0.000 m4=0.000 m5=0.000 p=0.000 cloud=PRE overlap=YES -> SAFE
[EDGE-Z2-ENSEMBLE] CID:2 m1=0.000 m2=0.020 m3=0.040 m4=0.000 m5=0.000 p=0.000 cloud=PRE overlap=YES -> SAFE
[EDGE-Z2-ENSEMBLE] CID:26 m1=0.655 m2=0.020 m3=0.000 m4=0.000 m5=0.052 p=0.189 cloud=PRE overlap=YES -> WARN
[EDGE-Z2-ENSEMBLE] CID:22 m1=0.000 m2=0.020 m3=0.000 m4=0.000 m5=0.000 p=0.000 cloud=PRE overlap=YES -> SAFE
[EDGE-Z2-ENSEMBLE] CID:7 m1=0.000 m2=0.020 m3=0.000 m4=0.000 m5=0.000 p=0.000 cloud=PRE overlap=YES -> SAFE
[EDGE-Z2-ENSEMBLE] CID:13 m1=0.000 m2=0.020 m3=0.000 m4=0.000 m5=0.000 p=0.000 cloud=PRE overlap=YES -> SAFE
[EDGE-Z2-ENSEMBLE] CID:11 m1=0.659 m2=0.020 m3=0.000 m4=0.000 m5=0.050 p=0.190 cloud=PRE overlap=YES -> WARN
[EDGE-Z2-ENSEMBLE] CID:25 m1=0.681 m2=0.020 m3=0.000 m4=0.000 m5=0.108 p=0.204 cloud=PRE overlap=YES -> WARN
[EDGE-Z2-ENSEMBLE] CID:19 m1=0.000 m2=0.020 m3=0.000 m4=0.000 m5=0.000 p=0.000 cloud=PRE overlap=YES -> SAFE
[EDGE-Z2-ENSEMBLE] CID:12 m1=0.000 m2=0.020 m3=0.000 m4=0.000 m5=0.000 p=0.000 cloud=PRE overlap=YES -> SAFE
[EDGE-Z2-ENSEMBLE] CID:17 m1=0.000 m2=0.020 m3=0.000 m4=0.000 m5=0.000 p=0.000 cloud=PRE overlap=YES -> SAFE
[EDGE-Z2-ENSEMBLE] CID:2 m1=0.000 m2=0.020 m3=0.000 m4=0.000 m5=0.000 p=0.000 cloud=PRE overlap=YES -> SAFE
[EDGE-Z2-ENSEMBLE] CID:26 m1=0.675 m2=0.020 m3=0.000 m4=0.000 m5=0.082 p=0.198 cloud=PRE overlap=YES -> WARN
[EDGE-Z2-ENSEMBLE] CID:22 m1=0.000 m2=0.020 m3=0.000 m4=0.000 m5=0.000 p=0.000 cloud=PRE overlap=YES -> SAFE
[EDGE-Z2-ENSEMBLE] CID:7 m1=0.000 m2=0.020 m3=0.000 m4=0.000 m5=0.000 p=0.000 cloud=PRE overlap=YES -> SAFE
[EDGE-Z2-ENSEMBLE] CID:13 m1=0.000 m2=0.020 m3=0.000 m4=0.000 m5=0.000 p=0.000 cloud=PRE overlap=YES -> SAFE
[EDGE-Z2-ENSEMBLE] CID:11 m1=0.670 m2=0.020 m3=0.000 m4=0.000 m5=0.079 p=0.197 cloud=PRE overlap=YES -> WARN
[EDGE-Z2-ENSEMBLE] CID:25 m1=0.675 m2=0.020 m3=0.000 m4=0.000 m5=0.111 p=0.202 cloud=PRE overlap=YES -> WARN
[EDGE-Z2-ENSEMBLE] CID:12 m1=0.655 m2=0.020 m3=0.000 m4=0.000 m5=0.000 p=0.173 cloud=PRE overlap=YES -> WARN
[EDGE-Z2-ENSEMBLE] CID:17 m1=0.655 m2=0.020 m3=0.000 m4=0.000 m5=0.000 p=0.147 cloud=PRE overlap=YES -> SAFE
[EDGE-Z2-ENSEMBLE] CID:2 m1=0.683 m2=0.020 m3=0.000 m4=0.000 m5=0.000 p=0.154 cloud=PRE overlap=YES -> WARN
[EDGE-Z2-ENSEMBLE] CID:26 m1=0.675 m2=0.020 m3=0.000 m4=0.000 m5=0.108 p=0.202 cloud=PRE overlap=YES -> WARN
[EDGE-Z2-ENSEMBLE] CID:22 m1=0.659 m2=0.020 m3=0.000 m4=0.000 m5=0.000 p=0.174 cloud=PRE overlap=YES -> WARN
[EDGE-Z2-ENSEMBLE] CID:7 m1=0.681 m2=0.020 m3=0.000 m4=0.000 m5=0.001 p=0.154 cloud=PRE overlap=YES -> WARN
[EDGE-Z2-ENSEMBLE] CID:13 m1=0.000 m2=0.020 m3=0.000 m4=0.000 m5=0.000 p=0.000 cloud=PRE overlap=YES -> SAFE
[EDGE-Z2-ENSEMBLE] CID:11 m1=0.666 m2=0.020 m3=0.000 m4=0.000 m5=0.107 p=0.200 cloud=PRE overlap=YES -> WARN
[EDGE-Z2-ENSEMBLE] CID:25 m1=0.677 m2=0.020 m3=0.000 m4=0.000 m5=0.114 p=0.203 cloud=PRE overlap=YES -> WARN
[EDGE-Z2-ENSEMBLE] CID:12 m1=0.681 m2=0.020 m3=0.000 m4=0.000 m5=0.023 p=0.192 cloud=PRE overlap=YES -> WARN
[EDGE-Z2-ENSEMBLE] CID:17 m1=0.683 m2=0.020 m3=0.000 m4=0.000 m5=0.032 p=0.159 cloud=PRE overlap=YES -> WARN
[EDGE-Z2-ENSEMBLE] CID:2 m1=0.672 m2=0.020 m3=0.000 m4=0.000 m5=0.026 p=0.190 cloud=PRE overlap=YES -> WARN
[EDGE-Z2-ENSEMBLE] CID:26 m1=0.670 m2=0.020 m3=0.000 m4=0.000 m5=0.109 p=0.201 cloud=PRE overlap=YES -> WARN
[EDGE-Z2-ENSEMBLE] CID:22 m1=0.670 m2=0.020 m3=0.000 m4=0.000 m5=0.022 p=0.189 cloud=PRE overlap=YES -> WARN
[EDGE-Z2-ENSEMBLE] CID:7 m1=0.663 m2=0.020 m3=0.000 m4=0.000 m5=0.027 p=0.188 cloud=PRE overlap=YES -> WARN
[EDGE-Z2-ENSEMBLE] CID:13 m1=0.000 m2=0.020 m3=0.000 m4=0.000 m5=0.000 p=0.000 cloud=PRE overlap=YES -> SAFE
[EDGE-Z2-ENSEMBLE] CID:11 m1=0.675 m2=0.020 m3=0.000 m4=0.000 m5=0.107 p=0.202 cloud=PRE overlap=YES -> WARN
[EDGE-Z2-ENSEMBLE] CID:25 m1=0.672 m2=0.020 m3=0.000 m4=0.000 m5=0.117 p=0.202 cloud=PRE overlap=YES -> WARN
[EDGE-Z2-ENSEMBLE] CID:12 m1=0.663 m2=0.020 m3=0.000 m4=0.000 m5=0.052 p=0.191 cloud=PRE overlap=YES -> WARN
[EDGE-Z2-ENSEMBLE] CID:17 m1=0.666 m2=0.020 m3=0.000 m4=0.000 m5=0.057 p=0.193 cloud=PRE overlap=YES -> WARN
[EDGE-Z2-ENSEMBLE] CID:2 m1=0.675 m2=0.020 m3=0.000 m4=0.000 m5=0.055 p=0.195 cloud=PRE overlap=YES -> WARN
[EDGE-Z2-ENSEMBLE] CID:26 m1=0.655 m2=0.020 m3=0.000 m4=0.000 m5=0.106 p=0.196 cloud=PRE overlap=YES -> WARN
[EDGE-Z2-ENSEMBLE] CID:22 m1=0.663 m2=0.020 m3=0.000 m4=0.000 m5=0.051 p=0.191 cloud=PRE overlap=YES -> WARN
[EDGE-Z2-ENSEMBLE] CID:7 m1=0.675 m2=0.020 m3=0.000 m4=0.000 m5=0.056 p=0.195 cloud=PRE overlap=YES -> WARN
[EDGE-Z2-ENSEMBLE] CID:13 m1=0.000 m2=0.020 m3=0.000 m4=0.000 m5=0.000 p=0.000 cloud=PRE overlap=YES -> SAFE
[EDGE-Z2-ENSEMBLE] CID:11 m1=0.681 m2=0.020 m3=0.000 m4=0.000 m5=0.110 p=0.204 cloud=PRE overlap=YES -> WARN
[EDGE-Z2-ENSEMBLE] CID:25 m1=0.659 m2=0.020 m3=0.000 m4=0.000 m5=0.113 p=0.198 cloud=PRE overlap=YES -> WARN
[EDGE-Z2-ENSEMBLE] CID:12 m1=0.666 m2=0.020 m3=0.000 m4=0.000 m5=0.079 p=0.196 cloud=PRE overlap=YES -> WARN
[EDGE-Z2-ENSEMBLE] CID:17 m1=0.679 m2=0.020 m3=0.000 m4=0.000 m5=0.085 p=0.200 cloud=PRE overlap=YES -> WARN
[EDGE-Z2-ENSEMBLE] CID:2 m1=0.666 m2=0.020 m3=0.000 m4=0.000 m5=0.083 p=0.196 cloud=PRE overlap=YES -> WARN
[EDGE-Z2-ENSEMBLE] CID:26 m1=0.679 m2=0.020 m3=0.000 m4=0.000 m5=0.111 p=0.204 cloud=PRE overlap=YES -> WARN
[EDGE-Z2-ENSEMBLE] CID:7 m1=0.672 m2=0.020 m3=0.000 m4=0.000 m5=0.085 p=0.198 cloud=PRE overlap=YES -> WARN
[EDGE-Z2-ENSEMBLE] CID:11 m1=0.666 m2=0.020 m3=0.000 m4=0.000 m5=0.111 p=0.200 cloud=PRE overlap=YES -> WARN
[EDGE-Z2-ENSEMBLE] CID:25 m1=0.655 m2=0.020 m3=0.000 m4=0.000 m5=0.108 p=0.197 cloud=PRE overlap=YES -> WARN
[EDGE-Z2-ENSEMBLE] CID:13 m1=0.000 m2=0.020 m3=0.000 m4=0.000 m5=0.000 p=0.000 cloud=PRE overlap=YES -> SAFE
[EDGE-Z2-ENSEMBLE] CID:12 m1=0.666 m2=0.020 m3=0.000 m4=0.000 m5=0.107 p=0.200 cloud=PRE overlap=YES -> WARN
[EDGE-Z2-ENSEMBLE] CID:2 m1=0.672 m2=0.020 m3=0.000 m4=0.000 m5=0.113 p=0.202 cloud=PRE overlap=YES -> WARN
[EDGE-Z2-ENSEMBLE] CID:26 m1=0.672 m2=0.020 m3=0.000 m4=0.000 m5=0.110 p=0.202 cloud=PRE overlap=YES -> WARN
[EDGE-Z2-ENSEMBLE] CID:7 m1=0.663 m2=0.020 m3=0.000 m4=0.000 m5=0.111 p=0.199 cloud=PRE overlap=YES -> WARN
[EDGE-Z2-ENSEMBLE] CID:11 m1=0.666 m2=0.020 m3=0.000 m4=0.000 m5=0.111 p=0.200 cloud=PRE overlap=YES -> WARN
[EDGE-Z2-ENSEMBLE] CID:25 m1=0.675 m2=0.020 m3=0.000 m4=0.000 m5=0.108 p=0.202 cloud=PRE overlap=YES -> WARN
[EDGE-Z2-ENSEMBLE] CID:12 m1=0.663 m2=0.020 m3=0.000 m4=0.000 m5=0.108 p=0.199 cloud=PRE overlap=YES -> WARN
[EDGE-Z2-ENSEMBLE] CID:2 m1=0.677 m2=0.020 m3=0.000 m4=0.000 m5=0.112 p=0.203 cloud=PRE overlap=YES -> WARN
[EDGE-Z2-ENSEMBLE] CID:26 m1=0.675 m2=0.020 m3=0.000 m4=0.000 m5=0.110 p=0.202 cloud=PRE overlap=YES -> WARN
[EDGE-Z2-ENSEMBLE] CID:7 m1=0.670 m2=0.020 m3=0.000 m4=0.000 m5=0.108 p=0.201 cloud=PRE overlap=YES -> WARN
[EDGE-Z2-ENSEMBLE] CID:11 m1=0.675 m2=0.020 m3=0.000 m4=0.000 m5=0.112 p=0.203 cloud=PRE overlap=YES -> WARN
[EDGE-Z2-ENSEMBLE] CID:25 m1=0.663 m2=0.020 m3=0.000 m4=0.000 m5=0.105 p=0.198 cloud=PRE overlap=YES -> WARN
[EDGE-Z2-ENSEMBLE] CID:12 m1=0.681 m2=0.020 m3=0.000 m4=0.000 m5=0.108 p=0.204 cloud=PRE overlap=YES -> WARN
[EDGE-Z2-ENSEMBLE] CID:2 m1=0.655 m2=0.020 m3=0.000 m4=0.000 m5=0.109 p=0.197 cloud=PRE overlap=YES -> WARN
[EDGE-Z2-ENSEMBLE] CID:26 m1=0.675 m2=0.020 m3=0.000 m4=0.000 m5=0.111 p=0.202 cloud=PRE overlap=YES -> WARN
[EDGE-Z2-ENSEMBLE] CID:7 m1=0.681 m2=0.020 m3=0.000 m4=0.000 m5=0.112 p=0.204 cloud=PRE overlap=YES -> WARN
[EDGE-Z2-ENSEMBLE] CID:11 m1=0.681 m2=0.020 m3=0.000 m4=0.000 m5=0.114 p=0.205 cloud=PRE overlap=YES -> WARN
[EDGE-Z2-ENSEMBLE] CID:25 m1=0.666 m2=0.020 m3=0.000 m4=0.000 m5=0.104 p=0.199 cloud=PRE overlap=YES -> WARN
[EDGE-Z2-ENSEMBLE] CID:12 m1=0.675 m2=0.020 m3=0.000 m4=0.000 m5=0.110 p=0.202 cloud=PRE overlap=YES -> WARN
[EDGE-Z2-ENSEMBLE] CID:2 m1=0.675 m2=0.020 m3=0.000 m4=0.000 m5=0.109 p=0.202 cloud=PRE overlap=YES -> WARN
[EDGE-Z2-ENSEMBLE] CID:26 m1=0.663 m2=0.020 m3=0.000 m4=0.000 m5=0.112 p=0.199 cloud=PRE overlap=YES -> WARN
[EDGE-Z2-ENSEMBLE] CID:7 m1=0.659 m2=0.020 m3=0.000 m4=0.000 m5=0.109 p=0.198 cloud=PRE overlap=YES -> WARN
[EDGE-Z2-ENSEMBLE] CID:11 m1=0.677 m2=0.020 m3=0.000 m4=0.000 m5=0.113 p=0.203 cloud=PRE overlap=YES -> WARN
[EDGE-Z2-ENSEMBLE] CID:25 m1=0.679 m2=0.020 m3=0.000 m4=0.000 m5=0.108 p=0.203 cloud=PRE overlap=YES -> WARN
[EDGE-Z2-ENSEMBLE] CID:12 m1=0.679 m2=0.020 m3=0.000 m4=0.000 m5=0.113 p=0.204 cloud=PRE overlap=YES -> WARN
[EDGE-Z2-ENSEMBLE] CID:2 m1=0.666 m2=0.020 m3=0.000 m4=0.000 m5=0.109 p=0.200 cloud=PRE overlap=YES -> WARN
[EDGE-Z2-ENSEMBLE] CID:26 m1=0.659 m2=0.020 m3=0.000 m4=0.000 m5=0.108 p=0.198 cloud=PRE overlap=YES -> WARN
[EDGE-Z2-ENSEMBLE] CID:7 m1=0.679 m2=0.020 m3=0.000 m4=0.000 m5=0.111 p=0.204 cloud=PRE overlap=YES -> WARN
[EDGE-Z2-ENSEMBLE] CID:11 m1=0.659 m2=0.020 m3=0.000 m4=0.000 m5=0.112 p=0.198 cloud=PRE overlap=YES -> WARN
[EDGE-Z2-ENSEMBLE] CID:25 m1=0.666 m2=0.020 m3=0.000 m4=0.000 m5=0.109 p=0.200 cloud=PRE overlap=YES -> WARN
[EDGE-Z2-ENSEMBLE] CID:12 m1=0.677 m2=0.020 m3=0.000 m4=0.000 m5=0.115 p=0.204 cloud=PRE overlap=YES -> WARN
[EDGE-Z2-ENSEMBLE] CID:2 m1=0.670 m2=0.020 m3=0.000 m4=0.000 m5=0.108 p=0.201 cloud=PRE overlap=YES -> WARN
[EDGE-Z2-ENSEMBLE] CID:26 m1=0.663 m2=0.020 m3=0.000 m4=0.000 m5=0.107 p=0.199 cloud=PRE overlap=YES -> WARN
[EDGE-Z2-ENSEMBLE] CID:11 m1=0.677 m2=0.020 m3=0.000 m4=0.000 m5=0.114 p=0.203 cloud=PRE overlap=YES -> WARN
[EDGE-Z2-ENSEMBLE] CID:25 m1=0.679 m2=0.020 m3=0.000 m4=0.000 m5=0.111 p=0.204 cloud=PRE overlap=YES -> WARN
[EDGE-Z2-ENSEMBLE] CID:2 m1=0.675 m2=0.020 m3=0.000 m4=0.000 m5=0.108 p=0.202 cloud=PRE overlap=YES -> WARN
[EDGE-Z2-ENSEMBLE] CID:26 m1=0.659 m2=0.020 m3=0.000 m4=0.000 m5=0.104 p=0.197 cloud=PRE overlap=YES -> WARN
[EDGE-Z2-ENSEMBLE] CID:11 m1=0.679 m2=0.020 m3=0.000 m4=0.000 m5=0.115 p=0.204 cloud=PRE overlap=YES -> WARN
[EDGE-Z2-ENSEMBLE] CID:25 m1=0.681 m2=0.020 m3=0.000 m4=0.000 m5=0.114 p=0.205 cloud=PRE overlap=YES -> WARN
[EDGE-Z2-ENSEMBLE] CID:2 m1=0.000 m2=0.020 m3=0.000 m4=0.000 m5=0.083 p=0.015 cloud=PRE overlap=YES -> SAFE
[EDGE-Z2-ENSEMBLE] CID:26 m1=0.670 m2=0.020 m3=0.000 m4=0.000 m5=0.103 p=0.200 cloud=PRE overlap=YES -> WARN
[EDGE-Z2-ENSEMBLE] CID:11 m1=0.675 m2=0.020 m3=0.000 m4=0.000 m5=0.113 p=0.203 cloud=PRE overlap=YES -> WARN
[EDGE-Z2-ENSEMBLE] CID:25 m1=0.659 m2=0.020 m3=0.000 m4=0.000 m5=0.113 p=0.198 cloud=PRE overlap=YES -> WARN
[EDGE-Z2-ENSEMBLE] CID:2 m1=0.000 m2=0.020 m3=0.000 m4=0.000 m5=0.054 p=0.006 cloud=PRE overlap=YES -> SAFE
[EDGE-Z2-ENSEMBLE] CID:26 m1=0.666 m2=0.020 m3=0.000 m4=0.000 m5=0.103 p=0.199 cloud=PRE overlap=YES -> WARN
[EDGE-Z2-ENSEMBLE] CID:11 m1=0.670 m2=0.020 m3=0.000 m4=0.000 m5=0.112 p=0.201 cloud=PRE overlap=YES -> WARN
[EDGE-Z2-ENSEMBLE] CID:25 m1=0.681 m2=0.020 m3=0.000 m4=0.000 m5=0.114 p=0.205 cloud=PRE overlap=YES -> WARN
[EDGE-Z2-ENSEMBLE] CID:2 m1=0.000 m2=0.769 m3=0.000 m4=0.000 m5=0.028 p=0.135 cloud=PRE overlap=YES -> SAFE
[EDGE-Z2-ENSEMBLE] CID:26 m1=0.677 m2=0.020 m3=0.000 m4=0.000 m5=0.107 p=0.202 cloud=PRE overlap=YES -> WARN
[EDGE-Z2-ENSEMBLE] CID:11 m1=0.659 m2=0.020 m3=0.000 m4=0.000 m5=0.112 p=0.198 cloud=PRE overlap=YES -> WARN
[EDGE-Z2-ENSEMBLE] CID:25 m1=0.675 m2=0.020 m3=0.000 m4=0.000 m5=0.116 p=0.203 cloud=PRE overlap=YES -> WARN
[EDGE-Z2-ENSEMBLE] CID:2 m1=0.000 m2=0.020 m3=0.000 m4=0.000 m5=0.001 p=0.000 cloud=PRE overlap=YES -> SAFE
[EDGE-Z2-ENSEMBLE] CID:26 m1=0.672 m2=0.020 m3=0.000 m4=0.000 m5=0.108 p=0.201 cloud=PRE overlap=YES -> WARN
[EDGE-Z2-ENSEMBLE] CID:11 m1=0.666 m2=0.020 m3=0.000 m4=0.000 m5=0.109 p=0.200 cloud=PRE overlap=YES -> WARN
[EDGE-Z2-ENSEMBLE] CID:25 m1=0.670 m2=0.020 m3=0.000 m4=0.000 m5=0.113 p=0.201 cloud=PRE overlap=YES -> WARN
[EDGE-Z2-ENSEMBLE] CID:2 m1=0.000 m2=0.020 m3=0.000 m4=0.000 m5=0.000 p=0.000 cloud=PRE overlap=YES -> SAFE
[EDGE-Z2-ENSEMBLE] CID:26 m1=0.679 m2=0.020 m3=0.000 m4=0.000 m5=0.112 p=0.204 cloud=PRE overlap=YES -> WARN
[EDGE-Z2-ENSEMBLE] CID:11 m1=0.681 m2=0.020 m3=0.000 m4=0.000 m5=0.110 p=0.204 cloud=PRE overlap=YES -> WARN
[EDGE-Z2-ENSEMBLE] CID:2 m1=0.000 m2=0.766 m3=0.000 m4=0.000 m5=0.229 p=0.163 cloud=PRE overlap=YES -> WARN
[EDGE-Z2-ENSEMBLE] CID:26 m1=0.663 m2=0.020 m3=0.000 m4=0.000 m5=0.111 p=0.199 cloud=PRE overlap=YES -> WARN
[EDGE-Z2-ENSEMBLE] CID:25 m1=0.679 m2=0.020 m3=0.000 m4=0.000 m5=0.113 p=0.204 cloud=PRE overlap=YES -> WARN
[EDGE-Z2-ENSEMBLE] CID:11 m1=0.659 m2=0.020 m3=0.000 m4=0.000 m5=0.107 p=0.198 cloud=PRE overlap=YES -> WARN
[EDGE-Z2-ENSEMBLE] CID:2 m1=0.000 m2=0.020 m3=0.000 m4=0.000 m5=0.200 p=0.031 cloud=PRE overlap=YES -> SAFE
[EDGE-Z2-ENSEMBLE] CID:26 m1=0.663 m2=0.020 m3=0.000 m4=0.000 m5=0.111 p=0.199 cloud=PRE overlap=YES -> WARN
[EDGE-Z2-ENSEMBLE] CID:11 m1=0.683 m2=0.020 m3=0.000 m4=0.000 m5=0.111 p=0.205 cloud=PRE overlap=YES -> WARN
[EDGE-Z2-ENSEMBLE] CID:2 m1=0.000 m2=0.020 m3=0.550 m4=0.000 m5=0.000 p=0.123 cloud=PRE overlap=YES -> SAFE
[EDGE-Z2-ENSEMBLE] CID:26 m1=0.675 m2=0.020 m3=0.000 m4=0.000 m5=0.110 p=0.202 cloud=PRE overlap=YES -> WARN
[EDGE-Z2-ENSEMBLE] CID:11 m1=0.677 m2=0.020 m3=0.000 m4=0.000 m5=0.114 p=0.203 cloud=PRE overlap=YES -> WARN
[EDGE-Z2-ENSEMBLE] CID:25 m1=0.679 m2=0.020 m3=0.000 m4=0.000 m5=0.117 p=0.204 cloud=PRE overlap=YES -> WARN
[EDGE-Z2-ENSEMBLE] CID:2 m1=0.000 m2=0.771 m3=0.550 m4=0.318 m5=0.450 p=0.385 cloud=PRE overlap=YES -> BAN
[EDGE-Z2-ENSEMBLE] CID:26 m1=0.675 m2=0.020 m3=0.000 m4=0.000 m5=0.111 p=0.202 cloud=PRE overlap=YES -> WARN
[EDGE-Z2-ENSEMBLE] CID:11 m1=0.681 m2=0.020 m3=0.000 m4=0.000 m5=0.117 p=0.205 cloud=PRE overlap=YES -> WARN
[EDGE-Z2-ENSEMBLE] CID:25 m1=0.679 m2=0.020 m3=0.000 m4=0.000 m5=0.116 p=0.204 cloud=PRE overlap=YES -> WARN
[EDGE-Z2] CID:2 -> FASTBAN
[EDGE-Z2-ENSEMBLE] CID:26 m1=0.681 m2=0.020 m3=0.000 m4=0.000 m5=0.111 p=0.204 cloud=PRE overlap=YES -> WARN
[EDGE-Z2-ENSEMBLE] CID:11 m1=0.659 m2=0.020 m3=0.000 m4=0.000 m5=0.113 p=0.198 cloud=PRE overlap=YES -> WARN
[EDGE-Z2-ENSEMBLE] CID:25 m1=0.679 m2=0.020 m3=0.000 m4=0.000 m5=0.117 p=0.204 cloud=PRE overlap=YES -> WARN
[EDGE-Z2-ENSEMBLE] CID:11 m1=0.683 m2=0.020 m3=0.000 m4=0.000 m5=0.118 p=0.206 cloud=PRE overlap=YES -> WARN
[EDGE-Z2-ENSEMBLE] CID:25 m1=0.659 m2=0.020 m3=0.000 m4=0.000 m5=0.116 p=0.199 cloud=PRE overlap=YES -> WARN
[EDGE-Z2-ENSEMBLE] CID:26 m1=0.675 m2=0.020 m3=0.000 m4=0.000 m5=0.113 p=0.203 cloud=PRE overlap=YES -> WARN
[EDGE-Z2-ENSEMBLE] CID:11 m1=0.675 m2=0.020 m3=0.000 m4=0.000 m5=0.116 p=0.203 cloud=PRE overlap=YES -> WARN
[EDGE-Z2-ENSEMBLE] CID:25 m1=0.679 m2=0.020 m3=0.000 m4=0.000 m5=0.116 p=0.204 cloud=PRE overlap=YES -> WARN
[EDGE-Z2-ENSEMBLE] CID:26 m1=0.659 m2=0.020 m3=0.000 m4=0.000 m5=0.113 p=0.198 cloud=PRE overlap=YES -> WARN
[EDGE-Z2-ENSEMBLE] CID:25 m1=0.670 m2=0.020 m3=0.000 m4=0.000 m5=0.113 p=0.201 cloud=PRE overlap=YES -> WARN
[EDGE-Z2-ENSEMBLE] CID:11 m1=0.670 m2=0.020 m3=0.000 m4=0.000 m5=0.114 p=0.201 cloud=PRE overlap=YES -> WARN
[EDGE-Z2-ENSEMBLE] CID:26 m1=0.677 m2=0.020 m3=0.000 m4=0.000 m5=0.113 p=0.203 cloud=PRE overlap=YES -> WARN
[EDGE-Z2-ENSEMBLE] CID:25 m1=0.670 m2=0.020 m3=0.000 m4=0.000 m5=0.111 p=0.201 cloud=PRE overlap=YES -> WARN
[EDGE-Z2-ENSEMBLE] CID:26 m1=0.666 m2=0.020 m3=0.000 m4=0.000 m5=0.112 p=0.200 cloud=PRE overlap=YES -> WARN
[EDGE-Z2-ENSEMBLE] CID:25 m1=0.672 m2=0.020 m3=0.000 m4=0.000 m5=0.109 p=0.201 cloud=PRE overlap=YES -> WARN
[EDGE-Z2-ENSEMBLE] CID:26 m1=0.679 m2=0.020 m3=0.000 m4=0.000 m5=0.111 p=0.204 cloud=PRE overlap=YES -> WARN
[EDGE-Z2-ENSEMBLE] CID:25 m1=0.659 m2=0.020 m3=0.000 m4=0.000 m5=0.109 p=0.198 cloud=PRE overlap=YES -> WARN
[EDGE-Z2-ENSEMBLE] CID:26 m1=0.670 m2=0.020 m3=0.000 m4=0.000 m5=0.110 p=0.201 cloud=PRE overlap=YES -> WARN
[EDGE-Z2-ENSEMBLE] CID:25 m1=0.679 m2=0.020 m3=0.000 m4=0.000 m5=0.109 p=0.203 cloud=PRE overlap=YES -> WARN
[EDGE-Z2-ENSEMBLE] CID:26 m1=0.663 m2=0.020 m3=0.000 m4=0.000 m5=0.111 p=0.199 cloud=PRE overlap=YES -> WARN
[EDGE-Z2-ENSEMBLE] CID:25 m1=0.670 m2=0.020 m3=0.000 m4=0.000 m5=0.109 p=0.201 cloud=PRE overlap=YES -> WARN
[EDGE-Z2-ENSEMBLE] CID:26 m1=0.655 m2=0.020 m3=0.000 m4=0.000 m5=0.107 p=0.196 cloud=PRE overlap=YES -> WARN
[EDGE-Z2-ENSEMBLE] CID:25 m1=0.670 m2=0.020 m3=0.000 m4=0.000 m5=0.109 p=0.201 cloud=PRE overlap=YES -> WARN
[EDGE-Z2-ENSEMBLE] CID:26 m1=0.659 m2=0.020 m3=0.000 m4=0.000 m5=0.106 p=0.197 cloud=PRE overlap=YES -> WARN
[EDGE-Z2-ENSEMBLE] CID:25 m1=0.659 m2=0.020 m3=0.000 m4=0.000 m5=0.107 p=0.198 cloud=PRE overlap=YES -> WARN
[EDGE-Z2-ENSEMBLE] CID:26 m1=0.670 m2=0.020 m3=0.000 m4=0.000 m5=0.103 p=0.200 cloud=PRE overlap=YES -> WARN
[EDGE-Z2-ENSEMBLE] CID:25 m1=0.681 m2=0.020 m3=0.000 m4=0.000 m5=0.112 p=0.204 cloud=PRE overlap=YES -> WARN
[EDGE-Z2-ENSEMBLE] CID:26 m1=0.663 m2=0.020 m3=0.000 m4=0.000 m5=0.102 p=0.198 cloud=PRE overlap=YES -> WARN
[EDGE-Z2-ENSEMBLE] CID:25 m1=0.681 m2=0.020 m3=0.000 m4=0.000 m5=0.112 p=0.204 cloud=PRE overlap=YES -> WARN
[EDGE-Z2-ENSEMBLE] CID:26 m1=0.663 m2=0.020 m3=0.000 m4=0.000 m5=0.102 p=0.198 cloud=PRE overlap=YES -> WARN
[EDGE-Z2-ENSEMBLE] CID:25 m1=0.675 m2=0.020 m3=0.000 m4=0.000 m5=0.113 p=0.203 cloud=PRE overlap=YES -> WARN
[EDGE-Z2-ENSEMBLE] CID:26 m1=0.670 m2=0.020 m3=0.000 m4=0.000 m5=0.104 p=0.200 cloud=PRE overlap=YES -> WARN
[EDGE-Z2-ENSEMBLE] CID:25 m1=0.683 m2=0.020 m3=0.000 m4=0.000 m5=0.117 p=0.205 cloud=PRE overlap=YES -> WARN
[EDGE-Z2-ENSEMBLE] CID:26 m1=0.663 m2=0.020 m3=0.000 m4=0.000 m5=0.105 p=0.198 cloud=PRE overlap=YES -> WARN
[EDGE-Z2-ENSEMBLE] CID:25 m1=0.663 m2=0.020 m3=0.000 m4=0.000 m5=0.117 p=0.200 cloud=PRE overlap=YES -> WARN
[EDGE-Z2-ENSEMBLE] CID:26 m1=0.675 m2=0.020 m3=0.000 m4=0.000 m5=0.106 p=0.202 cloud=PRE overlap=YES -> WARN
[EDGE-Z2-ENSEMBLE] CID:25 m1=0.675 m2=0.020 m3=0.000 m4=0.000 m5=0.116 p=0.203 cloud=PRE overlap=YES -> WARN
[EDGE-Z2-ENSEMBLE] CID:26 m1=0.677 m2=0.020 m3=0.000 m4=0.000 m5=0.109 p=0.203 cloud=PRE overlap=YES -> WARN
[EDGE-Z2-ENSEMBLE] CID:25 m1=0.681 m2=0.020 m3=0.000 m4=0.000 m5=0.116 p=0.205 cloud=PRE overlap=YES -> WARN
[EDGE-Z2-ENSEMBLE] CID:26 m1=0.659 m2=0.020 m3=0.000 m4=0.000 m5=0.108 p=0.198 cloud=PRE overlap=YES -> WARN
[EDGE-Z2-ENSEMBLE] CID:25 m1=0.679 m2=0.020 m3=0.000 m4=0.000 m5=0.117 p=0.204 cloud=PRE overlap=YES -> WARN
[EDGE-Z2-ENSEMBLE] CID:26 m1=0.679 m2=0.020 m3=0.000 m4=0.000 m5=0.111 p=0.204 cloud=PRE overlap=YES -> WARN
[EDGE-Z2-ENSEMBLE] CID:25 m1=0.666 m2=0.020 m3=0.000 m4=0.000 m5=0.113 p=0.200 cloud=PRE overlap=YES -> WARN
[EDGE-Z2-ENSEMBLE] CID:26 m1=0.677 m2=0.020 m3=0.000 m4=0.000 m5=0.113 p=0.203 cloud=PRE overlap=YES -> WARN
[EDGE-Z2-ENSEMBLE] CID:25 m1=0.670 m2=0.020 m3=0.000 m4=0.000 m5=0.114 p=0.201 cloud=PRE overlap=YES -> WARN
[EDGE-Z2-ENSEMBLE] CID:26 m1=0.679 m2=0.020 m3=0.000 m4=0.000 m5=0.114 p=0.204 cloud=PRE overlap=YES -> WARN
[EDGE-Z2-ENSEMBLE] CID:26 m1=0.675 m2=0.020 m3=0.000 m4=0.000 m5=0.114 p=0.203 cloud=PRE overlap=YES -> WARN
[EDGE-Z2-ENSEMBLE] CID:25 m1=0.677 m2=0.020 m3=0.000 m4=0.000 m5=0.114 p=0.203 cloud=PRE overlap=YES -> WARN
[EDGE-Z2-ENSEMBLE] CID:26 m1=0.670 m2=0.020 m3=0.000 m4=0.000 m5=0.116 p=0.202 cloud=PRE overlap=YES -> WARN
[EDGE-Z2-ENSEMBLE] CID:25 m1=0.659 m2=0.020 m3=0.000 m4=0.000 m5=0.110 p=0.198 cloud=PRE overlap=YES -> WARN
[EDGE-Z2-ENSEMBLE] CID:26 m1=0.675 m2=0.020 m3=0.000 m4=0.000 m5=0.114 p=0.203 cloud=PRE overlap=YES -> WARN
[EDGE-Z2-ENSEMBLE] CID:25 m1=0.675 m2=0.020 m3=0.000 m4=0.000 m5=0.109 p=0.202 cloud=PRE overlap=YES -> WARN
[EDGE-Z2-ENSEMBLE] CID:26 m1=0.659 m2=0.020 m3=0.000 m4=0.000 m5=0.111 p=0.198 cloud=PRE overlap=YES -> WARN
[EDGE-Z2-ENSEMBLE] CID:25 m1=0.679 m2=0.020 m3=0.000 m4=0.000 m5=0.112 p=0.204 cloud=PRE overlap=YES -> WARN
[EDGE-Z2-ENSEMBLE] CID:26 m1=0.655 m2=0.020 m3=0.000 m4=0.000 m5=0.107 p=0.196 cloud=PRE overlap=YES -> WARN
[EDGE-Z2-ENSEMBLE] CID:25 m1=0.666 m2=0.020 m3=0.000 m4=0.000 m5=0.111 p=0.200 cloud=PRE overlap=YES -> WARN
[EDGE-Z2-ENSEMBLE] CID:26 m1=0.681 m2=0.020 m3=0.000 m4=0.000 m5=0.108 p=0.204 cloud=PRE overlap=YES -> WARN
[EDGE-Z2-ENSEMBLE] CID:25 m1=0.655 m2=0.020 m3=0.000 m4=0.000 m5=0.107 p=0.196 cloud=PRE overlap=YES -> WARN
[EDGE-Z2-ENSEMBLE] CID:26 m1=0.666 m2=0.020 m3=0.000 m4=0.000 m5=0.108 p=0.200 cloud=PRE overlap=YES -> WARN
[EDGE-Z2-ENSEMBLE] CID:25 m1=0.681 m2=0.020 m3=0.000 m4=0.000 m5=0.112 p=0.204 cloud=PRE overlap=YES -> WARN
[EDGE-Z2-ENSEMBLE] CID:26 m1=0.681 m2=0.020 m3=0.000 m4=0.000 m5=0.109 p=0.204 cloud=PRE overlap=YES -> WARN
[EDGE-Z2-ENSEMBLE] CID:25 m1=0.675 m2=0.020 m3=0.000 m4=0.000 m5=0.112 p=0.203 cloud=PRE overlap=YES -> WARN
[EDGE-Z2-ENSEMBLE] CID:26 m1=0.672 m2=0.020 m3=0.000 m4=0.000 m5=0.112 p=0.202 cloud=PRE overlap=YES -> WARN
[EDGE-Z2-ENSEMBLE] CID:25 m1=0.666 m2=0.020 m3=0.000 m4=0.000 m5=0.109 p=0.200 cloud=PRE overlap=YES -> WARN
[EDGE-Z2-ENSEMBLE] CID:26 m1=0.670 m2=0.020 m3=0.000 m4=0.000 m5=0.114 p=0.201 cloud=PRE overlap=YES -> WARN
[EDGE-Z2-ENSEMBLE] CID:25 m1=0.677 m2=0.020 m3=0.000 m4=0.000 m5=0.111 p=0.203 cloud=PRE overlap=YES -> WARN
[EDGE-CALIB] Received calibration: attack=speed_attack conf=0.85
[EDGE-CALIB] Applied: W1: 0.2720→0.2730 (Δ0.0200)  ZONE_MAL: 0.300→0.300
[EDGE-CALIB] New weights: W1=0.273 W2=0.184 W3=0.227 W4=0.181 W5=0.136
[EDGE-Z2-ENSEMBLE] CID:26 m1=0.677 m2=0.020 m3=0.000 m4=0.000 m5=0.113 p=0.204 cloud=PRE overlap=YES -> WARN
[EDGE-Z2-ENSEMBLE] CID:25 m1=0.666 m2=0.020 m3=0.000 m4=0.000 m5=0.113 p=0.201 cloud=PRE overlap=YES -> WARN
[EDGE-Z2-ENSEMBLE] CID:26 m1=0.655 m2=0.020 m3=0.000 m4=0.000 m5=0.111 p=0.197 cloud=PRE overlap=YES -> WARN
[EDGE-Z2-ENSEMBLE] CID:25 m1=0.677 m2=0.020 m3=0.000 m4=0.000 m5=0.112 p=0.204 cloud=PRE overlap=YES -> WARN
[EDGE-Z2-ENSEMBLE] CID:26 m1=0.663 m2=0.020 m3=0.000 m4=0.000 m5=0.107 p=0.199 cloud=PRE overlap=YES -> WARN
[EDGE-Z2-ENSEMBLE] CID:26 m1=0.670 m2=0.020 m3=0.000 m4=0.000 m5=0.107 p=0.201 cloud=PRE overlap=YES -> WARN
[EDGE-Z2-ENSEMBLE] CID:26 m1=0.663 m2=0.020 m3=0.000 m4=0.000 m5=0.106 p=0.199 cloud=PRE overlap=YES -> WARN
[EDGE-Z2-ENSEMBLE] CID:26 m1=0.675 m2=0.020 m3=0.000 m4=0.000 m5=0.105 p=0.202 cloud=PRE overlap=YES -> WARN
[EDGE-Z2-ENSEMBLE] CID:26 m1=0.681 m2=0.020 m3=0.000 m4=0.000 m5=0.110 p=0.204 cloud=PRE overlap=YES -> WARN
[EDGE-Z2-ENSEMBLE] CID:26 m1=0.681 m2=0.020 m3=0.000 m4=0.000 m5=0.114 p=0.205 cloud=PRE overlap=YES -> WARN
[EDGE-Z2-ENSEMBLE] CID:26 m1=0.677 m2=0.020 m3=0.000 m4=0.000 m5=0.116 p=0.204 cloud=PRE overlap=YES -> WARN
[EDGE-Z2-ENSEMBLE] CID:26 m1=0.681 m2=0.020 m3=0.000 m4=0.000 m5=0.119 p=0.206 cloud=PRE overlap=YES -> WARN
[EDGE-Z2-ENSEMBLE] CID:26 m1=0.681 m2=0.020 m3=0.000 m4=0.000 m5=0.121 p=0.206 cloud=PRE overlap=YES -> WARN
[EDGE-Z2-ENSEMBLE] CID:26 m1=0.666 m2=0.020 m3=0.000 m4=0.000 m5=0.118 p=0.201 cloud=PRE overlap=YES -> WARN
[EDGE-Z2-ENSEMBLE] CID:26 m1=0.663 m2=0.020 m3=0.000 m4=0.000 m5=0.114 p=0.200 cloud=PRE overlap=YES -> WARN
[EDGE-Z2-ENSEMBLE] CID:26 m1=0.672 m2=0.020 m3=0.000 m4=0.000 m5=0.113 p=0.202 cloud=PRE overlap=YES -> WARN
[EDGE-Z2-ENSEMBLE] CID:26 m1=0.675 m2=0.020 m3=0.000 m4=0.000 m5=0.111 p=0.203 cloud=PRE overlap=YES -> WARN
[EDGE-Z2-ENSEMBLE] CID:26 m1=0.663 m2=0.020 m3=0.000 m4=0.000 m5=0.107 p=0.199 cloud=PRE overlap=YES -> WARN
[EDGE-Z2-ENSEMBLE] CID:26 m1=0.672 m2=0.020 m3=0.000 m4=0.000 m5=0.108 p=0.202 cloud=PRE overlap=YES -> WARN
[EDGE-Z2-ENSEMBLE] CID:26 m1=0.679 m2=0.020 m3=0.000 m4=0.000 m5=0.112 p=0.204 cloud=PRE overlap=YES -> WARN
[EDGE-Z2-ENSEMBLE] CID:26 m1=0.681 m2=0.020 m3=0.000 m4=0.000 m5=0.114 p=0.205 cloud=PRE overlap=YES -> WARN
[EDGE-Z2-ENSEMBLE] CID:26 m1=0.681 m2=0.020 m3=0.000 m4=0.000 m5=0.116 p=0.205 cloud=PRE overlap=YES -> WARN
[EDGE-Z2-ENSEMBLE] CID:26 m1=0.675 m2=0.020 m3=0.000 m4=0.000 m5=0.118 p=0.204 cloud=PRE overlap=YES -> WARN
[EDGE-Z2-ENSEMBLE] CID:26 m1=0.681 m2=0.020 m3=0.000 m4=0.000 m5=0.120 p=0.206 cloud=PRE overlap=YES -> WARN
[EDGE-Z2-ENSEMBLE] CID:26 m1=0.670 m2=0.020 m3=0.000 m4=0.000 m5=0.118 p=0.202 cloud=PRE overlap=YES -> WARN
[EDGE-Z2-ENSEMBLE] CID:26 m1=0.659 m2=0.020 m3=0.000 m4=0.000 m5=0.113 p=0.199 cloud=PRE overlap=YES -> WARN
[EDGE-Z2-ENSEMBLE] CID:26 m1=0.683 m2=0.020 m3=0.000 m4=0.000 m5=0.114 p=0.205 cloud=PRE overlap=YES -> WARN
[EDGE-Z2-ENSEMBLE] CID:26 m1=0.666 m2=0.020 m3=0.000 m4=0.000 m5=0.112 p=0.201 cloud=PRE overlap=YES -> WARN
[EDGE-Z2-ENSEMBLE] CID:26 m1=0.679 m2=0.020 m3=0.000 m4=0.000 m5=0.112 p=0.204 cloud=PRE overlap=YES -> WARN
[EDGE-Z2-ENSEMBLE] CID:26 m1=0.666 m2=0.020 m3=0.000 m4=0.000 m5=0.111 p=0.201 cloud=PRE overlap=YES -> WARN
[EDGE-Z2-ENSEMBLE] CID:26 m1=0.679 m2=0.020 m3=0.000 m4=0.000 m5=0.115 p=0.205 cloud=PRE overlap=YES -> WARN
[EDGE-Z2-ENSEMBLE] CID:26 m1=0.681 m2=0.020 m3=0.000 m4=0.000 m5=0.114 p=0.205 cloud=PRE overlap=YES -> WARN
[EDGE-Z2-ENSEMBLE] CID:26 m1=0.666 m2=0.020 m3=0.000 m4=0.000 m5=0.114 p=0.201 cloud=PRE overlap=YES -> WARN
[EDGE-Z2-ENSEMBLE] CID:26 m1=0.663 m2=0.020 m3=0.000 m4=0.000 m5=0.111 p=0.200 cloud=PRE overlap=YES -> WARN
[EDGE-Z2-ENSEMBLE] CID:26 m1=0.683 m2=0.020 m3=0.000 m4=0.000 m5=0.115 p=0.206 cloud=PRE overlap=YES -> WARN
[EDGE-Z2-ENSEMBLE] CID:26 m1=0.670 m2=0.020 m3=0.000 m4=0.000 m5=0.113 p=0.202 cloud=PRE overlap=YES -> WARN
