================================================================
 V2X EDGE-CLOUD BRIDGE v8-handover-passthrough  --  Zone 2
================================================================
[BRIDGE-Z2] Edge   : 127.0.0.1:9995
[BRIDGE-Z2] Cloud  : 127.0.0.1:6666
[BRIDGE-Z2] Listen : 0.0.0.0:9996
[BRIDGE-Z2] Trigger F: zone-entry baseline at 8s
[BRIDGE-Z2] Trigger G: heartbeat every 30s
[BRIDGE-Z2] Multi-zone: TRUST_HANDOVER_TRIGGER passthrough enabled

[BRIDGE-Z2] Edge server reachable OK
[BRIDGE-Z2] Cloud server reachable OK
[BRIDGE-Z2-CALIB] Trigger G heartbeat started (every 30s)
[BRIDGE-Z2] Ready -- listening on port 9996

[BRIDGE-Z2-CALIB] First packet — Trigger F armed (fires in 8s)
[BRIDGE-Z2-CALIB] sep=0.00 < 1.00 — skipping [B_window(32s)]
[BRIDGE-Z2-CALIB] Trigger E: rate floor 5.0s, only 0.9s elapsed [A_batch_full(n=4)]
[BRIDGE-Z2-CALIB] Trigger E: rate floor 5.0s, only 1.6s elapsed [A_batch_full(n=4)]
[BRIDGE-Z2-CALIB] Trigger E: rate floor 5.0s, only 2.2s elapsed [A_batch_full(n=4)]
[BRIDGE-Z2-CALIB] Trigger E: rate floor 5.0s, only 3.0s elapsed [A_batch_full(n=4)]
[BRIDGE-Z2-CALIB] Trigger E: rate floor 5.0s, only 3.8s elapsed [A_batch_full(n=4)]
[BRIDGE-Z2-CALIB] Trigger E: rate floor 5.0s, only 4.7s elapsed [A_batch_full(n=4)]
[BRIDGE-Z2-CALIB] sep=0.00 < 1.00 — skipping [A_batch_full(n=4)]
[BRIDGE-Z2-CALIB] Trigger F: zone-entry baseline n=5 sim_ts=34.8
[BRIDGE-Z2-CALIB] Trigger E: rate floor 5.0s, only 0.6s elapsed [F_zone_entry_baseline]
[BRIDGE-Z2-CALIB] Trigger E: rate floor 5.0s, only 0.6s elapsed [A_batch_full(n=4)]
[BRIDGE-Z2-CALIB] Trigger E: rate floor 5.0s, only 1.5s elapsed [A_batch_full(n=4)]
[BRIDGE-Z2-CALIB] Trigger E: rate floor 5.0s, only 2.3s elapsed [A_batch_full(n=4)]
