================================================================
 EDGE AI SERVER v90-multiuav -- Zone 1
================================================================
[EDGE-Z1] Port              : 9999
[EDGE-Z1] Coordinator       : 127.0.0.1:9997
[EDGE-Z1] ZONE_SAFE=0.15  ZONE_MALICIOUS=0.30  NASH_P*=0.4000
[EDGE-Z1] Weights: W1=0.27 W2=0.18 W3=0.23 W4=0.18 W5=0.14
[EDGE-Z1] LEARNING_RATE=0.000  W_MIN=0.05  NASH_BAN_CONFIRM_K=1
[CLOUD-DELAY] RTT=400ms  pre-cloud-pkts=4
[EDGE-AI] Config snapshot saved -> logs/edge_ai_z1_config_20260720_133453.json
[EDGE-Z1] Ready on port 9999

[EDGE-Z1-ENSEMBLE] CID:6 m1=0.000 m2=0.020 m3=0.000 m4=0.000 m5=0.000 p=0.004 cloud=PRE overlap=NO -> SAFE
[EDGE-Z1-ENSEMBLE] CID:8 m1=0.000 m2=0.020 m3=0.000 m4=0.000 m5=0.000 p=0.004 cloud=PRE overlap=NO -> SAFE
[EDGE-Z1-ENSEMBLE] CID:9 m1=0.000 m2=0.020 m3=0.000 m4=0.000 m5=0.000 p=0.004 cloud=PRE overlap=NO -> SAFE
[EDGE-Z1-ENSEMBLE] CID:7 m1=0.000 m2=0.020 m3=0.000 m4=0.000 m5=0.000 p=0.004 cloud=PRE overlap=NO -> SAFE
[EDGE-Z1-ENSEMBLE] CID:5 m1=0.000 m2=0.020 m3=0.000 m4=0.000 m5=0.000 p=0.004 cloud=PRE overlap=NO -> SAFE
[EDGE-Z1-ENSEMBLE] CID:6 m1=0.000 m2=0.020 m3=0.000 m4=0.000 m5=0.000 p=0.000 cloud=PRE overlap=NO -> SAFE
[EDGE-Z1-ENSEMBLE] CID:8 m1=0.000 m2=0.020 m3=0.000 m4=0.000 m5=0.000 p=0.000 cloud=PRE overlap=NO -> SAFE
[EDGE-Z1-ENSEMBLE] CID:9 m1=0.000 m2=0.020 m3=0.000 m4=0.000 m5=0.000 p=0.000 cloud=PRE overlap=NO -> SAFE
[EDGE-Z1-ENSEMBLE] CID:7 m1=0.000 m2=0.020 m3=0.000 m4=0.000 m5=0.000 p=0.000 cloud=PRE overlap=NO -> SAFE
[EDGE-Z1-ENSEMBLE] CID:1 m1=0.000 m2=0.020 m3=0.000 m4=0.000 m5=0.000 p=0.004 cloud=PRE overlap=NO -> SAFE
[EDGE-Z1-ENSEMBLE] CID:3 m1=0.000 m2=0.020 m3=0.000 m4=0.000 m5=0.000 p=0.004 cloud=PRE overlap=NO -> SAFE
[EDGE-Z1-ENSEMBLE] CID:4 m1=0.000 m2=0.020 m3=0.000 m4=0.000 m5=0.000 p=0.004 cloud=PRE overlap=NO -> SAFE
[EDGE-Z1-ENSEMBLE] CID:2 m1=0.000 m2=0.020 m3=0.000 m4=0.000 m5=0.000 p=0.004 cloud=PRE overlap=NO -> SAFE
[EDGE-Z1-ENSEMBLE] CID:0 m1=0.000 m2=0.020 m3=0.000 m4=0.000 m5=0.000 p=0.004 cloud=PRE overlap=NO -> SAFE
[EDGE-Z1-ENSEMBLE] CID:5 m1=0.000 m2=0.020 m3=0.000 m4=0.000 m5=0.000 p=0.000 cloud=PRE overlap=NO -> SAFE
[EDGE-Z1-ENSEMBLE] CID:6 m1=0.000 m2=0.020 m3=0.040 m4=0.000 m5=0.000 p=0.003 cloud=PRE overlap=NO -> SAFE
[EDGE-Z1-ENSEMBLE] CID:8 m1=0.000 m2=0.020 m3=0.000 m4=0.000 m5=0.000 p=0.000 cloud=PRE overlap=NO -> SAFE
[EDGE-Z1-ENSEMBLE] CID:9 m1=0.000 m2=0.020 m3=0.000 m4=0.000 m5=0.000 p=0.000 cloud=PRE overlap=NO -> SAFE
[EDGE-Z1-ENSEMBLE] CID:7 m1=0.000 m2=0.020 m3=0.000 m4=0.000 m5=0.000 p=0.000 cloud=PRE overlap=NO -> SAFE
[EDGE-Z1-ENSEMBLE] CID:1 m1=0.000 m2=0.020 m3=0.000 m4=0.000 m5=0.000 p=0.000 cloud=PRE overlap=NO -> SAFE
[EDGE-Z1-ENSEMBLE] CID:3 m1=0.000 m2=0.020 m3=0.000 m4=0.000 m5=0.000 p=0.000 cloud=PRE overlap=NO -> SAFE
[EDGE-Z1-ENSEMBLE] CID:4 m1=0.000 m2=0.020 m3=0.000 m4=0.000 m5=0.000 p=0.000 cloud=PRE overlap=NO -> SAFE
[EDGE-Z1-ENSEMBLE] CID:2 m1=0.000 m2=0.020 m3=0.000 m4=0.000 m5=0.000 p=0.000 cloud=PRE overlap=NO -> SAFE
[EDGE-Z1-ENSEMBLE] CID:0 m1=0.000 m2=0.020 m3=0.000 m4=0.000 m5=0.000 p=0.000 cloud=PRE overlap=NO -> SAFE
[EDGE-Z1-ENSEMBLE] CID:5 m1=0.000 m2=0.020 m3=0.000 m4=0.000 m5=0.000 p=0.000 cloud=PRE overlap=NO -> SAFE
[EDGE-Z1-ENSEMBLE] CID:6 m1=0.000 m2=0.020 m3=0.000 m4=0.000 m5=0.000 p=0.000 cloud=PRE overlap=NO -> SAFE
[EDGE-Z1-ENSEMBLE] CID:8 m1=0.000 m2=0.020 m3=0.000 m4=0.000 m5=0.000 p=0.000 cloud=PRE overlap=NO -> SAFE
[EDGE-Z1-ENSEMBLE] CID:9 m1=0.000 m2=0.020 m3=0.000 m4=0.000 m5=0.000 p=0.000 cloud=PRE overlap=NO -> SAFE
[EDGE-Z1-ENSEMBLE] CID:7 m1=0.000 m2=0.020 m3=0.000 m4=0.000 m5=0.000 p=0.000 cloud=PRE overlap=NO -> SAFE
[EDGE-Z1-ENSEMBLE] CID:1 m1=0.000 m2=0.020 m3=0.000 m4=0.000 m5=0.000 p=0.000 cloud=PRE overlap=NO -> SAFE
[EDGE-Z1-ENSEMBLE] CID:3 m1=0.000 m2=0.020 m3=0.000 m4=0.000 m5=0.000 p=0.000 cloud=PRE overlap=NO -> SAFE
[EDGE-Z1-ENSEMBLE] CID:4 m1=0.000 m2=0.020 m3=0.040 m4=0.000 m5=0.000 p=0.003 cloud=PRE overlap=NO -> SAFE
[EDGE-Z1-ENSEMBLE] CID:2 m1=0.000 m2=0.020 m3=0.040 m4=0.000 m5=0.000 p=0.003 cloud=PRE overlap=NO -> SAFE
[EDGE-Z1-ENSEMBLE] CID:0 m1=0.000 m2=0.020 m3=0.000 m4=0.000 m5=0.000 p=0.000 cloud=PRE overlap=NO -> SAFE
[EDGE-Z1-ENSEMBLE] CID:5 m1=0.000 m2=0.020 m3=0.000 m4=0.000 m5=0.000 p=0.000 cloud=PRE overlap=NO -> SAFE
[EDGE-Z1-ENSEMBLE] CID:6 m1=0.000 m2=0.020 m3=0.000 m4=0.000 m5=0.000 p=0.000 cloud=PRE overlap=NO -> SAFE
[EDGE-Z1-ENSEMBLE] CID:8 m1=0.000 m2=0.020 m3=0.000 m4=0.000 m5=0.000 p=0.000 cloud=PRE overlap=NO -> SAFE
[EDGE-Z1-ENSEMBLE] CID:9 m1=0.000 m2=0.020 m3=0.000 m4=0.000 m5=0.000 p=0.000 cloud=PRE overlap=NO -> SAFE
[EDGE-Z1-ENSEMBLE] CID:7 m1=0.000 m2=0.020 m3=0.000 m4=0.000 m5=0.000 p=0.000 cloud=PRE overlap=NO -> SAFE
[EDGE-Z1-ENSEMBLE] CID:1 m1=0.000 m2=0.020 m3=0.000 m4=0.000 m5=0.000 p=0.000 cloud=PRE overlap=NO -> SAFE
[EDGE-Z1-ENSEMBLE] CID:3 m1=0.000 m2=0.020 m3=0.000 m4=0.000 m5=0.000 p=0.000 cloud=PRE overlap=NO -> SAFE
[EDGE-Z1-ENSEMBLE] CID:4 m1=0.000 m2=0.020 m3=0.040 m4=0.000 m5=0.000 p=0.000 cloud=PRE overlap=NO -> SAFE
[EDGE-Z1-ENSEMBLE] CID:2 m1=0.000 m2=0.020 m3=0.040 m4=0.000 m5=0.000 p=0.000 cloud=PRE overlap=NO -> SAFE
[EDGE-Z1-ENSEMBLE] CID:0 m1=0.000 m2=0.020 m3=0.000 m4=0.000 m5=0.000 p=0.000 cloud=PRE overlap=NO -> SAFE
[EDGE-Z1-ENSEMBLE] CID:5 m1=0.000 m2=0.020 m3=0.000 m4=0.000 m5=0.000 p=0.000 cloud=PRE overlap=NO -> SAFE
[EDGE-Z1-ENSEMBLE] CID:6 m1=0.000 m2=0.020 m3=0.000 m4=0.000 m5=0.000 p=0.000 cloud=PRE overlap=NO -> SAFE
[EDGE-Z1-ENSEMBLE] CID:8 m1=0.000 m2=0.020 m3=0.000 m4=0.000 m5=0.000 p=0.000 cloud=PRE overlap=NO -> SAFE
[EDGE-Z1-ENSEMBLE] CID:9 m1=0.000 m2=0.020 m3=0.000 m4=0.000 m5=0.000 p=0.000 cloud=PRE overlap=NO -> SAFE
[EDGE-Z1-ENSEMBLE] CID:7 m1=0.000 m2=0.020 m3=0.000 m4=0.000 m5=0.000 p=0.000 cloud=PRE overlap=NO -> SAFE
[EDGE-Z1-ENSEMBLE] CID:1 m1=0.000 m2=0.020 m3=0.000 m4=0.000 m5=0.000 p=0.000 cloud=PRE overlap=NO -> SAFE
[EDGE-Z1-ENSEMBLE] CID:3 m1=0.000 m2=0.020 m3=0.040 m4=0.000 m5=0.000 p=0.000 cloud=PRE overlap=NO -> SAFE
[EDGE-Z1-ENSEMBLE] CID:4 m1=0.000 m2=0.020 m3=0.000 m4=0.000 m5=0.000 p=0.000 cloud=PRE overlap=NO -> SAFE
[EDGE-Z1-ENSEMBLE] CID:2 m1=0.000 m2=0.020 m3=0.000 m4=0.000 m5=0.000 p=0.000 cloud=PRE overlap=NO -> SAFE
[EDGE-Z1-ENSEMBLE] CID:0 m1=0.000 m2=0.020 m3=0.000 m4=0.000 m5=0.000 p=0.000 cloud=PRE overlap=NO -> SAFE
[EDGE-Z1-ENSEMBLE] CID:5 m1=0.000 m2=0.020 m3=0.000 m4=0.000 m5=0.000 p=0.000 cloud=PRE overlap=NO -> SAFE
[EDGE-Z1-ENSEMBLE] CID:6 m1=0.000 m2=0.020 m3=0.000 m4=0.000 m5=0.000 p=0.000 cloud=PRE overlap=NO -> SAFE
[EDGE-Z1-ENSEMBLE] CID:8 m1=0.000 m2=0.020 m3=0.000 m4=0.000 m5=0.000 p=0.000 cloud=PRE overlap=NO -> SAFE
[EDGE-Z1-ENSEMBLE] CID:9 m1=0.000 m2=0.020 m3=0.000 m4=0.000 m5=0.000 p=0.000 cloud=PRE overlap=NO -> SAFE
[EDGE-Z1-ENSEMBLE] CID:7 m1=0.000 m2=0.020 m3=0.000 m4=0.000 m5=0.000 p=0.000 cloud=PRE overlap=NO -> SAFE
[EDGE-Z1-ENSEMBLE] CID:1 m1=0.000 m2=0.020 m3=0.000 m4=0.000 m5=0.000 p=0.000 cloud=PRE overlap=NO -> SAFE
[EDGE-Z1-ENSEMBLE] CID:3 m1=0.000 m2=0.020 m3=0.040 m4=0.000 m5=0.000 p=0.000 cloud=PRE overlap=NO -> SAFE
[EDGE-Z1-ENSEMBLE] CID:4 m1=0.000 m2=0.020 m3=0.000 m4=0.000 m5=0.000 p=0.000 cloud=PRE overlap=NO -> SAFE
[EDGE-Z1-ENSEMBLE] CID:2 m1=0.000 m2=0.020 m3=0.000 m4=0.000 m5=0.000 p=0.000 cloud=PRE overlap=NO -> SAFE
[EDGE-Z1-ENSEMBLE] CID:0 m1=0.000 m2=0.020 m3=0.000 m4=0.000 m5=0.000 p=0.000 cloud=PRE overlap=NO -> SAFE
[EDGE-Z1-ENSEMBLE] CID:5 m1=0.000 m2=0.020 m3=0.000 m4=0.000 m5=0.000 p=0.000 cloud=PRE overlap=NO -> SAFE
[EDGE-Z1-ENSEMBLE] CID:6 m1=0.000 m2=0.020 m3=0.000 m4=0.000 m5=0.000 p=0.000 cloud=PRE overlap=NO -> SAFE
[EDGE-Z1-ENSEMBLE] CID:8 m1=0.000 m2=0.020 m3=0.000 m4=0.000 m5=0.000 p=0.000 cloud=PRE overlap=NO -> SAFE
[EDGE-Z1-ENSEMBLE] CID:9 m1=0.000 m2=0.020 m3=0.000 m4=0.000 m5=0.000 p=0.000 cloud=PRE overlap=NO -> SAFE
[EDGE-Z1-ENSEMBLE] CID:7 m1=0.000 m2=0.020 m3=0.000 m4=0.000 m5=0.000 p=0.000 cloud=PRE overlap=NO -> SAFE
[EDGE-Z1-ENSEMBLE] CID:1 m1=0.000 m2=0.020 m3=0.000 m4=0.000 m5=0.000 p=0.000 cloud=PRE overlap=NO -> SAFE
[EDGE-Z1-ENSEMBLE] CID:3 m1=0.000 m2=0.020 m3=0.000 m4=0.000 m5=0.000 p=0.000 cloud=PRE overlap=NO -> SAFE
[EDGE-Z1-ENSEMBLE] CID:4 m1=0.000 m2=0.020 m3=0.000 m4=0.000 m5=0.000 p=0.000 cloud=PRE overlap=NO -> SAFE
[EDGE-Z1-ENSEMBLE] CID:2 m1=0.000 m2=0.020 m3=0.000 m4=0.000 m5=0.000 p=0.000 cloud=PRE overlap=NO -> SAFE
[EDGE-Z1-ENSEMBLE] CID:0 m1=0.000 m2=0.020 m3=0.000 m4=0.000 m5=0.000 p=0.000 cloud=PRE overlap=NO -> SAFE
[EDGE-Z1-ENSEMBLE] CID:5 m1=0.000 m2=0.020 m3=0.000 m4=0.000 m5=0.000 p=0.000 cloud=PRE overlap=NO -> SAFE
[EDGE-Z1-ENSEMBLE] CID:6 m1=0.000 m2=0.020 m3=0.000 m4=0.000 m5=0.000 p=0.000 cloud=PRE overlap=NO -> SAFE
[EDGE-Z1-ENSEMBLE] CID:8 m1=0.000 m2=0.020 m3=0.000 m4=0.000 m5=0.000 p=0.000 cloud=PRE overlap=NO -> SAFE
[EDGE-Z1-ENSEMBLE] CID:9 m1=0.000 m2=0.020 m3=0.000 m4=0.000 m5=0.000 p=0.000 cloud=PRE overlap=NO -> SAFE
[EDGE-Z1-ENSEMBLE] CID:7 m1=0.000 m2=0.020 m3=0.000 m4=0.000 m5=0.000 p=0.000 cloud=PRE overlap=NO -> SAFE
[EDGE-Z1-ENSEMBLE] CID:1 m1=0.000 m2=0.020 m3=0.000 m4=0.000 m5=0.000 p=0.000 cloud=PRE overlap=NO -> SAFE
[EDGE-Z1-ENSEMBLE] CID:3 m1=0.000 m2=0.020 m3=0.000 m4=0.000 m5=0.000 p=0.000 cloud=PRE overlap=NO -> SAFE
[EDGE-Z1-ENSEMBLE] CID:4 m1=0.000 m2=0.020 m3=0.000 m4=0.000 m5=0.000 p=0.000 cloud=PRE overlap=NO -> SAFE
[EDGE-Z1-ENSEMBLE] CID:2 m1=0.000 m2=0.020 m3=0.000 m4=0.000 m5=0.000 p=0.000 cloud=PRE overlap=NO -> SAFE
[EDGE-Z1-ENSEMBLE] CID:0 m1=0.000 m2=0.020 m3=0.000 m4=0.000 m5=0.000 p=0.000 cloud=PRE overlap=NO -> SAFE
[EDGE-Z1-ENSEMBLE] CID:5 m1=0.000 m2=0.020 m3=0.000 m4=0.000 m5=0.000 p=0.000 cloud=PRE overlap=NO -> SAFE
[EDGE-Z1-ENSEMBLE] CID:6 m1=0.000 m2=0.020 m3=0.000 m4=0.000 m5=0.000 p=0.000 cloud=PRE overlap=NO -> SAFE
[EDGE-Z1-ENSEMBLE] CID:8 m1=0.000 m2=0.020 m3=0.000 m4=0.000 m5=0.000 p=0.000 cloud=PRE overlap=NO -> SAFE
[EDGE-Z1-ENSEMBLE] CID:9 m1=0.000 m2=0.020 m3=0.000 m4=0.000 m5=0.000 p=0.000 cloud=PRE overlap=NO -> SAFE
[EDGE-Z1-ENSEMBLE] CID:7 m1=0.000 m2=0.020 m3=0.000 m4=0.000 m5=0.000 p=0.000 cloud=PRE overlap=NO -> SAFE
[EDGE-Z1-ENSEMBLE] CID:1 m1=0.000 m2=0.020 m3=0.000 m4=0.000 m5=0.000 p=0.000 cloud=PRE overlap=NO -> SAFE
[EDGE-Z1-ENSEMBLE] CID:3 m1=0.000 m2=0.020 m3=0.000 m4=0.000 m5=0.000 p=0.000 cloud=PRE overlap=NO -> SAFE
[EDGE-Z1-ENSEMBLE] CID:4 m1=0.000 m2=0.020 m3=0.000 m4=0.000 m5=0.000 p=0.000 cloud=PRE overlap=NO -> SAFE
[EDGE-Z1-ENSEMBLE] CID:2 m1=0.000 m2=0.020 m3=0.000 m4=0.000 m5=0.000 p=0.000 cloud=PRE overlap=NO -> SAFE
[EDGE-Z1-ENSEMBLE] CID:0 m1=0.000 m2=0.020 m3=0.000 m4=0.000 m5=0.000 p=0.000 cloud=PRE overlap=NO -> SAFE
[EDGE-Z1-ENSEMBLE] CID:5 m1=0.000 m2=0.020 m3=0.000 m4=0.000 m5=0.000 p=0.000 cloud=PRE overlap=NO -> SAFE
[EDGE-Z1-ENSEMBLE] CID:6 m1=0.000 m2=0.020 m3=0.000 m4=0.000 m5=0.000 p=0.000 cloud=PRE overlap=NO -> SAFE
[EDGE-Z1-ENSEMBLE] CID:8 m1=0.000 m2=0.020 m3=0.000 m4=0.000 m5=0.000 p=0.000 cloud=PRE overlap=NO -> SAFE
[EDGE-Z1-ENSEMBLE] CID:9 m1=0.000 m2=0.020 m3=0.000 m4=0.000 m5=0.000 p=0.000 cloud=PRE overlap=NO -> SAFE
[EDGE-Z1-ENSEMBLE] CID:7 m1=0.000 m2=0.020 m3=0.000 m4=0.000 m5=0.000 p=0.000 cloud=PRE overlap=NO -> SAFE
[EDGE-Z1-ENSEMBLE] CID:1 m1=0.000 m2=0.020 m3=0.000 m4=0.000 m5=0.000 p=0.000 cloud=PRE overlap=NO -> SAFE
[EDGE-Z1-ENSEMBLE] CID:3 m1=0.000 m2=0.020 m3=0.000 m4=0.000 m5=0.000 p=0.000 cloud=PRE overlap=NO -> SAFE
[EDGE-Z1-ENSEMBLE] CID:4 m1=0.000 m2=0.020 m3=0.000 m4=0.000 m5=0.000 p=0.000 cloud=PRE overlap=NO -> SAFE
[EDGE-Z1-ENSEMBLE] CID:2 m1=0.000 m2=0.020 m3=0.000 m4=0.000 m5=0.000 p=0.000 cloud=PRE overlap=NO -> SAFE
[EDGE-Z1-ENSEMBLE] CID:0 m1=0.000 m2=0.020 m3=0.000 m4=0.000 m5=0.000 p=0.000 cloud=PRE overlap=NO -> SAFE
[EDGE-Z1-ENSEMBLE] CID:5 m1=0.000 m2=0.020 m3=0.000 m4=0.000 m5=0.000 p=0.000 cloud=PRE overlap=NO -> SAFE
[EDGE-Z1-ENSEMBLE] CID:6 m1=0.000 m2=0.020 m3=0.000 m4=0.000 m5=0.000 p=0.000 cloud=PRE overlap=NO -> SAFE
[EDGE-Z1-ENSEMBLE] CID:8 m1=0.000 m2=0.020 m3=0.000 m4=0.000 m5=0.000 p=0.000 cloud=PRE overlap=NO -> SAFE
[EDGE-Z1-ENSEMBLE] CID:9 m1=0.000 m2=0.020 m3=0.000 m4=0.000 m5=0.000 p=0.000 cloud=PRE overlap=NO -> SAFE
[EDGE-Z1-ENSEMBLE] CID:7 m1=0.000 m2=0.020 m3=0.000 m4=0.000 m5=0.000 p=0.000 cloud=PRE overlap=NO -> SAFE
[EDGE-Z1-ENSEMBLE] CID:1 m1=0.000 m2=0.020 m3=0.000 m4=0.000 m5=0.000 p=0.000 cloud=PRE overlap=NO -> SAFE
[EDGE-Z1-ENSEMBLE] CID:3 m1=0.000 m2=0.020 m3=0.000 m4=0.000 m5=0.000 p=0.000 cloud=PRE overlap=NO -> SAFE
[EDGE-Z1-ENSEMBLE] CID:4 m1=0.000 m2=0.020 m3=0.000 m4=0.000 m5=0.000 p=0.000 cloud=PRE overlap=NO -> SAFE
[EDGE-Z1-ENSEMBLE] CID:2 m1=0.000 m2=0.020 m3=0.000 m4=0.000 m5=0.000 p=0.000 cloud=PRE overlap=NO -> SAFE
[EDGE-Z1-ENSEMBLE] CID:0 m1=0.000 m2=0.020 m3=0.000 m4=0.000 m5=0.000 p=0.000 cloud=PRE overlap=NO -> SAFE
[EDGE-Z1-ENSEMBLE] CID:5 m1=0.000 m2=0.020 m3=0.000 m4=0.000 m5=0.000 p=0.000 cloud=PRE overlap=NO -> SAFE
[EDGE-Z1-ENSEMBLE] CID:6 m1=0.000 m2=0.020 m3=0.000 m4=0.000 m5=0.000 p=0.000 cloud=PRE overlap=NO -> SAFE
[EDGE-Z1-ENSEMBLE] CID:8 m1=0.000 m2=0.020 m3=0.000 m4=0.000 m5=0.000 p=0.000 cloud=PRE overlap=NO -> SAFE
[EDGE-Z1-ENSEMBLE] CID:9 m1=0.000 m2=0.020 m3=0.000 m4=0.000 m5=0.000 p=0.000 cloud=PRE overlap=NO -> SAFE
[EDGE-Z1-ENSEMBLE] CID:7 m1=0.000 m2=0.020 m3=0.000 m4=0.000 m5=0.000 p=0.000 cloud=PRE overlap=NO -> SAFE
[EDGE-Z1-ENSEMBLE] CID:1 m1=0.000 m2=0.020 m3=0.000 m4=0.000 m5=0.000 p=0.000 cloud=PRE overlap=NO -> SAFE
[EDGE-Z1-ENSEMBLE] CID:3 m1=0.000 m2=0.020 m3=0.000 m4=0.000 m5=0.000 p=0.000 cloud=PRE overlap=NO -> SAFE
[EDGE-Z1-ENSEMBLE] CID:4 m1=0.000 m2=0.020 m3=0.000 m4=0.000 m5=0.000 p=0.000 cloud=PRE overlap=NO -> SAFE
[EDGE-Z1-ENSEMBLE] CID:2 m1=0.000 m2=0.020 m3=0.000 m4=0.000 m5=0.000 p=0.000 cloud=PRE overlap=NO -> SAFE
[EDGE-Z1-ENSEMBLE] CID:0 m1=0.000 m2=0.020 m3=0.000 m4=0.000 m5=0.000 p=0.000 cloud=PRE overlap=NO -> SAFE
[EDGE-Z1-ENSEMBLE] CID:5 m1=0.000 m2=0.020 m3=0.000 m4=0.000 m5=0.000 p=0.000 cloud=PRE overlap=NO -> SAFE
[EDGE-Z1-ENSEMBLE] CID:6 m1=0.000 m2=0.020 m3=0.000 m4=0.000 m5=0.000 p=0.000 cloud=PRE overlap=NO -> SAFE
[EDGE-Z1-ENSEMBLE] CID:8 m1=0.000 m2=0.020 m3=0.000 m4=0.000 m5=0.000 p=0.000 cloud=PRE overlap=NO -> SAFE
[EDGE-Z1-ENSEMBLE] CID:9 m1=0.000 m2=0.020 m3=0.000 m4=0.000 m5=0.000 p=0.000 cloud=PRE overlap=NO -> SAFE
[EDGE-Z1-ENSEMBLE] CID:7 m1=0.000 m2=0.020 m3=0.000 m4=0.000 m5=0.000 p=0.000 cloud=PRE overlap=NO -> SAFE
[EDGE-Z1-ENSEMBLE] CID:1 m1=0.000 m2=0.020 m3=0.000 m4=0.000 m5=0.000 p=0.000 cloud=PRE overlap=NO -> SAFE
[EDGE-Z1-ENSEMBLE] CID:3 m1=0.000 m2=0.020 m3=0.000 m4=0.000 m5=0.000 p=0.000 cloud=PRE overlap=NO -> SAFE
[EDGE-Z1-ENSEMBLE] CID:4 m1=0.000 m2=0.020 m3=0.000 m4=0.000 m5=0.000 p=0.000 cloud=PRE overlap=NO -> SAFE
[EDGE-Z1-ENSEMBLE] CID:2 m1=0.000 m2=0.020 m3=0.000 m4=0.000 m5=0.000 p=0.000 cloud=PRE overlap=NO -> SAFE
[EDGE-Z1-ENSEMBLE] CID:0 m1=0.000 m2=0.020 m3=0.000 m4=0.000 m5=0.000 p=0.000 cloud=PRE overlap=NO -> SAFE
[EDGE-Z1-ENSEMBLE] CID:5 m1=0.000 m2=0.020 m3=0.000 m4=0.000 m5=0.000 p=0.000 cloud=PRE overlap=NO -> SAFE
[EDGE-Z1-ENSEMBLE] CID:6 m1=0.000 m2=0.020 m3=0.000 m4=0.000 m5=0.000 p=0.000 cloud=PRE overlap=NO -> SAFE
[EDGE-Z1-ENSEMBLE] CID:8 m1=0.000 m2=0.020 m3=0.000 m4=0.000 m5=0.000 p=0.000 cloud=PRE overlap=NO -> SAFE
[EDGE-Z1-ENSEMBLE] CID:9 m1=0.000 m2=0.020 m3=0.000 m4=0.000 m5=0.000 p=0.000 cloud=PRE overlap=NO -> SAFE
[EDGE-Z1-ENSEMBLE] CID:7 m1=0.000 m2=0.020 m3=0.000 m4=0.000 m5=0.000 p=0.000 cloud=PRE overlap=NO -> SAFE
[EDGE-Z1-ENSEMBLE] CID:1 m1=0.000 m2=0.020 m3=0.000 m4=0.000 m5=0.000 p=0.000 cloud=PRE overlap=NO -> SAFE
[EDGE-Z1-ENSEMBLE] CID:3 m1=0.000 m2=0.020 m3=0.000 m4=0.000 m5=0.000 p=0.000 cloud=PRE overlap=NO -> SAFE
[EDGE-Z1-ENSEMBLE] CID:4 m1=0.000 m2=0.020 m3=0.000 m4=0.000 m5=0.000 p=0.000 cloud=PRE overlap=NO -> SAFE
[EDGE-Z1-ENSEMBLE] CID:2 m1=0.000 m2=0.020 m3=0.000 m4=0.000 m5=0.000 p=0.000 cloud=PRE overlap=NO -> SAFE
[EDGE-Z1-ENSEMBLE] CID:0 m1=0.000 m2=0.020 m3=0.000 m4=0.000 m5=0.000 p=0.000 cloud=PRE overlap=NO -> SAFE
[EDGE-Z1-ENSEMBLE] CID:5 m1=0.000 m2=0.020 m3=0.000 m4=0.000 m5=0.000 p=0.000 cloud=PRE overlap=NO -> SAFE
[EDGE-Z1-ENSEMBLE] CID:6 m1=0.000 m2=0.020 m3=0.000 m4=0.000 m5=0.000 p=0.000 cloud=PRE overlap=NO -> SAFE
[EDGE-Z1-ENSEMBLE] CID:8 m1=0.000 m2=0.020 m3=0.040 m4=0.000 m5=0.000 p=0.000 cloud=PRE overlap=NO -> SAFE
[EDGE-Z1-ENSEMBLE] CID:9 m1=0.000 m2=0.020 m3=0.000 m4=0.000 m5=0.000 p=0.000 cloud=PRE overlap=NO -> SAFE
[EDGE-Z1-ENSEMBLE] CID:7 m1=0.000 m2=0.020 m3=0.000 m4=0.000 m5=0.000 p=0.000 cloud=PRE overlap=NO -> SAFE
[EDGE-Z1-ENSEMBLE] CID:1 m1=0.000 m2=0.020 m3=0.000 m4=0.000 m5=0.000 p=0.000 cloud=PRE overlap=NO -> SAFE
[EDGE-Z1-ENSEMBLE] CID:3 m1=0.000 m2=0.020 m3=0.000 m4=0.000 m5=0.000 p=0.000 cloud=PRE overlap=NO -> SAFE
[EDGE-Z1-ENSEMBLE] CID:4 m1=0.000 m2=0.020 m3=0.000 m4=0.000 m5=0.000 p=0.000 cloud=PRE overlap=NO -> SAFE
[EDGE-Z1-ENSEMBLE] CID:2 m1=0.000 m2=0.020 m3=0.000 m4=0.000 m5=0.000 p=0.000 cloud=PRE overlap=NO -> SAFE
[EDGE-Z1-ENSEMBLE] CID:0 m1=0.000 m2=0.020 m3=0.000 m4=0.000 m5=0.000 p=0.000 cloud=PRE overlap=NO -> SAFE
[EDGE-Z1-ENSEMBLE] CID:5 m1=0.000 m2=0.020 m3=0.000 m4=0.000 m5=0.000 p=0.000 cloud=PRE overlap=NO -> SAFE
[EDGE-Z1-ENSEMBLE] CID:6 m1=0.000 m2=0.020 m3=0.000 m4=0.000 m5=0.000 p=0.000 cloud=PRE overlap=NO -> SAFE
[EDGE-Z1-ENSEMBLE] CID:8 m1=0.000 m2=0.020 m3=0.000 m4=0.000 m5=0.000 p=0.000 cloud=PRE overlap=NO -> SAFE
[EDGE-Z1-ENSEMBLE] CID:9 m1=0.000 m2=0.020 m3=0.000 m4=0.000 m5=0.000 p=0.000 cloud=PRE overlap=NO -> SAFE
[EDGE-Z1-ENSEMBLE] CID:7 m1=0.000 m2=0.020 m3=0.000 m4=0.000 m5=0.000 p=0.000 cloud=PRE overlap=NO -> SAFE
[EDGE-Z1-ENSEMBLE] CID:1 m1=0.000 m2=0.020 m3=0.000 m4=0.000 m5=0.000 p=0.000 cloud=PRE overlap=NO -> SAFE
[EDGE-Z1-ENSEMBLE] CID:3 m1=0.000 m2=0.020 m3=0.000 m4=0.000 m5=0.000 p=0.000 cloud=PRE overlap=NO -> SAFE
[EDGE-Z1-ENSEMBLE] CID:4 m1=0.000 m2=0.020 m3=0.000 m4=0.000 m5=0.000 p=0.000 cloud=PRE overlap=NO -> SAFE
[EDGE-Z1-ENSEMBLE] CID:2 m1=0.000 m2=0.020 m3=0.000 m4=0.000 m5=0.000 p=0.000 cloud=PRE overlap=NO -> SAFE
[EDGE-Z1-ENSEMBLE] CID:0 m1=0.000 m2=0.020 m3=0.000 m4=0.000 m5=0.000 p=0.000 cloud=PRE overlap=NO -> SAFE
[EDGE-Z1-ENSEMBLE] CID:5 m1=0.000 m2=0.020 m3=0.000 m4=0.000 m5=0.000 p=0.000 cloud=PRE overlap=NO -> SAFE
[EDGE-Z1-ENSEMBLE] CID:6 m1=0.000 m2=0.020 m3=0.000 m4=0.000 m5=0.000 p=0.000 cloud=PRE overlap=NO -> SAFE
[EDGE-Z1-ENSEMBLE] CID:8 m1=0.000 m2=0.020 m3=0.000 m4=0.000 m5=0.000 p=0.000 cloud=PRE overlap=NO -> SAFE
[EDGE-Z1-ENSEMBLE] CID:9 m1=0.000 m2=0.020 m3=0.000 m4=0.000 m5=0.000 p=0.000 cloud=PRE overlap=NO -> SAFE
[EDGE-Z1-ENSEMBLE] CID:7 m1=0.000 m2=0.020 m3=0.000 m4=0.000 m5=0.000 p=0.000 cloud=PRE overlap=NO -> SAFE
[EDGE-Z1-ENSEMBLE] CID:1 m1=0.000 m2=0.020 m3=0.000 m4=0.000 m5=0.000 p=0.000 cloud=PRE overlap=NO -> SAFE
[EDGE-Z1-ENSEMBLE] CID:3 m1=0.000 m2=0.020 m3=0.000 m4=0.000 m5=0.000 p=0.000 cloud=PRE overlap=NO -> SAFE
[EDGE-Z1-ENSEMBLE] CID:4 m1=0.000 m2=0.020 m3=0.000 m4=0.000 m5=0.000 p=0.000 cloud=PRE overlap=NO -> SAFE
[EDGE-Z1-ENSEMBLE] CID:2 m1=0.000 m2=0.020 m3=0.000 m4=0.000 m5=0.000 p=0.000 cloud=PRE overlap=NO -> SAFE
[EDGE-Z1-ENSEMBLE] CID:0 m1=0.000 m2=0.020 m3=0.000 m4=0.000 m5=0.000 p=0.000 cloud=PRE overlap=NO -> SAFE
[EDGE-Z1-ENSEMBLE] CID:5 m1=0.000 m2=0.020 m3=0.000 m4=0.000 m5=0.000 p=0.000 cloud=PRE overlap=NO -> SAFE
[EDGE-Z1-ENSEMBLE] CID:6 m1=0.000 m2=0.020 m3=0.000 m4=0.000 m5=0.000 p=0.000 cloud=PRE overlap=NO -> SAFE
[EDGE-Z1-ENSEMBLE] CID:8 m1=0.000 m2=0.020 m3=0.000 m4=0.000 m5=0.000 p=0.000 cloud=PRE overlap=NO -> SAFE
[EDGE-Z1-ENSEMBLE] CID:9 m1=0.000 m2=0.020 m3=0.000 m4=0.000 m5=0.000 p=0.000 cloud=PRE overlap=NO -> SAFE
[EDGE-Z1-ENSEMBLE] CID:7 m1=0.000 m2=0.020 m3=0.000 m4=0.000 m5=0.000 p=0.000 cloud=PRE overlap=NO -> SAFE
[EDGE-Z1-ENSEMBLE] CID:1 m1=0.000 m2=0.020 m3=0.000 m4=0.000 m5=0.000 p=0.000 cloud=PRE overlap=NO -> SAFE
[EDGE-Z1-ENSEMBLE] CID:3 m1=0.000 m2=0.020 m3=0.000 m4=0.000 m5=0.000 p=0.000 cloud=PRE overlap=NO -> SAFE
[EDGE-Z1-ENSEMBLE] CID:4 m1=0.000 m2=0.020 m3=0.000 m4=0.000 m5=0.000 p=0.000 cloud=PRE overlap=NO -> SAFE
[EDGE-Z1-ENSEMBLE] CID:2 m1=0.000 m2=0.020 m3=0.000 m4=0.000 m5=0.000 p=0.000 cloud=PRE overlap=NO -> SAFE
[EDGE-Z1-ENSEMBLE] CID:0 m1=0.000 m2=0.020 m3=0.000 m4=0.000 m5=0.000 p=0.000 cloud=PRE overlap=NO -> SAFE
[EDGE-Z1-ENSEMBLE] CID:5 m1=0.000 m2=0.020 m3=0.000 m4=0.000 m5=0.000 p=0.000 cloud=PRE overlap=NO -> SAFE
[EDGE-Z1-ENSEMBLE] CID:6 m1=0.000 m2=0.020 m3=0.000 m4=0.000 m5=0.000 p=0.000 cloud=PRE overlap=NO -> SAFE
[EDGE-Z1-ENSEMBLE] CID:8 m1=0.000 m2=0.020 m3=0.000 m4=0.000 m5=0.000 p=0.000 cloud=PRE overlap=NO -> SAFE
[EDGE-Z1-ENSEMBLE] CID:9 m1=0.000 m2=0.020 m3=0.000 m4=0.000 m5=0.000 p=0.000 cloud=PRE overlap=NO -> SAFE
[EDGE-Z1-ENSEMBLE] CID:7 m1=0.000 m2=0.020 m3=0.000 m4=0.000 m5=0.000 p=0.000 cloud=PRE overlap=NO -> SAFE
[EDGE-Z1-ENSEMBLE] CID:1 m1=0.000 m2=0.020 m3=0.000 m4=0.000 m5=0.000 p=0.000 cloud=PRE overlap=NO -> SAFE
[EDGE-Z1-ENSEMBLE] CID:3 m1=0.000 m2=0.020 m3=0.000 m4=0.000 m5=0.000 p=0.000 cloud=PRE overlap=NO -> SAFE
[EDGE-Z1-ENSEMBLE] CID:4 m1=0.000 m2=0.020 m3=0.000 m4=0.000 m5=0.000 p=0.000 cloud=PRE overlap=NO -> SAFE
[EDGE-Z1-ENSEMBLE] CID:2 m1=0.000 m2=0.020 m3=0.000 m4=0.000 m5=0.000 p=0.000 cloud=PRE overlap=NO -> SAFE
[EDGE-Z1-ENSEMBLE] CID:0 m1=0.672 m2=0.020 m3=0.000 m4=0.000 m5=0.000 p=0.156 cloud=PRE overlap=NO -> WARN
[EDGE-Z1-ENSEMBLE] CID:5 m1=0.670 m2=0.020 m3=0.000 m4=0.000 m5=0.003 p=0.153 cloud=PRE overlap=NO -> WARN
[EDGE-Z1-ENSEMBLE] CID:6 m1=0.000 m2=0.020 m3=0.000 m4=0.000 m5=0.000 p=0.000 cloud=PRE overlap=NO -> SAFE
[EDGE-Z1-ENSEMBLE] CID:8 m1=0.000 m2=0.020 m3=0.000 m4=0.000 m5=0.000 p=0.000 cloud=PRE overlap=NO -> SAFE
[EDGE-Z1-ENSEMBLE] CID:9 m1=0.000 m2=0.020 m3=0.000 m4=0.000 m5=0.000 p=0.000 cloud=PRE overlap=NO -> SAFE
[EDGE-Z1-ENSEMBLE] CID:7 m1=0.000 m2=0.020 m3=0.000 m4=0.000 m5=0.000 p=0.000 cloud=PRE overlap=NO -> SAFE
[EDGE-Z1-ENSEMBLE] CID:1 m1=0.000 m2=0.020 m3=0.000 m4=0.000 m5=0.000 p=0.000 cloud=PRE overlap=NO -> SAFE
[EDGE-Z1-ENSEMBLE] CID:3 m1=0.000 m2=0.020 m3=0.000 m4=0.000 m5=0.000 p=0.000 cloud=PRE overlap=NO -> SAFE
[EDGE-Z1-ENSEMBLE] CID:4 m1=0.000 m2=0.020 m3=0.000 m4=0.000 m5=0.000 p=0.000 cloud=PRE overlap=NO -> SAFE
[EDGE-Z1-ENSEMBLE] CID:2 m1=0.000 m2=0.020 m3=0.000 m4=0.000 m5=0.000 p=0.000 cloud=PRE overlap=NO -> SAFE
[EDGE-Z1-ENSEMBLE] CID:0 m1=0.663 m2=0.020 m3=0.000 m4=0.000 m5=0.023 p=0.188 cloud=PRE overlap=NO -> WARN
[EDGE-Z1-ENSEMBLE] CID:5 m1=0.663 m2=0.020 m3=0.000 m4=0.000 m5=0.028 p=0.188 cloud=PRE overlap=NO -> WARN
[EDGE-Z1-ENSEMBLE] CID:6 m1=0.000 m2=0.020 m3=0.000 m4=0.000 m5=0.000 p=0.000 cloud=PRE overlap=NO -> SAFE
[EDGE-Z1-ENSEMBLE] CID:8 m1=0.000 m2=0.020 m3=0.000 m4=0.000 m5=0.000 p=0.000 cloud=PRE overlap=NO -> SAFE
[EDGE-Z1-ENSEMBLE] CID:9 m1=0.000 m2=0.020 m3=0.000 m4=0.000 m5=0.000 p=0.000 cloud=PRE overlap=NO -> SAFE
[EDGE-Z1-ENSEMBLE] CID:7 m1=0.000 m2=0.020 m3=0.000 m4=0.000 m5=0.000 p=0.000 cloud=PRE overlap=NO -> SAFE
[EDGE-Z1-ENSEMBLE] CID:1 m1=0.000 m2=0.020 m3=0.000 m4=0.000 m5=0.000 p=0.000 cloud=PRE overlap=NO -> SAFE
[EDGE-Z1-ENSEMBLE] CID:3 m1=0.000 m2=0.020 m3=0.000 m4=0.000 m5=0.000 p=0.000 cloud=PRE overlap=NO -> SAFE
[EDGE-Z1-ENSEMBLE] CID:4 m1=0.000 m2=0.020 m3=0.000 m4=0.000 m5=0.000 p=0.000 cloud=PRE overlap=NO -> SAFE
[EDGE-Z1-ENSEMBLE] CID:2 m1=0.000 m2=0.020 m3=0.000 m4=0.000 m5=0.000 p=0.000 cloud=PRE overlap=NO -> SAFE
[EDGE-Z1-ENSEMBLE] CID:0 m1=0.672 m2=0.020 m3=0.000 m4=0.000 m5=0.053 p=0.194 cloud=PRE overlap=NO -> WARN
[EDGE-Z1-ENSEMBLE] CID:5 m1=0.666 m2=0.020 m3=0.000 m4=0.000 m5=0.052 p=0.192 cloud=PRE overlap=NO -> WARN
[EDGE-Z1-ENSEMBLE] CID:6 m1=0.000 m2=0.020 m3=0.000 m4=0.000 m5=0.000 p=0.000 cloud=PRE overlap=NO -> SAFE
[EDGE-Z1-ENSEMBLE] CID:8 m1=0.000 m2=0.020 m3=0.000 m4=0.000 m5=0.000 p=0.000 cloud=PRE overlap=NO -> SAFE
[EDGE-Z1-ENSEMBLE] CID:9 m1=0.000 m2=0.020 m3=0.000 m4=0.000 m5=0.000 p=0.000 cloud=PRE overlap=NO -> SAFE
[EDGE-Z1-ENSEMBLE] CID:7 m1=0.000 m2=0.020 m3=0.000 m4=0.000 m5=0.000 p=0.000 cloud=PRE overlap=NO -> SAFE
[EDGE-Z1-ENSEMBLE] CID:1 m1=0.000 m2=0.020 m3=0.000 m4=0.000 m5=0.000 p=0.000 cloud=PRE overlap=NO -> SAFE
[EDGE-Z1-ENSEMBLE] CID:3 m1=0.000 m2=0.020 m3=0.000 m4=0.000 m5=0.000 p=0.000 cloud=PRE overlap=NO -> SAFE
[EDGE-Z1-ENSEMBLE] CID:4 m1=0.000 m2=0.020 m3=0.000 m4=0.000 m5=0.000 p=0.000 cloud=PRE overlap=NO -> SAFE
[EDGE-Z1-ENSEMBLE] CID:2 m1=0.000 m2=0.020 m3=0.000 m4=0.000 m5=0.000 p=0.000 cloud=PRE overlap=NO -> SAFE
[EDGE-Z1-ENSEMBLE] CID:0 m1=0.675 m2=0.020 m3=0.000 m4=0.000 m5=0.080 p=0.199 cloud=PRE overlap=NO -> WARN
[EDGE-Z1-ENSEMBLE] CID:5 m1=0.681 m2=0.020 m3=0.000 m4=0.000 m5=0.079 p=0.200 cloud=PRE overlap=NO -> WARN
[EDGE-Z1-ENSEMBLE] CID:6 m1=0.000 m2=0.020 m3=0.000 m4=0.000 m5=0.000 p=0.000 cloud=PRE overlap=NO -> SAFE
[EDGE-Z1-ENSEMBLE] CID:8 m1=0.000 m2=0.020 m3=0.000 m4=0.000 m5=0.000 p=0.000 cloud=PRE overlap=NO -> SAFE
[EDGE-Z1-ENSEMBLE] CID:9 m1=0.000 m2=0.020 m3=0.000 m4=0.000 m5=0.000 p=0.000 cloud=PRE overlap=NO -> SAFE
[EDGE-Z1-ENSEMBLE] CID:7 m1=0.000 m2=0.020 m3=0.000 m4=0.000 m5=0.000 p=0.000 cloud=PRE overlap=NO -> SAFE
[EDGE-Z1-ENSEMBLE] CID:1 m1=0.000 m2=0.020 m3=0.000 m4=0.000 m5=0.000 p=0.000 cloud=PRE overlap=NO -> SAFE
[EDGE-Z1-ENSEMBLE] CID:3 m1=0.000 m2=0.020 m3=0.000 m4=0.000 m5=0.000 p=0.000 cloud=PRE overlap=NO -> SAFE
[EDGE-Z1-ENSEMBLE] CID:4 m1=0.000 m2=0.020 m3=0.000 m4=0.000 m5=0.000 p=0.000 cloud=PRE overlap=NO -> SAFE
[EDGE-Z1-ENSEMBLE] CID:2 m1=0.000 m2=0.020 m3=0.000 m4=0.000 m5=0.000 p=0.000 cloud=PRE overlap=NO -> SAFE
[EDGE-Z1-ENSEMBLE] CID:0 m1=0.677 m2=0.020 m3=0.000 m4=0.000 m5=0.109 p=0.203 cloud=PRE overlap=NO -> WARN
[EDGE-Z1-ENSEMBLE] CID:5 m1=0.663 m2=0.020 m3=0.000 m4=0.000 m5=0.106 p=0.199 cloud=PRE overlap=NO -> WARN
[EDGE-Z1-ENSEMBLE] CID:6 m1=0.663 m2=0.020 m3=0.000 m4=0.000 m5=0.000 p=0.149 cloud=PRE overlap=NO -> SAFE
[EDGE-Z1-ENSEMBLE] CID:8 m1=0.000 m2=0.020 m3=0.000 m4=0.000 m5=0.000 p=0.000 cloud=PRE overlap=NO -> SAFE
[EDGE-Z1-ENSEMBLE] CID:9 m1=0.000 m2=0.020 m3=0.000 m4=0.000 m5=0.000 p=0.000 cloud=PRE overlap=NO -> SAFE
[EDGE-Z1-ENSEMBLE] CID:7 m1=0.000 m2=0.020 m3=0.000 m4=0.000 m5=0.000 p=0.000 cloud=PRE overlap=NO -> SAFE
[EDGE-Z1-ENSEMBLE] CID:1 m1=0.666 m2=0.020 m3=0.000 m4=0.000 m5=0.000 p=0.150 cloud=PRE overlap=NO -> WARN
[EDGE-Z1-ENSEMBLE] CID:3 m1=0.000 m2=0.020 m3=0.000 m4=0.000 m5=0.000 p=0.000 cloud=PRE overlap=NO -> SAFE
[EDGE-Z1-ENSEMBLE] CID:4 m1=0.000 m2=0.020 m3=0.000 m4=0.000 m5=0.000 p=0.000 cloud=PRE overlap=NO -> SAFE
[EDGE-Z1-ENSEMBLE] CID:2 m1=0.000 m2=0.020 m3=0.000 m4=0.000 m5=0.000 p=0.000 cloud=PRE overlap=NO -> SAFE
[EDGE-Z1-ENSEMBLE] CID:0 m1=0.666 m2=0.020 m3=0.000 m4=0.000 m5=0.108 p=0.200 cloud=PRE overlap=NO -> WARN
[EDGE-Z1-ENSEMBLE] CID:5 m1=0.670 m2=0.020 m3=0.000 m4=0.000 m5=0.107 p=0.201 cloud=PRE overlap=NO -> WARN
[EDGE-Z1-ENSEMBLE] CID:6 m1=0.670 m2=0.020 m3=0.000 m4=0.000 m5=0.026 p=0.155 cloud=PRE overlap=NO -> WARN
[EDGE-Z1-ENSEMBLE] CID:8 m1=0.000 m2=0.020 m3=0.000 m4=0.000 m5=0.000 p=0.000 cloud=PRE overlap=NO -> SAFE
[EDGE-Z1-ENSEMBLE] CID:9 m1=0.000 m2=0.020 m3=0.000 m4=0.000 m5=0.000 p=0.000 cloud=PRE overlap=NO -> SAFE
[EDGE-Z1-ENSEMBLE] CID:7 m1=0.000 m2=0.020 m3=0.000 m4=0.000 m5=0.000 p=0.000 cloud=PRE overlap=NO -> SAFE
[EDGE-Z1-ENSEMBLE] CID:1 m1=0.666 m2=0.020 m3=0.000 m4=0.000 m5=0.025 p=0.189 cloud=PRE overlap=NO -> WARN
[EDGE-Z1-ENSEMBLE] CID:3 m1=0.000 m2=0.020 m3=0.000 m4=0.000 m5=0.000 p=0.000 cloud=PRE overlap=NO -> SAFE
[EDGE-Z1-ENSEMBLE] CID:4 m1=0.000 m2=0.020 m3=0.000 m4=0.000 m5=0.000 p=0.000 cloud=PRE overlap=NO -> SAFE
[EDGE-Z1-ENSEMBLE] CID:2 m1=0.000 m2=0.020 m3=0.000 m4=0.000 m5=0.000 p=0.000 cloud=PRE overlap=NO -> SAFE
[EDGE-Z1-ENSEMBLE] CID:0 m1=0.672 m2=0.020 m3=0.000 m4=0.000 m5=0.111 p=0.202 cloud=PRE overlap=NO -> WARN
[EDGE-Z1-ENSEMBLE] CID:5 m1=0.672 m2=0.020 m3=0.000 m4=0.000 m5=0.109 p=0.202 cloud=PRE overlap=NO -> WARN
[EDGE-Z1-ENSEMBLE] CID:6 m1=0.663 m2=0.020 m3=0.000 m4=0.000 m5=0.052 p=0.192 cloud=PRE overlap=NO -> WARN
[EDGE-Z1-ENSEMBLE] CID:8 m1=0.000 m2=0.020 m3=0.000 m4=0.000 m5=0.000 p=0.000 cloud=PRE overlap=NO -> SAFE
[EDGE-Z1-ENSEMBLE] CID:9 m1=0.000 m2=0.020 m3=0.000 m4=0.000 m5=0.000 p=0.000 cloud=PRE overlap=NO -> SAFE
[EDGE-Z1-ENSEMBLE] CID:7 m1=0.000 m2=0.020 m3=0.000 m4=0.000 m5=0.000 p=0.000 cloud=PRE overlap=NO -> SAFE
[EDGE-Z1-ENSEMBLE] CID:1 m1=0.679 m2=0.020 m3=0.000 m4=0.000 m5=0.054 p=0.196 cloud=PRE overlap=NO -> WARN
[EDGE-Z1-ENSEMBLE] CID:3 m1=0.000 m2=0.020 m3=0.000 m4=0.000 m5=0.000 p=0.000 cloud=PRE overlap=NO -> SAFE
[EDGE-Z1-ENSEMBLE] CID:4 m1=0.000 m2=0.020 m3=0.000 m4=0.000 m5=0.000 p=0.000 cloud=PRE overlap=NO -> SAFE
[EDGE-Z1-ENSEMBLE] CID:2 m1=0.000 m2=0.020 m3=0.000 m4=0.000 m5=0.000 p=0.000 cloud=PRE overlap=NO -> SAFE
[EDGE-Z1-ENSEMBLE] CID:0 m1=0.666 m2=0.020 m3=0.000 m4=0.000 m5=0.110 p=0.200 cloud=PRE overlap=NO -> WARN
[EDGE-Z1-ENSEMBLE] CID:5 m1=0.677 m2=0.020 m3=0.000 m4=0.000 m5=0.112 p=0.204 cloud=PRE overlap=NO -> WARN
[EDGE-Z1-ENSEMBLE] CID:6 m1=0.675 m2=0.020 m3=0.000 m4=0.000 m5=0.080 p=0.199 cloud=PRE overlap=NO -> WARN
[EDGE-Z1-ENSEMBLE] CID:8 m1=0.000 m2=0.020 m3=0.000 m4=0.000 m5=0.000 p=0.000 cloud=PRE overlap=NO -> SAFE
[EDGE-Z1-ENSEMBLE] CID:9 m1=0.000 m2=0.020 m3=0.000 m4=0.000 m5=0.000 p=0.000 cloud=PRE overlap=NO -> SAFE
[EDGE-Z1-ENSEMBLE] CID:7 m1=0.000 m2=0.020 m3=0.000 m4=0.000 m5=0.000 p=0.000 cloud=PRE overlap=NO -> SAFE
[EDGE-Z1-ENSEMBLE] CID:1 m1=0.659 m2=0.020 m3=0.000 m4=0.000 m5=0.078 p=0.194 cloud=PRE overlap=NO -> WARN
[EDGE-Z1-ENSEMBLE] CID:3 m1=0.000 m2=0.020 m3=0.000 m4=0.000 m5=0.000 p=0.000 cloud=PRE overlap=NO -> SAFE
[EDGE-Z1-ENSEMBLE] CID:4 m1=0.000 m2=0.020 m3=0.000 m4=0.000 m5=0.000 p=0.000 cloud=PRE overlap=NO -> SAFE
[EDGE-Z1-ENSEMBLE] CID:2 m1=0.000 m2=0.020 m3=0.000 m4=0.000 m5=0.000 p=0.000 cloud=PRE overlap=NO -> SAFE
[EDGE-Z1-ENSEMBLE] CID:0 m1=0.666 m2=0.020 m3=0.000 m4=0.000 m5=0.108 p=0.200 cloud=PRE overlap=NO -> WARN
[EDGE-Z1-ENSEMBLE] CID:5 m1=0.659 m2=0.020 m3=0.000 m4=0.000 m5=0.107 p=0.198 cloud=PRE overlap=NO -> WARN
[EDGE-Z1-ENSEMBLE] CID:6 m1=0.681 m2=0.020 m3=0.000 m4=0.000 m5=0.109 p=0.204 cloud=PRE overlap=NO -> WARN
[EDGE-Z1-ENSEMBLE] CID:8 m1=0.000 m2=0.020 m3=0.000 m4=0.000 m5=0.000 p=0.000 cloud=PRE overlap=NO -> SAFE
[EDGE-Z1-ENSEMBLE] CID:9 m1=0.000 m2=0.020 m3=0.000 m4=0.000 m5=0.000 p=0.000 cloud=PRE overlap=NO -> SAFE
[EDGE-Z1-ENSEMBLE] CID:7 m1=0.663 m2=0.020 m3=0.000 m4=0.000 m5=0.008 p=0.151 cloud=PRE overlap=NO -> WARN
[EDGE-Z1-ENSEMBLE] CID:1 m1=0.679 m2=0.020 m3=0.000 m4=0.000 m5=0.109 p=0.204 cloud=PRE overlap=NO -> WARN
[EDGE-Z1-ENSEMBLE] CID:3 m1=0.000 m2=0.020 m3=0.000 m4=0.000 m5=0.000 p=0.000 cloud=PRE overlap=NO -> SAFE
[EDGE-Z1-ENSEMBLE] CID:4 m1=0.000 m2=0.020 m3=0.000 m4=0.000 m5=0.000 p=0.000 cloud=PRE overlap=NO -> SAFE
[EDGE-Z1-ENSEMBLE] CID:2 m1=0.666 m2=0.020 m3=0.000 m4=0.000 m5=0.004 p=0.151 cloud=PRE overlap=NO -> WARN
[EDGE-Z1-ENSEMBLE] CID:0 m1=0.679 m2=0.020 m3=0.000 m4=0.000 m5=0.109 p=0.204 cloud=PRE overlap=NO -> WARN
[EDGE-Z1-ENSEMBLE] CID:5 m1=0.672 m2=0.020 m3=0.000 m4=0.000 m5=0.109 p=0.202 cloud=PRE overlap=NO -> WARN
[EDGE-Z1-ENSEMBLE] CID:6 m1=0.675 m2=0.020 m3=0.000 m4=0.000 m5=0.112 p=0.203 cloud=PRE overlap=NO -> WARN
[EDGE-Z1-ENSEMBLE] CID:8 m1=0.000 m2=0.020 m3=0.000 m4=0.000 m5=0.000 p=0.000 cloud=PRE overlap=NO -> SAFE
[EDGE-Z1-ENSEMBLE] CID:9 m1=0.000 m2=0.020 m3=0.000 m4=0.000 m5=0.000 p=0.000 cloud=PRE overlap=NO -> SAFE
[EDGE-Z1-ENSEMBLE] CID:7 m1=0.663 m2=0.020 m3=0.000 m4=0.000 m5=0.032 p=0.189 cloud=PRE overlap=NO -> WARN
[EDGE-Z1-ENSEMBLE] CID:1 m1=0.655 m2=0.020 m3=0.000 m4=0.000 m5=0.108 p=0.197 cloud=PRE overlap=NO -> WARN
[EDGE-Z1-ENSEMBLE] CID:3 m1=0.000 m2=0.020 m3=0.000 m4=0.000 m5=0.000 p=0.000 cloud=PRE overlap=NO -> SAFE
[EDGE-Z1-ENSEMBLE] CID:4 m1=0.000 m2=0.020 m3=0.000 m4=0.000 m5=0.000 p=0.000 cloud=PRE overlap=NO -> SAFE
[EDGE-Z1-ENSEMBLE] CID:2 m1=0.666 m2=0.020 m3=0.000 m4=0.000 m5=0.030 p=0.189 cloud=PRE overlap=NO -> WARN
[EDGE-Z1-ENSEMBLE] CID:0 m1=0.655 m2=0.020 m3=0.000 m4=0.000 m5=0.108 p=0.197 cloud=PRE overlap=NO -> WARN
[EDGE-Z1-ENSEMBLE] CID:5 m1=0.666 m2=0.020 m3=0.000 m4=0.000 m5=0.109 p=0.200 cloud=PRE overlap=NO -> WARN
[EDGE-Z1-ENSEMBLE] CID:6 m1=0.679 m2=0.020 m3=0.000 m4=0.000 m5=0.114 p=0.204 cloud=PRE overlap=NO -> WARN
[EDGE-Z1-ENSEMBLE] CID:8 m1=0.000 m2=0.020 m3=0.000 m4=0.000 m5=0.000 p=0.000 cloud=PRE overlap=NO -> SAFE
[EDGE-Z1-ENSEMBLE] CID:9 m1=0.000 m2=0.020 m3=0.000 m4=0.000 m5=0.000 p=0.000 cloud=PRE overlap=NO -> SAFE
[EDGE-Z1-ENSEMBLE] CID:7 m1=0.659 m2=0.020 m3=0.000 m4=0.000 m5=0.054 p=0.191 cloud=PRE overlap=NO -> WARN
[EDGE-Z1-ENSEMBLE] CID:1 m1=0.677 m2=0.020 m3=0.000 m4=0.000 m5=0.111 p=0.203 cloud=PRE overlap=NO -> WARN
[EDGE-Z1-ENSEMBLE] CID:3 m1=0.000 m2=0.020 m3=0.000 m4=0.000 m5=0.000 p=0.000 cloud=PRE overlap=NO -> SAFE
[EDGE-Z1-ENSEMBLE] CID:4 m1=0.000 m2=0.020 m3=0.000 m4=0.000 m5=0.000 p=0.000 cloud=PRE overlap=NO -> SAFE
[EDGE-Z1-ENSEMBLE] CID:2 m1=0.679 m2=0.020 m3=0.000 m4=0.000 m5=0.058 p=0.197 cloud=PRE overlap=NO -> WARN
[EDGE-Z1-ENSEMBLE] CID:0 m1=0.679 m2=0.020 m3=0.000 m4=0.000 m5=0.109 p=0.204 cloud=PRE overlap=NO -> WARN
[EDGE-Z1-ENSEMBLE] CID:5 m1=0.659 m2=0.020 m3=0.000 m4=0.000 m5=0.107 p=0.198 cloud=PRE overlap=NO -> WARN
[EDGE-Z1-ENSEMBLE] CID:6 m1=0.675 m2=0.020 m3=0.000 m4=0.000 m5=0.117 p=0.204 cloud=PRE overlap=NO -> WARN
[EDGE-Z1-ENSEMBLE] CID:8 m1=0.000 m2=0.020 m3=0.000 m4=0.000 m5=0.000 p=0.000 cloud=PRE overlap=NO -> SAFE
[EDGE-Z1-ENSEMBLE] CID:9 m1=0.000 m2=0.020 m3=0.000 m4=0.000 m5=0.000 p=0.000 cloud=PRE overlap=NO -> SAFE
[EDGE-Z1-ENSEMBLE] CID:7 m1=0.672 m2=0.020 m3=0.000 m4=0.000 m5=0.080 p=0.198 cloud=PRE overlap=NO -> WARN
[EDGE-Z1-ENSEMBLE] CID:1 m1=0.679 m2=0.020 m3=0.000 m4=0.000 m5=0.111 p=0.204 cloud=PRE overlap=NO -> WARN
[EDGE-Z1-ENSEMBLE] CID:3 m1=0.000 m2=0.020 m3=0.000 m4=0.000 m5=0.000 p=0.000 cloud=PRE overlap=NO -> SAFE
[EDGE-Z1-ENSEMBLE] CID:4 m1=0.000 m2=0.020 m3=0.000 m4=0.000 m5=0.000 p=0.000 cloud=PRE overlap=NO -> SAFE
[EDGE-Z1-ENSEMBLE] CID:2 m1=0.670 m2=0.020 m3=0.000 m4=0.000 m5=0.083 p=0.198 cloud=PRE overlap=NO -> WARN
[EDGE-Z1-ENSEMBLE] CID:0 m1=0.663 m2=0.020 m3=0.000 m4=0.000 m5=0.109 p=0.199 cloud=PRE overlap=NO -> WARN
[EDGE-Z1-ENSEMBLE] CID:5 m1=0.659 m2=0.020 m3=0.000 m4=0.000 m5=0.103 p=0.197 cloud=PRE overlap=NO -> WARN
[EDGE-Z1-ENSEMBLE] CID:6 m1=0.666 m2=0.020 m3=0.000 m4=0.000 m5=0.115 p=0.201 cloud=PRE overlap=NO -> WARN
[EDGE-Z1-ENSEMBLE] CID:8 m1=0.666 m2=0.020 m3=0.000 m4=0.000 m5=0.002 p=0.151 cloud=PRE overlap=NO -> WARN
[EDGE-Z1-ENSEMBLE] CID:9 m1=0.000 m2=0.020 m3=0.000 m4=0.000 m5=0.000 p=0.000 cloud=PRE overlap=NO -> SAFE
[EDGE-Z1-ENSEMBLE] CID:7 m1=0.663 m2=0.020 m3=0.000 m4=0.000 m5=0.104 p=0.199 cloud=PRE overlap=NO -> WARN
[EDGE-Z1-ENSEMBLE] CID:1 m1=0.663 m2=0.020 m3=0.000 m4=0.000 m5=0.111 p=0.200 cloud=PRE overlap=NO -> WARN
[EDGE-Z1-ENSEMBLE] CID:3 m1=0.670 m2=0.020 m3=0.000 m4=0.000 m5=0.002 p=0.152 cloud=PRE overlap=NO -> WARN
[EDGE-Z1-ENSEMBLE] CID:4 m1=0.000 m2=0.020 m3=0.000 m4=0.000 m5=0.000 p=0.000 cloud=PRE overlap=NO -> SAFE
[EDGE-Z1-ENSEMBLE] CID:2 m1=0.666 m2=0.020 m3=0.000 m4=0.000 m5=0.109 p=0.200 cloud=PRE overlap=NO -> WARN
[EDGE-Z1-ENSEMBLE] CID:0 m1=0.679 m2=0.020 m3=0.000 m4=0.000 m5=0.112 p=0.204 cloud=PRE overlap=NO -> WARN
[EDGE-Z1-ENSEMBLE] CID:5 m1=0.681 m2=0.020 m3=0.000 m4=0.000 m5=0.108 p=0.204 cloud=PRE overlap=NO -> WARN
[EDGE-Z1-ENSEMBLE] CID:6 m1=0.672 m2=0.020 m3=0.000 m4=0.000 m5=0.113 p=0.202 cloud=PRE overlap=NO -> WARN
[EDGE-Z1-ENSEMBLE] CID:8 m1=0.672 m2=0.020 m3=0.000 m4=0.000 m5=0.031 p=0.191 cloud=PRE overlap=NO -> WARN
[EDGE-Z1-ENSEMBLE] CID:9 m1=0.000 m2=0.020 m3=0.000 m4=0.000 m5=0.000 p=0.000 cloud=PRE overlap=NO -> SAFE
[EDGE-Z1-ENSEMBLE] CID:7 m1=0.659 m2=0.020 m3=0.000 m4=0.000 m5=0.103 p=0.197 cloud=PRE overlap=NO -> WARN
[EDGE-Z1-ENSEMBLE] CID:1 m1=0.675 m2=0.020 m3=0.000 m4=0.000 m5=0.110 p=0.203 cloud=PRE overlap=NO -> WARN
[EDGE-Z1-ENSEMBLE] CID:3 m1=0.670 m2=0.020 m3=0.000 m4=0.000 m5=0.031 p=0.190 cloud=PRE overlap=NO -> WARN
[EDGE-Z1-ENSEMBLE] CID:4 m1=0.000 m2=0.020 m3=0.000 m4=0.000 m5=0.000 p=0.000 cloud=PRE overlap=NO -> SAFE
[EDGE-Z1-ENSEMBLE] CID:2 m1=0.663 m2=0.020 m3=0.000 m4=0.000 m5=0.109 p=0.199 cloud=PRE overlap=NO -> WARN
[EDGE-Z1-ENSEMBLE] CID:0 m1=0.666 m2=0.020 m3=0.000 m4=0.000 m5=0.109 p=0.200 cloud=PRE overlap=NO -> WARN
[EDGE-Z1-ENSEMBLE] CID:5 m1=0.677 m2=0.020 m3=0.000 m4=0.000 m5=0.109 p=0.203 cloud=PRE overlap=NO -> WARN
[EDGE-Z1-ENSEMBLE] CID:6 m1=0.655 m2=0.020 m3=0.000 m4=0.000 m5=0.110 p=0.197 cloud=PRE overlap=NO -> WARN
[EDGE-Z1-ENSEMBLE] CID:8 m1=0.659 m2=0.020 m3=0.000 m4=0.000 m5=0.055 p=0.191 cloud=PRE overlap=NO -> WARN
[EDGE-Z1-ENSEMBLE] CID:9 m1=0.000 m2=0.020 m3=0.000 m4=0.000 m5=0.000 p=0.000 cloud=PRE overlap=NO -> SAFE
[EDGE-Z1-ENSEMBLE] CID:7 m1=0.675 m2=0.020 m3=0.000 m4=0.000 m5=0.106 p=0.202 cloud=PRE overlap=NO -> WARN
[EDGE-Z1-ENSEMBLE] CID:1 m1=0.677 m2=0.020 m3=0.000 m4=0.000 m5=0.114 p=0.204 cloud=PRE overlap=NO -> WARN
[EDGE-Z1-ENSEMBLE] CID:3 m1=0.663 m2=0.020 m3=0.000 m4=0.000 m5=0.055 p=0.192 cloud=PRE overlap=NO -> WARN
[EDGE-Z1-ENSEMBLE] CID:4 m1=0.000 m2=0.020 m3=0.000 m4=0.000 m5=0.000 p=0.000 cloud=PRE overlap=NO -> SAFE
[EDGE-Z1-ENSEMBLE] CID:2 m1=0.663 m2=0.020 m3=0.000 m4=0.000 m5=0.109 p=0.199 cloud=PRE overlap=NO -> WARN
[EDGE-Z1-ENSEMBLE] CID:0 m1=0.651 m2=0.020 m3=0.000 m4=0.000 m5=0.109 p=0.196 cloud=PRE overlap=NO -> WARN
[EDGE-Z1-ENSEMBLE] CID:5 m1=0.675 m2=0.020 m3=0.000 m4=0.000 m5=0.112 p=0.203 cloud=PRE overlap=NO -> WARN
[EDGE-Z1-ENSEMBLE] CID:6 m1=0.670 m2=0.020 m3=0.000 m4=0.000 m5=0.108 p=0.201 cloud=PRE overlap=NO -> WARN
[EDGE-Z1-ENSEMBLE] CID:8 m1=0.666 m2=0.020 m3=0.000 m4=0.000 m5=0.083 p=0.197 cloud=PRE overlap=NO -> WARN
[EDGE-Z1-ENSEMBLE] CID:9 m1=0.000 m2=0.020 m3=0.000 m4=0.000 m5=0.000 p=0.000 cloud=PRE overlap=NO -> SAFE
[EDGE-Z1-ENSEMBLE] CID:7 m1=0.651 m2=0.020 m3=0.000 m4=0.000 m5=0.106 p=0.196 cloud=PRE overlap=NO -> WARN
[EDGE-Z1-ENSEMBLE] CID:1 m1=0.677 m2=0.020 m3=0.000 m4=0.000 m5=0.115 p=0.204 cloud=PRE overlap=NO -> WARN
[EDGE-Z1-ENSEMBLE] CID:3 m1=0.672 m2=0.020 m3=0.000 m4=0.000 m5=0.083 p=0.198 cloud=PRE overlap=NO -> WARN
[EDGE-Z1-ENSEMBLE] CID:4 m1=0.000 m2=0.020 m3=0.000 m4=0.000 m5=0.000 p=0.000 cloud=PRE overlap=NO -> SAFE
[EDGE-Z1-ENSEMBLE] CID:2 m1=0.677 m2=0.020 m3=0.000 m4=0.000 m5=0.109 p=0.203 cloud=PRE overlap=NO -> WARN
[EDGE-Z1-ENSEMBLE] CID:0 m1=0.677 m2=0.020 m3=0.000 m4=0.000 m5=0.109 p=0.203 cloud=PRE overlap=NO -> WARN
[EDGE-Z1-ENSEMBLE] CID:5 m1=0.675 m2=0.020 m3=0.000 m4=0.000 m5=0.115 p=0.203 cloud=PRE overlap=NO -> WARN
[EDGE-Z1-ENSEMBLE] CID:6 m1=0.659 m2=0.020 m3=0.000 m4=0.000 m5=0.106 p=0.198 cloud=PRE overlap=NO -> WARN
[EDGE-Z1-ENSEMBLE] CID:8 m1=0.677 m2=0.020 m3=0.000 m4=0.000 m5=0.109 p=0.203 cloud=PRE overlap=NO -> WARN
[EDGE-Z1-ENSEMBLE] CID:9 m1=0.651 m2=0.020 m3=0.000 m4=0.000 m5=0.000 p=0.146 cloud=PRE overlap=NO -> SAFE
[EDGE-Z1-ENSEMBLE] CID:7 m1=0.677 m2=0.020 m3=0.000 m4=0.000 m5=0.107 p=0.203 cloud=PRE overlap=NO -> WARN
[EDGE-Z1-ENSEMBLE] CID:1 m1=0.663 m2=0.020 m3=0.000 m4=0.000 m5=0.112 p=0.200 cloud=PRE overlap=NO -> WARN
[EDGE-Z1-ENSEMBLE] CID:3 m1=0.663 m2=0.020 m3=0.000 m4=0.000 m5=0.108 p=0.199 cloud=PRE overlap=NO -> WARN
[EDGE-Z1-ENSEMBLE] CID:4 m1=0.666 m2=0.020 m3=0.000 m4=0.000 m5=0.001 p=0.151 cloud=PRE overlap=NO -> WARN
[EDGE-Z1-ENSEMBLE] CID:2 m1=0.655 m2=0.020 m3=0.000 m4=0.000 m5=0.107 p=0.197 cloud=PRE overlap=NO -> WARN
[EDGE-Z1-ENSEMBLE] CID:0 m1=0.670 m2=0.020 m3=0.000 m4=0.000 m5=0.111 p=0.201 cloud=PRE overlap=NO -> WARN
[EDGE-Z1-ENSEMBLE] CID:5 m1=0.670 m2=0.020 m3=0.000 m4=0.000 m5=0.117 p=0.202 cloud=PRE overlap=NO -> WARN
[EDGE-Z1-ENSEMBLE] CID:6 m1=0.659 m2=0.020 m3=0.000 m4=0.000 m5=0.106 p=0.198 cloud=PRE overlap=NO -> WARN
[EDGE-Z1-ENSEMBLE] CID:8 m1=0.670 m2=0.020 m3=0.000 m4=0.000 m5=0.111 p=0.201 cloud=PRE overlap=NO -> WARN
[EDGE-Z1-ENSEMBLE] CID:9 m1=0.681 m2=0.020 m3=0.000 m4=0.000 m5=0.029 p=0.158 cloud=PRE overlap=NO -> WARN
[EDGE-Z1-ENSEMBLE] CID:7 m1=0.651 m2=0.020 m3=0.000 m4=0.000 m5=0.106 p=0.196 cloud=PRE overlap=NO -> WARN
[EDGE-Z1-ENSEMBLE] CID:1 m1=0.670 m2=0.020 m3=0.000 m4=0.000 m5=0.114 p=0.202 cloud=PRE overlap=NO -> WARN
[EDGE-Z1-ENSEMBLE] CID:3 m1=0.677 m2=0.020 m3=0.000 m4=0.000 m5=0.111 p=0.203 cloud=PRE overlap=NO -> WARN
[EDGE-Z1-ENSEMBLE] CID:4 m1=0.675 m2=0.020 m3=0.000 m4=0.000 m5=0.027 p=0.191 cloud=PRE overlap=NO -> WARN
[EDGE-Z1-ENSEMBLE] CID:2 m1=0.655 m2=0.020 m3=0.000 m4=0.000 m5=0.106 p=0.197 cloud=PRE overlap=NO -> WARN
[EDGE-Z1-ENSEMBLE] CID:0 m1=0.651 m2=0.020 m3=0.000 m4=0.000 m5=0.107 p=0.196 cloud=PRE overlap=NO -> WARN
[EDGE-Z1-ENSEMBLE] CID:5 m1=0.666 m2=0.020 m3=0.000 m4=0.000 m5=0.114 p=0.201 cloud=PRE overlap=NO -> WARN
[EDGE-Z1-ENSEMBLE] CID:6 m1=0.663 m2=0.020 m3=0.000 m4=0.000 m5=0.104 p=0.199 cloud=PRE overlap=NO -> WARN
[EDGE-Z1-ENSEMBLE] CID:8 m1=0.672 m2=0.020 m3=0.000 m4=0.000 m5=0.111 p=0.202 cloud=PRE overlap=NO -> WARN
[EDGE-Z1-ENSEMBLE] CID:9 m1=0.659 m2=0.020 m3=0.000 m4=0.000 m5=0.056 p=0.191 cloud=PRE overlap=NO -> WARN
[EDGE-Z1-ENSEMBLE] CID:7 m1=0.677 m2=0.020 m3=0.000 m4=0.000 m5=0.110 p=0.203 cloud=PRE overlap=NO -> WARN
[EDGE-Z1-ENSEMBLE] CID:1 m1=0.677 m2=0.020 m3=0.000 m4=0.000 m5=0.115 p=0.204 cloud=PRE overlap=NO -> WARN
[EDGE-Z1-ENSEMBLE] CID:3 m1=0.663 m2=0.020 m3=0.000 m4=0.000 m5=0.110 p=0.199 cloud=PRE overlap=NO -> WARN
[EDGE-Z1-ENSEMBLE] CID:4 m1=0.677 m2=0.020 m3=0.000 m4=0.000 m5=0.056 p=0.196 cloud=PRE overlap=NO -> WARN
[EDGE-Z1-ENSEMBLE] CID:2 m1=0.670 m2=0.020 m3=0.000 m4=0.000 m5=0.107 p=0.201 cloud=PRE overlap=NO -> WARN
[EDGE-Z1-ENSEMBLE] CID:0 m1=0.659 m2=0.020 m3=0.000 m4=0.000 m5=0.106 p=0.198 cloud=PRE overlap=NO -> WARN
[EDGE-Z1-ENSEMBLE] CID:5 m1=0.659 m2=0.020 m3=0.000 m4=0.000 m5=0.111 p=0.199 cloud=PRE overlap=NO -> WARN
[EDGE-Z1-ENSEMBLE] CID:6 m1=0.677 m2=0.020 m3=0.000 m4=0.000 m5=0.108 p=0.203 cloud=PRE overlap=NO -> WARN
[EDGE-Z1-ENSEMBLE] CID:8 m1=0.675 m2=0.020 m3=0.000 m4=0.000 m5=0.114 p=0.203 cloud=PRE overlap=NO -> WARN
[EDGE-Z1-ENSEMBLE] CID:9 m1=0.655 m2=0.020 m3=0.000 m4=0.000 m5=0.080 p=0.193 cloud=PRE overlap=NO -> WARN
[EDGE-Z1-ENSEMBLE] CID:7 m1=0.670 m2=0.020 m3=0.000 m4=0.000 m5=0.109 p=0.201 cloud=PRE overlap=NO -> WARN
[EDGE-Z1-ENSEMBLE] CID:1 m1=0.679 m2=0.020 m3=0.000 m4=0.000 m5=0.116 p=0.205 cloud=PRE overlap=NO -> WARN
[EDGE-Z1-ENSEMBLE] CID:3 m1=0.666 m2=0.020 m3=0.000 m4=0.000 m5=0.111 p=0.201 cloud=PRE overlap=NO -> WARN
[EDGE-Z1-ENSEMBLE] CID:4 m1=0.677 m2=0.020 m3=0.000 m4=0.000 m5=0.084 p=0.200 cloud=PRE overlap=NO -> WARN
[EDGE-Z1-ENSEMBLE] CID:2 m1=0.679 m2=0.020 m3=0.000 m4=0.000 m5=0.111 p=0.204 cloud=PRE overlap=NO -> WARN
[EDGE-Z1-ENSEMBLE] CID:0 m1=0.670 m2=0.020 m3=0.000 m4=0.000 m5=0.108 p=0.201 cloud=PRE overlap=NO -> WARN
[EDGE-Z1-ENSEMBLE] CID:5 m1=0.659 m2=0.020 m3=0.000 m4=0.000 m5=0.108 p=0.198 cloud=PRE overlap=NO -> WARN
[EDGE-Z1-ENSEMBLE] CID:6 m1=0.655 m2=0.020 m3=0.000 m4=0.000 m5=0.106 p=0.197 cloud=PRE overlap=NO -> WARN
[EDGE-Z1-ENSEMBLE] CID:8 m1=0.651 m2=0.020 m3=0.000 m4=0.000 m5=0.112 p=0.196 cloud=PRE overlap=NO -> WARN
[EDGE-Z1-ENSEMBLE] CID:9 m1=0.679 m2=0.020 m3=0.000 m4=0.000 m5=0.109 p=0.204 cloud=PRE overlap=NO -> WARN
[EDGE-Z1-ENSEMBLE] CID:7 m1=0.677 m2=0.020 m3=0.000 m4=0.000 m5=0.113 p=0.204 cloud=PRE overlap=NO -> WARN
[EDGE-Z1-ENSEMBLE] CID:1 m1=0.672 m2=0.020 m3=0.000 m4=0.000 m5=0.114 p=0.203 cloud=PRE overlap=NO -> WARN
[EDGE-Z1-ENSEMBLE] CID:3 m1=0.681 m2=0.020 m3=0.000 m4=0.000 m5=0.113 p=0.205 cloud=PRE overlap=NO -> WARN
[EDGE-Z1-ENSEMBLE] CID:4 m1=0.651 m2=0.020 m3=0.000 m4=0.000 m5=0.112 p=0.196 cloud=PRE overlap=NO -> WARN
[EDGE-Z1-ENSEMBLE] CID:2 m1=0.679 m2=0.020 m3=0.000 m4=0.000 m5=0.111 p=0.204 cloud=PRE overlap=NO -> WARN
[EDGE-Z1-ENSEMBLE] CID:0 m1=0.659 m2=0.020 m3=0.000 m4=0.000 m5=0.105 p=0.198 cloud=PRE overlap=NO -> WARN
[EDGE-Z1-ENSEMBLE] CID:5 m1=0.659 m2=0.020 m3=0.000 m4=0.000 m5=0.106 p=0.198 cloud=PRE overlap=NO -> WARN
[EDGE-Z1-ENSEMBLE] CID:6 m1=0.677 m2=0.020 m3=0.000 m4=0.000 m5=0.109 p=0.203 cloud=PRE overlap=NO -> WARN
[EDGE-Z1-ENSEMBLE] CID:8 m1=0.663 m2=0.020 m3=0.000 m4=0.000 m5=0.109 p=0.199 cloud=PRE overlap=NO -> WARN
[EDGE-Z1-ENSEMBLE] CID:9 m1=0.651 m2=0.020 m3=0.000 m4=0.000 m5=0.109 p=0.196 cloud=PRE overlap=NO -> WARN
[EDGE-Z1-ENSEMBLE] CID:7 m1=0.666 m2=0.020 m3=0.000 m4=0.000 m5=0.111 p=0.201 cloud=PRE overlap=NO -> WARN
[EDGE-Z1-ENSEMBLE] CID:1 m1=0.659 m2=0.020 m3=0.000 m4=0.000 m5=0.114 p=0.199 cloud=PRE overlap=NO -> WARN
[EDGE-Z1-ENSEMBLE] CID:3 m1=0.659 m2=0.020 m3=0.000 m4=0.000 m5=0.112 p=0.199 cloud=PRE overlap=NO -> WARN
[EDGE-Z1-ENSEMBLE] CID:4 m1=0.659 m2=0.020 m3=0.000 m4=0.000 m5=0.111 p=0.199 cloud=PRE overlap=NO -> WARN
[EDGE-Z1-ENSEMBLE] CID:2 m1=0.679 m2=0.020 m3=0.000 m4=0.000 m5=0.116 p=0.205 cloud=PRE overlap=NO -> WARN
[EDGE-Z1-ENSEMBLE] CID:0 m1=0.672 m2=0.020 m3=0.000 m4=0.000 m5=0.106 p=0.201 cloud=PRE overlap=NO -> WARN
[EDGE-Z1-ENSEMBLE] CID:5 m1=0.663 m2=0.020 m3=0.000 m4=0.000 m5=0.104 p=0.199 cloud=PRE overlap=NO -> WARN
[EDGE-Z1-ENSEMBLE] CID:6 m1=0.663 m2=0.020 m3=0.000 m4=0.000 m5=0.110 p=0.199 cloud=PRE overlap=NO -> WARN
[EDGE-Z1-ENSEMBLE] CID:8 m1=0.670 m2=0.020 m3=0.000 m4=0.000 m5=0.109 p=0.201 cloud=PRE overlap=NO -> WARN
[EDGE-Z1-ENSEMBLE] CID:9 m1=0.666 m2=0.020 m3=0.000 m4=0.000 m5=0.106 p=0.200 cloud=PRE overlap=NO -> WARN
[EDGE-Z1-ENSEMBLE] CID:7 m1=0.679 m2=0.020 m3=0.000 m4=0.000 m5=0.116 p=0.205 cloud=PRE overlap=NO -> WARN
[EDGE-Z1-ENSEMBLE] CID:1 m1=0.670 m2=0.020 m3=0.000 m4=0.000 m5=0.114 p=0.202 cloud=PRE overlap=NO -> WARN
[EDGE-Z1-ENSEMBLE] CID:3 m1=0.655 m2=0.020 m3=0.000 m4=0.000 m5=0.108 p=0.197 cloud=PRE overlap=NO -> WARN
[EDGE-Z1-ENSEMBLE] CID:4 m1=0.666 m2=0.020 m3=0.000 m4=0.000 m5=0.109 p=0.200 cloud=PRE overlap=NO -> WARN
[EDGE-Z1-ENSEMBLE] CID:2 m1=0.663 m2=0.020 m3=0.000 m4=0.000 m5=0.117 p=0.200 cloud=PRE overlap=NO -> WARN
[EDGE-Z1-ENSEMBLE] CID:0 m1=0.666 m2=0.020 m3=0.000 m4=0.000 m5=0.108 p=0.200 cloud=PRE overlap=NO -> WARN
[EDGE-Z1-ENSEMBLE] CID:5 m1=0.651 m2=0.020 m3=0.000 m4=0.000 m5=0.102 p=0.195 cloud=PRE overlap=NO -> WARN
[EDGE-Z1-ENSEMBLE] CID:6 m1=0.677 m2=0.020 m3=0.000 m4=0.000 m5=0.113 p=0.204 cloud=PRE overlap=NO -> WARN
[EDGE-Z1-ENSEMBLE] CID:8 m1=0.679 m2=0.020 m3=0.000 m4=0.000 m5=0.111 p=0.204 cloud=PRE overlap=NO -> WARN
[EDGE-Z1-ENSEMBLE] CID:9 m1=0.672 m2=0.020 m3=0.000 m4=0.000 m5=0.108 p=0.202 cloud=PRE overlap=NO -> WARN
[EDGE-Z1-ENSEMBLE] CID:7 m1=0.679 m2=0.020 m3=0.000 m4=0.000 m5=0.117 p=0.205 cloud=PRE overlap=NO -> WARN
[EDGE-Z1-ENSEMBLE] CID:1 m1=0.663 m2=0.020 m3=0.000 m4=0.000 m5=0.111 p=0.200 cloud=PRE overlap=NO -> WARN
[EDGE-Z1-ENSEMBLE] CID:3 m1=0.675 m2=0.020 m3=0.000 m4=0.000 m5=0.111 p=0.203 cloud=PRE overlap=NO -> WARN
[EDGE-Z1-ENSEMBLE] CID:4 m1=0.675 m2=0.020 m3=0.000 m4=0.000 m5=0.109 p=0.203 cloud=PRE overlap=NO -> WARN
[EDGE-Z1-ENSEMBLE] CID:2 m1=0.670 m2=0.020 m3=0.000 m4=0.000 m5=0.117 p=0.202 cloud=PRE overlap=NO -> WARN
[VEREMI-EVIDENCE] Z1 CID:0 mode=shadow old_p=0.011 p_veremi=0.350 p_edge=0.011 streak=1 reasons=speed_pos_claimed details={'speed_err': 8.2, 'derived_speed': 23.4}
[EDGE-Z1-ENSEMBLE] CID:0 m1=0.000 m2=0.020 m3=0.000 m4=0.000 m5=0.055 p=0.011 cloud=PRE overlap=NO -> SAFE
[EDGE-Z1-ENSEMBLE] CID:5 m1=0.000 m2=0.020 m3=0.000 m4=0.000 m5=0.051 p=0.011 cloud=PRE overlap=NO -> SAFE
[EDGE-Z1-ENSEMBLE] CID:6 m1=0.681 m2=0.020 m3=0.000 m4=0.000 m5=0.113 p=0.205 cloud=PRE overlap=NO -> WARN
[EDGE-Z1-ENSEMBLE] CID:8 m1=0.670 m2=0.020 m3=0.000 m4=0.000 m5=0.109 p=0.201 cloud=PRE overlap=NO -> WARN
[EDGE-Z1-ENSEMBLE] CID:9 m1=0.677 m2=0.020 m3=0.000 m4=0.000 m5=0.112 p=0.204 cloud=PRE overlap=NO -> WARN
[EDGE-Z1-ENSEMBLE] CID:7 m1=0.679 m2=0.020 m3=0.000 m4=0.000 m5=0.118 p=0.205 cloud=PRE overlap=NO -> WARN
[EDGE-Z1-ENSEMBLE] CID:1 m1=0.679 m2=0.020 m3=0.000 m4=0.000 m5=0.111 p=0.204 cloud=PRE overlap=NO -> WARN
[EDGE-Z1-ENSEMBLE] CID:3 m1=0.677 m2=0.020 m3=0.000 m4=0.000 m5=0.112 p=0.204 cloud=PRE overlap=NO -> WARN
[EDGE-Z1-ENSEMBLE] CID:4 m1=0.659 m2=0.020 m3=0.000 m4=0.000 m5=0.105 p=0.198 cloud=PRE overlap=NO -> WARN
[EDGE-Z1-ENSEMBLE] CID:2 m1=0.655 m2=0.020 m3=0.000 m4=0.000 m5=0.112 p=0.198 cloud=PRE overlap=NO -> WARN
[EDGE-Z1-ENSEMBLE] CID:0 m1=0.000 m2=0.020 m3=0.000 m4=0.000 m5=0.000 p=0.000 cloud=PRE overlap=NO -> SAFE
[EDGE-Z1-ENSEMBLE] CID:5 m1=0.000 m2=0.020 m3=0.000 m4=0.000 m5=0.025 p=0.002 cloud=PRE overlap=NO -> SAFE
[EDGE-Z1-ENSEMBLE] CID:6 m1=0.679 m2=0.020 m3=0.000 m4=0.000 m5=0.117 p=0.205 cloud=PRE overlap=NO -> WARN
[EDGE-Z1-ENSEMBLE] CID:8 m1=0.677 m2=0.020 m3=0.000 m4=0.000 m5=0.113 p=0.204 cloud=PRE overlap=NO -> WARN
[EDGE-Z1-ENSEMBLE] CID:9 m1=0.672 m2=0.020 m3=0.000 m4=0.000 m5=0.109 p=0.202 cloud=PRE overlap=NO -> WARN
[EDGE-Z1-ENSEMBLE] CID:7 m1=0.679 m2=0.020 m3=0.000 m4=0.000 m5=0.118 p=0.205 cloud=PRE overlap=NO -> WARN
[EDGE-Z1-ENSEMBLE] CID:1 m1=0.672 m2=0.020 m3=0.000 m4=0.000 m5=0.110 p=0.202 cloud=PRE overlap=NO -> WARN
[EDGE-Z1-ENSEMBLE] CID:3 m1=0.659 m2=0.020 m3=0.000 m4=0.000 m5=0.107 p=0.198 cloud=PRE overlap=NO -> WARN
[EDGE-Z1-ENSEMBLE] CID:4 m1=0.679 m2=0.020 m3=0.000 m4=0.000 m5=0.109 p=0.204 cloud=PRE overlap=NO -> WARN
[EDGE-Z1-ENSEMBLE] CID:2 m1=0.663 m2=0.020 m3=0.000 m4=0.000 m5=0.108 p=0.199 cloud=PRE overlap=NO -> WARN
[EDGE-Z1-ENSEMBLE] CID:0 m1=0.000 m2=0.020 m3=0.000 m4=0.000 m5=0.000 p=0.000 cloud=PRE overlap=NO -> SAFE
[EDGE-Z1-ENSEMBLE] CID:5 m1=0.000 m2=0.020 m3=0.040 m4=0.000 m5=0.000 p=0.003 cloud=PRE overlap=NO -> SAFE
[EDGE-Z1-ENSEMBLE] CID:6 m1=0.672 m2=0.020 m3=0.000 m4=0.000 m5=0.116 p=0.203 cloud=PRE overlap=NO -> WARN
[EDGE-Z1-ENSEMBLE] CID:8 m1=0.681 m2=0.020 m3=0.000 m4=0.000 m5=0.116 p=0.205 cloud=PRE overlap=NO -> WARN
[EDGE-Z1-ENSEMBLE] CID:9 m1=0.672 m2=0.020 m3=0.000 m4=0.000 m5=0.112 p=0.202 cloud=PRE overlap=NO -> WARN
[EDGE-Z1-ENSEMBLE] CID:7 m1=0.681 m2=0.020 m3=0.000 m4=0.000 m5=0.121 p=0.206 cloud=PRE overlap=NO -> WARN
[EDGE-Z1-ENSEMBLE] CID:1 m1=0.000 m2=0.020 m3=0.000 m4=0.000 m5=0.084 p=0.015 cloud=PRE overlap=NO -> SAFE
[EDGE-Z1-ENSEMBLE] CID:3 m1=0.672 m2=0.020 m3=0.000 m4=0.000 m5=0.109 p=0.202 cloud=PRE overlap=NO -> WARN
[EDGE-Z1-ENSEMBLE] CID:4 m1=0.670 m2=0.020 m3=0.000 m4=0.000 m5=0.111 p=0.201 cloud=PRE overlap=NO -> WARN
[EDGE-Z1-ENSEMBLE] CID:2 m1=0.670 m2=0.020 m3=0.000 m4=0.000 m5=0.105 p=0.201 cloud=PRE overlap=NO -> WARN
[EDGE-Z1-ENSEMBLE] CID:0 m1=0.000 m2=0.020 m3=0.000 m4=0.000 m5=0.000 p=0.000 cloud=PRE overlap=NO -> SAFE
[VEREMI-EVIDENCE] Z1 CID:5 mode=shadow old_p=0.134 p_veremi=0.350 p_edge=0.134 streak=1 reasons=ts_nonmonotonic details={'ts': 24.982, 'max_ts': 24.982}
[EDGE-Z1-ENSEMBLE] CID:5 m1=0.000 m2=0.768 m3=0.040 m4=0.000 m5=0.000 p=0.134 cloud=PRE overlap=NO -> SAFE
[EDGE-Z1-ENSEMBLE] CID:6 m1=0.663 m2=0.020 m3=0.000 m4=0.000 m5=0.115 p=0.200 cloud=PRE overlap=NO -> WARN
[EDGE-Z1-ENSEMBLE] CID:8 m1=0.000 m2=0.020 m3=0.000 m4=0.000 m5=0.088 p=0.016 cloud=PRE overlap=NO -> SAFE
[EDGE-Z1-ENSEMBLE] CID:9 m1=0.681 m2=0.020 m3=0.000 m4=0.000 m5=0.115 p=0.205 cloud=PRE overlap=NO -> WARN
[EDGE-Z1-ENSEMBLE] CID:7 m1=0.666 m2=0.020 m3=0.000 m4=0.000 m5=0.118 p=0.201 cloud=PRE overlap=NO -> WARN
[EDGE-Z1-ENSEMBLE] CID:1 m1=0.000 m2=0.020 m3=0.000 m4=0.000 m5=0.056 p=0.006 cloud=PRE overlap=NO -> SAFE
[EDGE-Z1-ENSEMBLE] CID:3 m1=0.670 m2=0.020 m3=0.000 m4=0.000 m5=0.111 p=0.201 cloud=PRE overlap=NO -> WARN
[EDGE-Z1-ENSEMBLE] CID:4 m1=0.663 m2=0.020 m3=0.000 m4=0.000 m5=0.109 p=0.199 cloud=PRE overlap=NO -> WARN
[EDGE-Z1-ENSEMBLE] CID:2 m1=0.000 m2=0.020 m3=0.000 m4=0.000 m5=0.078 p=0.014 cloud=PRE overlap=NO -> SAFE
[EDGE-Z1-ENSEMBLE] CID:0 m1=0.000 m2=0.020 m3=0.000 m4=0.000 m5=0.000 p=0.000 cloud=PRE overlap=NO -> SAFE
[EDGE-Z1-ENSEMBLE] CID:5 m1=0.000 m2=0.020 m3=0.040 m4=0.000 m5=0.000 p=0.000 cloud=PRE overlap=NO -> SAFE
[EDGE-Z1-ENSEMBLE] CID:6 m1=0.000 m2=0.020 m3=0.000 m4=0.000 m5=0.060 p=0.012 cloud=PRE overlap=NO -> SAFE
[EDGE-Z1-ENSEMBLE] CID:8 m1=0.000 m2=0.020 m3=0.040 m4=0.000 m5=0.058 p=0.016 cloud=PRE overlap=NO -> SAFE
[EDGE-Z1-ENSEMBLE] CID:9 m1=0.677 m2=0.020 m3=0.000 m4=0.000 m5=0.116 p=0.204 cloud=PRE overlap=NO -> WARN
[EDGE-Z1-ENSEMBLE] CID:7 m1=0.675 m2=0.020 m3=0.000 m4=0.000 m5=0.116 p=0.204 cloud=PRE overlap=NO -> WARN
[VEREMI-EVIDENCE] Z1 CID:1 mode=shadow old_p=0.134 p_veremi=0.350 p_edge=0.134 streak=1 reasons=ts_nonmonotonic details={'ts': 25.75, 'max_ts': 25.75}
[EDGE-Z1-ENSEMBLE] CID:1 m1=0.000 m2=0.768 m3=0.000 m4=0.000 m5=0.029 p=0.134 cloud=PRE overlap=NO -> SAFE
[EDGE-Z1-ENSEMBLE] CID:3 m1=0.000 m2=0.020 m3=0.000 m4=0.000 m5=0.082 p=0.015 cloud=PRE overlap=NO -> SAFE
[EDGE-Z1-ENSEMBLE] CID:4 m1=0.655 m2=0.020 m3=0.000 m4=0.000 m5=0.106 p=0.197 cloud=PRE overlap=NO -> WARN
[EDGE-Z1-ENSEMBLE] CID:2 m1=0.000 m2=0.020 m3=0.000 m4=0.000 m5=0.051 p=0.006 cloud=PRE overlap=NO -> SAFE
[EDGE-Z1-ENSEMBLE] CID:0 m1=0.000 m2=0.020 m3=0.000 m4=0.000 m5=0.000 p=0.000 cloud=PRE overlap=NO -> SAFE
[EDGE-Z1-ENSEMBLE] CID:5 m1=0.000 m2=0.020 m3=0.040 m4=0.000 m5=0.000 p=0.000 cloud=PRE overlap=NO -> SAFE
[EDGE-Z1-ENSEMBLE] CID:6 m1=0.000 m2=0.020 m3=0.000 m4=0.000 m5=0.004 p=0.000 cloud=PRE overlap=NO -> SAFE
[VEREMI-EVIDENCE] Z1 CID:8 mode=shadow old_p=0.149 p_veremi=0.350 p_edge=0.149 streak=1 reasons=ts_nonmonotonic details={'ts': 26.042, 'max_ts': 26.042}
[EDGE-Z1-ENSEMBLE] CID:8 m1=0.000 m2=0.768 m3=0.040 m4=0.000 m5=0.031 p=0.149 cloud=PRE overlap=NO -> SAFE
[EDGE-Z1-ENSEMBLE] CID:9 m1=0.663 m2=0.020 m3=0.000 m4=0.000 m5=0.113 p=0.200 cloud=PRE overlap=NO -> WARN
[EDGE-Z1-ENSEMBLE] CID:7 m1=0.655 m2=0.020 m3=0.000 m4=0.000 m5=0.112 p=0.198 cloud=PRE overlap=NO -> WARN
[EDGE-Z1-ENSEMBLE] CID:1 m1=0.000 m2=0.020 m3=0.000 m4=0.000 m5=0.000 p=0.000 cloud=PRE overlap=NO -> SAFE
[EDGE-Z1-ENSEMBLE] CID:3 m1=0.000 m2=0.020 m3=0.000 m4=0.000 m5=0.053 p=0.006 cloud=PRE overlap=NO -> SAFE
[EDGE-Z1-ENSEMBLE] CID:4 m1=0.000 m2=0.020 m3=0.000 m4=0.000 m5=0.080 p=0.015 cloud=PRE overlap=NO -> SAFE
[VEREMI-EVIDENCE] Z1 CID:2 mode=shadow old_p=0.133 p_veremi=0.350 p_edge=0.133 streak=1 reasons=ts_nonmonotonic details={'ts': 26.35, 'max_ts': 26.35}
[EDGE-Z1-ENSEMBLE] CID:2 m1=0.000 m2=0.768 m3=0.000 m4=0.000 m5=0.026 p=0.133 cloud=PRE overlap=NO -> SAFE
[VEREMI-EVIDENCE] Z1 CID:0 mode=shadow old_p=0.110 p_veremi=0.350 p_edge=0.110 streak=1 reasons=ts_nonmonotonic details={'ts': 26.44, 'max_ts': 26.44}
[EDGE-Z1-ENSEMBLE] CID:0 m1=0.000 m2=0.771 m3=0.000 m4=0.000 m5=0.000 p=0.110 cloud=PRE overlap=NO -> SAFE
[VEREMI-EVIDENCE] Z1 CID:5 mode=shadow old_p=0.175 p_veremi=0.350 p_edge=0.175 streak=1 reasons=ts_nonmonotonic details={'ts': 26.482, 'max_ts': 26.482}
[EDGE-Z1-ENSEMBLE] CID:5 m1=0.000 m2=0.768 m3=0.040 m4=0.000 m5=0.266 p=0.175 cloud=PRE overlap=NO -> WARN
[EDGE-Z1-ENSEMBLE] CID:6 m1=0.000 m2=0.020 m3=0.000 m4=0.000 m5=0.000 p=0.000 cloud=PRE overlap=NO -> SAFE
[VEREMI-EVIDENCE] Z1 CID:8 mode=shadow old_p=0.000 p_veremi=0.950 p_edge=0.000 streak=2 reasons=pos_pred_claimed,speed_pos_claimed details={'pos_err': 17.6, 'speed_err': 17.6, 'derived_speed': 37.6}
[EDGE-Z1-ENSEMBLE] CID:8 m1=0.000 m2=0.020 m3=0.040 m4=0.000 m5=0.002 p=0.000 cloud=PRE overlap=NO -> SAFE
[EDGE-Z1-ENSEMBLE] CID:9 m1=0.672 m2=0.020 m3=0.000 m4=0.000 m5=0.113 p=0.202 cloud=PRE overlap=NO -> WARN
[EDGE-Z1-ENSEMBLE] CID:7 m1=0.683 m2=0.020 m3=0.000 m4=0.000 m5=0.113 p=0.205 cloud=PRE overlap=NO -> WARN
[EDGE-Z1-ENSEMBLE] CID:1 m1=0.000 m2=0.020 m3=0.000 m4=0.000 m5=0.000 p=0.000 cloud=PRE overlap=NO -> SAFE
[VEREMI-EVIDENCE] Z1 CID:3 mode=shadow old_p=0.133 p_veremi=0.350 p_edge=0.133 streak=1 reasons=ts_nonmonotonic details={'ts': 26.77, 'max_ts': 26.77}
[EDGE-Z1-ENSEMBLE] CID:3 m1=0.000 m2=0.768 m3=0.000 m4=0.000 m5=0.027 p=0.133 cloud=PRE overlap=NO -> SAFE
[EDGE-Z1-ENSEMBLE] CID:4 m1=0.000 m2=0.020 m3=0.040 m4=0.000 m5=0.051 p=0.015 cloud=PRE overlap=NO -> SAFE
[VEREMI-EVIDENCE] Z1 CID:2 mode=shadow old_p=0.000 p_veremi=0.950 p_edge=0.000 streak=2 reasons=pos_pred_claimed,speed_pos_claimed details={'pos_err': 17.3, 'speed_err': 17.3, 'derived_speed': 37.3}
[EDGE-Z1-ENSEMBLE] CID:2 m1=0.000 m2=0.020 m3=0.000 m4=0.000 m5=0.000 p=0.000 cloud=PRE overlap=NO -> SAFE
[EDGE-Z1-ENSEMBLE] CID:0 m1=0.000 m2=0.020 m3=0.000 m4=0.000 m5=0.000 p=0.000 cloud=PRE overlap=NO -> SAFE
[VEREMI-EVIDENCE] Z1 CID:5 mode=shadow old_p=0.040 p_veremi=0.950 p_edge=0.040 streak=2 reasons=pos_pred_claimed,speed_pos_claimed details={'pos_err': 24.9, 'speed_err': 24.9, 'derived_speed': 44.9}
[EDGE-Z1-ENSEMBLE] CID:5 m1=0.000 m2=0.020 m3=0.040 m4=0.000 m5=0.200 p=0.040 cloud=PRE overlap=NO -> SAFE
[EDGE-Z1-ENSEMBLE] CID:6 m1=0.000 m2=0.020 m3=0.000 m4=0.000 m5=0.000 p=0.000 cloud=PRE overlap=NO -> SAFE
[EDGE-Z1-ENSEMBLE] CID:8 m1=0.000 m2=0.020 m3=0.040 m4=0.000 m5=0.000 p=0.000 cloud=PRE overlap=NO -> SAFE
[EDGE-Z1-ENSEMBLE] CID:9 m1=0.655 m2=0.020 m3=0.000 m4=0.000 m5=0.110 p=0.197 cloud=PRE overlap=NO -> WARN
[EDGE-Z1-ENSEMBLE] CID:7 m1=0.672 m2=0.020 m3=0.000 m4=0.000 m5=0.111 p=0.202 cloud=PRE overlap=NO -> WARN
[VEREMI-EVIDENCE] Z1 CID:1 mode=shadow old_p=0.162 p_veremi=0.350 p_edge=0.162 streak=1 reasons=ts_nonmonotonic details={'ts': 27.25, 'max_ts': 27.25}
[EDGE-Z1-ENSEMBLE] CID:1 m1=0.000 m2=0.768 m3=0.000 m4=0.000 m5=0.227 p=0.162 cloud=PRE overlap=NO -> WARN
[VEREMI-EVIDENCE] Z1 CID:3 mode=shadow old_p=0.000 p_veremi=0.950 p_edge=0.000 streak=2 reasons=pos_pred_claimed,speed_pos_claimed details={'pos_err': 17.4, 'speed_err': 17.4, 'derived_speed': 37.4}
[EDGE-Z1-ENSEMBLE] CID:3 m1=0.000 m2=0.020 m3=0.000 m4=0.000 m5=0.000 p=0.000 cloud=PRE overlap=NO -> SAFE
[VEREMI-EVIDENCE] Z1 CID:4 mode=shadow old_p=0.148 p_veremi=0.350 p_edge=0.148 streak=1 reasons=ts_nonmonotonic details={'ts': 27.32, 'max_ts': 27.32}
[EDGE-Z1-ENSEMBLE] CID:4 m1=0.000 m2=0.768 m3=0.040 m4=0.000 m5=0.023 p=0.148 cloud=PRE overlap=NO -> SAFE
[EDGE-Z1-ENSEMBLE] CID:2 m1=0.000 m2=0.020 m3=0.000 m4=0.000 m5=0.000 p=0.000 cloud=PRE overlap=NO -> SAFE
[EDGE-Z1-ENSEMBLE] CID:0 m1=0.000 m2=0.020 m3=0.000 m4=0.000 m5=0.000 p=0.000 cloud=PRE overlap=NO -> SAFE
[EDGE-Z1-ENSEMBLE] CID:5 m1=0.000 m2=0.020 m3=0.550 m4=0.000 m5=0.000 p=0.124 cloud=PRE overlap=NO -> SAFE
[EDGE-Z1-ENSEMBLE] CID:6 m1=0.000 m2=0.020 m3=0.000 m4=0.000 m5=0.000 p=0.000 cloud=PRE overlap=NO -> SAFE
[VEREMI-EVIDENCE] Z1 CID:8 mode=shadow old_p=0.170 p_veremi=0.350 p_edge=0.170 streak=1 reasons=ts_nonmonotonic details={'ts': 27.542, 'max_ts': 27.542}
[EDGE-Z1-ENSEMBLE] CID:8 m1=0.000 m2=0.768 m3=0.040 m4=0.000 m5=0.222 p=0.170 cloud=PRE overlap=NO -> WARN
[EDGE-Z1-ENSEMBLE] CID:9 m1=0.672 m2=0.020 m3=0.000 m4=0.000 m5=0.108 p=0.202 cloud=PRE overlap=NO -> WARN
[EDGE-CALIB] Received calibration: attack=ts_replay conf=0.90
[EDGE-CALIB] Applied: W2: 0.1818→0.1818 (Δ0.0200)  ZONE_MAL: 0.300→0.300
[EDGE-CALIB] New weights: W1=0.273 W2=0.182 W3=0.227 W4=0.182 W5=0.136
[EDGE-Z1-ENSEMBLE] CID:7 m1=0.000 m2=0.020 m3=0.000 m4=0.000 m5=0.057 p=0.011 cloud=PRE overlap=NO -> SAFE
[VEREMI-EVIDENCE] Z1 CID:1 mode=shadow old_p=0.031 p_veremi=0.950 p_edge=0.031 streak=2 reasons=pos_pred_claimed,speed_pos_claimed details={'pos_err': 30.2, 'speed_err': 30.2, 'derived_speed': 50.2}
[EDGE-Z1-ENSEMBLE] CID:1 m1=0.000 m2=0.020 m3=0.000 m4=0.000 m5=0.200 p=0.031 cloud=PRE overlap=NO -> SAFE
[EDGE-Z1-ENSEMBLE] CID:3 m1=0.000 m2=0.020 m3=0.000 m4=0.000 m5=0.000 p=0.000 cloud=PRE overlap=NO -> SAFE
[VEREMI-EVIDENCE] Z1 CID:4 mode=shadow old_p=0.114 p_veremi=0.950 p_edge=0.114 streak=2 reasons=pos_pred_claimed,speed_pos_claimed details={'pos_err': 17.5, 'speed_err': 17.5, 'derived_speed': 37.5}
[EDGE-Z1-ENSEMBLE] CID:4 m1=0.000 m2=0.020 m3=0.550 m4=0.000 m5=0.000 p=0.114 cloud=PRE overlap=NO -> SAFE
[VEREMI-EVIDENCE] Z1 CID:2 mode=shadow old_p=0.171 p_veremi=0.350 p_edge=0.171 streak=1 reasons=ts_nonmonotonic details={'ts': 27.85, 'max_ts': 27.85}
[EDGE-Z1-ENSEMBLE] CID:2 m1=0.000 m2=0.768 m3=0.040 m4=0.000 m5=0.229 p=0.171 cloud=PRE overlap=NO -> WARN
[VEREMI-EVIDENCE] Z1 CID:0 mode=shadow old_p=0.172 p_veremi=0.350 p_edge=0.172 streak=1 reasons=ts_nonmonotonic details={'ts': 27.94, 'max_ts': 27.94}
[EDGE-Z1-ENSEMBLE] CID:0 m1=0.000 m2=0.768 m3=0.000 m4=0.000 m5=0.349 p=0.172 cloud=PRE overlap=NO -> WARN
[VEREMI-EVIDENCE] Z1 CID:5 mode=shadow old_p=0.429 p_veremi=0.350 p_edge=0.429 streak=1 reasons=ts_nonmonotonic details={'ts': 27.982, 'max_ts': 27.982}
[EDGE-Z1-ENSEMBLE] CID:5 m1=0.000 m2=0.768 m3=0.650 m4=0.420 m5=0.478 p=0.429 cloud=PRE overlap=NO -> BAN
[EDGE-Z1-ENSEMBLE] CID:6 m1=0.000 m2=0.020 m3=0.000 m4=0.000 m5=0.000 p=0.000 cloud=PRE overlap=NO -> SAFE
[VEREMI-EVIDENCE] Z1 CID:8 mode=shadow old_p=0.040 p_veremi=0.950 p_edge=0.040 streak=2 reasons=pos_pred_claimed,speed_pos_claimed details={'pos_err': 55.3, 'speed_err': 55.3, 'derived_speed': 75.3}
[EDGE-Z1-ENSEMBLE] CID:8 m1=0.000 m2=0.020 m3=0.040 m4=0.000 m5=0.200 p=0.040 cloud=PRE overlap=NO -> SAFE
[EDGE-Z1-ENSEMBLE] CID:9 m1=0.679 m2=0.020 m3=0.000 m4=0.000 m5=0.108 p=0.204 cloud=PRE overlap=NO -> WARN
[EDGE-Z1-ENSEMBLE] CID:7 m1=0.000 m2=0.020 m3=0.000 m4=0.000 m5=0.001 p=0.000 cloud=PRE overlap=NO -> SAFE
[EDGE-Z1-ENSEMBLE] CID:1 m1=0.000 m2=0.020 m3=0.550 m4=0.000 m5=0.000 p=0.124 cloud=PRE overlap=NO -> SAFE
[VEREMI-EVIDENCE] Z1 CID:3 mode=shadow old_p=0.162 p_veremi=0.350 p_edge=0.162 streak=1 reasons=ts_nonmonotonic details={'ts': 28.27, 'max_ts': 28.27}
[EDGE-Z1-ENSEMBLE] CID:3 m1=0.000 m2=0.771 m3=0.000 m4=0.000 m5=0.222 p=0.162 cloud=PRE overlap=NO -> WARN
[EDGE-Z1-ENSEMBLE] CID:4 m1=0.000 m2=0.020 m3=0.550 m4=0.000 m5=0.000 p=0.109 cloud=PRE overlap=NO -> SAFE
[VEREMI-EVIDENCE] Z1 CID:2 mode=shadow old_p=0.040 p_veremi=0.950 p_edge=0.040 streak=2 reasons=pos_pred_claimed,speed_pos_claimed details={'pos_err': 44.4, 'speed_err': 44.4, 'derived_speed': 64.4}
[EDGE-Z1-ENSEMBLE] CID:2 m1=0.000 m2=0.020 m3=0.040 m4=0.000 m5=0.200 p=0.040 cloud=PRE overlap=NO -> SAFE
[VEREMI-EVIDENCE] Z1 CID:0 mode=shadow old_p=0.040 p_veremi=0.950 p_edge=0.040 streak=2 reasons=pos_pred_claimed,speed_pos_claimed details={'pos_err': 25.2, 'speed_err': 25.2, 'derived_speed': 45.2}
[EDGE-Z1-ENSEMBLE] CID:0 m1=0.000 m2=0.020 m3=0.040 m4=0.000 m5=0.200 p=0.040 cloud=PRE overlap=NO -> SAFE
[EDGE-Z1] CID:5 -> FASTBAN
[EDGE-Z1-ENSEMBLE] CID:6 m1=0.000 m2=0.020 m3=0.000 m4=0.000 m5=0.000 p=0.000 cloud=PRE overlap=NO -> SAFE
[EDGE-Z1-ENSEMBLE] CID:8 m1=0.000 m2=0.020 m3=0.550 m4=0.000 m5=0.000 p=0.124 cloud=PRE overlap=NO -> SAFE
[EDGE-Z1-ENSEMBLE] CID:9 m1=0.663 m2=0.020 m3=0.000 m4=0.000 m5=0.108 p=0.199 cloud=PRE overlap=NO -> WARN
[EDGE-Z1-ENSEMBLE] CID:7 m1=0.000 m2=0.020 m3=0.000 m4=0.000 m5=0.000 p=0.000 cloud=PRE overlap=NO -> SAFE
[VEREMI-EVIDENCE] Z1 CID:1 mode=shadow old_p=0.385 p_veremi=0.350 p_edge=0.385 streak=1 reasons=ts_nonmonotonic details={'ts': 28.75, 'max_ts': 28.75}
[EDGE-Z1-ENSEMBLE] CID:1 m1=0.000 m2=0.768 m3=0.550 m4=0.322 m5=0.452 p=0.385 cloud=PRE overlap=NO -> BAN
[VEREMI-EVIDENCE] Z1 CID:3 mode=shadow old_p=0.031 p_veremi=0.950 p_edge=0.031 streak=2 reasons=pos_pred_claimed,speed_pos_claimed details={'pos_err': 54.8, 'speed_err': 54.8, 'derived_speed': 74.8}
[EDGE-Z1-ENSEMBLE] CID:3 m1=0.000 m2=0.020 m3=0.000 m4=0.000 m5=0.200 p=0.031 cloud=PRE overlap=NO -> SAFE
[VEREMI-EVIDENCE] Z1 CID:4 mode=shadow old_p=0.287 p_veremi=0.350 p_edge=0.287 streak=1 reasons=ts_nonmonotonic details={'ts': 28.82, 'max_ts': 28.82}
[EDGE-Z1-ENSEMBLE] CID:4 m1=0.000 m2=0.771 m3=0.550 m4=0.000 m5=0.223 p=0.287 cloud=PRE overlap=NO -> WARN
[EDGE-Z1-ENSEMBLE] CID:2 m1=0.000 m2=0.020 m3=0.550 m4=0.000 m5=0.000 p=0.124 cloud=PRE overlap=NO -> SAFE
[EDGE-Z1-ENSEMBLE] CID:0 m1=0.000 m2=0.020 m3=0.550 m4=0.000 m5=0.000 p=0.124 cloud=PRE overlap=NO -> SAFE
[EDGE-Z1-ENSEMBLE] CID:6 m1=0.000 m2=0.020 m3=0.000 m4=0.000 m5=0.000 p=0.000 cloud=PRE overlap=NO -> SAFE
[VEREMI-EVIDENCE] Z1 CID:8 mode=shadow old_p=0.385 p_veremi=0.350 p_edge=0.385 streak=1 reasons=ts_nonmonotonic details={'ts': 29.042, 'max_ts': 29.042}
[EDGE-Z1-ENSEMBLE] CID:8 m1=0.000 m2=0.768 m3=0.550 m4=0.322 m5=0.452 p=0.385 cloud=PRE overlap=NO -> BAN
[EDGE-Z1-ENSEMBLE] CID:9 m1=0.663 m2=0.020 m3=0.000 m4=0.000 m5=0.107 p=0.199 cloud=PRE overlap=NO -> WARN
[EDGE-Z1-ENSEMBLE] CID:7 m1=0.000 m2=0.020 m3=0.000 m4=0.000 m5=0.000 p=0.000 cloud=PRE overlap=NO -> SAFE
[EDGE-Z1] CID:1 -> FASTBAN
[EDGE-Z1-ENSEMBLE] CID:3 m1=0.000 m2=0.020 m3=0.550 m4=0.000 m5=0.000 p=0.124 cloud=PRE overlap=NO -> SAFE
[VEREMI-EVIDENCE] Z1 CID:4 mode=shadow old_p=0.156 p_veremi=0.950 p_edge=0.156 streak=2 reasons=pos_pred_claimed,speed_pos_claimed details={'pos_err': 55.1, 'speed_err': 55.1, 'derived_speed': 75.1}
[EDGE-Z1-ENSEMBLE] CID:4 m1=0.000 m2=0.020 m3=0.550 m4=0.000 m5=0.200 p=0.156 cloud=PRE overlap=NO -> WARN
[VEREMI-EVIDENCE] Z1 CID:2 mode=shadow old_p=0.384 p_veremi=0.350 p_edge=0.384 streak=1 reasons=ts_nonmonotonic details={'ts': 29.35, 'max_ts': 29.35}
[EDGE-Z1-ENSEMBLE] CID:2 m1=0.000 m2=0.768 m3=0.550 m4=0.320 m5=0.451 p=0.384 cloud=PRE overlap=NO -> BAN
[VEREMI-EVIDENCE] Z1 CID:0 mode=shadow old_p=0.428 p_veremi=0.350 p_edge=0.428 streak=1 reasons=ts_nonmonotonic details={'ts': 29.44, 'max_ts': 29.44}
[EDGE-Z1-ENSEMBLE] CID:0 m1=0.000 m2=0.768 m3=0.650 m4=0.416 m5=0.477 p=0.428 cloud=PRE overlap=NO -> BAN
[EDGE-Z1] HANDOVER OK   CID:0    --> Z2  verdict=BAN
[EDGE-Z1] HANDOVER_TRIGGER complete  CID:0     alpha=2.00  beta=1.00
[EDGE-Z1] HANDOVER OK   CID:1    --> Z2  verdict=BAN
[EDGE-Z1] HANDOVER_TRIGGER complete  CID:1     alpha=2.00  beta=1.00
[EDGE-Z1] HANDOVER OK   CID:2    --> Z2  verdict=BAN
[EDGE-Z1] HANDOVER_TRIGGER complete  CID:2     alpha=2.00  beta=1.00
[EDGE-Z1] HANDOVER OK   CID:3    --> Z2  verdict=SAFE
[EDGE-Z1] HANDOVER_TRIGGER complete  CID:3     alpha=2.00  beta=1.00
[EDGE-Z1] HANDOVER OK   CID:4    --> Z2  verdict=WARN
[EDGE-Z1] HANDOVER_TRIGGER complete  CID:4     alpha=2.00  beta=1.00
[EDGE-Z1] HANDOVER OK   CID:5    --> Z2  verdict=BAN
[EDGE-Z1] HANDOVER_TRIGGER complete  CID:5     alpha=2.00  beta=1.00
[EDGE-Z1] HANDOVER OK   CID:6    --> Z2  verdict=SAFE
[EDGE-Z1] HANDOVER_TRIGGER complete  CID:6     alpha=2.00  beta=1.00
[EDGE-Z1] HANDOVER OK   CID:8    --> Z2  verdict=BAN
[EDGE-Z1] HANDOVER_TRIGGER complete  CID:8     alpha=2.00  beta=1.00
[EDGE-Z1] HANDOVER OK   CID:7    --> Z2  verdict=SAFE
[EDGE-Z1] HANDOVER_TRIGGER complete  CID:7     alpha=2.00  beta=1.00
[EDGE-Z1] HANDOVER OK   CID:9    --> Z2  verdict=WARN
[EDGE-Z1] HANDOVER_TRIGGER complete  CID:9     alpha=2.00  beta=1.00
[EDGE-Z1-ENSEMBLE] CID:6 m1=0.000 m2=0.020 m3=0.000 m4=0.000 m5=0.000 p=0.000 cloud=PRE overlap=NO -> SAFE
[EDGE-Z1] CID:8 -> FASTBAN
[EDGE-Z1-ENSEMBLE] CID:9 m1=0.679 m2=0.020 m3=0.000 m4=0.000 m5=0.111 p=0.204 cloud=PRE overlap=NO -> WARN
[EDGE-Z1-ENSEMBLE] CID:7 m1=0.000 m2=0.020 m3=0.000 m4=0.000 m5=0.000 p=0.000 cloud=PRE overlap=NO -> SAFE
[VEREMI-EVIDENCE] Z1 CID:3 mode=shadow old_p=0.380 p_veremi=0.350 p_edge=0.380 streak=1 reasons=ts_nonmonotonic details={'ts': 29.77, 'max_ts': 29.77}
[EDGE-Z1-ENSEMBLE] CID:3 m1=0.000 m2=0.768 m3=0.550 m4=0.302 m5=0.446 p=0.380 cloud=PRE overlap=NO -> BAN
[EDGE-Z1-ENSEMBLE] CID:4 m1=0.000 m2=0.020 m3=0.550 m4=0.000 m5=0.000 p=0.129 cloud=PRE overlap=NO -> SAFE
[EDGE-Z1] CID:2 -> FASTBAN
[EDGE-Z1] CID:0 -> FASTBAN
[VEREMI-EVIDENCE] Z1 CID:4 mode=shadow old_p=0.387 p_veremi=0.350 p_edge=0.387 streak=1 reasons=ts_nonmonotonic details={'ts': 30.32, 'max_ts': 30.32}
[EDGE-Z1-ENSEMBLE] CID:4 m1=0.000 m2=0.768 m3=0.550 m4=0.331 m5=0.454 p=0.387 cloud=PRE overlap=NO -> BAN
[EDGE-Z1] Signal 15 — shutting down...
[EDGE-Z1] Saving metrics before exit...

================================================================
 EDGE-AI METRICS v90-multiuav  ZONE:1  V2X-EXP-MULTIUAV
================================================================
 Packets processed    : 562
 SAFE / WARN / BAN    : 342 / 208 / 12
 Confirmed banned CIDs: [0, 1, 2, 3, 4, 5, 8]
 Handover state loaded: 0 CIDs
----------------------------------------------------------------
  CID0   first flagged at sim_ts=11.954s
  CID1   first flagged at sim_ts=14.264s
  CID2   first flagged at sim_ts=16.364s
  CID3   first flagged at sim_ts=18.284s
  CID4   first flagged at sim_ts=20.334s
  CID5   first flagged at sim_ts=11.996s
  CID6   first flagged at sim_ts=14.544s
  CID7   first flagged at sim_ts=16.196s
  CID8   first flagged at sim_ts=18.056s
  CID9   first flagged at sim_ts=20.656s
----------------------------------------------------------------
 Final weights: W1=0.273 W2=0.182 W3=0.227 W4=0.182 W5=0.136
================================================================

[EDGE-AI] Metrics saved -> logs/edge_ai_z1_metrics_20260720_133613.json
