Saved:
results/final_locked_csv/baseline_veremi/proposed_vs_best_clean_safe_segment_reset_statistical_tests.csv
results/final_locked_csv/baseline_veremi/fragmented_evidence_case_study_12_cases.csv
results/final_locked_csv/baseline_veremi/reviewer_ready_baseline_master_summary.csv

===== STATISTICAL TESTS =====
{'condition': 'DROP0', 'selected_baseline_K': 2, 'valid_seeds': 15, 'proposed_caught': '101/105', 'proposed_DR_percent': 96.19, 'proposed_DR_CI95_low': 90.61, 'proposed_DR_CI95_high': 98.51, 'proposed_false_positive': '0/45', 'proposed_FPR_percent': 0.0, 'proposed_FPR_CI95_low': 0.0, 'proposed_FPR_CI95_high': 7.87, 'segment_reset_caught': '101/105', 'segment_reset_DR_percent': 96.19, 'segment_reset_DR_CI95_low': 90.61, 'segment_reset_DR_CI95_high': 98.51, 'segment_reset_false_positive': '0/45', 'segment_reset_FPR_percent': 0.0, 'segment_reset_FPR_CI95_low': 0.0, 'segment_reset_FPR_CI95_high': 7.87, 'DR_gain_percentage_points': 0.0, 'FPR_gain_percentage_points': 0.0, 'mcnemar_prop_only_detected': 0, 'mcnemar_segment_only_detected': 0, 'mcnemar_both_detected': 101, 'mcnemar_both_missed': 4, 'mcnemar_exact_two_sided_p': 1.0, 'per_seed_proposed_better': 0, 'per_seed_segment_reset_better': 0, 'per_seed_ties': 15, 'per_seed_sign_test_two_sided_p': 1.0, 'false_positive_prop_only_ids': 0, 'false_positive_segment_only_ids': 0, 'false_positive_both_ids': 0}
{'condition': 'DROP5', 'selected_baseline_K': 2, 'valid_seeds': 15, 'proposed_caught': '99/105', 'proposed_DR_percent': 94.29, 'proposed_DR_CI95_low': 88.09, 'proposed_DR_CI95_high': 97.36, 'proposed_false_positive': '0/45', 'proposed_FPR_percent': 0.0, 'proposed_FPR_CI95_low': 0.0, 'proposed_FPR_CI95_high': 7.87, 'segment_reset_caught': '94/105', 'segment_reset_DR_percent': 89.52, 'segment_reset_DR_CI95_low': 82.21, 'segment_reset_DR_CI95_high': 94.05, 'segment_reset_false_positive': '0/45', 'segment_reset_FPR_percent': 0.0, 'segment_reset_FPR_CI95_low': 0.0, 'segment_reset_FPR_CI95_high': 7.87, 'DR_gain_percentage_points': 4.77, 'FPR_gain_percentage_points': 0.0, 'mcnemar_prop_only_detected': 6, 'mcnemar_segment_only_detected': 1, 'mcnemar_both_detected': 93, 'mcnemar_both_missed': 5, 'mcnemar_exact_two_sided_p': 0.125, 'per_seed_proposed_better': 5, 'per_seed_segment_reset_better': 1, 'per_seed_ties': 9, 'per_seed_sign_test_two_sided_p': 0.21875, 'false_positive_prop_only_ids': 0, 'false_positive_segment_only_ids': 0, 'false_positive_both_ids': 0}
{'condition': 'DROP10', 'selected_baseline_K': 2, 'valid_seeds': 15, 'proposed_caught': '96/105', 'proposed_DR_percent': 91.43, 'proposed_DR_CI95_low': 84.51, 'proposed_DR_CI95_high': 95.43, 'proposed_false_positive': '0/45', 'proposed_FPR_percent': 0.0, 'proposed_FPR_CI95_low': 0.0, 'proposed_FPR_CI95_high': 7.87, 'segment_reset_caught': '89/105', 'segment_reset_DR_percent': 84.76, 'segment_reset_DR_CI95_low': 76.67, 'segment_reset_DR_CI95_high': 90.4, 'segment_reset_false_positive': '1/45', 'segment_reset_FPR_percent': 2.22, 'segment_reset_FPR_CI95_low': 0.39, 'segment_reset_FPR_CI95_high': 11.57, 'DR_gain_percentage_points': 6.67, 'FPR_gain_percentage_points': 2.22, 'mcnemar_prop_only_detected': 11, 'mcnemar_segment_only_detected': 4, 'mcnemar_both_detected': 85, 'mcnemar_both_missed': 5, 'mcnemar_exact_two_sided_p': 0.118469, 'per_seed_proposed_better': 7, 'per_seed_segment_reset_better': 2, 'per_seed_ties': 6, 'per_seed_sign_test_two_sided_p': 0.179688, 'false_positive_prop_only_ids': 0, 'false_positive_segment_only_ids': 1, 'false_positive_both_ids': 0}
{'condition': 'DROP20', 'selected_baseline_K': 2, 'valid_seeds': 15, 'proposed_caught': '96/105', 'proposed_DR_percent': 91.43, 'proposed_DR_CI95_low': 84.51, 'proposed_DR_CI95_high': 95.43, 'proposed_false_positive': '0/45', 'proposed_FPR_percent': 0.0, 'proposed_FPR_CI95_low': 0.0, 'proposed_FPR_CI95_high': 7.87, 'segment_reset_caught': '83/105', 'segment_reset_DR_percent': 79.05, 'segment_reset_DR_CI95_low': 70.31, 'segment_reset_DR_CI95_high': 85.74, 'segment_reset_false_positive': '3/45', 'segment_reset_FPR_percent': 6.67, 'segment_reset_FPR_CI95_low': 2.29, 'segment_reset_FPR_CI95_high': 17.86, 'DR_gain_percentage_points': 12.38, 'FPR_gain_percentage_points': 6.67, 'mcnemar_prop_only_detected': 15, 'mcnemar_segment_only_detected': 2, 'mcnemar_both_detected': 81, 'mcnemar_both_missed': 7, 'mcnemar_exact_two_sided_p': 0.00235, 'per_seed_proposed_better': 8, 'per_seed_segment_reset_better': 0, 'per_seed_ties': 7, 'per_seed_sign_test_two_sided_p': 0.007812, 'false_positive_prop_only_ids': 0, 'false_positive_segment_only_ids': 3, 'false_positive_both_ids': 0}

===== FRAGMENTED CASES =====
case_count: 12
seed=1 cid=2 proposed=YES central_max=5 rxseg_detected=NO rxseg_max=3
seed=2 cid=2 proposed=YES central_max=5 rxseg_detected=NO rxseg_max=3
seed=3 cid=2 proposed=YES central_max=5 rxseg_detected=NO rxseg_max=3
seed=4 cid=2 proposed=YES central_max=5 rxseg_detected=NO rxseg_max=3
seed=5 cid=2 proposed=YES central_max=5 rxseg_detected=NO rxseg_max=3
seed=6 cid=2 proposed=YES central_max=5 rxseg_detected=NO rxseg_max=3
seed=8 cid=2 proposed=YES central_max=5 rxseg_detected=NO rxseg_max=2
seed=9 cid=2 proposed=YES central_max=5 rxseg_detected=NO rxseg_max=3
seed=10 cid=2 proposed=YES central_max=5 rxseg_detected=NO rxseg_max=3
seed=12 cid=2 proposed=YES central_max=5 rxseg_detected=NO rxseg_max=2
seed=13 cid=2 proposed=YES central_max=5 rxseg_detected=NO rxseg_max=3
seed=14 cid=2 proposed=YES central_max=5 rxseg_detected=NO rxseg_max=3
