Saved:
results/final_locked_csv/baseline_veremi/veremi_local_baseline_n10_ar50_drop0_per_seed_raw.csv
results/final_locked_csv/baseline_veremi/veremi_local_baseline_n10_ar50_drop0_aggregate_summary.csv
results/final_locked_csv/baseline_veremi/proposed_vs_veremi_local_n10_ar50_drop0_comparison.csv
results/final_locked_csv/baseline_veremi/proposed_vs_veremi_local_n10_ar50_drop0_overlap.csv
results/final_locked_csv/baseline_veremi/veremi_local_violation_causes_n10_ar50_drop0.csv

Aggregate local-baseline results:
{'baseline_variant': 'Centralized_CID_K1_W5', 'scope': 'Centralized_CID', 'K': 1, 'W': 5, 'valid_seeds': 15, 'caught': '101/105', 'pooled_DR_percent': 96.19, 'DR_mean_percent': 96.19, 'DR_std': 6.54, 'false_positive': '44/45', 'pooled_FPR_percent': 97.78, 'FPR_mean_percent': 97.78, 'FPR_std': 8.61, 'F1_mean': 0.81, 'F1_std': 0.04, 'raw_csv_path': '/home/srmap/research/projects/v2x-multiuav-trust/results/final_locked_csv/baseline_veremi/veremi_local_baseline_n10_ar50_drop0_per_seed_raw.csv'}
{'baseline_variant': 'Centralized_CID_K2_W5', 'scope': 'Centralized_CID', 'K': 2, 'W': 5, 'valid_seeds': 15, 'caught': '101/105', 'pooled_DR_percent': 96.19, 'DR_mean_percent': 96.19, 'DR_std': 6.54, 'false_positive': '44/45', 'pooled_FPR_percent': 97.78, 'FPR_mean_percent': 97.78, 'FPR_std': 8.61, 'F1_mean': 0.81, 'F1_std': 0.04, 'raw_csv_path': '/home/srmap/research/projects/v2x-multiuav-trust/results/final_locked_csv/baseline_veremi/veremi_local_baseline_n10_ar50_drop0_per_seed_raw.csv'}
{'baseline_variant': 'Centralized_CID_K3_W5', 'scope': 'Centralized_CID', 'K': 3, 'W': 5, 'valid_seeds': 15, 'caught': '101/105', 'pooled_DR_percent': 96.19, 'DR_mean_percent': 96.19, 'DR_std': 6.54, 'false_positive': '0/45', 'pooled_FPR_percent': 0.0, 'FPR_mean_percent': 0.0, 'FPR_std': 0.0, 'F1_mean': 0.98, 'F1_std': 0.04, 'raw_csv_path': '/home/srmap/research/projects/v2x-multiuav-trust/results/final_locked_csv/baseline_veremi/veremi_local_baseline_n10_ar50_drop0_per_seed_raw.csv'}
{'baseline_variant': 'Local_CID_RXUAV_K1_W5', 'scope': 'Local_CID_RXUAV', 'K': 1, 'W': 5, 'valid_seeds': 15, 'caught': '101/105', 'pooled_DR_percent': 96.19, 'DR_mean_percent': 96.19, 'DR_std': 6.54, 'false_positive': '44/45', 'pooled_FPR_percent': 97.78, 'FPR_mean_percent': 97.78, 'FPR_std': 8.61, 'F1_mean': 0.81, 'F1_std': 0.04, 'raw_csv_path': '/home/srmap/research/projects/v2x-multiuav-trust/results/final_locked_csv/baseline_veremi/veremi_local_baseline_n10_ar50_drop0_per_seed_raw.csv'}
{'baseline_variant': 'Local_CID_RXUAV_K2_W5', 'scope': 'Local_CID_RXUAV', 'K': 2, 'W': 5, 'valid_seeds': 15, 'caught': '101/105', 'pooled_DR_percent': 96.19, 'DR_mean_percent': 96.19, 'DR_std': 6.54, 'false_positive': '13/45', 'pooled_FPR_percent': 28.89, 'FPR_mean_percent': 28.89, 'FPR_std': 21.33, 'F1_mean': 0.92, 'F1_std': 0.05, 'raw_csv_path': '/home/srmap/research/projects/v2x-multiuav-trust/results/final_locked_csv/baseline_veremi/veremi_local_baseline_n10_ar50_drop0_per_seed_raw.csv'}
{'baseline_variant': 'Local_CID_RXUAV_K3_W5', 'scope': 'Local_CID_RXUAV', 'K': 3, 'W': 5, 'valid_seeds': 15, 'caught': '101/105', 'pooled_DR_percent': 96.19, 'DR_mean_percent': 96.19, 'DR_std': 6.54, 'false_positive': '0/45', 'pooled_FPR_percent': 0.0, 'FPR_mean_percent': 0.0, 'FPR_std': 0.0, 'F1_mean': 0.98, 'F1_std': 0.04, 'raw_csv_path': '/home/srmap/research/projects/v2x-multiuav-trust/results/final_locked_csv/baseline_veremi/veremi_local_baseline_n10_ar50_drop0_per_seed_raw.csv'}
{'baseline_variant': 'Local_CID_ZONE_K1_W5', 'scope': 'Local_CID_ZONE', 'K': 1, 'W': 5, 'valid_seeds': 15, 'caught': '101/105', 'pooled_DR_percent': 96.19, 'DR_mean_percent': 96.19, 'DR_std': 6.54, 'false_positive': '44/45', 'pooled_FPR_percent': 97.78, 'FPR_mean_percent': 97.78, 'FPR_std': 8.61, 'F1_mean': 0.81, 'F1_std': 0.04, 'raw_csv_path': '/home/srmap/research/projects/v2x-multiuav-trust/results/final_locked_csv/baseline_veremi/veremi_local_baseline_n10_ar50_drop0_per_seed_raw.csv'}
{'baseline_variant': 'Local_CID_ZONE_K2_W5', 'scope': 'Local_CID_ZONE', 'K': 2, 'W': 5, 'valid_seeds': 15, 'caught': '101/105', 'pooled_DR_percent': 96.19, 'DR_mean_percent': 96.19, 'DR_std': 6.54, 'false_positive': '13/45', 'pooled_FPR_percent': 28.89, 'FPR_mean_percent': 28.89, 'FPR_std': 21.33, 'F1_mean': 0.92, 'F1_std': 0.05, 'raw_csv_path': '/home/srmap/research/projects/v2x-multiuav-trust/results/final_locked_csv/baseline_veremi/veremi_local_baseline_n10_ar50_drop0_per_seed_raw.csv'}
{'baseline_variant': 'Local_CID_ZONE_K3_W5', 'scope': 'Local_CID_ZONE', 'K': 3, 'W': 5, 'valid_seeds': 15, 'caught': '101/105', 'pooled_DR_percent': 96.19, 'DR_mean_percent': 96.19, 'DR_std': 6.54, 'false_positive': '0/45', 'pooled_FPR_percent': 0.0, 'FPR_mean_percent': 0.0, 'FPR_std': 0.0, 'F1_mean': 0.98, 'F1_std': 0.04, 'raw_csv_path': '/home/srmap/research/projects/v2x-multiuav-trust/results/final_locked_csv/baseline_veremi/veremi_local_baseline_n10_ar50_drop0_per_seed_raw.csv'}

Recommended rows to inspect:
{'method': 'Proposed_UAV_Edge_Trust_Framework', 'scope': 'handover_state_transfer', 'K': '', 'W': '', 'caught': '101/105', 'pooled_DR_percent': 96.19, 'DR_mean_percent': 96.19, 'DR_std': 6.54, 'false_positive': '0/45', 'pooled_FPR_percent': 0.0, 'F1_mean': ''}
{'method': 'Centralized_CID_K3_W5', 'scope': 'Centralized_CID', 'K': 3, 'W': 5, 'caught': '101/105', 'pooled_DR_percent': 96.19, 'DR_mean_percent': 96.19, 'DR_std': 6.54, 'false_positive': '0/45', 'pooled_FPR_percent': 0.0, 'F1_mean': 0.98}
{'method': 'Local_CID_RXUAV_K3_W5', 'scope': 'Local_CID_RXUAV', 'K': 3, 'W': 5, 'caught': '101/105', 'pooled_DR_percent': 96.19, 'DR_mean_percent': 96.19, 'DR_std': 6.54, 'false_positive': '0/45', 'pooled_FPR_percent': 0.0, 'F1_mean': 0.98}
{'method': 'Local_CID_ZONE_K3_W5', 'scope': 'Local_CID_ZONE', 'K': 3, 'W': 5, 'caught': '101/105', 'pooled_DR_percent': 96.19, 'DR_mean_percent': 96.19, 'DR_std': 6.54, 'false_positive': '0/45', 'pooled_FPR_percent': 0.0, 'F1_mean': 0.98}
