[PAYOFF] CID:0 cumulative_payoff=-39.261 honest_wins=0 warn_count=12 adverse_count=1 demoted=YES return_threshold=60 lane_upgraded=NO scrutiny_reduced=NO malicious=YES
[PAYOFF] CID:1 cumulative_payoff=-39.261 honest_wins=0 warn_count=12 adverse_count=1 demoted=YES return_threshold=60 lane_upgraded=NO scrutiny_reduced=NO malicious=YES
[PAYOFF] CID:2 cumulative_payoff=18.496 honest_wins=18 warn_count=0 adverse_count=0 demoted=NO return_threshold=0 lane_upgraded=YES scrutiny_reduced=NO malicious=YES
[PAYOFF] CID:3 cumulative_payoff=-39.261 honest_wins=0 warn_count=12 adverse_count=1 demoted=YES return_threshold=60 lane_upgraded=NO scrutiny_reduced=NO malicious=YES
[PAYOFF] CID:4 cumulative_payoff=-14.646 honest_wins=0 warn_count=8 adverse_count=1 demoted=YES return_threshold=60 lane_upgraded=NO scrutiny_reduced=NO malicious=YES
[PAYOFF] CID:5 cumulative_payoff=-41.162 honest_wins=5 warn_count=16 adverse_count=0 demoted=NO return_threshold=0 lane_upgraded=NO scrutiny_reduced=NO malicious=YES
[PAYOFF] CID:6 cumulative_payoff=135.996 honest_wins=135 warn_count=0 adverse_count=0 demoted=NO return_threshold=0 lane_upgraded=YES scrutiny_reduced=YES malicious=YES
[PAYOFF] CID:7 cumulative_payoff=-39.260 honest_wins=0 warn_count=12 adverse_count=1 demoted=YES return_threshold=60 lane_upgraded=NO scrutiny_reduced=NO malicious=YES
[PAYOFF] CID:8 cumulative_payoff=133.996 honest_wins=133 warn_count=0 adverse_count=0 demoted=NO return_threshold=0 lane_upgraded=YES scrutiny_reduced=YES malicious=NO
[PAYOFF] CID:9 cumulative_payoff=18.493 honest_wins=18 warn_count=0 adverse_count=0 demoted=NO return_threshold=0 lane_upgraded=YES scrutiny_reduced=NO malicious=NO
[PAYOFF] CID:10 cumulative_payoff=134.996 honest_wins=134 warn_count=0 adverse_count=0 demoted=NO return_threshold=0 lane_upgraded=YES scrutiny_reduced=YES malicious=NO
[PAYOFF] CID:11 cumulative_payoff=-39.261 honest_wins=0 warn_count=12 adverse_count=1 demoted=YES return_threshold=60 lane_upgraded=NO scrutiny_reduced=NO malicious=YES
[PAYOFF] CID:12 cumulative_payoff=-39.261 honest_wins=0 warn_count=12 adverse_count=1 demoted=YES return_threshold=60 lane_upgraded=NO scrutiny_reduced=NO malicious=YES
[PAYOFF] CID:13 cumulative_payoff=-39.261 honest_wins=0 warn_count=12 adverse_count=1 demoted=YES return_threshold=60 lane_upgraded=NO scrutiny_reduced=NO malicious=YES
[PAYOFF] CID:14 cumulative_payoff=-39.261 honest_wins=0 warn_count=12 adverse_count=1 demoted=YES return_threshold=60 lane_upgraded=NO scrutiny_reduced=NO malicious=YES
[PAYOFF] CID:15 cumulative_payoff=136.996 honest_wins=136 warn_count=0 adverse_count=0 demoted=NO return_threshold=0 lane_upgraded=YES scrutiny_reduced=YES malicious=NO
[PAYOFF] CID:16 cumulative_payoff=-31.661 honest_wins=0 warn_count=14 adverse_count=0 demoted=NO return_threshold=0 lane_upgraded=NO scrutiny_reduced=NO malicious=NO
[PAYOFF] CID:17 cumulative_payoff=139.996 honest_wins=139 warn_count=0 adverse_count=0 demoted=NO return_threshold=0 lane_upgraded=YES scrutiny_reduced=YES malicious=NO
[PAYOFF] CID:18 cumulative_payoff=-39.261 honest_wins=0 warn_count=12 adverse_count=1 demoted=YES return_threshold=60 lane_upgraded=NO scrutiny_reduced=NO malicious=YES
[PAYOFF] CID:19 cumulative_payoff=-39.261 honest_wins=0 warn_count=12 adverse_count=1 demoted=YES return_threshold=60 lane_upgraded=NO scrutiny_reduced=NO malicious=YES
[PAYOFF] CID:20 cumulative_payoff=-43.904 honest_wins=0 warn_count=13 adverse_count=1 demoted=YES return_threshold=60 lane_upgraded=NO scrutiny_reduced=NO malicious=YES
[PAYOFF] CID:21 cumulative_payoff=-232.571 honest_wins=0 warn_count=40 adverse_count=0 demoted=NO return_threshold=0 lane_upgraded=NO scrutiny_reduced=NO malicious=NO
[PAYOFF] CID:22 cumulative_payoff=-637.907 honest_wins=0 warn_count=68 adverse_count=0 demoted=NO return_threshold=0 lane_upgraded=NO scrutiny_reduced=NO malicious=NO
[PAYOFF] CID:23 cumulative_payoff=-39.261 honest_wins=0 warn_count=12 adverse_count=1 demoted=YES return_threshold=60 lane_upgraded=NO scrutiny_reduced=NO malicious=YES
[PAYOFF] CID:24 cumulative_payoff=-39.261 honest_wins=0 warn_count=12 adverse_count=1 demoted=YES return_threshold=60 lane_upgraded=NO scrutiny_reduced=NO malicious=YES
[PAYOFF] CID:25 cumulative_payoff=-39.261 honest_wins=0 warn_count=12 adverse_count=1 demoted=YES return_threshold=60 lane_upgraded=NO scrutiny_reduced=NO malicious=YES
[PAYOFF] CID:26 cumulative_payoff=-39.261 honest_wins=0 warn_count=12 adverse_count=1 demoted=YES return_threshold=60 lane_upgraded=NO scrutiny_reduced=NO malicious=YES
[PAYOFF] CID:27 cumulative_payoff=16.493 honest_wins=16 warn_count=0 adverse_count=0 demoted=NO return_threshold=0 lane_upgraded=YES scrutiny_reduced=NO malicious=NO
[PAYOFF] CID:28 cumulative_payoff=-892.623 honest_wins=0 warn_count=81 adverse_count=0 demoted=NO return_threshold=0 lane_upgraded=NO scrutiny_reduced=NO malicious=NO
[PAYOFF] CID:29 cumulative_payoff=-534.407 honest_wins=0 warn_count=62 adverse_count=0 demoted=NO return_threshold=0 lane_upgraded=NO scrutiny_reduced=NO malicious=NO
[PAYOFF] CID:0 cumulative_payoff=28.996 honest_wins=28 warn_count=0 adverse_count=0 demoted=NO return_threshold=0 lane_upgraded=YES scrutiny_reduced=YES malicious=YES
[PAYOFF] CID:1 cumulative_payoff=24.993 honest_wins=24 warn_count=0 adverse_count=0 demoted=NO return_threshold=0 lane_upgraded=YES scrutiny_reduced=YES malicious=YES
[PAYOFF] CID:2 cumulative_payoff=-37.104 honest_wins=0 warn_count=14 adverse_count=1 demoted=YES return_threshold=60 lane_upgraded=NO scrutiny_reduced=NO malicious=YES
[PAYOFF] CID:3 cumulative_payoff=-39.261 honest_wins=0 warn_count=12 adverse_count=1 demoted=YES return_threshold=60 lane_upgraded=NO scrutiny_reduced=NO malicious=YES
[PAYOFF] CID:4 cumulative_payoff=-39.261 honest_wins=0 warn_count=12 adverse_count=1 demoted=YES return_threshold=60 lane_upgraded=NO scrutiny_reduced=NO malicious=YES
[PAYOFF] CID:5 cumulative_payoff=20.493 honest_wins=20 warn_count=0 adverse_count=0 demoted=NO return_threshold=0 lane_upgraded=YES scrutiny_reduced=NO malicious=YES
[PAYOFF] CID:6 cumulative_payoff=-39.261 honest_wins=0 warn_count=12 adverse_count=1 demoted=YES return_threshold=60 lane_upgraded=NO scrutiny_reduced=NO malicious=YES
[PAYOFF] CID:7 cumulative_payoff=-266.493 honest_wins=0 warn_count=43 adverse_count=0 demoted=NO return_threshold=0 lane_upgraded=NO scrutiny_reduced=NO malicious=NO
[PAYOFF] CID:8 cumulative_payoff=-43.977 honest_wins=0 warn_count=13 adverse_count=1 demoted=YES return_threshold=60 lane_upgraded=NO scrutiny_reduced=NO malicious=YES
[PAYOFF] CID:9 cumulative_payoff=-39.261 honest_wins=0 warn_count=12 adverse_count=1 demoted=YES return_threshold=60 lane_upgraded=NO scrutiny_reduced=NO malicious=YES
[PAYOFF] CID:10 cumulative_payoff=-39.261 honest_wins=0 warn_count=12 adverse_count=1 demoted=YES return_threshold=60 lane_upgraded=NO scrutiny_reduced=NO malicious=YES
[PAYOFF] CID:11 cumulative_payoff=-82.062 honest_wins=0 warn_count=23 adverse_count=0 demoted=NO return_threshold=0 lane_upgraded=NO scrutiny_reduced=NO malicious=NO
[PAYOFF] CID:12 cumulative_payoff=34.662 honest_wins=0 warn_count=1 adverse_count=0 demoted=NO return_threshold=0 lane_upgraded=NO scrutiny_reduced=NO malicious=NO
[PAYOFF] CID:13 cumulative_payoff=144.996 honest_wins=144 warn_count=0 adverse_count=0 demoted=NO return_threshold=0 lane_upgraded=YES scrutiny_reduced=YES malicious=NO
[PAYOFF] CID:14 cumulative_payoff=-39.261 honest_wins=0 warn_count=12 adverse_count=1 demoted=YES return_threshold=60 lane_upgraded=NO scrutiny_reduced=NO malicious=YES
[PAYOFF] CID:15 cumulative_payoff=-39.261 honest_wins=0 warn_count=12 adverse_count=1 demoted=YES return_threshold=60 lane_upgraded=NO scrutiny_reduced=NO malicious=YES
[PAYOFF] CID:16 cumulative_payoff=-39.260 honest_wins=0 warn_count=12 adverse_count=1 demoted=YES return_threshold=60 lane_upgraded=NO scrutiny_reduced=NO malicious=YES
[PAYOFF] CID:17 cumulative_payoff=-3.778 honest_wins=0 warn_count=6 adverse_count=0 demoted=NO return_threshold=0 lane_upgraded=NO scrutiny_reduced=NO malicious=NO
[PAYOFF] CID:18 cumulative_payoff=146.996 honest_wins=146 warn_count=0 adverse_count=0 demoted=NO return_threshold=0 lane_upgraded=YES scrutiny_reduced=YES malicious=NO
[PAYOFF] CID:19 cumulative_payoff=1.531 honest_wins=0 warn_count=4 adverse_count=0 demoted=NO return_threshold=0 lane_upgraded=NO scrutiny_reduced=NO malicious=NO
[PAYOFF] CID:20 cumulative_payoff=-15.775 honest_wins=0 warn_count=10 adverse_count=0 demoted=NO return_threshold=0 lane_upgraded=NO scrutiny_reduced=NO malicious=NO
[PAYOFF] CID:21 cumulative_payoff=-39.261 honest_wins=0 warn_count=12 adverse_count=1 demoted=YES return_threshold=60 lane_upgraded=NO scrutiny_reduced=NO malicious=YES
[PAYOFF] CID:22 cumulative_payoff=-328.293 honest_wins=0 warn_count=48 adverse_count=0 demoted=NO return_threshold=0 lane_upgraded=NO scrutiny_reduced=NO malicious=NO
[PAYOFF] CID:23 cumulative_payoff=-39.261 honest_wins=0 warn_count=12 adverse_count=1 demoted=YES return_threshold=60 lane_upgraded=NO scrutiny_reduced=NO malicious=YES
[PAYOFF] CID:24 cumulative_payoff=-39.261 honest_wins=0 warn_count=12 adverse_count=1 demoted=YES return_threshold=60 lane_upgraded=NO scrutiny_reduced=NO malicious=YES
[PAYOFF] CID:25 cumulative_payoff=116.993 honest_wins=116 warn_count=0 adverse_count=0 demoted=NO return_threshold=0 lane_upgraded=YES scrutiny_reduced=YES malicious=NO
[PAYOFF] CID:26 cumulative_payoff=-1315.254 honest_wins=0 warn_count=99 adverse_count=0 demoted=NO return_threshold=0 lane_upgraded=NO scrutiny_reduced=NO malicious=NO
[PAYOFF] CID:27 cumulative_payoff=-39.261 honest_wins=0 warn_count=12 adverse_count=1 demoted=YES return_threshold=60 lane_upgraded=NO scrutiny_reduced=NO malicious=YES
[PAYOFF] CID:28 cumulative_payoff=-39.261 honest_wins=0 warn_count=12 adverse_count=1 demoted=YES return_threshold=60 lane_upgraded=NO scrutiny_reduced=NO malicious=YES
[PAYOFF] CID:29 cumulative_payoff=-9.261 honest_wins=0 warn_count=5 adverse_count=0 demoted=NO return_threshold=0 lane_upgraded=NO scrutiny_reduced=NO malicious=YES
[PAYOFF] CID:0 cumulative_payoff=-46.270 honest_wins=1 warn_count=17 adverse_count=0 demoted=NO return_threshold=0 lane_upgraded=NO scrutiny_reduced=NO malicious=YES
[PAYOFF] CID:1 cumulative_payoff=-39.260 honest_wins=0 warn_count=12 adverse_count=1 demoted=YES return_threshold=60 lane_upgraded=NO scrutiny_reduced=NO malicious=YES
[PAYOFF] CID:2 cumulative_payoff=-39.260 honest_wins=0 warn_count=12 adverse_count=1 demoted=YES return_threshold=60 lane_upgraded=NO scrutiny_reduced=NO malicious=YES
[PAYOFF] CID:3 cumulative_payoff=-39.260 honest_wins=0 warn_count=12 adverse_count=1 demoted=YES return_threshold=60 lane_upgraded=NO scrutiny_reduced=NO malicious=YES
[PAYOFF] CID:4 cumulative_payoff=-39.260 honest_wins=0 warn_count=12 adverse_count=1 demoted=YES return_threshold=60 lane_upgraded=NO scrutiny_reduced=NO malicious=YES
[PAYOFF] CID:5 cumulative_payoff=-39.261 honest_wins=0 warn_count=12 adverse_count=1 demoted=YES return_threshold=60 lane_upgraded=NO scrutiny_reduced=NO malicious=YES
[PAYOFF] CID:6 cumulative_payoff=-27.307 honest_wins=1 warn_count=13 adverse_count=0 demoted=NO return_threshold=0 lane_upgraded=NO scrutiny_reduced=NO malicious=YES
[PAYOFF] CID:7 cumulative_payoff=-39.260 honest_wins=0 warn_count=12 adverse_count=1 demoted=YES return_threshold=60 lane_upgraded=NO scrutiny_reduced=NO malicious=YES
[PAYOFF] CID:8 cumulative_payoff=-3.745 honest_wins=0 warn_count=6 adverse_count=0 demoted=NO return_threshold=0 lane_upgraded=NO scrutiny_reduced=NO malicious=YES
[PAYOFF] CID:9 cumulative_payoff=-39.260 honest_wins=0 warn_count=12 adverse_count=1 demoted=YES return_threshold=60 lane_upgraded=NO scrutiny_reduced=NO malicious=YES
[PAYOFF] CID:10 cumulative_payoff=-39.261 honest_wins=0 warn_count=12 adverse_count=1 demoted=YES return_threshold=60 lane_upgraded=NO scrutiny_reduced=NO malicious=YES
[PAYOFF] CID:11 cumulative_payoff=-39.260 honest_wins=0 warn_count=12 adverse_count=1 demoted=YES return_threshold=60 lane_upgraded=NO scrutiny_reduced=NO malicious=YES
[PAYOFF] CID:12 cumulative_payoff=-15.652 honest_wins=0 warn_count=10 adverse_count=0 demoted=NO return_threshold=0 lane_upgraded=NO scrutiny_reduced=NO malicious=YES
[PAYOFF] CID:13 cumulative_payoff=127.993 honest_wins=127 warn_count=0 adverse_count=0 demoted=NO return_threshold=0 lane_upgraded=YES scrutiny_reduced=YES malicious=NO
[PAYOFF] CID:14 cumulative_payoff=133.996 honest_wins=133 warn_count=0 adverse_count=0 demoted=NO return_threshold=0 lane_upgraded=YES scrutiny_reduced=YES malicious=NO
[PAYOFF] CID:15 cumulative_payoff=-39.260 honest_wins=0 warn_count=12 adverse_count=1 demoted=YES return_threshold=60 lane_upgraded=NO scrutiny_reduced=NO malicious=YES
[PAYOFF] CID:16 cumulative_payoff=-39.260 honest_wins=0 warn_count=12 adverse_count=1 demoted=YES return_threshold=60 lane_upgraded=NO scrutiny_reduced=NO malicious=YES
[PAYOFF] CID:17 cumulative_payoff=-62.945 honest_wins=0 warn_count=20 adverse_count=0 demoted=NO return_threshold=0 lane_upgraded=NO scrutiny_reduced=NO malicious=NO
[PAYOFF] CID:18 cumulative_payoff=-39.260 honest_wins=0 warn_count=12 adverse_count=1 demoted=YES return_threshold=60 lane_upgraded=NO scrutiny_reduced=NO malicious=YES
[PAYOFF] CID:19 cumulative_payoff=-39.260 honest_wins=0 warn_count=12 adverse_count=1 demoted=YES return_threshold=60 lane_upgraded=NO scrutiny_reduced=NO malicious=YES
[PAYOFF] CID:20 cumulative_payoff=135.996 honest_wins=135 warn_count=0 adverse_count=0 demoted=NO return_threshold=0 lane_upgraded=YES scrutiny_reduced=YES malicious=NO
[PAYOFF] CID:21 cumulative_payoff=-39.260 honest_wins=0 warn_count=12 adverse_count=1 demoted=YES return_threshold=60 lane_upgraded=NO scrutiny_reduced=NO malicious=YES
[PAYOFF] CID:22 cumulative_payoff=132.996 honest_wins=132 warn_count=0 adverse_count=0 demoted=NO return_threshold=0 lane_upgraded=YES scrutiny_reduced=YES malicious=NO
[PAYOFF] CID:23 cumulative_payoff=-410.567 honest_wins=0 warn_count=54 adverse_count=0 demoted=NO return_threshold=0 lane_upgraded=NO scrutiny_reduced=NO malicious=NO
[PAYOFF] CID:24 cumulative_payoff=12.993 honest_wins=13 warn_count=0 adverse_count=0 demoted=NO return_threshold=0 lane_upgraded=NO scrutiny_reduced=NO malicious=NO
[PAYOFF] CID:25 cumulative_payoff=-1420.216 honest_wins=0 warn_count=103 adverse_count=0 demoted=NO return_threshold=0 lane_upgraded=NO scrutiny_reduced=NO malicious=NO
[PAYOFF] CID:26 cumulative_payoff=11.993 honest_wins=12 warn_count=0 adverse_count=0 demoted=NO return_threshold=0 lane_upgraded=NO scrutiny_reduced=NO malicious=NO
[PAYOFF] CID:27 cumulative_payoff=11.996 honest_wins=12 warn_count=0 adverse_count=0 demoted=NO return_threshold=0 lane_upgraded=NO scrutiny_reduced=NO malicious=NO
[PAYOFF] CID:28 cumulative_payoff=-39.260 honest_wins=0 warn_count=12 adverse_count=1 demoted=YES return_threshold=60 lane_upgraded=NO scrutiny_reduced=NO malicious=YES
[PAYOFF] CID:29 cumulative_payoff=12.996 honest_wins=13 warn_count=0 adverse_count=0 demoted=NO return_threshold=0 lane_upgraded=NO scrutiny_reduced=NO malicious=NO
[PAYOFF] CID:0 cumulative_payoff=-39.260 honest_wins=0 warn_count=12 adverse_count=1 demoted=YES return_threshold=60 lane_upgraded=NO scrutiny_reduced=NO malicious=YES
[PAYOFF] CID:1 cumulative_payoff=-39.261 honest_wins=0 warn_count=12 adverse_count=1 demoted=YES return_threshold=60 lane_upgraded=NO scrutiny_reduced=NO malicious=YES
[PAYOFF] CID:2 cumulative_payoff=-39.261 honest_wins=0 warn_count=12 adverse_count=1 demoted=YES return_threshold=60 lane_upgraded=NO scrutiny_reduced=NO malicious=YES
[PAYOFF] CID:3 cumulative_payoff=23.996 honest_wins=23 warn_count=0 adverse_count=0 demoted=NO return_threshold=0 lane_upgraded=YES scrutiny_reduced=YES malicious=YES
[PAYOFF] CID:4 cumulative_payoff=-39.261 honest_wins=0 warn_count=12 adverse_count=1 demoted=YES return_threshold=60 lane_upgraded=NO scrutiny_reduced=NO malicious=YES
[PAYOFF] CID:5 cumulative_payoff=20.493 honest_wins=20 warn_count=0 adverse_count=0 demoted=NO return_threshold=0 lane_upgraded=YES scrutiny_reduced=NO malicious=YES
[PAYOFF] CID:6 cumulative_payoff=18.496 honest_wins=18 warn_count=0 adverse_count=0 demoted=NO return_threshold=0 lane_upgraded=YES scrutiny_reduced=NO malicious=YES
[PAYOFF] CID:7 cumulative_payoff=-43.977 honest_wins=0 warn_count=13 adverse_count=1 demoted=YES return_threshold=60 lane_upgraded=NO scrutiny_reduced=NO malicious=YES
[PAYOFF] CID:8 cumulative_payoff=20.496 honest_wins=20 warn_count=0 adverse_count=0 demoted=NO return_threshold=0 lane_upgraded=YES scrutiny_reduced=NO malicious=YES
[PAYOFF] CID:9 cumulative_payoff=-39.261 honest_wins=0 warn_count=12 adverse_count=1 demoted=YES return_threshold=60 lane_upgraded=NO scrutiny_reduced=NO malicious=YES
[PAYOFF] CID:10 cumulative_payoff=135.996 honest_wins=135 warn_count=0 adverse_count=0 demoted=NO return_threshold=0 lane_upgraded=YES scrutiny_reduced=YES malicious=NO
[PAYOFF] CID:11 cumulative_payoff=-27.308 honest_wins=0 warn_count=13 adverse_count=0 demoted=NO return_threshold=0 lane_upgraded=NO scrutiny_reduced=NO malicious=NO
[PAYOFF] CID:12 cumulative_payoff=138.996 honest_wins=138 warn_count=0 adverse_count=0 demoted=NO return_threshold=0 lane_upgraded=YES scrutiny_reduced=YES malicious=NO
[PAYOFF] CID:13 cumulative_payoff=-39.261 honest_wins=0 warn_count=12 adverse_count=1 demoted=YES return_threshold=60 lane_upgraded=NO scrutiny_reduced=NO malicious=YES
[PAYOFF] CID:14 cumulative_payoff=-39.261 honest_wins=0 warn_count=12 adverse_count=1 demoted=YES return_threshold=60 lane_upgraded=NO scrutiny_reduced=NO malicious=YES
[PAYOFF] CID:15 cumulative_payoff=-3.850 honest_wins=0 warn_count=6 adverse_count=0 demoted=NO return_threshold=0 lane_upgraded=NO scrutiny_reduced=NO malicious=NO
[PAYOFF] CID:16 cumulative_payoff=-152.744 honest_wins=0 warn_count=32 adverse_count=0 demoted=NO return_threshold=0 lane_upgraded=NO scrutiny_reduced=NO malicious=NO
[PAYOFF] CID:17 cumulative_payoff=-39.261 honest_wins=0 warn_count=12 adverse_count=1 demoted=YES return_threshold=60 lane_upgraded=NO scrutiny_reduced=NO malicious=YES
[PAYOFF] CID:18 cumulative_payoff=142.993 honest_wins=142 warn_count=0 adverse_count=0 demoted=NO return_threshold=0 lane_upgraded=YES scrutiny_reduced=YES malicious=NO
[PAYOFF] CID:19 cumulative_payoff=126.993 honest_wins=126 warn_count=0 adverse_count=0 demoted=NO return_threshold=0 lane_upgraded=YES scrutiny_reduced=YES malicious=NO
[PAYOFF] CID:20 cumulative_payoff=-39.261 honest_wins=0 warn_count=12 adverse_count=1 demoted=YES return_threshold=60 lane_upgraded=NO scrutiny_reduced=NO malicious=YES
[PAYOFF] CID:21 cumulative_payoff=-341.447 honest_wins=0 warn_count=49 adverse_count=0 demoted=NO return_threshold=0 lane_upgraded=NO scrutiny_reduced=NO malicious=NO
[PAYOFF] CID:22 cumulative_payoff=-39.261 honest_wins=0 warn_count=12 adverse_count=1 demoted=YES return_threshold=60 lane_upgraded=NO scrutiny_reduced=NO malicious=YES
[PAYOFF] CID:23 cumulative_payoff=-190.478 honest_wins=0 warn_count=36 adverse_count=0 demoted=NO return_threshold=0 lane_upgraded=NO scrutiny_reduced=NO malicious=NO
[PAYOFF] CID:24 cumulative_payoff=-43.977 honest_wins=0 warn_count=13 adverse_count=1 demoted=YES return_threshold=60 lane_upgraded=NO scrutiny_reduced=NO malicious=YES
[PAYOFF] CID:25 cumulative_payoff=-1141.377 honest_wins=0 warn_count=92 adverse_count=0 demoted=NO return_threshold=0 lane_upgraded=NO scrutiny_reduced=NO malicious=NO
[PAYOFF] CID:26 cumulative_payoff=-21.761 honest_wins=0 warn_count=9 adverse_count=0 demoted=NO return_threshold=0 lane_upgraded=NO scrutiny_reduced=NO malicious=YES
[PAYOFF] CID:27 cumulative_payoff=-39.261 honest_wins=0 warn_count=12 adverse_count=1 demoted=YES return_threshold=60 lane_upgraded=NO scrutiny_reduced=NO malicious=YES
[PAYOFF] CID:28 cumulative_payoff=-39.261 honest_wins=0 warn_count=12 adverse_count=1 demoted=YES return_threshold=60 lane_upgraded=NO scrutiny_reduced=NO malicious=YES
[PAYOFF] CID:29 cumulative_payoff=13.996 honest_wins=14 warn_count=0 adverse_count=0 demoted=NO return_threshold=0 lane_upgraded=NO scrutiny_reduced=NO malicious=NO
[PAYOFF] CID:0 cumulative_payoff=-39.261 honest_wins=0 warn_count=12 adverse_count=1 demoted=YES return_threshold=60 lane_upgraded=NO scrutiny_reduced=NO malicious=YES
[PAYOFF] CID:1 cumulative_payoff=-39.261 honest_wins=0 warn_count=12 adverse_count=1 demoted=YES return_threshold=60 lane_upgraded=NO scrutiny_reduced=NO malicious=YES
[PAYOFF] CID:2 cumulative_payoff=26.996 honest_wins=26 warn_count=0 adverse_count=0 demoted=NO return_threshold=0 lane_upgraded=YES scrutiny_reduced=YES malicious=YES
[PAYOFF] CID:3 cumulative_payoff=-39.261 honest_wins=0 warn_count=12 adverse_count=1 demoted=YES return_threshold=60 lane_upgraded=NO scrutiny_reduced=NO malicious=YES
[PAYOFF] CID:4 cumulative_payoff=-14.658 honest_wins=0 warn_count=8 adverse_count=1 demoted=YES return_threshold=60 lane_upgraded=NO scrutiny_reduced=NO malicious=YES
[PAYOFF] CID:5 cumulative_payoff=-39.261 honest_wins=0 warn_count=12 adverse_count=1 demoted=YES return_threshold=60 lane_upgraded=NO scrutiny_reduced=NO malicious=YES
[PAYOFF] CID:6 cumulative_payoff=-41.789 honest_wins=0 warn_count=15 adverse_count=1 demoted=YES return_threshold=60 lane_upgraded=NO scrutiny_reduced=NO malicious=YES
[PAYOFF] CID:7 cumulative_payoff=-39.260 honest_wins=0 warn_count=12 adverse_count=1 demoted=YES return_threshold=60 lane_upgraded=NO scrutiny_reduced=NO malicious=YES
[PAYOFF] CID:8 cumulative_payoff=125.996 honest_wins=125 warn_count=0 adverse_count=0 demoted=NO return_threshold=0 lane_upgraded=YES scrutiny_reduced=YES malicious=YES
[PAYOFF] CID:9 cumulative_payoff=-39.261 honest_wins=0 warn_count=12 adverse_count=1 demoted=YES return_threshold=60 lane_upgraded=NO scrutiny_reduced=NO malicious=YES
[PAYOFF] CID:10 cumulative_payoff=-39.261 honest_wins=0 warn_count=12 adverse_count=1 demoted=YES return_threshold=60 lane_upgraded=NO scrutiny_reduced=NO malicious=YES
[PAYOFF] CID:11 cumulative_payoff=-36.262 honest_wins=0 warn_count=15 adverse_count=0 demoted=NO return_threshold=0 lane_upgraded=NO scrutiny_reduced=NO malicious=NO
[PAYOFF] CID:12 cumulative_payoff=125.996 honest_wins=125 warn_count=0 adverse_count=0 demoted=NO return_threshold=0 lane_upgraded=YES scrutiny_reduced=YES malicious=NO
[PAYOFF] CID:13 cumulative_payoff=35.921 honest_wins=0 warn_count=1 adverse_count=0 demoted=NO return_threshold=0 lane_upgraded=NO scrutiny_reduced=NO malicious=NO
[PAYOFF] CID:14 cumulative_payoff=-39.260 honest_wins=0 warn_count=12 adverse_count=1 demoted=YES return_threshold=60 lane_upgraded=NO scrutiny_reduced=NO malicious=YES
[PAYOFF] CID:15 cumulative_payoff=-39.261 honest_wins=0 warn_count=12 adverse_count=1 demoted=YES return_threshold=60 lane_upgraded=NO scrutiny_reduced=NO malicious=YES
[PAYOFF] CID:16 cumulative_payoff=-39.261 honest_wins=0 warn_count=12 adverse_count=1 demoted=YES return_threshold=60 lane_upgraded=NO scrutiny_reduced=NO malicious=YES
[PAYOFF] CID:17 cumulative_payoff=-39.261 honest_wins=0 warn_count=12 adverse_count=1 demoted=YES return_threshold=60 lane_upgraded=NO scrutiny_reduced=NO malicious=YES
[PAYOFF] CID:18 cumulative_payoff=123.996 honest_wins=123 warn_count=0 adverse_count=0 demoted=NO return_threshold=0 lane_upgraded=YES scrutiny_reduced=YES malicious=NO
[PAYOFF] CID:19 cumulative_payoff=139.996 honest_wins=139 warn_count=0 adverse_count=0 demoted=NO return_threshold=0 lane_upgraded=YES scrutiny_reduced=YES malicious=NO
[PAYOFF] CID:20 cumulative_payoff=-39.261 honest_wins=0 warn_count=12 adverse_count=1 demoted=YES return_threshold=60 lane_upgraded=NO scrutiny_reduced=NO malicious=YES
[PAYOFF] CID:21 cumulative_payoff=124.996 honest_wins=124 warn_count=0 adverse_count=0 demoted=NO return_threshold=0 lane_upgraded=YES scrutiny_reduced=YES malicious=NO
[PAYOFF] CID:22 cumulative_payoff=-410.660 honest_wins=0 warn_count=54 adverse_count=0 demoted=NO return_threshold=0 lane_upgraded=NO scrutiny_reduced=NO malicious=NO
[PAYOFF] CID:23 cumulative_payoff=-39.261 honest_wins=0 warn_count=12 adverse_count=1 demoted=YES return_threshold=60 lane_upgraded=NO scrutiny_reduced=NO malicious=YES
[PAYOFF] CID:24 cumulative_payoff=-62.838 honest_wins=0 warn_count=20 adverse_count=0 demoted=NO return_threshold=0 lane_upgraded=NO scrutiny_reduced=NO malicious=NO
[PAYOFF] CID:25 cumulative_payoff=-730.961 honest_wins=0 warn_count=73 adverse_count=0 demoted=NO return_threshold=0 lane_upgraded=NO scrutiny_reduced=NO malicious=NO
[PAYOFF] CID:26 cumulative_payoff=-1024.636 honest_wins=0 warn_count=87 adverse_count=0 demoted=NO return_threshold=0 lane_upgraded=NO scrutiny_reduced=NO malicious=NO
[PAYOFF] CID:27 cumulative_payoff=-39.261 honest_wins=0 warn_count=12 adverse_count=1 demoted=YES return_threshold=60 lane_upgraded=NO scrutiny_reduced=NO malicious=YES
[PAYOFF] CID:28 cumulative_payoff=-1973.041 honest_wins=0 warn_count=122 adverse_count=0 demoted=NO return_threshold=0 lane_upgraded=NO scrutiny_reduced=NO malicious=NO
[PAYOFF] CID:29 cumulative_payoff=-33.761 honest_wins=0 warn_count=12 adverse_count=0 demoted=NO return_threshold=0 lane_upgraded=NO scrutiny_reduced=NO malicious=YES
