================================================================
 EDGE AI SERVER v90-multiuav -- Zone 2
================================================================
[EDGE-Z2] Port              : 9995
[EDGE-Z2] Coordinator       : 127.0.0.1:9997
[EDGE-Z2] ZONE_SAFE=0.15  ZONE_MALICIOUS=0.30  NASH_P*=0.4000
[EDGE-Z2] Weights: W1=0.27 W2=0.18 W3=0.23 W4=0.18 W5=0.14
[EDGE-Z2] LEARNING_RATE=0.050  W_MIN=0.05  NASH_BAN_CONFIRM_K=1
[CLOUD-DELAY] RTT=400ms  pre-cloud-pkts=4
[EDGE-AI] Config snapshot saved -> logs/edge_ai_z2_config_20260707_121618.json
[EDGE-Z2] Ready on port 9995

[EDGE-Z2-ENSEMBLE] CID:25 m1=0.000 m2=0.020 m3=0.000 m4=0.000 m5=0.000 p=0.000 cloud=PRE overlap=NO -> SAFE
[EDGE-Z2-ENSEMBLE] CID:25 m1=0.000 m2=0.020 m3=0.000 m4=0.000 m5=0.000 p=0.000 cloud=PRE overlap=NO -> SAFE
[EDGE-Z2-ENSEMBLE] CID:25 m1=0.000 m2=0.020 m3=0.000 m4=0.000 m5=0.000 p=0.000 cloud=PRE overlap=NO -> SAFE
[EDGE-CALIB] Received calibration: attack=no_attack conf=1.00
[EDGE-Z2-ENSEMBLE] CID:23 m1=0.000 m2=0.020 m3=0.000 m4=0.000 m5=0.000 p=0.000 cloud=PRE overlap=NO -> SAFE
[EDGE-Z2-ENSEMBLE] CID:22 m1=0.000 m2=0.020 m3=0.000 m4=0.000 m5=0.000 p=0.000 cloud=PRE overlap=NO -> SAFE
[EDGE-Z2-ENSEMBLE] CID:25 m1=0.000 m2=0.020 m3=0.000 m4=0.000 m5=0.000 p=0.000 cloud=PRE overlap=NO -> SAFE
[EDGE-Z2-ENSEMBLE] CID:23 m1=0.000 m2=0.020 m3=0.000 m4=0.000 m5=0.000 p=0.000 cloud=PRE overlap=NO -> SAFE
[EDGE-CALIB] Received calibration: attack=none conf=0.00
[EDGE-CALIB] Confidence 0.00 < 0.50 — ignoring
[EDGE-Z2-ENSEMBLE] CID:22 m1=0.000 m2=0.020 m3=0.000 m4=0.000 m5=0.000 p=0.000 cloud=PRE overlap=NO -> SAFE
[EDGE-Z2-ENSEMBLE] CID:17 m1=0.000 m2=0.020 m3=0.000 m4=0.000 m5=0.000 p=0.000 cloud=PRE overlap=NO -> SAFE
[EDGE-Z2-ENSEMBLE] CID:25 m1=0.000 m2=0.020 m3=0.000 m4=0.000 m5=0.000 p=0.000 cloud=PRE overlap=NO -> SAFE
[EDGE-Z2-ENSEMBLE] CID:23 m1=0.000 m2=0.020 m3=0.000 m4=0.000 m5=0.000 p=0.000 cloud=PRE overlap=NO -> SAFE
[EDGE-Z2-ENSEMBLE] CID:22 m1=0.000 m2=0.020 m3=0.000 m4=0.000 m5=0.000 p=0.000 cloud=PRE overlap=NO -> SAFE
[EDGE-Z2-ENSEMBLE] CID:17 m1=0.000 m2=0.020 m3=0.000 m4=0.000 m5=0.000 p=0.000 cloud=PRE overlap=NO -> SAFE
[EDGE-Z2-ENSEMBLE] CID:25 m1=0.000 m2=0.020 m3=0.000 m4=0.000 m5=0.000 p=0.000 cloud=PRE overlap=NO -> SAFE
[EDGE-Z2-ENSEMBLE] CID:23 m1=0.000 m2=0.020 m3=0.000 m4=0.000 m5=0.000 p=0.000 cloud=PRE overlap=NO -> SAFE
[EDGE-Z2-ENSEMBLE] CID:22 m1=0.000 m2=0.020 m3=0.000 m4=0.000 m5=0.000 p=0.000 cloud=PRE overlap=NO -> SAFE
[EDGE-Z2-ENSEMBLE] CID:14 m1=0.000 m2=0.020 m3=0.000 m4=0.000 m5=0.000 p=0.000 cloud=PRE overlap=NO -> SAFE
[EDGE-Z2-ENSEMBLE] CID:17 m1=0.000 m2=0.020 m3=0.000 m4=0.000 m5=0.000 p=0.000 cloud=PRE overlap=NO -> SAFE
[EDGE-Z2-ENSEMBLE] CID:25 m1=0.000 m2=0.020 m3=0.000 m4=0.000 m5=0.000 p=0.000 cloud=PRE overlap=NO -> SAFE
[EDGE-Z2-ENSEMBLE] CID:23 m1=0.000 m2=0.020 m3=0.000 m4=0.000 m5=0.000 p=0.000 cloud=PRE overlap=NO -> SAFE
[EDGE-Z2-ENSEMBLE] CID:12 m1=0.000 m2=0.020 m3=0.000 m4=0.000 m5=0.000 p=0.000 cloud=PRE overlap=NO -> SAFE
[EDGE-Z2-ENSEMBLE] CID:22 m1=0.000 m2=0.020 m3=0.000 m4=0.000 m5=0.000 p=0.000 cloud=PRE overlap=NO -> SAFE
[EDGE-Z2-ENSEMBLE] CID:14 m1=0.000 m2=0.020 m3=0.000 m4=0.000 m5=0.000 p=0.000 cloud=PRE overlap=NO -> SAFE
[EDGE-Z2-ENSEMBLE] CID:17 m1=0.000 m2=0.020 m3=0.000 m4=0.000 m5=0.000 p=0.000 cloud=PRE overlap=NO -> SAFE
[EDGE-Z2-ENSEMBLE] CID:25 m1=0.000 m2=0.020 m3=0.000 m4=0.000 m5=0.000 p=0.000 cloud=PRE overlap=NO -> SAFE
[EDGE-Z2-ENSEMBLE] CID:23 m1=0.000 m2=0.020 m3=0.000 m4=0.000 m5=0.000 p=0.000 cloud=PRE overlap=NO -> SAFE
[EDGE-Z2-ENSEMBLE] CID:12 m1=0.000 m2=0.020 m3=0.000 m4=0.000 m5=0.000 p=0.000 cloud=PRE overlap=NO -> SAFE
[EDGE-Z2-ENSEMBLE] CID:22 m1=0.000 m2=0.020 m3=0.000 m4=0.000 m5=0.000 p=0.000 cloud=PRE overlap=NO -> SAFE
[EDGE-Z2-ENSEMBLE] CID:14 m1=0.000 m2=0.020 m3=0.000 m4=0.000 m5=0.000 p=0.000 cloud=PRE overlap=NO -> SAFE
[EDGE-Z2-ENSEMBLE] CID:17 m1=0.000 m2=0.020 m3=0.000 m4=0.000 m5=0.000 p=0.000 cloud=PRE overlap=NO -> SAFE
[EDGE-Z2-ENSEMBLE] CID:6 m1=0.000 m2=0.020 m3=0.000 m4=0.000 m5=0.000 p=0.000 cloud=PRE overlap=NO -> SAFE
[EDGE-Z2-ENSEMBLE] CID:25 m1=0.000 m2=0.020 m3=0.000 m4=0.000 m5=0.000 p=0.000 cloud=PRE overlap=NO -> SAFE
[EDGE-Z2-ENSEMBLE] CID:23 m1=0.000 m2=0.020 m3=0.000 m4=0.000 m5=0.000 p=0.000 cloud=PRE overlap=NO -> SAFE
[EDGE-Z2-ENSEMBLE] CID:12 m1=0.000 m2=0.020 m3=0.000 m4=0.000 m5=0.000 p=0.000 cloud=PRE overlap=NO -> SAFE
[EDGE-Z2-ENSEMBLE] CID:22 m1=0.000 m2=0.020 m3=0.000 m4=0.000 m5=0.000 p=0.000 cloud=PRE overlap=NO -> SAFE
[EDGE-Z2-ENSEMBLE] CID:8 m1=0.000 m2=0.020 m3=0.000 m4=0.000 m5=0.000 p=0.000 cloud=PRE overlap=NO -> SAFE
[EDGE-Z2-ENSEMBLE] CID:17 m1=0.000 m2=0.020 m3=0.000 m4=0.000 m5=0.000 p=0.000 cloud=PRE overlap=NO -> SAFE
[EDGE-Z2-ENSEMBLE] CID:6 m1=0.000 m2=0.020 m3=0.000 m4=0.000 m5=0.000 p=0.000 cloud=PRE overlap=NO -> SAFE
[EDGE-Z2-ENSEMBLE] CID:25 m1=0.670 m2=0.020 m3=0.000 m4=0.000 m5=0.000 p=0.151 cloud=PRE overlap=NO -> WARN
[EDGE-Z2-ENSEMBLE] CID:14 m1=0.000 m2=0.020 m3=0.000 m4=0.000 m5=0.000 p=0.000 cloud=PRE overlap=NO -> SAFE
[EDGE-Z2-ENSEMBLE] CID:12 m1=0.000 m2=0.020 m3=0.000 m4=0.000 m5=0.000 p=0.000 cloud=PRE overlap=NO -> SAFE
[EDGE-Z2-ENSEMBLE] CID:22 m1=0.000 m2=0.020 m3=0.000 m4=0.000 m5=0.000 p=0.000 cloud=PRE overlap=NO -> SAFE
[EDGE-Z2-ENSEMBLE] CID:8 m1=0.000 m2=0.020 m3=0.000 m4=0.000 m5=0.000 p=0.000 cloud=PRE overlap=NO -> SAFE
[EDGE-Z2] HANDOVER_LOAD  CID:0     from_Z1  safe_wins_raw=132 decayed=40 decay=0.30 probationK=8  ban_str=0  warn_str=0  verdict=SAFE  spd_seeded=10  ts_seeded=10
[EDGE-Z2] HANDOVER_LOAD  CID:1     from_Z1  safe_wins_raw=2 decayed=1 decay=0.30 probationK=8  ban_str=1  warn_str=0  verdict=BAN  spd_seeded=10  ts_seeded=10
[EDGE-Z2] HANDOVER_LOAD  CID:2     from_Z1  safe_wins_raw=2 decayed=1 decay=0.30 probationK=8  ban_str=1  warn_str=0  verdict=BAN  spd_seeded=10  ts_seeded=10
[EDGE-Z2] HANDOVER_LOAD  CID:3     from_Z1  safe_wins_raw=2 decayed=1 decay=0.30 probationK=8  ban_str=1  warn_str=0  verdict=BAN  spd_seeded=10  ts_seeded=10
[EDGE-Z2] HANDOVER_LOAD  CID:4     from_Z1  safe_wins_raw=2 decayed=1 decay=0.30 probationK=8  ban_str=1  warn_str=0  verdict=BAN  spd_seeded=10  ts_seeded=10
[EDGE-Z2] HANDOVER_LOAD  CID:5     from_Z1  safe_wins_raw=2 decayed=1 decay=0.30 probationK=8  ban_str=1  warn_str=0  verdict=BAN  spd_seeded=10  ts_seeded=10
[EDGE-Z2] HANDOVER_LOAD  CID:6     from_Z1  safe_wins_raw=130 decayed=39 decay=0.30 probationK=8  ban_str=0  warn_str=0  verdict=SAFE  spd_seeded=10  ts_seeded=10
[EDGE-Z2] HANDOVER_LOAD  CID:7     from_Z1  safe_wins_raw=2 decayed=1 decay=0.30 probationK=8  ban_str=1  warn_str=0  verdict=BAN  spd_seeded=10  ts_seeded=10
[EDGE-Z2] HANDOVER_LOAD  CID:8     from_Z1  safe_wins_raw=130 decayed=39 decay=0.30 probationK=8  ban_str=0  warn_str=0  verdict=SAFE  spd_seeded=10  ts_seeded=10
[EDGE-Z2] HANDOVER_LOAD  CID:9     from_Z1  safe_wins_raw=2 decayed=1 decay=0.30 probationK=8  ban_str=1  warn_str=0  verdict=BAN  spd_seeded=10  ts_seeded=10
[EDGE-Z2] HANDOVER_LOAD  CID:10    from_Z1  safe_wins_raw=2 decayed=1 decay=0.30 probationK=8  ban_str=1  warn_str=0  verdict=BAN  spd_seeded=10  ts_seeded=10
[EDGE-Z2] HANDOVER_LOAD  CID:11    from_Z1  safe_wins_raw=2 decayed=1 decay=0.30 probationK=8  ban_str=1  warn_str=0  verdict=BAN  spd_seeded=10  ts_seeded=10
[EDGE-Z2] HANDOVER_LOAD  CID:12    from_Z1  safe_wins_raw=129 decayed=39 decay=0.30 probationK=8  ban_str=0  warn_str=0  verdict=SAFE  spd_seeded=10  ts_seeded=10
[EDGE-Z2] HANDOVER_LOAD  CID:13    from_Z1  safe_wins_raw=130 decayed=39 decay=0.30 probationK=8  ban_str=0  warn_str=0  verdict=SAFE  spd_seeded=10  ts_seeded=10
[EDGE-Z2] HANDOVER_LOAD  CID:14    from_Z1  safe_wins_raw=125 decayed=38 decay=0.30 probationK=8  ban_str=0  warn_str=0  verdict=SAFE  spd_seeded=10  ts_seeded=10
[EDGE-Z2] HANDOVER_LOAD  CID:15    from_Z1  safe_wins_raw=2 decayed=1 decay=0.30 probationK=8  ban_str=1  warn_str=0  verdict=BAN  spd_seeded=10  ts_seeded=10
[EDGE-Z2] HANDOVER_LOAD  CID:16    from_Z1  safe_wins_raw=2 decayed=1 decay=0.30 probationK=8  ban_str=1  warn_str=0  verdict=BAN  spd_seeded=10  ts_seeded=10
[EDGE-Z2] HANDOVER_LOAD  CID:17    from_Z1  safe_wins_raw=126 decayed=38 decay=0.30 probationK=8  ban_str=0  warn_str=0  verdict=SAFE  spd_seeded=10  ts_seeded=10
[EDGE-Z2] HANDOVER_LOAD  CID:18    from_Z1  safe_wins_raw=2 decayed=1 decay=0.30 probationK=8  ban_str=1  warn_str=0  verdict=BAN  spd_seeded=10  ts_seeded=10
[EDGE-Z2] HANDOVER_LOAD  CID:19    from_Z1  safe_wins_raw=2 decayed=1 decay=0.30 probationK=8  ban_str=1  warn_str=0  verdict=BAN  spd_seeded=10  ts_seeded=10
[EDGE-Z2] HANDOVER_LOAD  CID:20    from_Z1  safe_wins_raw=126 decayed=38 decay=0.30 probationK=8  ban_str=0  warn_str=0  verdict=SAFE  spd_seeded=10  ts_seeded=10
[EDGE-Z2] HANDOVER_LOAD  CID:21    from_Z1  safe_wins_raw=2 decayed=1 decay=0.30 probationK=8  ban_str=1  warn_str=0  verdict=BAN  spd_seeded=10  ts_seeded=10
[EDGE-Z2] HANDOVER_LOAD  CID:22    from_Z1  safe_wins_raw=123 decayed=37 decay=0.30 probationK=8  ban_str=0  warn_str=0  verdict=SAFE  spd_seeded=10  ts_seeded=10
[EDGE-Z2] HANDOVER_LOAD  CID:23    from_Z1  safe_wins_raw=125 decayed=38 decay=0.30 probationK=8  ban_str=0  warn_str=0  verdict=SAFE  spd_seeded=10  ts_seeded=10
[EDGE-Z2] HANDOVER_LOAD  CID:24    from_Z1  safe_wins_raw=10 decayed=3 decay=0.30 probationK=8  ban_str=0  warn_str=0  verdict=SAFE  spd_seeded=10  ts_seeded=10
[EDGE-Z2] HANDOVER_LOAD  CID:25    from_Z1  safe_wins_raw=124 decayed=37 decay=0.30 probationK=8  ban_str=0  warn_str=0  verdict=SAFE  spd_seeded=10  ts_seeded=10
[EDGE-Z2] HANDOVER_LOAD  CID:26    from_Z1  safe_wins_raw=12 decayed=4 decay=0.30 probationK=8  ban_str=0  warn_str=0  verdict=SAFE  spd_seeded=10  ts_seeded=10
[EDGE-Z2] HANDOVER_LOAD  CID:27    from_Z1  safe_wins_raw=10 decayed=3 decay=0.30 probationK=8  ban_str=0  warn_str=0  verdict=SAFE  spd_seeded=10  ts_seeded=10
[EDGE-Z2] HANDOVER_LOAD  CID:28    from_Z1  safe_wins_raw=2 decayed=1 decay=0.30 probationK=8  ban_str=1  warn_str=0  verdict=BAN  spd_seeded=10  ts_seeded=10
[EDGE-Z2] HANDOVER_LOAD  CID:29    from_Z1  safe_wins_raw=14 decayed=4 decay=0.30 probationK=8  ban_str=0  warn_str=0  verdict=SAFE  spd_seeded=10  ts_seeded=10
[EDGE-Z2-ENSEMBLE] CID:14 m1=0.000 m2=0.020 m3=0.000 m4=0.000 m5=0.000 p=0.000 cloud=PRE overlap=YES -> SAFE
[EDGE-Z2-ENSEMBLE] CID:17 m1=0.000 m2=0.020 m3=0.000 m4=0.000 m5=0.000 p=0.000 cloud=PRE overlap=YES -> SAFE
[EDGE-Z2-ENSEMBLE] CID:6 m1=0.000 m2=0.020 m3=0.000 m4=0.000 m5=0.000 p=0.000 cloud=PRE overlap=YES -> SAFE
[EDGE-Z2-ENSEMBLE] CID:25 m1=0.655 m2=0.020 m3=0.000 m4=0.000 m5=0.000 p=0.182 cloud=PRE overlap=YES -> WARN
[EDGE-Z2-ENSEMBLE] CID:0 m1=0.681 m2=0.020 m3=0.000 m4=0.000 m5=0.035 p=0.185 cloud=PRE overlap=YES -> WARN
[EDGE-Z2-ENSEMBLE] CID:23 m1=0.000 m2=0.020 m3=0.000 m4=0.000 m5=0.000 p=0.000 cloud=PRE overlap=YES -> SAFE
[EDGE-Z2-ENSEMBLE] CID:12 m1=0.000 m2=0.020 m3=0.000 m4=0.000 m5=0.000 p=0.000 cloud=PRE overlap=YES -> SAFE
[EDGE-Z2-ENSEMBLE] CID:22 m1=0.000 m2=0.020 m3=0.040 m4=0.000 m5=0.000 p=0.000 cloud=PRE overlap=YES -> SAFE
[EDGE-Z2-ENSEMBLE] CID:8 m1=0.000 m2=0.020 m3=0.000 m4=0.000 m5=0.000 p=0.000 cloud=PRE overlap=YES -> SAFE
[EDGE-Z2-ENSEMBLE] CID:17 m1=0.000 m2=0.020 m3=0.000 m4=0.000 m5=0.000 p=0.000 cloud=PRE overlap=YES -> SAFE
[EDGE-Z2-ENSEMBLE] CID:25 m1=0.677 m2=0.020 m3=0.000 m4=0.000 m5=0.025 p=0.192 cloud=PRE overlap=YES -> WARN
[EDGE-Z2-ENSEMBLE] CID:6 m1=0.000 m2=0.020 m3=0.000 m4=0.000 m5=0.000 p=0.000 cloud=PRE overlap=YES -> SAFE
[EDGE-Z2-ENSEMBLE] CID:12 m1=0.000 m2=0.020 m3=0.000 m4=0.000 m5=0.000 p=0.000 cloud=PRE overlap=YES -> SAFE
[EDGE-Z2-ENSEMBLE] CID:8 m1=0.000 m2=0.020 m3=0.000 m4=0.000 m5=0.000 p=0.000 cloud=PRE overlap=YES -> SAFE
[EDGE-Z2-ENSEMBLE] CID:17 m1=0.000 m2=0.020 m3=0.000 m4=0.000 m5=0.000 p=0.000 cloud=PRE overlap=YES -> SAFE
[EDGE-Z2-ENSEMBLE] CID:6 m1=0.000 m2=0.020 m3=0.000 m4=0.000 m5=0.000 p=0.000 cloud=PRE overlap=YES -> SAFE
[EDGE-Z2-ENSEMBLE] CID:25 m1=0.677 m2=0.020 m3=0.000 m4=0.000 m5=0.053 p=0.196 cloud=PRE overlap=YES -> WARN
[EDGE-Z2-ENSEMBLE] CID:12 m1=0.000 m2=0.020 m3=0.000 m4=0.000 m5=0.000 p=0.000 cloud=PRE overlap=YES -> SAFE
[EDGE-Z2-ENSEMBLE] CID:8 m1=0.000 m2=0.020 m3=0.000 m4=0.000 m5=0.000 p=0.000 cloud=PRE overlap=YES -> SAFE
[EDGE-Z2-ENSEMBLE] CID:17 m1=0.000 m2=0.020 m3=0.000 m4=0.000 m5=0.000 p=0.000 cloud=PRE overlap=YES -> SAFE
[EDGE-Z2-ENSEMBLE] CID:6 m1=0.663 m2=0.020 m3=0.000 m4=0.000 m5=0.004 p=0.176 cloud=PRE overlap=YES -> WARN
[EDGE-Z2-ENSEMBLE] CID:25 m1=0.670 m2=0.020 m3=0.000 m4=0.000 m5=0.083 p=0.198 cloud=PRE overlap=YES -> WARN
[EDGE-Z2-ENSEMBLE] CID:8 m1=0.000 m2=0.020 m3=0.000 m4=0.000 m5=0.000 p=0.000 cloud=PRE overlap=YES -> SAFE
[EDGE-Z2-ENSEMBLE] CID:17 m1=0.000 m2=0.020 m3=0.000 m4=0.000 m5=0.000 p=0.000 cloud=PRE overlap=YES -> SAFE
[EDGE-CALIB] Received calibration: attack=speed_attack conf=0.98
[EDGE-CALIB] Applied: W1: 0.2727→0.2737 (Δ0.0200)  ZONE_MAL: 0.300→0.300
[EDGE-CALIB] New weights: W1=0.273 W2=0.182 W3=0.227 W4=0.182 W5=0.136
[EDGE-Z2-ENSEMBLE] CID:6 m1=0.659 m2=0.020 m3=0.000 m4=0.000 m5=0.031 p=0.188 cloud=PRE overlap=YES -> WARN
[EDGE-Z2-ENSEMBLE] CID:25 m1=0.679 m2=0.020 m3=0.000 m4=0.000 m5=0.114 p=0.205 cloud=PRE overlap=YES -> WARN
[EDGE-Z2-ENSEMBLE] CID:12 m1=0.000 m2=0.020 m3=0.000 m4=0.000 m5=0.000 p=0.000 cloud=PRE overlap=YES -> SAFE
[EDGE-Z2-ENSEMBLE] CID:8 m1=0.000 m2=0.020 m3=0.000 m4=0.000 m5=0.000 p=0.000 cloud=PRE overlap=YES -> SAFE
[EDGE-CALIB] Received calibration: attack=speed_attack conf=0.92
[EDGE-CALIB] Applied: W1: 0.2734→0.2744 (Δ0.0200)  ZONE_MAL: 0.300→0.300
[EDGE-CALIB] New weights: W1=0.274 W2=0.181 W3=0.227 W4=0.181 W5=0.136
[EDGE-Z2-ENSEMBLE] CID:17 m1=0.000 m2=0.020 m3=0.000 m4=0.000 m5=0.000 p=0.000 cloud=PRE overlap=YES -> SAFE
[EDGE-Z2-ENSEMBLE] CID:6 m1=0.675 m2=0.020 m3=0.000 m4=0.000 m5=0.059 p=0.197 cloud=PRE overlap=YES -> WARN
[EDGE-Z2-ENSEMBLE] CID:25 m1=0.679 m2=0.020 m3=0.000 m4=0.000 m5=0.119 p=0.206 cloud=PRE overlap=YES -> WARN
[EDGE-CALIB] Received calibration: attack=speed_attack conf=0.93
[EDGE-CALIB] Applied: W1: 0.2741→0.2751 (Δ0.0200)  ZONE_MAL: 0.300→0.300
[EDGE-CALIB] New weights: W1=0.275 W2=0.181 W3=0.227 W4=0.181 W5=0.136
[EDGE-Z2-ENSEMBLE] CID:12 m1=0.000 m2=0.020 m3=0.000 m4=0.000 m5=0.000 p=0.000 cloud=PRE overlap=YES -> SAFE
[EDGE-Z2-ENSEMBLE] CID:8 m1=0.000 m2=0.020 m3=0.000 m4=0.000 m5=0.000 p=0.000 cloud=PRE overlap=YES -> SAFE
[EDGE-Z2-ENSEMBLE] CID:17 m1=0.000 m2=0.020 m3=0.000 m4=0.000 m5=0.000 p=0.000 cloud=PRE overlap=YES -> SAFE
[EDGE-Z2-ENSEMBLE] CID:6 m1=0.651 m2=0.020 m3=0.000 m4=0.000 m5=0.082 p=0.194 cloud=PRE overlap=YES -> WARN
[EDGE-Z2-ENSEMBLE] CID:25 m1=0.666 m2=0.020 m3=0.000 m4=0.000 m5=0.117 p=0.203 cloud=PRE overlap=YES -> WARN
[EDGE-Z2-ENSEMBLE] CID:12 m1=0.666 m2=0.020 m3=0.000 m4=0.000 m5=0.001 p=0.178 cloud=PRE overlap=YES -> WARN
[EDGE-Z2-ENSEMBLE] CID:8 m1=0.000 m2=0.020 m3=0.000 m4=0.000 m5=0.000 p=0.000 cloud=PRE overlap=YES -> SAFE
[EDGE-Z2-ENSEMBLE] CID:17 m1=0.655 m2=0.020 m3=0.000 m4=0.000 m5=0.000 p=0.149 cloud=PRE overlap=YES -> SAFE
[EDGE-Z2-ENSEMBLE] CID:6 m1=0.655 m2=0.020 m3=0.000 m4=0.000 m5=0.104 p=0.198 cloud=PRE overlap=YES -> WARN
[EDGE-Z2-ENSEMBLE] CID:25 m1=0.675 m2=0.020 m3=0.000 m4=0.000 m5=0.116 p=0.205 cloud=PRE overlap=YES -> WARN
[EDGE-CALIB] Received calibration: attack=ts_replay conf=0.90
[EDGE-CALIB] Applied: W1: 0.2748→0.2758 (Δ0.0200)  W2: 0.1812→0.1832 (Δ0.0400)  ZONE_MAL: 0.300→0.301
[EDGE-CALIB] New weights: W1=0.275 W2=0.183 W3=0.226 W4=0.181 W5=0.136
[EDGE-Z2-ENSEMBLE] CID:12 m1=0.659 m2=0.020 m3=0.000 m4=0.000 m5=0.026 p=0.188 cloud=PRE overlap=YES -> WARN
[EDGE-Z2-ENSEMBLE] CID:8 m1=0.000 m2=0.020 m3=0.000 m4=0.000 m5=0.000 p=0.000 cloud=PRE overlap=YES -> SAFE
[EDGE-Z2-ENSEMBLE] CID:17 m1=0.672 m2=0.020 m3=0.000 m4=0.000 m5=0.019 p=0.156 cloud=PRE overlap=YES -> WARN
[EDGE-Z2-ENSEMBLE] CID:6 m1=0.655 m2=0.020 m3=0.000 m4=0.000 m5=0.103 p=0.198 cloud=PRE overlap=YES -> WARN
[EDGE-Z2-ENSEMBLE] CID:25 m1=0.670 m2=0.020 m3=0.000 m4=0.000 m5=0.116 p=0.204 cloud=PRE overlap=YES -> WARN
[EDGE-Z2-ENSEMBLE] CID:12 m1=0.677 m2=0.020 m3=0.000 m4=0.000 m5=0.057 p=0.198 cloud=PRE overlap=YES -> WARN
[EDGE-Z2-ENSEMBLE] CID:8 m1=0.000 m2=0.020 m3=0.000 m4=0.000 m5=0.000 p=0.000 cloud=PRE overlap=YES -> SAFE
[EDGE-Z2-ENSEMBLE] CID:17 m1=0.659 m2=0.020 m3=0.000 m4=0.000 m5=0.048 p=0.191 cloud=PRE overlap=YES -> WARN
[EDGE-Z2-ENSEMBLE] CID:6 m1=0.651 m2=0.020 m3=0.000 m4=0.000 m5=0.102 p=0.196 cloud=PRE overlap=YES -> WARN
[EDGE-Z2-ENSEMBLE] CID:25 m1=0.679 m2=0.020 m3=0.000 m4=0.000 m5=0.116 p=0.206 cloud=PRE overlap=YES -> WARN
[EDGE-Z2-ENSEMBLE] CID:12 m1=0.675 m2=0.020 m3=0.000 m4=0.000 m5=0.083 p=0.201 cloud=PRE overlap=YES -> WARN
[EDGE-Z2-ENSEMBLE] CID:8 m1=0.000 m2=0.020 m3=0.000 m4=0.000 m5=0.000 p=0.000 cloud=PRE overlap=YES -> SAFE
[EDGE-Z2-ENSEMBLE] CID:17 m1=0.659 m2=0.020 m3=0.000 m4=0.000 m5=0.077 p=0.195 cloud=PRE overlap=YES -> WARN
[EDGE-Z2-ENSEMBLE] CID:6 m1=0.675 m2=0.020 m3=0.000 m4=0.000 m5=0.102 p=0.203 cloud=PRE overlap=YES -> WARN
[EDGE-Z2-ENSEMBLE] CID:25 m1=0.666 m2=0.020 m3=0.000 m4=0.000 m5=0.113 p=0.202 cloud=PRE overlap=YES -> WARN
[EDGE-Z2-ENSEMBLE] CID:12 m1=0.663 m2=0.020 m3=0.000 m4=0.000 m5=0.111 p=0.201 cloud=PRE overlap=YES -> WARN
[EDGE-Z2-ENSEMBLE] CID:8 m1=0.675 m2=0.020 m3=0.000 m4=0.000 m5=0.000 p=0.154 cloud=PRE overlap=YES -> WARN
[EDGE-Z2-ENSEMBLE] CID:17 m1=0.663 m2=0.020 m3=0.000 m4=0.000 m5=0.105 p=0.200 cloud=PRE overlap=YES -> WARN
[EDGE-Z2-ENSEMBLE] CID:6 m1=0.670 m2=0.020 m3=0.000 m4=0.000 m5=0.105 p=0.202 cloud=PRE overlap=YES -> WARN
[EDGE-Z2-ENSEMBLE] CID:25 m1=0.666 m2=0.020 m3=0.000 m4=0.000 m5=0.113 p=0.202 cloud=PRE overlap=YES -> WARN
[EDGE-Z2-ENSEMBLE] CID:12 m1=0.666 m2=0.020 m3=0.000 m4=0.000 m5=0.111 p=0.202 cloud=PRE overlap=YES -> WARN
[EDGE-Z2-ENSEMBLE] CID:8 m1=0.677 m2=0.020 m3=0.000 m4=0.000 m5=0.029 p=0.194 cloud=PRE overlap=YES -> WARN
[EDGE-Z2-ENSEMBLE] CID:17 m1=0.675 m2=0.020 m3=0.000 m4=0.000 m5=0.108 p=0.204 cloud=PRE overlap=YES -> WARN
[EDGE-Z2-ENSEMBLE] CID:6 m1=0.663 m2=0.020 m3=0.000 m4=0.000 m5=0.106 p=0.200 cloud=PRE overlap=YES -> WARN
[EDGE-Z2-ENSEMBLE] CID:25 m1=0.659 m2=0.020 m3=0.000 m4=0.000 m5=0.111 p=0.200 cloud=PRE overlap=YES -> WARN
[EDGE-Z2-ENSEMBLE] CID:8 m1=0.672 m2=0.020 m3=0.000 m4=0.000 m5=0.058 p=0.196 cloud=PRE overlap=YES -> WARN
[EDGE-Z2-ENSEMBLE] CID:17 m1=0.672 m2=0.020 m3=0.000 m4=0.000 m5=0.108 p=0.203 cloud=PRE overlap=YES -> WARN
[EDGE-Z2-ENSEMBLE] CID:6 m1=0.679 m2=0.020 m3=0.000 m4=0.000 m5=0.111 p=0.206 cloud=PRE overlap=YES -> WARN
[EDGE-Z2-ENSEMBLE] CID:25 m1=0.679 m2=0.020 m3=0.000 m4=0.000 m5=0.113 p=0.206 cloud=PRE overlap=YES -> WARN
[EDGE-Z2-ENSEMBLE] CID:12 m1=0.655 m2=0.020 m3=0.000 m4=0.000 m5=0.110 p=0.199 cloud=PRE overlap=YES -> WARN
[EDGE-Z2-ENSEMBLE] CID:8 m1=0.659 m2=0.020 m3=0.000 m4=0.000 m5=0.084 p=0.196 cloud=PRE overlap=YES -> WARN
[EDGE-Z2-ENSEMBLE] CID:17 m1=0.663 m2=0.020 m3=0.000 m4=0.000 m5=0.109 p=0.201 cloud=PRE overlap=YES -> WARN
[EDGE-Z2-ENSEMBLE] CID:6 m1=0.677 m2=0.020 m3=0.000 m4=0.000 m5=0.115 p=0.206 cloud=PRE overlap=YES -> WARN
[EDGE-Z2-ENSEMBLE] CID:25 m1=0.675 m2=0.020 m3=0.000 m4=0.000 m5=0.112 p=0.204 cloud=PRE overlap=YES -> WARN
[EDGE-Z2-ENSEMBLE] CID:12 m1=0.679 m2=0.020 m3=0.000 m4=0.000 m5=0.111 p=0.206 cloud=PRE overlap=YES -> WARN
[EDGE-Z2-ENSEMBLE] CID:8 m1=0.663 m2=0.020 m3=0.000 m4=0.000 m5=0.112 p=0.201 cloud=PRE overlap=YES -> WARN
[EDGE-Z2-ENSEMBLE] CID:17 m1=0.659 m2=0.020 m3=0.000 m4=0.000 m5=0.109 p=0.200 cloud=PRE overlap=YES -> WARN
[EDGE-Z2-ENSEMBLE] CID:6 m1=0.677 m2=0.020 m3=0.000 m4=0.000 m5=0.116 p=0.206 cloud=PRE overlap=YES -> WARN
[EDGE-Z2-ENSEMBLE] CID:25 m1=0.675 m2=0.020 m3=0.000 m4=0.000 m5=0.113 p=0.205 cloud=PRE overlap=YES -> WARN
[EDGE-Z2-ENSEMBLE] CID:12 m1=0.677 m2=0.020 m3=0.000 m4=0.000 m5=0.111 p=0.205 cloud=PRE overlap=YES -> WARN
[EDGE-Z2-ENSEMBLE] CID:8 m1=0.677 m2=0.020 m3=0.000 m4=0.000 m5=0.112 p=0.205 cloud=PRE overlap=YES -> WARN
[EDGE-Z2-ENSEMBLE] CID:17 m1=0.655 m2=0.020 m3=0.000 m4=0.000 m5=0.108 p=0.198 cloud=PRE overlap=YES -> WARN
[EDGE-Z2-ENSEMBLE] CID:6 m1=0.000 m2=0.020 m3=0.000 m4=0.000 m5=0.088 p=0.016 cloud=PRE overlap=YES -> SAFE
[EDGE-Z2-ENSEMBLE] CID:25 m1=0.672 m2=0.020 m3=0.000 m4=0.000 m5=0.114 p=0.204 cloud=PRE overlap=YES -> WARN
[EDGE-Z2-ENSEMBLE] CID:12 m1=0.000 m2=0.020 m3=0.000 m4=0.000 m5=0.084 p=0.015 cloud=PRE overlap=YES -> SAFE
[EDGE-Z2-ENSEMBLE] CID:8 m1=0.670 m2=0.020 m3=0.000 m4=0.000 m5=0.111 p=0.203 cloud=PRE overlap=YES -> WARN
[EDGE-Z2-ENSEMBLE] CID:17 m1=0.670 m2=0.020 m3=0.000 m4=0.000 m5=0.107 p=0.202 cloud=PRE overlap=YES -> WARN
[EDGE-Z2-ENSEMBLE] CID:6 m1=0.000 m2=0.020 m3=0.000 m4=0.000 m5=0.061 p=0.007 cloud=PRE overlap=YES -> SAFE
[EDGE-Z2-ENSEMBLE] CID:25 m1=0.675 m2=0.020 m3=0.000 m4=0.000 m5=0.117 p=0.205 cloud=PRE overlap=YES -> WARN
[EDGE-Z2-ENSEMBLE] CID:12 m1=0.000 m2=0.020 m3=0.000 m4=0.000 m5=0.057 p=0.006 cloud=PRE overlap=YES -> SAFE
[EDGE-Z2-ENSEMBLE] CID:8 m1=0.655 m2=0.020 m3=0.000 m4=0.000 m5=0.107 p=0.198 cloud=PRE overlap=YES -> WARN
[EDGE-Z2-ENSEMBLE] CID:17 m1=0.663 m2=0.020 m3=0.000 m4=0.000 m5=0.104 p=0.200 cloud=PRE overlap=YES -> WARN
[EDGE-Z2-ENSEMBLE] CID:6 m1=0.000 m2=0.768 m3=0.000 m4=0.000 m5=0.031 p=0.135 cloud=PRE overlap=YES -> SAFE
[EDGE-Z2-ENSEMBLE] CID:25 m1=0.677 m2=0.020 m3=0.000 m4=0.000 m5=0.116 p=0.206 cloud=PRE overlap=YES -> WARN
[EDGE-Z2-ENSEMBLE] CID:12 m1=0.000 m2=0.771 m3=0.000 m4=0.000 m5=0.032 p=0.135 cloud=PRE overlap=YES -> SAFE
[EDGE-Z2-ENSEMBLE] CID:8 m1=0.000 m2=0.020 m3=0.000 m4=0.000 m5=0.081 p=0.015 cloud=PRE overlap=YES -> SAFE
[EDGE-Z2-ENSEMBLE] CID:17 m1=0.670 m2=0.020 m3=0.000 m4=0.000 m5=0.105 p=0.202 cloud=PRE overlap=YES -> WARN
[EDGE-Z2-ENSEMBLE] CID:6 m1=0.000 m2=0.020 m3=0.000 m4=0.000 m5=0.002 p=0.000 cloud=PRE overlap=YES -> SAFE
[EDGE-Z2-ENSEMBLE] CID:25 m1=0.670 m2=0.020 m3=0.000 m4=0.000 m5=0.114 p=0.203 cloud=PRE overlap=YES -> WARN
[EDGE-Z2-ENSEMBLE] CID:12 m1=0.000 m2=0.020 m3=0.000 m4=0.000 m5=0.002 p=0.000 cloud=PRE overlap=YES -> SAFE
[EDGE-Z2-ENSEMBLE] CID:8 m1=0.000 m2=0.020 m3=0.000 m4=0.000 m5=0.054 p=0.006 cloud=PRE overlap=YES -> SAFE
[EDGE-CALIB] Received calibration: attack=ts_replay conf=0.95
[EDGE-CALIB] Applied: W2: 0.1827→0.1837 (Δ0.0200)  W5: 0.1357→0.1362 (Δ0.0100)  ZONE_MAL: 0.301→0.301
[EDGE-CALIB] New weights: W1=0.275 W2=0.183 W3=0.226 W4=0.180 W5=0.136
[EDGE-Z2-ENSEMBLE] CID:17 m1=0.670 m2=0.020 m3=0.000 m4=0.000 m5=0.106 p=0.202 cloud=PRE overlap=YES -> WARN
[EDGE-Z2-ENSEMBLE] CID:6 m1=0.000 m2=0.020 m3=0.000 m4=0.000 m5=0.000 p=0.000 cloud=PRE overlap=YES -> SAFE
[EDGE-Z2-ENSEMBLE] CID:25 m1=0.681 m2=0.020 m3=0.000 m4=0.000 m5=0.115 p=0.206 cloud=PRE overlap=YES -> WARN
[EDGE-Z2-ENSEMBLE] CID:12 m1=0.000 m2=0.020 m3=0.000 m4=0.000 m5=0.000 p=0.000 cloud=PRE overlap=YES -> SAFE
[EDGE-Z2-ENSEMBLE] CID:8 m1=0.000 m2=0.768 m3=0.000 m4=0.000 m5=0.025 p=0.134 cloud=PRE overlap=YES -> SAFE
[EDGE-Z2-ENSEMBLE] CID:17 m1=0.672 m2=0.020 m3=0.000 m4=0.000 m5=0.108 p=0.203 cloud=PRE overlap=YES -> WARN
[EDGE-Z2-ENSEMBLE] CID:6 m1=0.000 m2=0.768 m3=0.000 m4=0.000 m5=0.222 p=0.162 cloud=PRE overlap=YES -> WARN
[EDGE-Z2-ENSEMBLE] CID:25 m1=0.672 m2=0.020 m3=0.000 m4=0.000 m5=0.114 p=0.204 cloud=PRE overlap=YES -> WARN
[EDGE-CALIB] Received calibration: attack=speed_attack conf=0.85
[EDGE-CALIB] Applied: W1: 0.2746→0.2756 (Δ0.0200)  ZONE_MAL: 0.301→0.301
[EDGE-CALIB] New weights: W1=0.275 W2=0.183 W3=0.225 W4=0.180 W5=0.136
[EDGE-Z2-ENSEMBLE] CID:12 m1=0.000 m2=0.775 m3=0.000 m4=0.000 m5=0.200 p=0.160 cloud=PRE overlap=YES -> WARN
[EDGE-Z2-ENSEMBLE] CID:8 m1=0.000 m2=0.020 m3=0.000 m4=0.000 m5=0.000 p=0.000 cloud=PRE overlap=YES -> SAFE
[EDGE-Z2-ENSEMBLE] CID:17 m1=0.679 m2=0.020 m3=0.000 m4=0.000 m5=0.110 p=0.206 cloud=PRE overlap=YES -> WARN
[EDGE-Z2-ENSEMBLE] CID:6 m1=0.000 m2=0.020 m3=0.040 m4=0.000 m5=0.200 p=0.040 cloud=PRE overlap=YES -> SAFE
[EDGE-Z2-ENSEMBLE] CID:25 m1=0.670 m2=0.020 m3=0.000 m4=0.000 m5=0.113 p=0.203 cloud=PRE overlap=YES -> WARN
[EDGE-Z2-ENSEMBLE] CID:12 m1=0.000 m2=0.020 m3=0.040 m4=0.000 m5=0.200 p=0.040 cloud=PRE overlap=YES -> SAFE
[EDGE-Z2-ENSEMBLE] CID:8 m1=0.000 m2=0.020 m3=0.000 m4=0.000 m5=0.000 p=0.000 cloud=PRE overlap=YES -> SAFE
[EDGE-Z2-ENSEMBLE] CID:17 m1=0.670 m2=0.020 m3=0.000 m4=0.000 m5=0.111 p=0.203 cloud=PRE overlap=YES -> WARN
[EDGE-Z2-ENSEMBLE] CID:6 m1=0.000 m2=0.020 m3=0.550 m4=0.000 m5=0.000 p=0.123 cloud=PRE overlap=YES -> SAFE
[EDGE-Z2-ENSEMBLE] CID:25 m1=0.659 m2=0.020 m3=0.000 m4=0.000 m5=0.110 p=0.200 cloud=PRE overlap=YES -> WARN
[EDGE-Z2-ENSEMBLE] CID:12 m1=0.000 m2=0.020 m3=0.550 m4=0.000 m5=0.000 p=0.123 cloud=PRE overlap=YES -> SAFE
[EDGE-Z2-ENSEMBLE] CID:8 m1=0.000 m2=0.768 m3=0.000 m4=0.000 m5=0.226 p=0.163 cloud=PRE overlap=YES -> WARN
[EDGE-CALIB] Received calibration: attack=ts_replay conf=0.85
[EDGE-CALIB] Applied: W1: 0.2753→0.2758 (Δ0.0100)  W2: 0.1832→0.1842 (Δ0.0200)  ZONE_MAL: 0.301→0.301
[EDGE-CALIB] New weights: W1=0.275 W2=0.184 W3=0.225 W4=0.180 W5=0.136
[EDGE-Z2-ENSEMBLE] CID:6 m1=0.000 m2=0.768 m3=0.550 m4=0.318 m5=0.450 p=0.383 cloud=PRE overlap=YES -> BAN
[EDGE-Z2-ENSEMBLE] CID:25 m1=0.672 m2=0.020 m3=0.000 m4=0.000 m5=0.111 p=0.204 cloud=PRE overlap=YES -> WARN
[EDGE-Z2-ENSEMBLE] CID:12 m1=0.000 m2=0.772 m3=0.550 m4=0.327 m5=0.453 p=0.386 cloud=PRE overlap=YES -> BAN
[EDGE-Z2-ENSEMBLE] CID:8 m1=0.000 m2=0.020 m3=0.000 m4=0.000 m5=0.200 p=0.031 cloud=PRE overlap=YES -> SAFE
[EDGE-Z2] CID:6 -> FASTBAN
[EDGE-Z2-ENSEMBLE] CID:25 m1=0.675 m2=0.020 m3=0.000 m4=0.000 m5=0.109 p=0.204 cloud=PRE overlap=YES -> WARN
[EDGE-Z2-ENSEMBLE] CID:17 m1=0.681 m2=0.020 m3=0.000 m4=0.000 m5=0.114 p=0.207 cloud=PRE overlap=YES -> WARN
[EDGE-Z2] CID:12 -> FASTBAN
[EDGE-Z2-ENSEMBLE] CID:8 m1=0.000 m2=0.020 m3=0.550 m4=0.000 m5=0.000 p=0.122 cloud=PRE overlap=YES -> SAFE
[EDGE-Z2-ENSEMBLE] CID:17 m1=0.672 m2=0.020 m3=0.000 m4=0.000 m5=0.114 p=0.204 cloud=PRE overlap=YES -> WARN
[EDGE-Z2-ENSEMBLE] CID:25 m1=0.666 m2=0.020 m3=0.000 m4=0.000 m5=0.108 p=0.202 cloud=PRE overlap=YES -> WARN
[EDGE-Z2-ENSEMBLE] CID:8 m1=0.000 m2=0.771 m3=0.550 m4=0.311 m5=0.449 p=0.383 cloud=PRE overlap=YES -> BAN
[EDGE-Z2-ENSEMBLE] CID:25 m1=0.666 m2=0.020 m3=0.000 m4=0.000 m5=0.107 p=0.202 cloud=PRE overlap=YES -> WARN
[EDGE-Z2-ENSEMBLE] CID:17 m1=0.675 m2=0.020 m3=0.000 m4=0.000 m5=0.115 p=0.205 cloud=PRE overlap=YES -> WARN
[EDGE-Z2] CID:8 -> FASTBAN
[EDGE-Z2-ENSEMBLE] CID:17 m1=0.683 m2=0.020 m3=0.000 m4=0.000 m5=0.116 p=0.208 cloud=PRE overlap=YES -> WARN
[EDGE-Z2-ENSEMBLE] CID:25 m1=0.672 m2=0.020 m3=0.000 m4=0.000 m5=0.109 p=0.204 cloud=PRE overlap=YES -> WARN
[EDGE-Z2-ENSEMBLE] CID:25 m1=0.659 m2=0.020 m3=0.000 m4=0.000 m5=0.107 p=0.200 cloud=PRE overlap=YES -> WARN
[EDGE-Z2-ENSEMBLE] CID:25 m1=0.663 m2=0.020 m3=0.000 m4=0.000 m5=0.105 p=0.201 cloud=PRE overlap=YES -> WARN
[EDGE-Z2-ENSEMBLE] CID:25 m1=0.663 m2=0.020 m3=0.000 m4=0.000 m5=0.104 p=0.200 cloud=PRE overlap=YES -> WARN
[EDGE-Z2-ENSEMBLE] CID:25 m1=0.681 m2=0.020 m3=0.000 m4=0.000 m5=0.108 p=0.206 cloud=PRE overlap=YES -> WARN
[EDGE-Z2-ENSEMBLE] CID:25 m1=0.677 m2=0.020 m3=0.000 m4=0.000 m5=0.109 p=0.205 cloud=PRE overlap=YES -> WARN
[EDGE-Z2-ENSEMBLE] CID:25 m1=0.659 m2=0.020 m3=0.000 m4=0.000 m5=0.109 p=0.200 cloud=PRE overlap=YES -> WARN
[EDGE-Z2-ENSEMBLE] CID:25 m1=0.663 m2=0.020 m3=0.000 m4=0.000 m5=0.109 p=0.201 cloud=PRE overlap=YES -> WARN
[EDGE-Z2-ENSEMBLE] CID:25 m1=0.659 m2=0.020 m3=0.000 m4=0.000 m5=0.108 p=0.200 cloud=PRE overlap=YES -> WARN
[EDGE-Z2-ENSEMBLE] CID:25 m1=0.677 m2=0.020 m3=0.000 m4=0.000 m5=0.107 p=0.205 cloud=PRE overlap=YES -> WARN
[EDGE-Z2-ENSEMBLE] CID:25 m1=0.683 m2=0.020 m3=0.000 m4=0.000 m5=0.109 p=0.207 cloud=PRE overlap=YES -> WARN
[EDGE-Z2-ENSEMBLE] CID:25 m1=0.659 m2=0.020 m3=0.000 m4=0.000 m5=0.109 p=0.200 cloud=PRE overlap=YES -> WARN
[EDGE-Z2-ENSEMBLE] CID:25 m1=0.681 m2=0.020 m3=0.000 m4=0.000 m5=0.113 p=0.207 cloud=PRE overlap=YES -> WARN
[EDGE-Z2-ENSEMBLE] CID:25 m1=0.679 m2=0.020 m3=0.000 m4=0.000 m5=0.117 p=0.207 cloud=PRE overlap=YES -> WARN
[EDGE-Z2-ENSEMBLE] CID:25 m1=0.655 m2=0.020 m3=0.000 m4=0.000 m5=0.113 p=0.199 cloud=PRE overlap=YES -> WARN
[EDGE-Z2-ENSEMBLE] CID:25 m1=0.677 m2=0.020 m3=0.000 m4=0.000 m5=0.111 p=0.205 cloud=PRE overlap=YES -> WARN
[EDGE-Z2-ENSEMBLE] CID:25 m1=0.681 m2=0.020 m3=0.000 m4=0.000 m5=0.116 p=0.207 cloud=PRE overlap=YES -> WARN
[EDGE-Z2-ENSEMBLE] CID:25 m1=0.681 m2=0.020 m3=0.000 m4=0.000 m5=0.116 p=0.207 cloud=PRE overlap=YES -> WARN
[EDGE-Z2-ENSEMBLE] CID:25 m1=0.677 m2=0.020 m3=0.000 m4=0.000 m5=0.115 p=0.206 cloud=PRE overlap=YES -> WARN
[EDGE-Z2-ENSEMBLE] CID:25 m1=0.681 m2=0.020 m3=0.000 m4=0.000 m5=0.120 p=0.208 cloud=PRE overlap=YES -> WARN
[EDGE-Z2-ENSEMBLE] CID:25 m1=0.655 m2=0.020 m3=0.000 m4=0.000 m5=0.116 p=0.200 cloud=PRE overlap=YES -> WARN
[EDGE-Z2-ENSEMBLE] CID:25 m1=0.675 m2=0.020 m3=0.000 m4=0.000 m5=0.114 p=0.205 cloud=PRE overlap=YES -> WARN
[EDGE-Z2-ENSEMBLE] CID:25 m1=0.663 m2=0.020 m3=0.000 m4=0.000 m5=0.111 p=0.201 cloud=PRE overlap=YES -> WARN
[EDGE-Z2-ENSEMBLE] CID:25 m1=0.679 m2=0.020 m3=0.000 m4=0.000 m5=0.111 p=0.206 cloud=PRE overlap=YES -> WARN
[EDGE-Z2-ENSEMBLE] CID:25 m1=0.675 m2=0.020 m3=0.000 m4=0.000 m5=0.109 p=0.204 cloud=PRE overlap=YES -> WARN
[EDGE-Z2-ENSEMBLE] CID:25 m1=0.659 m2=0.020 m3=0.000 m4=0.000 m5=0.110 p=0.200 cloud=PRE overlap=YES -> WARN
[EDGE-Z2-ENSEMBLE] CID:25 m1=0.672 m2=0.020 m3=0.000 m4=0.000 m5=0.109 p=0.204 cloud=PRE overlap=YES -> WARN
[EDGE-Z2-ENSEMBLE] CID:25 m1=0.672 m2=0.020 m3=0.000 m4=0.000 m5=0.111 p=0.204 cloud=PRE overlap=YES -> WARN
[EDGE-CALIB] Received calibration: attack=speed_attack conf=0.95
[EDGE-CALIB] Applied: W1: 0.2754→0.2764 (Δ0.0200)  W3: 0.2251→0.2256 (Δ0.0100)  W5: 0.1357→0.1372 (Δ0.0300)  ZONE_MAL: 0.301→0.301
[EDGE-CALIB] New weights: W1=0.276 W2=0.183 W3=0.225 W4=0.179 W5=0.137
[EDGE-Z2-ENSEMBLE] CID:25 m1=0.663 m2=0.020 m3=0.000 m4=0.000 m5=0.108 p=0.201 cloud=PRE overlap=YES -> WARN
[EDGE-Z2-ENSEMBLE] CID:25 m1=0.666 m2=0.020 m3=0.000 m4=0.000 m5=0.106 p=0.202 cloud=PRE overlap=YES -> WARN
