================================================================
 EDGE AI SERVER v90-multiuav -- Zone 1
================================================================
[EDGE-Z1] Port              : 9999
[EDGE-Z1] Coordinator       : 127.0.0.1:9997
[EDGE-Z1] ZONE_SAFE=0.15  ZONE_MALICIOUS=0.30  NASH_P*=0.4000
[EDGE-Z1] Weights: W1=0.27 W2=0.18 W3=0.23 W4=0.18 W5=0.14
[EDGE-Z1] LEARNING_RATE=0.050  W_MIN=0.05  NASH_BAN_CONFIRM_K=1
[CLOUD-DELAY] RTT=400ms  pre-cloud-pkts=4
[EDGE-AI] Config snapshot saved -> logs/edge_ai_z1_config_20260624_164525.json
[EDGE-Z1] Ready on port 9999

[EDGE-Z1-ENSEMBLE] CID:1 m1=0.000 m2=0.020 m3=0.000 m4=0.000 m5=0.000 p=0.004 cloud=PRE overlap=NO -> SAFE
[EDGE-Z1-ENSEMBLE] CID:5 m1=0.000 m2=0.020 m3=0.000 m4=0.000 m5=0.000 p=0.004 cloud=PRE overlap=NO -> SAFE
[EDGE-Z1-ENSEMBLE] CID:3 m1=0.000 m2=0.020 m3=0.000 m4=0.000 m5=0.000 p=0.004 cloud=PRE overlap=NO -> SAFE
[EDGE-Z1-ENSEMBLE] CID:2 m1=0.000 m2=0.020 m3=0.000 m4=0.000 m5=0.000 p=0.004 cloud=PRE overlap=NO -> SAFE
[EDGE-Z1-ENSEMBLE] CID:4 m1=0.000 m2=0.020 m3=0.000 m4=0.000 m5=0.000 p=0.004 cloud=PRE overlap=NO -> SAFE
[EDGE-Z1-ENSEMBLE] CID:1 m1=0.000 m2=0.020 m3=0.000 m4=0.000 m5=0.000 p=0.000 cloud=PRE overlap=NO -> SAFE
[EDGE-Z1-ENSEMBLE] CID:0 m1=0.000 m2=0.020 m3=0.000 m4=0.000 m5=0.000 p=0.004 cloud=PRE overlap=NO -> SAFE
[EDGE-Z1-ENSEMBLE] CID:5 m1=0.000 m2=0.020 m3=0.000 m4=0.000 m5=0.000 p=0.000 cloud=PRE overlap=NO -> SAFE
[EDGE-Z1-ENSEMBLE] CID:3 m1=0.000 m2=0.020 m3=0.000 m4=0.000 m5=0.000 p=0.000 cloud=PRE overlap=NO -> SAFE
[EDGE-Z1-ENSEMBLE] CID:2 m1=0.000 m2=0.020 m3=0.000 m4=0.000 m5=0.000 p=0.000 cloud=PRE overlap=NO -> SAFE
[EDGE-Z1-ENSEMBLE] CID:4 m1=0.000 m2=0.020 m3=0.000 m4=0.000 m5=0.000 p=0.000 cloud=PRE overlap=NO -> SAFE
[EDGE-Z1-ENSEMBLE] CID:1 m1=0.000 m2=0.020 m3=0.000 m4=0.000 m5=0.000 p=0.000 cloud=PRE overlap=NO -> SAFE
[EDGE-Z1-ENSEMBLE] CID:0 m1=0.000 m2=0.020 m3=0.000 m4=0.000 m5=0.000 p=0.000 cloud=PRE overlap=NO -> SAFE
[EDGE-Z1-ENSEMBLE] CID:5 m1=0.000 m2=0.020 m3=0.000 m4=0.000 m5=0.000 p=0.000 cloud=PRE overlap=NO -> SAFE
[EDGE-Z1-ENSEMBLE] CID:3 m1=0.315 m2=0.768 m3=0.650 m4=0.800 m5=0.000 p=0.519 cloud=PRE overlap=NO -> BAN
[EDGE-Z1-ENSEMBLE] CID:2 m1=0.315 m2=0.768 m3=0.650 m4=0.800 m5=0.000 p=0.519 cloud=PRE overlap=NO -> BAN
[EDGE-Z1-ENSEMBLE] CID:4 m1=0.315 m2=0.768 m3=0.650 m4=0.800 m5=0.000 p=0.519 cloud=PRE overlap=NO -> BAN
[EDGE-Z1-ENSEMBLE] CID:1 m1=0.000 m2=0.020 m3=0.000 m4=0.000 m5=0.000 p=0.000 cloud=PRE overlap=NO -> SAFE
[EDGE-Z1-ENSEMBLE] CID:0 m1=0.000 m2=0.020 m3=0.000 m4=0.000 m5=0.000 p=0.000 cloud=PRE overlap=NO -> SAFE
[EDGE-Z1-ENSEMBLE] CID:5 m1=0.000 m2=0.020 m3=0.000 m4=0.000 m5=0.000 p=0.000 cloud=PRE overlap=NO -> SAFE
[EDGE-Z1] CID:3 -> FASTBAN
[EDGE-Z1] CID:2 -> FASTBAN
[EDGE-Z1] CID:4 -> FASTBAN
[EDGE-Z1-ENSEMBLE] CID:1 m1=0.000 m2=0.020 m3=0.000 m4=0.000 m5=0.000 p=0.000 cloud=PRE overlap=NO -> SAFE
[EDGE-Z1-ENSEMBLE] CID:0 m1=0.000 m2=0.020 m3=0.000 m4=0.000 m5=0.000 p=0.000 cloud=PRE overlap=NO -> SAFE
[EDGE-Z1-ENSEMBLE] CID:5 m1=0.000 m2=0.020 m3=0.000 m4=0.000 m5=0.000 p=0.000 cloud=PRE overlap=NO -> SAFE
[EDGE-Z1] CID:3 -> FASTBAN
[EDGE-Z1] CID:2 -> FASTBAN
[EDGE-Z1] CID:4 -> FASTBAN
[EDGE-Z1-ENSEMBLE] CID:1 m1=0.000 m2=0.020 m3=0.000 m4=0.000 m5=0.000 p=0.000 cloud=PRE overlap=NO -> SAFE
[EDGE-Z1-ENSEMBLE] CID:0 m1=0.000 m2=0.020 m3=0.000 m4=0.000 m5=0.000 p=0.000 cloud=PRE overlap=NO -> SAFE
[EDGE-Z1-ENSEMBLE] CID:5 m1=0.000 m2=0.020 m3=0.000 m4=0.000 m5=0.000 p=0.000 cloud=PRE overlap=NO -> SAFE
[EDGE-Z1] CID:3 -> FASTBAN
[EDGE-Z1] CID:2 -> FASTBAN
[EDGE-Z1] CID:4 -> FASTBAN
[EDGE-Z1-ENSEMBLE] CID:1 m1=0.000 m2=0.020 m3=0.000 m4=0.000 m5=0.000 p=0.000 cloud=PRE overlap=NO -> SAFE
[EDGE-Z1-ENSEMBLE] CID:0 m1=0.000 m2=0.020 m3=0.000 m4=0.000 m5=0.000 p=0.000 cloud=PRE overlap=NO -> SAFE
[EDGE-Z1-ENSEMBLE] CID:5 m1=0.000 m2=0.020 m3=0.000 m4=0.000 m5=0.000 p=0.000 cloud=PRE overlap=NO -> SAFE
[EDGE-Z1] CID:3 -> FASTBAN
[EDGE-Z1] CID:2 -> FASTBAN
[EDGE-Z1] CID:4 -> FASTBAN
[EDGE-Z1-ENSEMBLE] CID:1 m1=0.000 m2=0.020 m3=0.000 m4=0.000 m5=0.000 p=0.000 cloud=PRE overlap=NO -> SAFE
[EDGE-Z1-ENSEMBLE] CID:0 m1=0.000 m2=0.020 m3=0.000 m4=0.000 m5=0.000 p=0.000 cloud=PRE overlap=NO -> SAFE
[EDGE-Z1-ENSEMBLE] CID:5 m1=0.000 m2=0.020 m3=0.000 m4=0.000 m5=0.000 p=0.000 cloud=PRE overlap=NO -> SAFE
[EDGE-Z1] CID:3 -> FASTBAN
[EDGE-Z1] CID:2 -> FASTBAN
[EDGE-Z1] CID:4 -> FASTBAN
[EDGE-Z1-ENSEMBLE] CID:1 m1=0.000 m2=0.020 m3=0.000 m4=0.000 m5=0.000 p=0.000 cloud=PRE overlap=NO -> SAFE
[EDGE-Z1-ENSEMBLE] CID:0 m1=0.000 m2=0.020 m3=0.000 m4=0.000 m5=0.000 p=0.000 cloud=PRE overlap=NO -> SAFE
[EDGE-Z1-ENSEMBLE] CID:5 m1=0.000 m2=0.020 m3=0.000 m4=0.000 m5=0.000 p=0.000 cloud=PRE overlap=NO -> SAFE
[EDGE-Z1] CID:3 -> FASTBAN
[EDGE-Z1] CID:2 -> FASTBAN
[EDGE-Z1] CID:4 -> FASTBAN
[EDGE-Z1-ENSEMBLE] CID:1 m1=0.000 m2=0.020 m3=0.000 m4=0.000 m5=0.000 p=0.000 cloud=PRE overlap=NO -> SAFE
[EDGE-Z1-ENSEMBLE] CID:0 m1=0.000 m2=0.020 m3=0.000 m4=0.000 m5=0.000 p=0.000 cloud=PRE overlap=NO -> SAFE
[EDGE-Z1-ENSEMBLE] CID:5 m1=0.000 m2=0.020 m3=0.000 m4=0.000 m5=0.000 p=0.000 cloud=PRE overlap=NO -> SAFE
[EDGE-Z1] CID:3 -> FASTBAN
[EDGE-Z1] CID:2 -> FASTBAN
[EDGE-Z1] CID:4 -> FASTBAN
[EDGE-Z1-ENSEMBLE] CID:1 m1=0.000 m2=0.020 m3=0.000 m4=0.000 m5=0.000 p=0.000 cloud=PRE overlap=NO -> SAFE
[EDGE-Z1-ENSEMBLE] CID:0 m1=0.000 m2=0.020 m3=0.000 m4=0.000 m5=0.000 p=0.000 cloud=PRE overlap=NO -> SAFE
[EDGE-Z1-ENSEMBLE] CID:5 m1=0.000 m2=0.020 m3=0.000 m4=0.000 m5=0.000 p=0.000 cloud=PRE overlap=NO -> SAFE
[EDGE-Z1] CID:2 -> FASTBAN
[EDGE-Z1] CID:4 -> FASTBAN
[EDGE-Z1-ENSEMBLE] CID:1 m1=0.000 m2=0.020 m3=0.000 m4=0.000 m5=0.000 p=0.000 cloud=PRE overlap=NO -> SAFE
[EDGE-Z1-ENSEMBLE] CID:0 m1=0.000 m2=0.020 m3=0.000 m4=0.000 m5=0.000 p=0.000 cloud=PRE overlap=NO -> SAFE
[EDGE-Z1-ENSEMBLE] CID:5 m1=0.000 m2=0.020 m3=0.000 m4=0.000 m5=0.000 p=0.000 cloud=PRE overlap=NO -> SAFE
[EDGE-Z1] CID:3 -> FASTBAN
[EDGE-Z1] CID:2 -> FASTBAN
[EDGE-Z1] CID:4 -> FASTBAN
[EDGE-Z1-ENSEMBLE] CID:1 m1=0.000 m2=0.020 m3=0.000 m4=0.000 m5=0.000 p=0.000 cloud=PRE overlap=NO -> SAFE
[EDGE-Z1-ENSEMBLE] CID:0 m1=0.000 m2=0.020 m3=0.000 m4=0.000 m5=0.000 p=0.000 cloud=PRE overlap=NO -> SAFE
[EDGE-Z1-ENSEMBLE] CID:5 m1=0.000 m2=0.020 m3=0.000 m4=0.000 m5=0.000 p=0.000 cloud=PRE overlap=NO -> SAFE
[EDGE-Z1] CID:3 -> FASTBAN
[EDGE-Z1] CID:2 -> FASTBAN
[EDGE-Z1] CID:4 -> FASTBAN
[EDGE-Z1-ENSEMBLE] CID:1 m1=0.000 m2=0.020 m3=0.000 m4=0.000 m5=0.000 p=0.000 cloud=PRE overlap=NO -> SAFE
[EDGE-Z1-ENSEMBLE] CID:0 m1=0.000 m2=0.020 m3=0.000 m4=0.000 m5=0.000 p=0.000 cloud=PRE overlap=NO -> SAFE
[EDGE-Z1-ENSEMBLE] CID:5 m1=0.000 m2=0.020 m3=0.000 m4=0.000 m5=0.000 p=0.000 cloud=PRE overlap=NO -> SAFE
[EDGE-CALIB] Received calibration: attack=ts_replay conf=0.85
[EDGE-CALIB] Applied: W1: 0.2727→0.2737 (Δ0.0200)  W2: 0.1818→0.1838 (Δ0.0400)  ZONE_MAL: 0.300→0.300
[EDGE-CALIB] New weights: W1=0.273 W2=0.183 W3=0.227 W4=0.181 W5=0.136
[EDGE-Z1] CID:3 -> FASTBAN
[EDGE-Z1] CID:2 -> FASTBAN
[EDGE-Z1] CID:4 -> FASTBAN
[EDGE-Z1-ENSEMBLE] CID:1 m1=0.000 m2=0.020 m3=0.000 m4=0.000 m5=0.000 p=0.000 cloud=PRE overlap=NO -> SAFE
[EDGE-Z1-ENSEMBLE] CID:0 m1=0.000 m2=0.020 m3=0.000 m4=0.000 m5=0.000 p=0.000 cloud=PRE overlap=NO -> SAFE
[EDGE-Z1-ENSEMBLE] CID:5 m1=0.000 m2=0.020 m3=0.000 m4=0.000 m5=0.000 p=0.000 cloud=PRE overlap=NO -> SAFE
[EDGE-Z1] CID:3 -> FASTBAN
[EDGE-Z1] CID:2 -> FASTBAN
[EDGE-Z1] CID:4 -> FASTBAN
[EDGE-Z1-ENSEMBLE] CID:1 m1=0.000 m2=0.020 m3=0.000 m4=0.000 m5=0.000 p=0.000 cloud=PRE overlap=NO -> SAFE
[EDGE-Z1-ENSEMBLE] CID:0 m1=0.000 m2=0.020 m3=0.000 m4=0.000 m5=0.000 p=0.000 cloud=PRE overlap=NO -> SAFE
[EDGE-Z1-ENSEMBLE] CID:5 m1=0.000 m2=0.020 m3=0.000 m4=0.000 m5=0.000 p=0.000 cloud=PRE overlap=NO -> SAFE
[EDGE-Z1] CID:3 -> FASTBAN
[EDGE-Z1-ENSEMBLE] CID:1 m1=0.000 m2=0.020 m3=0.000 m4=0.000 m5=0.000 p=0.000 cloud=PRE overlap=NO -> SAFE
[EDGE-Z1-ENSEMBLE] CID:0 m1=0.000 m2=0.020 m3=0.000 m4=0.000 m5=0.000 p=0.000 cloud=PRE overlap=NO -> SAFE
[EDGE-Z1-ENSEMBLE] CID:5 m1=0.000 m2=0.020 m3=0.000 m4=0.000 m5=0.000 p=0.000 cloud=PRE overlap=NO -> SAFE
[EDGE-Z1-ENSEMBLE] CID:1 m1=0.000 m2=0.020 m3=0.000 m4=0.000 m5=0.000 p=0.000 cloud=PRE overlap=NO -> SAFE
[EDGE-Z1-ENSEMBLE] CID:0 m1=0.000 m2=0.020 m3=0.000 m4=0.000 m5=0.000 p=0.000 cloud=PRE overlap=NO -> SAFE
[EDGE-Z1-ENSEMBLE] CID:5 m1=0.000 m2=0.020 m3=0.000 m4=0.000 m5=0.000 p=0.000 cloud=PRE overlap=NO -> SAFE
[EDGE-Z1-ENSEMBLE] CID:1 m1=0.000 m2=0.020 m3=0.000 m4=0.000 m5=0.000 p=0.000 cloud=PRE overlap=NO -> SAFE
[EDGE-Z1-ENSEMBLE] CID:0 m1=0.000 m2=0.020 m3=0.000 m4=0.000 m5=0.000 p=0.000 cloud=PRE overlap=NO -> SAFE
[EDGE-Z1-ENSEMBLE] CID:5 m1=0.000 m2=0.020 m3=0.000 m4=0.000 m5=0.000 p=0.000 cloud=PRE overlap=NO -> SAFE
[EDGE-Z1-ENSEMBLE] CID:1 m1=0.000 m2=0.020 m3=0.000 m4=0.000 m5=0.000 p=0.000 cloud=PRE overlap=NO -> SAFE
[EDGE-Z1-ENSEMBLE] CID:0 m1=0.000 m2=0.020 m3=0.000 m4=0.000 m5=0.000 p=0.000 cloud=PRE overlap=NO -> SAFE
[EDGE-Z1-ENSEMBLE] CID:5 m1=0.000 m2=0.020 m3=0.000 m4=0.000 m5=0.000 p=0.000 cloud=PRE overlap=NO -> SAFE
[EDGE-Z1-ENSEMBLE] CID:1 m1=0.000 m2=0.020 m3=0.000 m4=0.000 m5=0.000 p=0.000 cloud=PRE overlap=NO -> SAFE
[EDGE-Z1-ENSEMBLE] CID:0 m1=0.000 m2=0.020 m3=0.000 m4=0.000 m5=0.000 p=0.000 cloud=PRE overlap=NO -> SAFE
[EDGE-Z1-ENSEMBLE] CID:5 m1=0.000 m2=0.020 m3=0.000 m4=0.000 m5=0.000 p=0.000 cloud=PRE overlap=NO -> SAFE
[EDGE-Z1-ENSEMBLE] CID:1 m1=0.000 m2=0.020 m3=0.000 m4=0.000 m5=0.000 p=0.000 cloud=PRE overlap=NO -> SAFE
[EDGE-Z1-ENSEMBLE] CID:0 m1=0.000 m2=0.020 m3=0.000 m4=0.000 m5=0.000 p=0.000 cloud=PRE overlap=NO -> SAFE
[EDGE-Z1-ENSEMBLE] CID:5 m1=0.000 m2=0.020 m3=0.000 m4=0.000 m5=0.000 p=0.000 cloud=PRE overlap=NO -> SAFE
[EDGE-Z1-ENSEMBLE] CID:1 m1=0.000 m2=0.020 m3=0.000 m4=0.000 m5=0.000 p=0.000 cloud=PRE overlap=NO -> SAFE
[EDGE-Z1-ENSEMBLE] CID:0 m1=0.000 m2=0.020 m3=0.000 m4=0.000 m5=0.000 p=0.000 cloud=PRE overlap=NO -> SAFE
[EDGE-Z1-ENSEMBLE] CID:5 m1=0.000 m2=0.020 m3=0.000 m4=0.000 m5=0.000 p=0.000 cloud=PRE overlap=NO -> SAFE
[EDGE-Z1-ENSEMBLE] CID:1 m1=0.000 m2=0.020 m3=0.000 m4=0.000 m5=0.000 p=0.000 cloud=PRE overlap=NO -> SAFE
[EDGE-Z1-ENSEMBLE] CID:0 m1=0.000 m2=0.020 m3=0.000 m4=0.000 m5=0.000 p=0.000 cloud=PRE overlap=NO -> SAFE
[EDGE-Z1-ENSEMBLE] CID:5 m1=0.000 m2=0.020 m3=0.000 m4=0.000 m5=0.000 p=0.000 cloud=PRE overlap=NO -> SAFE
[EDGE-Z1-ENSEMBLE] CID:1 m1=0.000 m2=0.020 m3=0.000 m4=0.000 m5=0.000 p=0.000 cloud=PRE overlap=NO -> SAFE
[EDGE-Z1-ENSEMBLE] CID:0 m1=0.000 m2=0.020 m3=0.000 m4=0.000 m5=0.000 p=0.000 cloud=PRE overlap=NO -> SAFE
[EDGE-Z1-ENSEMBLE] CID:5 m1=0.000 m2=0.020 m3=0.000 m4=0.000 m5=0.000 p=0.000 cloud=PRE overlap=NO -> SAFE
[EDGE-Z1-ENSEMBLE] CID:1 m1=0.000 m2=0.020 m3=0.000 m4=0.000 m5=0.000 p=0.000 cloud=PRE overlap=NO -> SAFE
[EDGE-Z1-ENSEMBLE] CID:0 m1=0.000 m2=0.020 m3=0.000 m4=0.000 m5=0.000 p=0.000 cloud=PRE overlap=NO -> SAFE
[EDGE-Z1-ENSEMBLE] CID:5 m1=0.000 m2=0.020 m3=0.000 m4=0.000 m5=0.000 p=0.000 cloud=PRE overlap=NO -> SAFE
[EDGE-Z1-ENSEMBLE] CID:1 m1=0.000 m2=0.020 m3=0.000 m4=0.000 m5=0.000 p=0.000 cloud=PRE overlap=NO -> SAFE
[EDGE-Z1-ENSEMBLE] CID:0 m1=0.000 m2=0.020 m3=0.000 m4=0.000 m5=0.000 p=0.000 cloud=PRE overlap=NO -> SAFE
[EDGE-Z1-ENSEMBLE] CID:5 m1=0.000 m2=0.020 m3=0.000 m4=0.000 m5=0.000 p=0.000 cloud=PRE overlap=NO -> SAFE
[EDGE-Z1-ENSEMBLE] CID:1 m1=0.000 m2=0.020 m3=0.000 m4=0.000 m5=0.000 p=0.000 cloud=PRE overlap=NO -> SAFE
[EDGE-Z1-ENSEMBLE] CID:0 m1=0.000 m2=0.020 m3=0.000 m4=0.000 m5=0.000 p=0.000 cloud=PRE overlap=NO -> SAFE
[EDGE-Z1-ENSEMBLE] CID:5 m1=0.000 m2=0.020 m3=0.000 m4=0.000 m5=0.000 p=0.000 cloud=PRE overlap=NO -> SAFE
[EDGE-Z1-ENSEMBLE] CID:1 m1=0.000 m2=0.020 m3=0.000 m4=0.000 m5=0.000 p=0.000 cloud=PRE overlap=NO -> SAFE
[EDGE-Z1-ENSEMBLE] CID:0 m1=0.000 m2=0.020 m3=0.000 m4=0.000 m5=0.000 p=0.000 cloud=PRE overlap=NO -> SAFE
[EDGE-Z1-ENSEMBLE] CID:5 m1=0.000 m2=0.020 m3=0.000 m4=0.000 m5=0.000 p=0.000 cloud=PRE overlap=NO -> SAFE
[EDGE-Z1-ENSEMBLE] CID:1 m1=0.000 m2=0.020 m3=0.000 m4=0.000 m5=0.000 p=0.000 cloud=PRE overlap=NO -> SAFE
[EDGE-Z1-ENSEMBLE] CID:0 m1=0.000 m2=0.020 m3=0.000 m4=0.000 m5=0.000 p=0.000 cloud=PRE overlap=NO -> SAFE
[EDGE-Z1-ENSEMBLE] CID:5 m1=0.000 m2=0.020 m3=0.000 m4=0.000 m5=0.000 p=0.000 cloud=PRE overlap=NO -> SAFE
[EDGE-Z1-ENSEMBLE] CID:1 m1=0.000 m2=0.020 m3=0.000 m4=0.000 m5=0.000 p=0.000 cloud=PRE overlap=NO -> SAFE
[EDGE-Z1-ENSEMBLE] CID:0 m1=0.000 m2=0.020 m3=0.000 m4=0.000 m5=0.000 p=0.000 cloud=PRE overlap=NO -> SAFE
[EDGE-Z1-ENSEMBLE] CID:5 m1=0.000 m2=0.020 m3=0.000 m4=0.000 m5=0.000 p=0.000 cloud=PRE overlap=NO -> SAFE
[EDGE-Z1-ENSEMBLE] CID:1 m1=0.000 m2=0.020 m3=0.000 m4=0.000 m5=0.000 p=0.000 cloud=PRE overlap=NO -> SAFE
[EDGE-Z1-ENSEMBLE] CID:0 m1=0.000 m2=0.020 m3=0.000 m4=0.000 m5=0.000 p=0.000 cloud=PRE overlap=NO -> SAFE
[EDGE-Z1-ENSEMBLE] CID:5 m1=0.000 m2=0.020 m3=0.000 m4=0.000 m5=0.000 p=0.000 cloud=PRE overlap=NO -> SAFE
[EDGE-Z1-ENSEMBLE] CID:1 m1=0.000 m2=0.020 m3=0.000 m4=0.000 m5=0.000 p=0.000 cloud=PRE overlap=NO -> SAFE
[EDGE-Z1-ENSEMBLE] CID:0 m1=0.000 m2=0.020 m3=0.000 m4=0.000 m5=0.000 p=0.000 cloud=PRE overlap=NO -> SAFE
[EDGE-Z1-ENSEMBLE] CID:5 m1=0.000 m2=0.020 m3=0.000 m4=0.000 m5=0.000 p=0.000 cloud=PRE overlap=NO -> SAFE
[EDGE-Z1-ENSEMBLE] CID:1 m1=0.000 m2=0.020 m3=0.000 m4=0.000 m5=0.000 p=0.000 cloud=PRE overlap=NO -> SAFE
[EDGE-Z1-ENSEMBLE] CID:0 m1=0.000 m2=0.020 m3=0.000 m4=0.000 m5=0.000 p=0.000 cloud=PRE overlap=NO -> SAFE
[EDGE-Z1-ENSEMBLE] CID:5 m1=0.000 m2=0.020 m3=0.000 m4=0.000 m5=0.000 p=0.000 cloud=PRE overlap=NO -> SAFE
[EDGE-Z1-ENSEMBLE] CID:1 m1=0.000 m2=0.020 m3=0.000 m4=0.000 m5=0.000 p=0.000 cloud=PRE overlap=NO -> SAFE
[EDGE-Z1-ENSEMBLE] CID:0 m1=0.000 m2=0.020 m3=0.000 m4=0.000 m5=0.000 p=0.000 cloud=PRE overlap=NO -> SAFE
[EDGE-Z1-ENSEMBLE] CID:5 m1=0.000 m2=0.020 m3=0.000 m4=0.000 m5=0.000 p=0.000 cloud=PRE overlap=NO -> SAFE
[EDGE-Z1-ENSEMBLE] CID:1 m1=0.000 m2=0.020 m3=0.000 m4=0.000 m5=0.000 p=0.000 cloud=PRE overlap=NO -> SAFE
[EDGE-Z1-ENSEMBLE] CID:0 m1=0.000 m2=0.020 m3=0.000 m4=0.000 m5=0.000 p=0.000 cloud=PRE overlap=NO -> SAFE
[EDGE-Z1-ENSEMBLE] CID:5 m1=0.000 m2=0.020 m3=0.000 m4=0.000 m5=0.000 p=0.000 cloud=PRE overlap=NO -> SAFE
[EDGE-Z1-ENSEMBLE] CID:1 m1=0.000 m2=0.020 m3=0.000 m4=0.000 m5=0.000 p=0.000 cloud=PRE overlap=NO -> SAFE
[EDGE-Z1-ENSEMBLE] CID:0 m1=0.000 m2=0.020 m3=0.000 m4=0.000 m5=0.000 p=0.000 cloud=PRE overlap=NO -> SAFE
[EDGE-Z1-ENSEMBLE] CID:5 m1=0.000 m2=0.020 m3=0.000 m4=0.000 m5=0.000 p=0.000 cloud=PRE overlap=NO -> SAFE
[EDGE-Z1-ENSEMBLE] CID:1 m1=0.000 m2=0.020 m3=0.000 m4=0.000 m5=0.000 p=0.000 cloud=PRE overlap=NO -> SAFE
[EDGE-Z1-ENSEMBLE] CID:0 m1=0.000 m2=0.020 m3=0.000 m4=0.000 m5=0.000 p=0.000 cloud=PRE overlap=NO -> SAFE
[EDGE-Z1-ENSEMBLE] CID:5 m1=0.000 m2=0.020 m3=0.000 m4=0.000 m5=0.000 p=0.000 cloud=PRE overlap=NO -> SAFE
[EDGE-Z1-ENSEMBLE] CID:1 m1=0.000 m2=0.020 m3=0.000 m4=0.000 m5=0.000 p=0.000 cloud=PRE overlap=NO -> SAFE
[EDGE-Z1-ENSEMBLE] CID:0 m1=0.000 m2=0.020 m3=0.000 m4=0.000 m5=0.000 p=0.000 cloud=PRE overlap=NO -> SAFE
[EDGE-Z1-ENSEMBLE] CID:5 m1=0.000 m2=0.020 m3=0.000 m4=0.000 m5=0.000 p=0.000 cloud=PRE overlap=NO -> SAFE
[EDGE-Z1-ENSEMBLE] CID:1 m1=0.000 m2=0.020 m3=0.000 m4=0.000 m5=0.000 p=0.000 cloud=PRE overlap=NO -> SAFE
[EDGE-Z1-ENSEMBLE] CID:0 m1=0.000 m2=0.020 m3=0.000 m4=0.000 m5=0.000 p=0.000 cloud=PRE overlap=NO -> SAFE
[EDGE-Z1-ENSEMBLE] CID:5 m1=0.000 m2=0.020 m3=0.000 m4=0.000 m5=0.000 p=0.000 cloud=PRE overlap=NO -> SAFE
[EDGE-Z1-ENSEMBLE] CID:1 m1=0.000 m2=0.020 m3=0.000 m4=0.000 m5=0.000 p=0.000 cloud=PRE overlap=NO -> SAFE
[EDGE-Z1-ENSEMBLE] CID:0 m1=0.000 m2=0.020 m3=0.000 m4=0.000 m5=0.000 p=0.000 cloud=PRE overlap=NO -> SAFE
[EDGE-Z1-ENSEMBLE] CID:5 m1=0.000 m2=0.020 m3=0.000 m4=0.000 m5=0.000 p=0.000 cloud=PRE overlap=NO -> SAFE
[EDGE-Z1-ENSEMBLE] CID:1 m1=0.000 m2=0.020 m3=0.000 m4=0.000 m5=0.000 p=0.000 cloud=PRE overlap=NO -> SAFE
[EDGE-Z1-ENSEMBLE] CID:0 m1=0.000 m2=0.020 m3=0.040 m4=0.000 m5=0.000 p=0.000 cloud=PRE overlap=NO -> SAFE
[EDGE-Z1-ENSEMBLE] CID:5 m1=0.000 m2=0.020 m3=0.000 m4=0.000 m5=0.000 p=0.000 cloud=PRE overlap=NO -> SAFE
[EDGE-Z1-ENSEMBLE] CID:1 m1=0.000 m2=0.020 m3=0.000 m4=0.000 m5=0.000 p=0.000 cloud=PRE overlap=NO -> SAFE
[EDGE-Z1-ENSEMBLE] CID:0 m1=0.000 m2=0.020 m3=0.040 m4=0.000 m5=0.000 p=0.000 cloud=PRE overlap=NO -> SAFE
[EDGE-Z1-ENSEMBLE] CID:5 m1=0.000 m2=0.020 m3=0.000 m4=0.000 m5=0.000 p=0.000 cloud=PRE overlap=NO -> SAFE
[EDGE-Z1-ENSEMBLE] CID:1 m1=0.000 m2=0.020 m3=0.000 m4=0.000 m5=0.000 p=0.000 cloud=PRE overlap=NO -> SAFE
[EDGE-Z1-ENSEMBLE] CID:0 m1=0.000 m2=0.020 m3=0.000 m4=0.000 m5=0.000 p=0.000 cloud=PRE overlap=NO -> SAFE
[EDGE-Z1-ENSEMBLE] CID:5 m1=0.000 m2=0.020 m3=0.000 m4=0.000 m5=0.000 p=0.000 cloud=PRE overlap=NO -> SAFE
[EDGE-Z1-ENSEMBLE] CID:1 m1=0.000 m2=0.020 m3=0.000 m4=0.000 m5=0.000 p=0.000 cloud=PRE overlap=NO -> SAFE
[EDGE-Z1-ENSEMBLE] CID:0 m1=0.000 m2=0.020 m3=0.000 m4=0.000 m5=0.000 p=0.000 cloud=PRE overlap=NO -> SAFE
[EDGE-Z1-ENSEMBLE] CID:5 m1=0.000 m2=0.020 m3=0.000 m4=0.000 m5=0.000 p=0.000 cloud=PRE overlap=NO -> SAFE
[EDGE-Z1-ENSEMBLE] CID:1 m1=0.000 m2=0.020 m3=0.000 m4=0.000 m5=0.000 p=0.000 cloud=PRE overlap=NO -> SAFE
[EDGE-Z1-ENSEMBLE] CID:0 m1=0.000 m2=0.020 m3=0.000 m4=0.000 m5=0.000 p=0.000 cloud=PRE overlap=NO -> SAFE
[EDGE-Z1-ENSEMBLE] CID:5 m1=0.000 m2=0.020 m3=0.000 m4=0.000 m5=0.000 p=0.000 cloud=PRE overlap=NO -> SAFE
[EDGE-Z1-ENSEMBLE] CID:1 m1=0.000 m2=0.020 m3=0.000 m4=0.000 m5=0.000 p=0.000 cloud=PRE overlap=NO -> SAFE
[EDGE-Z1-ENSEMBLE] CID:0 m1=0.000 m2=0.020 m3=0.000 m4=0.000 m5=0.000 p=0.000 cloud=PRE overlap=NO -> SAFE
[EDGE-Z1-ENSEMBLE] CID:5 m1=0.000 m2=0.020 m3=0.000 m4=0.000 m5=0.000 p=0.000 cloud=PRE overlap=NO -> SAFE
[EDGE-Z1-ENSEMBLE] CID:1 m1=0.000 m2=0.020 m3=0.000 m4=0.000 m5=0.000 p=0.000 cloud=PRE overlap=NO -> SAFE
[EDGE-Z1-ENSEMBLE] CID:0 m1=0.000 m2=0.020 m3=0.000 m4=0.000 m5=0.000 p=0.000 cloud=PRE overlap=NO -> SAFE
[EDGE-Z1-ENSEMBLE] CID:5 m1=0.000 m2=0.020 m3=0.000 m4=0.000 m5=0.000 p=0.000 cloud=PRE overlap=NO -> SAFE
[EDGE-Z1-ENSEMBLE] CID:1 m1=0.000 m2=0.020 m3=0.000 m4=0.000 m5=0.000 p=0.000 cloud=PRE overlap=NO -> SAFE
[EDGE-Z1-ENSEMBLE] CID:0 m1=0.000 m2=0.020 m3=0.000 m4=0.000 m5=0.000 p=0.000 cloud=PRE overlap=NO -> SAFE
[EDGE-Z1-ENSEMBLE] CID:5 m1=0.000 m2=0.020 m3=0.000 m4=0.000 m5=0.000 p=0.000 cloud=PRE overlap=NO -> SAFE
[EDGE-Z1-ENSEMBLE] CID:1 m1=0.000 m2=0.020 m3=0.000 m4=0.000 m5=0.000 p=0.000 cloud=PRE overlap=NO -> SAFE
[EDGE-Z1-ENSEMBLE] CID:0 m1=0.000 m2=0.020 m3=0.000 m4=0.000 m5=0.000 p=0.000 cloud=PRE overlap=NO -> SAFE
[EDGE-Z1-ENSEMBLE] CID:5 m1=0.000 m2=0.020 m3=0.000 m4=0.000 m5=0.000 p=0.000 cloud=PRE overlap=NO -> SAFE
[EDGE-Z1-ENSEMBLE] CID:1 m1=0.000 m2=0.020 m3=0.000 m4=0.000 m5=0.000 p=0.000 cloud=PRE overlap=NO -> SAFE
[EDGE-Z1-ENSEMBLE] CID:0 m1=0.000 m2=0.020 m3=0.000 m4=0.000 m5=0.000 p=0.000 cloud=PRE overlap=NO -> SAFE
[EDGE-Z1-ENSEMBLE] CID:5 m1=0.000 m2=0.020 m3=0.000 m4=0.000 m5=0.000 p=0.000 cloud=PRE overlap=NO -> SAFE
[EDGE-Z1-ENSEMBLE] CID:1 m1=0.000 m2=0.020 m3=0.000 m4=0.000 m5=0.000 p=0.000 cloud=PRE overlap=NO -> SAFE
[EDGE-Z1-ENSEMBLE] CID:5 m1=0.000 m2=0.020 m3=0.000 m4=0.000 m5=0.000 p=0.000 cloud=PRE overlap=NO -> SAFE
[EDGE-Z1-ENSEMBLE] CID:1 m1=0.000 m2=0.020 m3=0.000 m4=0.000 m5=0.000 p=0.000 cloud=PRE overlap=NO -> SAFE
[EDGE-Z1-ENSEMBLE] CID:0 m1=0.000 m2=0.020 m3=0.000 m4=0.000 m5=0.000 p=0.000 cloud=PRE overlap=NO -> SAFE
[EDGE-Z1-ENSEMBLE] CID:5 m1=0.000 m2=0.020 m3=0.000 m4=0.000 m5=0.000 p=0.000 cloud=PRE overlap=NO -> SAFE
[EDGE-Z1-ENSEMBLE] CID:1 m1=0.000 m2=0.020 m3=0.000 m4=0.000 m5=0.000 p=0.000 cloud=PRE overlap=NO -> SAFE
[EDGE-Z1-ENSEMBLE] CID:0 m1=0.000 m2=0.020 m3=0.000 m4=0.000 m5=0.000 p=0.000 cloud=PRE overlap=NO -> SAFE
[EDGE-Z1-ENSEMBLE] CID:5 m1=0.000 m2=0.020 m3=0.000 m4=0.000 m5=0.000 p=0.000 cloud=PRE overlap=NO -> SAFE
[EDGE-Z1-ENSEMBLE] CID:1 m1=0.000 m2=0.020 m3=0.000 m4=0.000 m5=0.000 p=0.000 cloud=PRE overlap=NO -> SAFE
[EDGE-Z1-ENSEMBLE] CID:0 m1=0.000 m2=0.020 m3=0.000 m4=0.000 m5=0.000 p=0.000 cloud=PRE overlap=NO -> SAFE
[EDGE-Z1-ENSEMBLE] CID:5 m1=0.000 m2=0.020 m3=0.000 m4=0.000 m5=0.000 p=0.000 cloud=PRE overlap=NO -> SAFE
[EDGE-Z1-ENSEMBLE] CID:1 m1=0.000 m2=0.020 m3=0.000 m4=0.000 m5=0.000 p=0.000 cloud=PRE overlap=NO -> SAFE
[EDGE-Z1-ENSEMBLE] CID:0 m1=0.000 m2=0.020 m3=0.000 m4=0.000 m5=0.000 p=0.000 cloud=PRE overlap=NO -> SAFE
[EDGE-Z1-ENSEMBLE] CID:5 m1=0.000 m2=0.020 m3=0.000 m4=0.000 m5=0.000 p=0.000 cloud=PRE overlap=NO -> SAFE
[EDGE-Z1-ENSEMBLE] CID:1 m1=0.000 m2=0.020 m3=0.000 m4=0.000 m5=0.000 p=0.000 cloud=PRE overlap=NO -> SAFE
[EDGE-Z1-ENSEMBLE] CID:0 m1=0.000 m2=0.020 m3=0.000 m4=0.000 m5=0.000 p=0.000 cloud=PRE overlap=NO -> SAFE
[EDGE-Z1-ENSEMBLE] CID:5 m1=0.000 m2=0.020 m3=0.000 m4=0.000 m5=0.000 p=0.000 cloud=PRE overlap=NO -> SAFE
[EDGE-Z1-ENSEMBLE] CID:1 m1=0.000 m2=0.020 m3=0.000 m4=0.000 m5=0.000 p=0.000 cloud=PRE overlap=NO -> SAFE
[EDGE-Z1-ENSEMBLE] CID:0 m1=0.000 m2=0.020 m3=0.000 m4=0.000 m5=0.000 p=0.000 cloud=PRE overlap=NO -> SAFE
[EDGE-Z1-ENSEMBLE] CID:5 m1=0.000 m2=0.020 m3=0.000 m4=0.000 m5=0.000 p=0.000 cloud=PRE overlap=NO -> SAFE
[EDGE-Z1-ENSEMBLE] CID:1 m1=0.000 m2=0.020 m3=0.000 m4=0.000 m5=0.000 p=0.000 cloud=PRE overlap=NO -> SAFE
[EDGE-Z1-ENSEMBLE] CID:0 m1=0.000 m2=0.020 m3=0.000 m4=0.000 m5=0.000 p=0.000 cloud=PRE overlap=NO -> SAFE
[EDGE-Z1-ENSEMBLE] CID:5 m1=0.000 m2=0.020 m3=0.000 m4=0.000 m5=0.000 p=0.000 cloud=PRE overlap=NO -> SAFE
[EDGE-Z1-ENSEMBLE] CID:1 m1=0.000 m2=0.020 m3=0.000 m4=0.000 m5=0.000 p=0.000 cloud=PRE overlap=NO -> SAFE
[EDGE-Z1-ENSEMBLE] CID:0 m1=0.000 m2=0.020 m3=0.000 m4=0.000 m5=0.000 p=0.000 cloud=PRE overlap=NO -> SAFE
[EDGE-Z1-ENSEMBLE] CID:5 m1=0.000 m2=0.020 m3=0.000 m4=0.000 m5=0.000 p=0.000 cloud=PRE overlap=NO -> SAFE
[EDGE-Z1-ENSEMBLE] CID:1 m1=0.000 m2=0.020 m3=0.000 m4=0.000 m5=0.000 p=0.000 cloud=PRE overlap=NO -> SAFE
[EDGE-Z1-ENSEMBLE] CID:0 m1=0.000 m2=0.020 m3=0.000 m4=0.000 m5=0.000 p=0.000 cloud=PRE overlap=NO -> SAFE
[EDGE-Z1-ENSEMBLE] CID:5 m1=0.000 m2=0.020 m3=0.000 m4=0.000 m5=0.000 p=0.000 cloud=PRE overlap=NO -> SAFE
[EDGE-Z1-ENSEMBLE] CID:1 m1=0.000 m2=0.020 m3=0.000 m4=0.000 m5=0.000 p=0.000 cloud=PRE overlap=NO -> SAFE
[EDGE-Z1-ENSEMBLE] CID:0 m1=0.000 m2=0.020 m3=0.000 m4=0.000 m5=0.000 p=0.000 cloud=PRE overlap=NO -> SAFE
[EDGE-Z1-ENSEMBLE] CID:5 m1=0.000 m2=0.020 m3=0.000 m4=0.000 m5=0.000 p=0.000 cloud=PRE overlap=NO -> SAFE
[EDGE-Z1-ENSEMBLE] CID:1 m1=0.000 m2=0.020 m3=0.000 m4=0.000 m5=0.000 p=0.000 cloud=PRE overlap=NO -> SAFE
[EDGE-Z1-ENSEMBLE] CID:0 m1=0.000 m2=0.020 m3=0.000 m4=0.000 m5=0.000 p=0.000 cloud=PRE overlap=NO -> SAFE
[EDGE-Z1-ENSEMBLE] CID:5 m1=0.000 m2=0.020 m3=0.000 m4=0.000 m5=0.000 p=0.000 cloud=PRE overlap=NO -> SAFE
[EDGE-Z1-ENSEMBLE] CID:1 m1=0.000 m2=0.020 m3=0.000 m4=0.000 m5=0.000 p=0.000 cloud=PRE overlap=NO -> SAFE
[EDGE-Z1-ENSEMBLE] CID:0 m1=0.000 m2=0.020 m3=0.000 m4=0.000 m5=0.000 p=0.000 cloud=PRE overlap=NO -> SAFE
[EDGE-Z1-ENSEMBLE] CID:5 m1=0.000 m2=0.020 m3=0.000 m4=0.000 m5=0.000 p=0.000 cloud=PRE overlap=NO -> SAFE
[EDGE-Z1-ENSEMBLE] CID:1 m1=0.000 m2=0.020 m3=0.000 m4=0.000 m5=0.000 p=0.000 cloud=PRE overlap=NO -> SAFE
[EDGE-Z1-ENSEMBLE] CID:0 m1=0.000 m2=0.020 m3=0.000 m4=0.000 m5=0.000 p=0.000 cloud=PRE overlap=NO -> SAFE
[EDGE-Z1-ENSEMBLE] CID:5 m1=0.000 m2=0.020 m3=0.000 m4=0.000 m5=0.000 p=0.000 cloud=PRE overlap=NO -> SAFE
[EDGE-Z1-ENSEMBLE] CID:1 m1=0.000 m2=0.020 m3=0.000 m4=0.000 m5=0.000 p=0.000 cloud=PRE overlap=NO -> SAFE
[EDGE-Z1-ENSEMBLE] CID:0 m1=0.000 m2=0.020 m3=0.000 m4=0.000 m5=0.000 p=0.000 cloud=PRE overlap=NO -> SAFE
[EDGE-Z1-ENSEMBLE] CID:5 m1=0.000 m2=0.020 m3=0.000 m4=0.000 m5=0.000 p=0.000 cloud=PRE overlap=NO -> SAFE
[EDGE-Z1-ENSEMBLE] CID:1 m1=0.000 m2=0.020 m3=0.000 m4=0.000 m5=0.000 p=0.000 cloud=PRE overlap=NO -> SAFE
[EDGE-Z1-ENSEMBLE] CID:0 m1=0.000 m2=0.020 m3=0.000 m4=0.000 m5=0.000 p=0.000 cloud=PRE overlap=NO -> SAFE
[EDGE-Z1-ENSEMBLE] CID:5 m1=0.000 m2=0.020 m3=0.000 m4=0.000 m5=0.000 p=0.000 cloud=PRE overlap=NO -> SAFE
[EDGE-Z1-ENSEMBLE] CID:1 m1=0.000 m2=0.020 m3=0.000 m4=0.000 m5=0.000 p=0.000 cloud=PRE overlap=NO -> SAFE
[EDGE-Z1-ENSEMBLE] CID:0 m1=0.000 m2=0.020 m3=0.000 m4=0.000 m5=0.000 p=0.000 cloud=PRE overlap=NO -> SAFE
[EDGE-Z1-ENSEMBLE] CID:5 m1=0.000 m2=0.020 m3=0.000 m4=0.000 m5=0.000 p=0.000 cloud=PRE overlap=NO -> SAFE
[EDGE-Z1-ENSEMBLE] CID:1 m1=0.000 m2=0.020 m3=0.000 m4=0.000 m5=0.000 p=0.000 cloud=PRE overlap=NO -> SAFE
[EDGE-Z1-ENSEMBLE] CID:0 m1=0.000 m2=0.020 m3=0.000 m4=0.000 m5=0.000 p=0.000 cloud=PRE overlap=NO -> SAFE
[EDGE-Z1-ENSEMBLE] CID:5 m1=0.000 m2=0.020 m3=0.000 m4=0.000 m5=0.000 p=0.000 cloud=PRE overlap=NO -> SAFE
[EDGE-Z1-ENSEMBLE] CID:1 m1=0.000 m2=0.020 m3=0.000 m4=0.000 m5=0.000 p=0.000 cloud=PRE overlap=NO -> SAFE
[EDGE-Z1-ENSEMBLE] CID:0 m1=0.000 m2=0.020 m3=0.000 m4=0.000 m5=0.000 p=0.000 cloud=PRE overlap=NO -> SAFE
[EDGE-Z1-ENSEMBLE] CID:5 m1=0.000 m2=0.020 m3=0.000 m4=0.000 m5=0.000 p=0.000 cloud=PRE overlap=NO -> SAFE
[EDGE-Z1-ENSEMBLE] CID:1 m1=0.000 m2=0.020 m3=0.000 m4=0.000 m5=0.000 p=0.000 cloud=PRE overlap=NO -> SAFE
[EDGE-Z1-ENSEMBLE] CID:0 m1=0.000 m2=0.020 m3=0.000 m4=0.000 m5=0.000 p=0.000 cloud=PRE overlap=NO -> SAFE
[EDGE-Z1-ENSEMBLE] CID:5 m1=0.000 m2=0.020 m3=0.000 m4=0.000 m5=0.000 p=0.000 cloud=PRE overlap=NO -> SAFE
[EDGE-Z1-ENSEMBLE] CID:1 m1=0.000 m2=0.020 m3=0.000 m4=0.000 m5=0.000 p=0.000 cloud=PRE overlap=NO -> SAFE
[EDGE-Z1-ENSEMBLE] CID:0 m1=0.000 m2=0.020 m3=0.000 m4=0.000 m5=0.000 p=0.000 cloud=PRE overlap=NO -> SAFE
[EDGE-Z1-ENSEMBLE] CID:5 m1=0.000 m2=0.020 m3=0.000 m4=0.000 m5=0.000 p=0.000 cloud=PRE overlap=NO -> SAFE
[EDGE-Z1-ENSEMBLE] CID:1 m1=0.000 m2=0.020 m3=0.000 m4=0.000 m5=0.000 p=0.000 cloud=PRE overlap=NO -> SAFE
[EDGE-Z1-ENSEMBLE] CID:0 m1=0.000 m2=0.020 m3=0.000 m4=0.000 m5=0.000 p=0.000 cloud=PRE overlap=NO -> SAFE
[EDGE-Z1-ENSEMBLE] CID:5 m1=0.000 m2=0.020 m3=0.000 m4=0.000 m5=0.000 p=0.000 cloud=PRE overlap=NO -> SAFE
[EDGE-Z1-ENSEMBLE] CID:1 m1=0.000 m2=0.020 m3=0.000 m4=0.000 m5=0.000 p=0.000 cloud=PRE overlap=NO -> SAFE
[EDGE-Z1-ENSEMBLE] CID:0 m1=0.000 m2=0.020 m3=0.000 m4=0.000 m5=0.000 p=0.000 cloud=PRE overlap=NO -> SAFE
[EDGE-Z1-ENSEMBLE] CID:5 m1=0.000 m2=0.020 m3=0.000 m4=0.000 m5=0.000 p=0.000 cloud=PRE overlap=NO -> SAFE
[EDGE-Z1-ENSEMBLE] CID:1 m1=0.000 m2=0.020 m3=0.000 m4=0.000 m5=0.000 p=0.000 cloud=PRE overlap=NO -> SAFE
[EDGE-Z1-ENSEMBLE] CID:0 m1=0.000 m2=0.020 m3=0.000 m4=0.000 m5=0.000 p=0.000 cloud=PRE overlap=NO -> SAFE
[EDGE-Z1-ENSEMBLE] CID:5 m1=0.000 m2=0.020 m3=0.000 m4=0.000 m5=0.000 p=0.000 cloud=PRE overlap=NO -> SAFE
[EDGE-Z1-ENSEMBLE] CID:1 m1=0.000 m2=0.020 m3=0.000 m4=0.000 m5=0.000 p=0.000 cloud=PRE overlap=NO -> SAFE
[EDGE-Z1-ENSEMBLE] CID:0 m1=0.000 m2=0.020 m3=0.000 m4=0.000 m5=0.000 p=0.000 cloud=PRE overlap=NO -> SAFE
[EDGE-Z1-ENSEMBLE] CID:5 m1=0.000 m2=0.020 m3=0.000 m4=0.000 m5=0.000 p=0.000 cloud=PRE overlap=NO -> SAFE
[EDGE-Z1-ENSEMBLE] CID:1 m1=0.000 m2=0.020 m3=0.000 m4=0.000 m5=0.000 p=0.000 cloud=PRE overlap=NO -> SAFE
[EDGE-Z1-ENSEMBLE] CID:0 m1=0.000 m2=0.020 m3=0.000 m4=0.000 m5=0.000 p=0.000 cloud=PRE overlap=NO -> SAFE
[EDGE-Z1-ENSEMBLE] CID:5 m1=0.000 m2=0.020 m3=0.000 m4=0.000 m5=0.000 p=0.000 cloud=PRE overlap=NO -> SAFE
[EDGE-Z1-ENSEMBLE] CID:1 m1=0.000 m2=0.020 m3=0.000 m4=0.000 m5=0.000 p=0.000 cloud=PRE overlap=NO -> SAFE
[EDGE-Z1-ENSEMBLE] CID:0 m1=0.000 m2=0.020 m3=0.000 m4=0.000 m5=0.000 p=0.000 cloud=PRE overlap=NO -> SAFE
[EDGE-Z1-ENSEMBLE] CID:5 m1=0.000 m2=0.020 m3=0.000 m4=0.000 m5=0.000 p=0.000 cloud=PRE overlap=NO -> SAFE
[EDGE-Z1-ENSEMBLE] CID:1 m1=0.000 m2=0.020 m3=0.000 m4=0.000 m5=0.000 p=0.000 cloud=PRE overlap=NO -> SAFE
[EDGE-Z1-ENSEMBLE] CID:0 m1=0.000 m2=0.020 m3=0.000 m4=0.000 m5=0.000 p=0.000 cloud=PRE overlap=NO -> SAFE
[EDGE-Z1-ENSEMBLE] CID:5 m1=0.000 m2=0.020 m3=0.000 m4=0.000 m5=0.000 p=0.000 cloud=PRE overlap=NO -> SAFE
[EDGE-Z1-ENSEMBLE] CID:1 m1=0.000 m2=0.020 m3=0.000 m4=0.000 m5=0.000 p=0.000 cloud=PRE overlap=NO -> SAFE
[EDGE-Z1-ENSEMBLE] CID:0 m1=0.000 m2=0.020 m3=0.000 m4=0.000 m5=0.000 p=0.000 cloud=PRE overlap=NO -> SAFE
[EDGE-Z1-ENSEMBLE] CID:5 m1=0.000 m2=0.020 m3=0.000 m4=0.000 m5=0.000 p=0.000 cloud=PRE overlap=NO -> SAFE
[EDGE-Z1-ENSEMBLE] CID:1 m1=0.000 m2=0.020 m3=0.000 m4=0.000 m5=0.000 p=0.000 cloud=PRE overlap=NO -> SAFE
[EDGE-Z1-ENSEMBLE] CID:0 m1=0.000 m2=0.020 m3=0.000 m4=0.000 m5=0.000 p=0.000 cloud=PRE overlap=NO -> SAFE
[EDGE-Z1-ENSEMBLE] CID:5 m1=0.000 m2=0.020 m3=0.000 m4=0.000 m5=0.000 p=0.000 cloud=PRE overlap=NO -> SAFE
[EDGE-Z1-ENSEMBLE] CID:1 m1=0.000 m2=0.020 m3=0.000 m4=0.000 m5=0.000 p=0.000 cloud=PRE overlap=NO -> SAFE
[EDGE-Z1-ENSEMBLE] CID:0 m1=0.000 m2=0.020 m3=0.000 m4=0.000 m5=0.000 p=0.000 cloud=PRE overlap=NO -> SAFE
[EDGE-Z1-ENSEMBLE] CID:5 m1=0.000 m2=0.020 m3=0.000 m4=0.000 m5=0.000 p=0.000 cloud=PRE overlap=NO -> SAFE
[EDGE-Z1-ENSEMBLE] CID:1 m1=0.000 m2=0.020 m3=0.000 m4=0.000 m5=0.000 p=0.000 cloud=PRE overlap=NO -> SAFE
[EDGE-Z1-ENSEMBLE] CID:0 m1=0.000 m2=0.020 m3=0.000 m4=0.000 m5=0.000 p=0.000 cloud=PRE overlap=NO -> SAFE
[EDGE-Z1-ENSEMBLE] CID:5 m1=0.000 m2=0.020 m3=0.000 m4=0.000 m5=0.000 p=0.000 cloud=PRE overlap=NO -> SAFE
[EDGE-Z1-ENSEMBLE] CID:1 m1=0.000 m2=0.020 m3=0.000 m4=0.000 m5=0.000 p=0.000 cloud=PRE overlap=NO -> SAFE
[EDGE-Z1-ENSEMBLE] CID:0 m1=0.000 m2=0.020 m3=0.000 m4=0.000 m5=0.000 p=0.000 cloud=PRE overlap=NO -> SAFE
[EDGE-Z1-ENSEMBLE] CID:5 m1=0.000 m2=0.020 m3=0.000 m4=0.000 m5=0.000 p=0.000 cloud=PRE overlap=NO -> SAFE
[EDGE-Z1-ENSEMBLE] CID:1 m1=0.000 m2=0.020 m3=0.000 m4=0.000 m5=0.000 p=0.000 cloud=PRE overlap=NO -> SAFE
[EDGE-Z1-ENSEMBLE] CID:0 m1=0.000 m2=0.020 m3=0.000 m4=0.000 m5=0.000 p=0.000 cloud=PRE overlap=NO -> SAFE
[EDGE-Z1-ENSEMBLE] CID:5 m1=0.000 m2=0.020 m3=0.000 m4=0.000 m5=0.000 p=0.000 cloud=PRE overlap=NO -> SAFE
[EDGE-Z1-ENSEMBLE] CID:1 m1=0.000 m2=0.020 m3=0.000 m4=0.000 m5=0.000 p=0.000 cloud=PRE overlap=NO -> SAFE
[EDGE-Z1-ENSEMBLE] CID:0 m1=0.000 m2=0.020 m3=0.000 m4=0.000 m5=0.000 p=0.000 cloud=PRE overlap=NO -> SAFE
[EDGE-Z1-ENSEMBLE] CID:5 m1=0.000 m2=0.020 m3=0.000 m4=0.000 m5=0.000 p=0.000 cloud=PRE overlap=NO -> SAFE
[EDGE-Z1-ENSEMBLE] CID:1 m1=0.000 m2=0.020 m3=0.000 m4=0.000 m5=0.000 p=0.000 cloud=PRE overlap=NO -> SAFE
[EDGE-Z1-ENSEMBLE] CID:0 m1=0.000 m2=0.020 m3=0.000 m4=0.000 m5=0.000 p=0.000 cloud=PRE overlap=NO -> SAFE
[EDGE-Z1-ENSEMBLE] CID:5 m1=0.000 m2=0.020 m3=0.000 m4=0.000 m5=0.000 p=0.000 cloud=PRE overlap=NO -> SAFE
[EDGE-Z1-ENSEMBLE] CID:1 m1=0.000 m2=0.020 m3=0.000 m4=0.000 m5=0.000 p=0.000 cloud=PRE overlap=NO -> SAFE
[EDGE-Z1-ENSEMBLE] CID:0 m1=0.000 m2=0.020 m3=0.000 m4=0.000 m5=0.000 p=0.000 cloud=PRE overlap=NO -> SAFE
[EDGE-Z1-ENSEMBLE] CID:5 m1=0.000 m2=0.020 m3=0.000 m4=0.000 m5=0.000 p=0.000 cloud=PRE overlap=NO -> SAFE
[EDGE-Z1-ENSEMBLE] CID:1 m1=0.000 m2=0.020 m3=0.000 m4=0.000 m5=0.000 p=0.000 cloud=PRE overlap=NO -> SAFE
[EDGE-Z1-ENSEMBLE] CID:0 m1=0.000 m2=0.020 m3=0.000 m4=0.000 m5=0.000 p=0.000 cloud=PRE overlap=NO -> SAFE
[EDGE-Z1-ENSEMBLE] CID:5 m1=0.000 m2=0.020 m3=0.000 m4=0.000 m5=0.000 p=0.000 cloud=PRE overlap=NO -> SAFE
[EDGE-Z1-ENSEMBLE] CID:1 m1=0.000 m2=0.020 m3=0.000 m4=0.000 m5=0.000 p=0.000 cloud=PRE overlap=NO -> SAFE
[EDGE-Z1-ENSEMBLE] CID:0 m1=0.000 m2=0.020 m3=0.000 m4=0.000 m5=0.000 p=0.000 cloud=PRE overlap=NO -> SAFE
[EDGE-Z1-ENSEMBLE] CID:5 m1=0.000 m2=0.020 m3=0.000 m4=0.000 m5=0.000 p=0.000 cloud=PRE overlap=NO -> SAFE
[EDGE-Z1-ENSEMBLE] CID:1 m1=0.000 m2=0.020 m3=0.000 m4=0.000 m5=0.000 p=0.000 cloud=PRE overlap=NO -> SAFE
[EDGE-Z1-ENSEMBLE] CID:0 m1=0.000 m2=0.020 m3=0.000 m4=0.000 m5=0.000 p=0.000 cloud=PRE overlap=NO -> SAFE
[EDGE-Z1-ENSEMBLE] CID:5 m1=0.000 m2=0.020 m3=0.000 m4=0.000 m5=0.000 p=0.000 cloud=PRE overlap=NO -> SAFE
[EDGE-Z1-ENSEMBLE] CID:1 m1=0.000 m2=0.020 m3=0.000 m4=0.000 m5=0.000 p=0.000 cloud=PRE overlap=NO -> SAFE
[EDGE-Z1-ENSEMBLE] CID:0 m1=0.000 m2=0.020 m3=0.000 m4=0.000 m5=0.000 p=0.000 cloud=PRE overlap=NO -> SAFE
[EDGE-Z1-ENSEMBLE] CID:5 m1=0.000 m2=0.020 m3=0.000 m4=0.000 m5=0.000 p=0.000 cloud=PRE overlap=NO -> SAFE
[EDGE-Z1-ENSEMBLE] CID:1 m1=0.000 m2=0.020 m3=0.000 m4=0.000 m5=0.000 p=0.000 cloud=PRE overlap=NO -> SAFE
[EDGE-Z1-ENSEMBLE] CID:0 m1=0.000 m2=0.020 m3=0.000 m4=0.000 m5=0.000 p=0.000 cloud=PRE overlap=NO -> SAFE
[EDGE-Z1-ENSEMBLE] CID:5 m1=0.000 m2=0.020 m3=0.000 m4=0.000 m5=0.000 p=0.000 cloud=PRE overlap=NO -> SAFE
[EDGE-Z1-ENSEMBLE] CID:1 m1=0.000 m2=0.020 m3=0.000 m4=0.000 m5=0.000 p=0.000 cloud=PRE overlap=NO -> SAFE
[EDGE-Z1-ENSEMBLE] CID:0 m1=0.000 m2=0.020 m3=0.000 m4=0.000 m5=0.000 p=0.000 cloud=PRE overlap=NO -> SAFE
[EDGE-Z1-ENSEMBLE] CID:5 m1=0.000 m2=0.020 m3=0.000 m4=0.000 m5=0.000 p=0.000 cloud=PRE overlap=NO -> SAFE
[EDGE-Z1-ENSEMBLE] CID:1 m1=0.000 m2=0.020 m3=0.000 m4=0.000 m5=0.000 p=0.000 cloud=PRE overlap=NO -> SAFE
[EDGE-Z1-ENSEMBLE] CID:0 m1=0.000 m2=0.020 m3=0.000 m4=0.000 m5=0.000 p=0.000 cloud=PRE overlap=NO -> SAFE
[EDGE-Z1-ENSEMBLE] CID:5 m1=0.000 m2=0.020 m3=0.000 m4=0.000 m5=0.000 p=0.000 cloud=PRE overlap=NO -> SAFE
[EDGE-Z1-ENSEMBLE] CID:1 m1=0.000 m2=0.020 m3=0.000 m4=0.000 m5=0.000 p=0.000 cloud=PRE overlap=NO -> SAFE
[EDGE-Z1-ENSEMBLE] CID:0 m1=0.000 m2=0.020 m3=0.000 m4=0.000 m5=0.000 p=0.000 cloud=PRE overlap=NO -> SAFE
[EDGE-Z1-ENSEMBLE] CID:5 m1=0.000 m2=0.020 m3=0.000 m4=0.000 m5=0.000 p=0.000 cloud=PRE overlap=NO -> SAFE
[EDGE-Z1-ENSEMBLE] CID:1 m1=0.000 m2=0.020 m3=0.000 m4=0.000 m5=0.000 p=0.000 cloud=PRE overlap=NO -> SAFE
[EDGE-Z1-ENSEMBLE] CID:0 m1=0.000 m2=0.020 m3=0.000 m4=0.000 m5=0.000 p=0.000 cloud=PRE overlap=NO -> SAFE
[EDGE-Z1-ENSEMBLE] CID:5 m1=0.000 m2=0.020 m3=0.000 m4=0.000 m5=0.000 p=0.000 cloud=PRE overlap=NO -> SAFE
[EDGE-Z1-ENSEMBLE] CID:1 m1=0.000 m2=0.020 m3=0.000 m4=0.000 m5=0.000 p=0.000 cloud=PRE overlap=NO -> SAFE
[EDGE-Z1-ENSEMBLE] CID:0 m1=0.000 m2=0.020 m3=0.000 m4=0.000 m5=0.000 p=0.000 cloud=PRE overlap=NO -> SAFE
[EDGE-Z1-ENSEMBLE] CID:5 m1=0.000 m2=0.020 m3=0.000 m4=0.000 m5=0.000 p=0.000 cloud=PRE overlap=NO -> SAFE
[EDGE-Z1-ENSEMBLE] CID:1 m1=0.000 m2=0.020 m3=0.000 m4=0.000 m5=0.000 p=0.000 cloud=PRE overlap=NO -> SAFE
[EDGE-Z1-ENSEMBLE] CID:0 m1=0.000 m2=0.020 m3=0.000 m4=0.000 m5=0.000 p=0.000 cloud=PRE overlap=NO -> SAFE
[EDGE-Z1-ENSEMBLE] CID:5 m1=0.000 m2=0.020 m3=0.000 m4=0.000 m5=0.000 p=0.000 cloud=PRE overlap=NO -> SAFE
[EDGE-Z1-ENSEMBLE] CID:1 m1=0.000 m2=0.020 m3=0.000 m4=0.000 m5=0.000 p=0.000 cloud=PRE overlap=NO -> SAFE
[EDGE-Z1-ENSEMBLE] CID:0 m1=0.000 m2=0.020 m3=0.000 m4=0.000 m5=0.000 p=0.000 cloud=PRE overlap=NO -> SAFE
[EDGE-Z1-ENSEMBLE] CID:5 m1=0.000 m2=0.020 m3=0.000 m4=0.000 m5=0.000 p=0.000 cloud=PRE overlap=NO -> SAFE
[EDGE-Z1-ENSEMBLE] CID:1 m1=0.000 m2=0.020 m3=0.000 m4=0.000 m5=0.000 p=0.000 cloud=PRE overlap=NO -> SAFE
[EDGE-Z1-ENSEMBLE] CID:0 m1=0.000 m2=0.020 m3=0.000 m4=0.000 m5=0.000 p=0.000 cloud=PRE overlap=NO -> SAFE
[EDGE-Z1-ENSEMBLE] CID:5 m1=0.000 m2=0.020 m3=0.000 m4=0.000 m5=0.000 p=0.000 cloud=PRE overlap=NO -> SAFE
[EDGE-Z1-ENSEMBLE] CID:1 m1=0.000 m2=0.020 m3=0.000 m4=0.000 m5=0.000 p=0.000 cloud=PRE overlap=NO -> SAFE
[EDGE-Z1-ENSEMBLE] CID:0 m1=0.000 m2=0.020 m3=0.000 m4=0.000 m5=0.000 p=0.000 cloud=PRE overlap=NO -> SAFE
[EDGE-Z1-ENSEMBLE] CID:5 m1=0.000 m2=0.020 m3=0.000 m4=0.000 m5=0.000 p=0.000 cloud=PRE overlap=NO -> SAFE
[EDGE-Z1-ENSEMBLE] CID:1 m1=0.000 m2=0.020 m3=0.000 m4=0.000 m5=0.000 p=0.000 cloud=PRE overlap=NO -> SAFE
[EDGE-Z1-ENSEMBLE] CID:0 m1=0.000 m2=0.020 m3=0.000 m4=0.000 m5=0.000 p=0.000 cloud=PRE overlap=NO -> SAFE
[EDGE-Z1-ENSEMBLE] CID:5 m1=0.000 m2=0.020 m3=0.000 m4=0.000 m5=0.000 p=0.000 cloud=PRE overlap=NO -> SAFE
[EDGE-Z1-ENSEMBLE] CID:1 m1=0.000 m2=0.020 m3=0.000 m4=0.000 m5=0.000 p=0.000 cloud=PRE overlap=NO -> SAFE
[EDGE-Z1-ENSEMBLE] CID:0 m1=0.000 m2=0.020 m3=0.000 m4=0.000 m5=0.000 p=0.000 cloud=PRE overlap=NO -> SAFE
[EDGE-Z1-ENSEMBLE] CID:5 m1=0.000 m2=0.020 m3=0.000 m4=0.000 m5=0.000 p=0.000 cloud=PRE overlap=NO -> SAFE
[EDGE-Z1-ENSEMBLE] CID:1 m1=0.000 m2=0.020 m3=0.000 m4=0.000 m5=0.000 p=0.000 cloud=PRE overlap=NO -> SAFE
[EDGE-Z1-ENSEMBLE] CID:0 m1=0.000 m2=0.020 m3=0.000 m4=0.000 m5=0.000 p=0.000 cloud=PRE overlap=NO -> SAFE
[EDGE-CALIB] Received calibration: attack=ts_replay conf=0.92
[EDGE-CALIB] Applied: W2: 0.1833→0.1843 (Δ0.0200)  ZONE_MAL: 0.300→0.300
[EDGE-CALIB] New weights: W1=0.273 W2=0.184 W3=0.226 W4=0.181 W5=0.136
[EDGE-Z1-ENSEMBLE] CID:5 m1=0.000 m2=0.020 m3=0.000 m4=0.000 m5=0.000 p=0.000 cloud=PRE overlap=NO -> SAFE
[EDGE-Z1-ENSEMBLE] CID:1 m1=0.000 m2=0.020 m3=0.000 m4=0.000 m5=0.000 p=0.000 cloud=PRE overlap=NO -> SAFE
[EDGE-Z1-ENSEMBLE] CID:0 m1=0.000 m2=0.020 m3=0.000 m4=0.000 m5=0.000 p=0.000 cloud=PRE overlap=NO -> SAFE
[EDGE-Z1-ENSEMBLE] CID:5 m1=0.000 m2=0.020 m3=0.000 m4=0.000 m5=0.000 p=0.000 cloud=PRE overlap=NO -> SAFE
[EDGE-Z1-ENSEMBLE] CID:1 m1=0.000 m2=0.020 m3=0.000 m4=0.000 m5=0.000 p=0.000 cloud=PRE overlap=NO -> SAFE
[EDGE-Z1-ENSEMBLE] CID:0 m1=0.000 m2=0.020 m3=0.000 m4=0.000 m5=0.000 p=0.000 cloud=PRE overlap=NO -> SAFE
[EDGE-Z1-ENSEMBLE] CID:5 m1=0.000 m2=0.020 m3=0.000 m4=0.000 m5=0.000 p=0.000 cloud=PRE overlap=NO -> SAFE
[EDGE-Z1-ENSEMBLE] CID:1 m1=0.000 m2=0.020 m3=0.000 m4=0.000 m5=0.000 p=0.000 cloud=PRE overlap=NO -> SAFE
[EDGE-Z1-ENSEMBLE] CID:0 m1=0.000 m2=0.020 m3=0.000 m4=0.000 m5=0.000 p=0.000 cloud=PRE overlap=NO -> SAFE
[EDGE-Z1-ENSEMBLE] CID:5 m1=0.000 m2=0.020 m3=0.000 m4=0.000 m5=0.000 p=0.000 cloud=PRE overlap=NO -> SAFE
[EDGE-Z1-ENSEMBLE] CID:1 m1=0.000 m2=0.020 m3=0.000 m4=0.000 m5=0.000 p=0.000 cloud=PRE overlap=NO -> SAFE
[EDGE-Z1-ENSEMBLE] CID:0 m1=0.000 m2=0.020 m3=0.000 m4=0.000 m5=0.000 p=0.000 cloud=PRE overlap=NO -> SAFE
[EDGE-Z1-ENSEMBLE] CID:5 m1=0.000 m2=0.020 m3=0.000 m4=0.000 m5=0.000 p=0.000 cloud=PRE overlap=NO -> SAFE
[EDGE-Z1-ENSEMBLE] CID:1 m1=0.000 m2=0.020 m3=0.000 m4=0.000 m5=0.000 p=0.000 cloud=PRE overlap=NO -> SAFE
[EDGE-Z1-ENSEMBLE] CID:0 m1=0.000 m2=0.020 m3=0.000 m4=0.000 m5=0.000 p=0.000 cloud=PRE overlap=NO -> SAFE
[EDGE-Z1-ENSEMBLE] CID:5 m1=0.000 m2=0.020 m3=0.000 m4=0.000 m5=0.000 p=0.000 cloud=PRE overlap=NO -> SAFE
[EDGE-Z1-ENSEMBLE] CID:1 m1=0.000 m2=0.020 m3=0.000 m4=0.000 m5=0.000 p=0.000 cloud=PRE overlap=NO -> SAFE
[EDGE-Z1-ENSEMBLE] CID:0 m1=0.000 m2=0.020 m3=0.000 m4=0.000 m5=0.000 p=0.000 cloud=PRE overlap=NO -> SAFE
[EDGE-Z1-ENSEMBLE] CID:5 m1=0.000 m2=0.020 m3=0.000 m4=0.000 m5=0.000 p=0.000 cloud=PRE overlap=NO -> SAFE
[EDGE-Z1-ENSEMBLE] CID:1 m1=0.000 m2=0.020 m3=0.000 m4=0.000 m5=0.000 p=0.000 cloud=PRE overlap=NO -> SAFE
[EDGE-Z1-ENSEMBLE] CID:0 m1=0.000 m2=0.020 m3=0.000 m4=0.000 m5=0.000 p=0.000 cloud=PRE overlap=NO -> SAFE
[EDGE-Z1-ENSEMBLE] CID:5 m1=0.000 m2=0.020 m3=0.000 m4=0.000 m5=0.000 p=0.000 cloud=PRE overlap=NO -> SAFE
[EDGE-Z1-ENSEMBLE] CID:1 m1=0.000 m2=0.020 m3=0.000 m4=0.000 m5=0.000 p=0.000 cloud=PRE overlap=NO -> SAFE
[EDGE-Z1-ENSEMBLE] CID:0 m1=0.000 m2=0.020 m3=0.000 m4=0.000 m5=0.000 p=0.000 cloud=PRE overlap=NO -> SAFE
[EDGE-Z1-ENSEMBLE] CID:5 m1=0.000 m2=0.020 m3=0.000 m4=0.000 m5=0.000 p=0.000 cloud=PRE overlap=NO -> SAFE
[EDGE-Z1-ENSEMBLE] CID:1 m1=0.000 m2=0.020 m3=0.000 m4=0.000 m5=0.000 p=0.000 cloud=PRE overlap=NO -> SAFE
[EDGE-Z1-ENSEMBLE] CID:0 m1=0.000 m2=0.020 m3=0.000 m4=0.000 m5=0.000 p=0.000 cloud=PRE overlap=NO -> SAFE
[EDGE-Z1-ENSEMBLE] CID:5 m1=0.000 m2=0.020 m3=0.000 m4=0.000 m5=0.000 p=0.000 cloud=PRE overlap=NO -> SAFE
[EDGE-Z1-ENSEMBLE] CID:1 m1=0.000 m2=0.020 m3=0.000 m4=0.000 m5=0.000 p=0.000 cloud=PRE overlap=NO -> SAFE
[EDGE-Z1-ENSEMBLE] CID:0 m1=0.000 m2=0.020 m3=0.000 m4=0.000 m5=0.000 p=0.000 cloud=PRE overlap=NO -> SAFE
[EDGE-Z1-ENSEMBLE] CID:5 m1=0.000 m2=0.020 m3=0.000 m4=0.000 m5=0.000 p=0.000 cloud=PRE overlap=NO -> SAFE
[EDGE-Z1-ENSEMBLE] CID:1 m1=0.000 m2=0.020 m3=0.000 m4=0.000 m5=0.000 p=0.000 cloud=PRE overlap=NO -> SAFE
[EDGE-Z1-ENSEMBLE] CID:0 m1=0.679 m2=0.020 m3=0.000 m4=0.000 m5=0.000 p=0.154 cloud=PRE overlap=NO -> WARN
[EDGE-Z1-ENSEMBLE] CID:5 m1=0.663 m2=0.020 m3=0.000 m4=0.000 m5=0.000 p=0.149 cloud=PRE overlap=NO -> SAFE
[EDGE-Z1-ENSEMBLE] CID:1 m1=0.000 m2=0.020 m3=0.000 m4=0.000 m5=0.000 p=0.000 cloud=PRE overlap=NO -> SAFE
[EDGE-Z1-ENSEMBLE] CID:0 m1=0.677 m2=0.020 m3=0.000 m4=0.000 m5=0.026 p=0.192 cloud=PRE overlap=NO -> WARN
[EDGE-Z1-ENSEMBLE] CID:5 m1=0.659 m2=0.020 m3=0.000 m4=0.000 m5=0.023 p=0.152 cloud=PRE overlap=NO -> WARN
[EDGE-Z1-ENSEMBLE] CID:1 m1=0.000 m2=0.020 m3=0.000 m4=0.000 m5=0.000 p=0.000 cloud=PRE overlap=NO -> SAFE
[EDGE-Z1-ENSEMBLE] CID:0 m1=0.677 m2=0.020 m3=0.000 m4=0.000 m5=0.057 p=0.196 cloud=PRE overlap=NO -> WARN
[EDGE-Z1-ENSEMBLE] CID:5 m1=0.672 m2=0.020 m3=0.000 m4=0.000 m5=0.053 p=0.194 cloud=PRE overlap=NO -> WARN
[EDGE-Z1-ENSEMBLE] CID:1 m1=0.000 m2=0.020 m3=0.000 m4=0.000 m5=0.000 p=0.000 cloud=PRE overlap=NO -> SAFE
[EDGE-Z1-ENSEMBLE] CID:0 m1=0.679 m2=0.020 m3=0.000 m4=0.000 m5=0.087 p=0.201 cloud=PRE overlap=NO -> WARN
[EDGE-Z1-ENSEMBLE] CID:5 m1=0.675 m2=0.020 m3=0.000 m4=0.000 m5=0.081 p=0.199 cloud=PRE overlap=NO -> WARN
[EDGE-Z1-ENSEMBLE] CID:1 m1=0.675 m2=0.020 m3=0.000 m4=0.000 m5=0.003 p=0.153 cloud=PRE overlap=NO -> WARN
[EDGE-Z1-ENSEMBLE] CID:0 m1=0.683 m2=0.020 m3=0.000 m4=0.000 m5=0.119 p=0.206 cloud=PRE overlap=NO -> WARN
[EDGE-Z1-ENSEMBLE] CID:5 m1=0.672 m2=0.020 m3=0.000 m4=0.000 m5=0.108 p=0.202 cloud=PRE overlap=NO -> WARN
[EDGE-Z1-ENSEMBLE] CID:1 m1=0.675 m2=0.020 m3=0.000 m4=0.000 m5=0.029 p=0.192 cloud=PRE overlap=NO -> WARN
[EDGE-Z1-ENSEMBLE] CID:0 m1=0.681 m2=0.020 m3=0.000 m4=0.000 m5=0.120 p=0.206 cloud=PRE overlap=NO -> WARN
[EDGE-Z1-ENSEMBLE] CID:5 m1=0.659 m2=0.020 m3=0.000 m4=0.000 m5=0.107 p=0.198 cloud=PRE overlap=NO -> WARN
[EDGE-Z1-ENSEMBLE] CID:1 m1=0.679 m2=0.020 m3=0.000 m4=0.000 m5=0.059 p=0.197 cloud=PRE overlap=NO -> WARN
[EDGE-Z1-ENSEMBLE] CID:0 m1=0.659 m2=0.020 m3=0.000 m4=0.000 m5=0.117 p=0.199 cloud=PRE overlap=NO -> WARN
[EDGE-Z1-ENSEMBLE] CID:5 m1=0.670 m2=0.020 m3=0.000 m4=0.000 m5=0.109 p=0.201 cloud=PRE overlap=NO -> WARN
[EDGE-Z1-ENSEMBLE] CID:1 m1=0.659 m2=0.020 m3=0.000 m4=0.000 m5=0.084 p=0.195 cloud=PRE overlap=NO -> WARN
[EDGE-Z1-ENSEMBLE] CID:0 m1=0.659 m2=0.020 m3=0.000 m4=0.000 m5=0.113 p=0.199 cloud=PRE overlap=NO -> WARN
[EDGE-Z1-ENSEMBLE] CID:5 m1=0.670 m2=0.020 m3=0.000 m4=0.000 m5=0.108 p=0.201 cloud=PRE overlap=NO -> WARN
[EDGE-Z1-ENSEMBLE] CID:1 m1=0.663 m2=0.020 m3=0.000 m4=0.000 m5=0.110 p=0.199 cloud=PRE overlap=NO -> WARN
[EDGE-Z1-ENSEMBLE] CID:0 m1=0.677 m2=0.020 m3=0.000 m4=0.000 m5=0.113 p=0.204 cloud=PRE overlap=NO -> WARN
[EDGE-Z1-ENSEMBLE] CID:5 m1=0.679 m2=0.020 m3=0.000 m4=0.000 m5=0.109 p=0.204 cloud=PRE overlap=NO -> WARN
[EDGE-Z1-ENSEMBLE] CID:1 m1=0.679 m2=0.020 m3=0.000 m4=0.000 m5=0.111 p=0.204 cloud=PRE overlap=NO -> WARN
[EDGE-Z1-ENSEMBLE] CID:0 m1=0.679 m2=0.020 m3=0.000 m4=0.000 m5=0.112 p=0.204 cloud=PRE overlap=NO -> WARN
[EDGE-Z1-ENSEMBLE] CID:5 m1=0.683 m2=0.020 m3=0.000 m4=0.000 m5=0.112 p=0.205 cloud=PRE overlap=NO -> WARN
[EDGE-Z1-ENSEMBLE] CID:1 m1=0.675 m2=0.020 m3=0.000 m4=0.000 m5=0.111 p=0.203 cloud=PRE overlap=NO -> WARN
[EDGE-Z1-ENSEMBLE] CID:0 m1=0.679 m2=0.020 m3=0.000 m4=0.000 m5=0.111 p=0.204 cloud=PRE overlap=NO -> WARN
[EDGE-Z1-ENSEMBLE] CID:5 m1=0.666 m2=0.020 m3=0.000 m4=0.000 m5=0.113 p=0.201 cloud=PRE overlap=NO -> WARN
[EDGE-Z1-ENSEMBLE] CID:1 m1=0.675 m2=0.020 m3=0.000 m4=0.000 m5=0.110 p=0.203 cloud=PRE overlap=NO -> WARN
[EDGE-Z1-ENSEMBLE] CID:0 m1=0.677 m2=0.020 m3=0.000 m4=0.000 m5=0.114 p=0.204 cloud=PRE overlap=NO -> WARN
[EDGE-Z1-ENSEMBLE] CID:5 m1=0.670 m2=0.020 m3=0.000 m4=0.000 m5=0.113 p=0.202 cloud=PRE overlap=NO -> WARN
[EDGE-Z1-ENSEMBLE] CID:1 m1=0.655 m2=0.020 m3=0.000 m4=0.000 m5=0.109 p=0.197 cloud=PRE overlap=NO -> WARN
[EDGE-Z1-ENSEMBLE] CID:0 m1=0.663 m2=0.020 m3=0.000 m4=0.000 m5=0.115 p=0.200 cloud=PRE overlap=NO -> WARN
[EDGE-Z1-ENSEMBLE] CID:5 m1=0.655 m2=0.020 m3=0.000 m4=0.000 m5=0.111 p=0.197 cloud=PRE overlap=NO -> WARN
[EDGE-Z1-ENSEMBLE] CID:1 m1=0.681 m2=0.020 m3=0.000 m4=0.000 m5=0.113 p=0.205 cloud=PRE overlap=NO -> WARN
[EDGE-Z1-ENSEMBLE] CID:0 m1=0.670 m2=0.020 m3=0.000 m4=0.000 m5=0.113 p=0.202 cloud=PRE overlap=NO -> WARN
[EDGE-Z1-ENSEMBLE] CID:5 m1=0.675 m2=0.020 m3=0.000 m4=0.000 m5=0.110 p=0.203 cloud=PRE overlap=NO -> WARN
[EDGE-Z1-ENSEMBLE] CID:1 m1=0.663 m2=0.020 m3=0.000 m4=0.000 m5=0.110 p=0.199 cloud=PRE overlap=NO -> WARN
[EDGE-Z1-ENSEMBLE] CID:0 m1=0.683 m2=0.020 m3=0.000 m4=0.000 m5=0.114 p=0.205 cloud=PRE overlap=NO -> WARN
[EDGE-Z1-ENSEMBLE] CID:5 m1=0.663 m2=0.020 m3=0.000 m4=0.000 m5=0.106 p=0.199 cloud=PRE overlap=NO -> WARN
[EDGE-Z1-ENSEMBLE] CID:1 m1=0.655 m2=0.020 m3=0.000 m4=0.000 m5=0.107 p=0.197 cloud=PRE overlap=NO -> WARN
[EDGE-Z1-ENSEMBLE] CID:0 m1=0.683 m2=0.020 m3=0.000 m4=0.000 m5=0.116 p=0.206 cloud=PRE overlap=NO -> WARN
[EDGE-Z1-ENSEMBLE] CID:1 m1=0.659 m2=0.020 m3=0.000 m4=0.000 m5=0.104 p=0.198 cloud=PRE overlap=NO -> WARN
[EDGE-Z1-ENSEMBLE] CID:0 m1=0.672 m2=0.020 m3=0.000 m4=0.000 m5=0.114 p=0.202 cloud=PRE overlap=NO -> WARN
[EDGE-Z1-ENSEMBLE] CID:1 m1=0.659 m2=0.020 m3=0.000 m4=0.000 m5=0.104 p=0.198 cloud=PRE overlap=NO -> WARN
[EDGE-Z1] HANDOVER OK   CID:0    --> Z2  verdict=WARN
[EDGE-Z1] HANDOVER_TRIGGER complete  CID:0     alpha=2.00  beta=1.00
[EDGE-Z1] HANDOVER OK   CID:1    --> Z2  verdict=WARN
[EDGE-Z1] HANDOVER_TRIGGER complete  CID:1     alpha=2.00  beta=1.00
[EDGE-Z1] HANDOVER OK   CID:2    --> Z2  verdict=BAN
[EDGE-Z1] HANDOVER_TRIGGER complete  CID:2     alpha=2.00  beta=1.00
[EDGE-Z1] HANDOVER OK   CID:3    --> Z2  verdict=BAN
[EDGE-Z1] HANDOVER_TRIGGER complete  CID:3     alpha=2.00  beta=1.00
[EDGE-Z1] HANDOVER OK   CID:4    --> Z2  verdict=BAN
[EDGE-Z1] HANDOVER_TRIGGER complete  CID:4     alpha=2.00  beta=1.00
[EDGE-Z1] HANDOVER OK   CID:5    --> Z2  verdict=WARN
[EDGE-Z1] HANDOVER_TRIGGER complete  CID:5     alpha=2.00  beta=1.00
