================================================================
 EDGE AI SERVER v90-multiuav -- Zone 1
================================================================
[EDGE-Z1] Port              : 9999
[EDGE-Z1] Coordinator       : 127.0.0.1:9997
[EDGE-Z1] ZONE_SAFE=0.15  ZONE_MALICIOUS=0.30  NASH_P*=0.4000
[EDGE-Z1] Weights: W1=0.27 W2=0.18 W3=0.23 W4=0.18 W5=0.14
[EDGE-Z1] LEARNING_RATE=0.000  W_MIN=0.05  NASH_BAN_CONFIRM_K=1
[CLOUD-DELAY] RTT=400ms  pre-cloud-pkts=4
[EDGE-AI] Config snapshot saved -> logs/edge_ai_z1_config_20260719_060510.json
[EDGE-Z1] Ready on port 9999

[EDGE-Z1-ENSEMBLE] CID:6 m1=0.000 m2=0.020 m3=0.000 m4=0.000 m5=0.000 p=0.004 cloud=PRE overlap=NO -> SAFE
[EDGE-Z1-ENSEMBLE] CID:9 m1=0.000 m2=0.020 m3=0.000 m4=0.000 m5=0.000 p=0.004 cloud=PRE overlap=NO -> SAFE
[EDGE-Z1-ENSEMBLE] CID:7 m1=0.000 m2=0.020 m3=0.000 m4=0.000 m5=0.000 p=0.004 cloud=PRE overlap=NO -> SAFE
[EDGE-Z1-ENSEMBLE] CID:8 m1=0.000 m2=0.020 m3=0.000 m4=0.000 m5=0.000 p=0.004 cloud=PRE overlap=NO -> SAFE
[EDGE-Z1-ENSEMBLE] CID:4 m1=0.000 m2=0.020 m3=0.000 m4=0.000 m5=0.000 p=0.004 cloud=PRE overlap=NO -> SAFE
[EDGE-Z1-ENSEMBLE] CID:0 m1=0.000 m2=0.020 m3=0.000 m4=0.000 m5=0.000 p=0.004 cloud=PRE overlap=NO -> SAFE
[EDGE-Z1-ENSEMBLE] CID:6 m1=0.000 m2=0.020 m3=0.000 m4=0.000 m5=0.000 p=0.000 cloud=PRE overlap=NO -> SAFE
[EDGE-Z1-ENSEMBLE] CID:5 m1=0.000 m2=0.020 m3=0.000 m4=0.000 m5=0.000 p=0.004 cloud=PRE overlap=NO -> SAFE
[EDGE-Z1-ENSEMBLE] CID:3 m1=0.000 m2=0.020 m3=0.000 m4=0.000 m5=0.000 p=0.004 cloud=PRE overlap=NO -> SAFE
[EDGE-Z1-ENSEMBLE] CID:9 m1=0.000 m2=0.020 m3=0.000 m4=0.000 m5=0.000 p=0.000 cloud=PRE overlap=NO -> SAFE
[EDGE-Z1-ENSEMBLE] CID:7 m1=0.000 m2=0.020 m3=0.000 m4=0.000 m5=0.000 p=0.000 cloud=PRE overlap=NO -> SAFE
[EDGE-Z1-ENSEMBLE] CID:1 m1=0.000 m2=0.020 m3=0.000 m4=0.000 m5=0.000 p=0.004 cloud=PRE overlap=NO -> SAFE
[EDGE-Z1-ENSEMBLE] CID:2 m1=0.000 m2=0.020 m3=0.000 m4=0.000 m5=0.000 p=0.004 cloud=PRE overlap=NO -> SAFE
[EDGE-Z1-ENSEMBLE] CID:8 m1=0.000 m2=0.020 m3=0.000 m4=0.000 m5=0.000 p=0.000 cloud=PRE overlap=NO -> SAFE
[EDGE-Z1-ENSEMBLE] CID:4 m1=0.000 m2=0.020 m3=0.000 m4=0.000 m5=0.000 p=0.000 cloud=PRE overlap=NO -> SAFE
[EDGE-Z1-ENSEMBLE] CID:0 m1=0.000 m2=0.020 m3=0.000 m4=0.000 m5=0.000 p=0.000 cloud=PRE overlap=NO -> SAFE
[EDGE-Z1-ENSEMBLE] CID:6 m1=0.000 m2=0.020 m3=0.040 m4=0.000 m5=0.000 p=0.003 cloud=PRE overlap=NO -> SAFE
[EDGE-Z1-ENSEMBLE] CID:5 m1=0.000 m2=0.020 m3=0.000 m4=0.000 m5=0.000 p=0.000 cloud=PRE overlap=NO -> SAFE
[EDGE-Z1-ENSEMBLE] CID:7 m1=0.000 m2=0.020 m3=0.000 m4=0.000 m5=0.000 p=0.000 cloud=PRE overlap=NO -> SAFE
[EDGE-Z1-ENSEMBLE] CID:3 m1=0.000 m2=0.020 m3=0.000 m4=0.000 m5=0.000 p=0.000 cloud=PRE overlap=NO -> SAFE
[EDGE-Z1-ENSEMBLE] CID:9 m1=0.000 m2=0.020 m3=0.000 m4=0.000 m5=0.000 p=0.000 cloud=PRE overlap=NO -> SAFE
[EDGE-Z1-ENSEMBLE] CID:1 m1=0.000 m2=0.020 m3=0.000 m4=0.000 m5=0.000 p=0.000 cloud=PRE overlap=NO -> SAFE
[EDGE-Z1-ENSEMBLE] CID:2 m1=0.000 m2=0.020 m3=0.000 m4=0.000 m5=0.000 p=0.000 cloud=PRE overlap=NO -> SAFE
[EDGE-Z1-ENSEMBLE] CID:8 m1=0.000 m2=0.020 m3=0.000 m4=0.000 m5=0.000 p=0.000 cloud=PRE overlap=NO -> SAFE
[EDGE-Z1-ENSEMBLE] CID:4 m1=0.000 m2=0.020 m3=0.000 m4=0.000 m5=0.000 p=0.000 cloud=PRE overlap=NO -> SAFE
[EDGE-Z1-ENSEMBLE] CID:0 m1=0.000 m2=0.020 m3=0.000 m4=0.000 m5=0.000 p=0.000 cloud=PRE overlap=NO -> SAFE
[EDGE-Z1-ENSEMBLE] CID:6 m1=0.000 m2=0.020 m3=0.000 m4=0.000 m5=0.000 p=0.000 cloud=PRE overlap=NO -> SAFE
[EDGE-Z1-ENSEMBLE] CID:5 m1=0.000 m2=0.020 m3=0.000 m4=0.000 m5=0.000 p=0.000 cloud=PRE overlap=NO -> SAFE
[EDGE-Z1-ENSEMBLE] CID:3 m1=0.000 m2=0.020 m3=0.000 m4=0.000 m5=0.000 p=0.000 cloud=PRE overlap=NO -> SAFE
[EDGE-Z1-ENSEMBLE] CID:9 m1=0.000 m2=0.020 m3=0.000 m4=0.000 m5=0.000 p=0.000 cloud=PRE overlap=NO -> SAFE
[EDGE-Z1-ENSEMBLE] CID:7 m1=0.000 m2=0.020 m3=0.000 m4=0.000 m5=0.000 p=0.000 cloud=PRE overlap=NO -> SAFE
[EDGE-Z1-ENSEMBLE] CID:1 m1=0.000 m2=0.020 m3=0.040 m4=0.000 m5=0.000 p=0.003 cloud=PRE overlap=NO -> SAFE
[EDGE-Z1-ENSEMBLE] CID:2 m1=0.000 m2=0.020 m3=0.000 m4=0.000 m5=0.000 p=0.000 cloud=PRE overlap=NO -> SAFE
[EDGE-Z1-ENSEMBLE] CID:8 m1=0.000 m2=0.020 m3=0.000 m4=0.000 m5=0.000 p=0.000 cloud=PRE overlap=NO -> SAFE
[EDGE-Z1-ENSEMBLE] CID:4 m1=0.000 m2=0.020 m3=0.000 m4=0.000 m5=0.000 p=0.000 cloud=PRE overlap=NO -> SAFE
[EDGE-Z1-ENSEMBLE] CID:0 m1=0.000 m2=0.020 m3=0.000 m4=0.000 m5=0.000 p=0.000 cloud=PRE overlap=NO -> SAFE
[EDGE-Z1-ENSEMBLE] CID:6 m1=0.000 m2=0.020 m3=0.000 m4=0.000 m5=0.000 p=0.000 cloud=PRE overlap=NO -> SAFE
[EDGE-Z1-ENSEMBLE] CID:5 m1=0.000 m2=0.020 m3=0.000 m4=0.000 m5=0.000 p=0.000 cloud=PRE overlap=NO -> SAFE
[EDGE-Z1-ENSEMBLE] CID:3 m1=0.000 m2=0.020 m3=0.000 m4=0.000 m5=0.000 p=0.000 cloud=PRE overlap=NO -> SAFE
[EDGE-Z1-ENSEMBLE] CID:7 m1=0.000 m2=0.020 m3=0.000 m4=0.000 m5=0.000 p=0.000 cloud=PRE overlap=NO -> SAFE
[EDGE-Z1-ENSEMBLE] CID:9 m1=0.000 m2=0.020 m3=0.000 m4=0.000 m5=0.000 p=0.000 cloud=PRE overlap=NO -> SAFE
[EDGE-Z1-ENSEMBLE] CID:1 m1=0.000 m2=0.020 m3=0.000 m4=0.000 m5=0.000 p=0.000 cloud=PRE overlap=NO -> SAFE
[EDGE-Z1-ENSEMBLE] CID:2 m1=0.000 m2=0.020 m3=0.000 m4=0.000 m5=0.000 p=0.000 cloud=PRE overlap=NO -> SAFE
[EDGE-Z1-ENSEMBLE] CID:8 m1=0.000 m2=0.020 m3=0.000 m4=0.000 m5=0.000 p=0.000 cloud=PRE overlap=NO -> SAFE
[EDGE-Z1-ENSEMBLE] CID:4 m1=0.000 m2=0.020 m3=0.000 m4=0.000 m5=0.000 p=0.000 cloud=PRE overlap=NO -> SAFE
[EDGE-Z1-ENSEMBLE] CID:0 m1=0.000 m2=0.020 m3=0.000 m4=0.000 m5=0.000 p=0.000 cloud=PRE overlap=NO -> SAFE
[EDGE-Z1-ENSEMBLE] CID:6 m1=0.000 m2=0.020 m3=0.000 m4=0.000 m5=0.000 p=0.000 cloud=PRE overlap=NO -> SAFE
[EDGE-Z1-ENSEMBLE] CID:5 m1=0.000 m2=0.020 m3=0.000 m4=0.000 m5=0.000 p=0.000 cloud=PRE overlap=NO -> SAFE
[EDGE-Z1-ENSEMBLE] CID:3 m1=0.000 m2=0.020 m3=0.000 m4=0.000 m5=0.000 p=0.000 cloud=PRE overlap=NO -> SAFE
[EDGE-Z1-ENSEMBLE] CID:7 m1=0.000 m2=0.020 m3=0.000 m4=0.000 m5=0.000 p=0.000 cloud=PRE overlap=NO -> SAFE
[EDGE-Z1-ENSEMBLE] CID:9 m1=0.000 m2=0.020 m3=0.000 m4=0.000 m5=0.000 p=0.000 cloud=PRE overlap=NO -> SAFE
[EDGE-Z1-ENSEMBLE] CID:1 m1=0.000 m2=0.020 m3=0.000 m4=0.000 m5=0.000 p=0.000 cloud=PRE overlap=NO -> SAFE
[EDGE-Z1-ENSEMBLE] CID:2 m1=0.000 m2=0.020 m3=0.000 m4=0.000 m5=0.000 p=0.000 cloud=PRE overlap=NO -> SAFE
[EDGE-Z1-ENSEMBLE] CID:8 m1=0.000 m2=0.020 m3=0.000 m4=0.000 m5=0.000 p=0.000 cloud=PRE overlap=NO -> SAFE
[EDGE-Z1-ENSEMBLE] CID:4 m1=0.000 m2=0.020 m3=0.000 m4=0.000 m5=0.000 p=0.000 cloud=PRE overlap=NO -> SAFE
[EDGE-Z1-ENSEMBLE] CID:0 m1=0.000 m2=0.020 m3=0.000 m4=0.000 m5=0.000 p=0.000 cloud=PRE overlap=NO -> SAFE
[EDGE-Z1-ENSEMBLE] CID:6 m1=0.000 m2=0.020 m3=0.000 m4=0.000 m5=0.000 p=0.000 cloud=PRE overlap=NO -> SAFE
[EDGE-Z1-ENSEMBLE] CID:5 m1=0.000 m2=0.020 m3=0.000 m4=0.000 m5=0.000 p=0.000 cloud=PRE overlap=NO -> SAFE
[EDGE-Z1-ENSEMBLE] CID:3 m1=0.000 m2=0.020 m3=0.000 m4=0.000 m5=0.000 p=0.000 cloud=PRE overlap=NO -> SAFE
[EDGE-Z1-ENSEMBLE] CID:7 m1=0.000 m2=0.020 m3=0.000 m4=0.000 m5=0.000 p=0.000 cloud=PRE overlap=NO -> SAFE
[EDGE-Z1-ENSEMBLE] CID:9 m1=0.000 m2=0.020 m3=0.000 m4=0.000 m5=0.000 p=0.000 cloud=PRE overlap=NO -> SAFE
[EDGE-Z1-ENSEMBLE] CID:1 m1=0.000 m2=0.020 m3=0.000 m4=0.000 m5=0.000 p=0.000 cloud=PRE overlap=NO -> SAFE
[EDGE-Z1-ENSEMBLE] CID:2 m1=0.000 m2=0.020 m3=0.000 m4=0.000 m5=0.000 p=0.000 cloud=PRE overlap=NO -> SAFE
[EDGE-Z1-ENSEMBLE] CID:8 m1=0.000 m2=0.020 m3=0.000 m4=0.000 m5=0.000 p=0.000 cloud=PRE overlap=NO -> SAFE
[EDGE-Z1-ENSEMBLE] CID:4 m1=0.000 m2=0.020 m3=0.000 m4=0.000 m5=0.000 p=0.000 cloud=PRE overlap=NO -> SAFE
[EDGE-Z1-ENSEMBLE] CID:0 m1=0.000 m2=0.020 m3=0.000 m4=0.000 m5=0.000 p=0.000 cloud=PRE overlap=NO -> SAFE
[EDGE-Z1-ENSEMBLE] CID:6 m1=0.000 m2=0.020 m3=0.000 m4=0.000 m5=0.000 p=0.000 cloud=PRE overlap=NO -> SAFE
[EDGE-Z1-ENSEMBLE] CID:5 m1=0.000 m2=0.020 m3=0.000 m4=0.000 m5=0.000 p=0.000 cloud=PRE overlap=NO -> SAFE
[EDGE-Z1-ENSEMBLE] CID:3 m1=0.000 m2=0.020 m3=0.000 m4=0.000 m5=0.000 p=0.000 cloud=PRE overlap=NO -> SAFE
[EDGE-Z1-ENSEMBLE] CID:9 m1=0.000 m2=0.020 m3=0.000 m4=0.000 m5=0.000 p=0.000 cloud=PRE overlap=NO -> SAFE
[EDGE-Z1-ENSEMBLE] CID:7 m1=0.000 m2=0.020 m3=0.000 m4=0.000 m5=0.000 p=0.000 cloud=PRE overlap=NO -> SAFE
[EDGE-Z1-ENSEMBLE] CID:1 m1=0.000 m2=0.020 m3=0.000 m4=0.000 m5=0.000 p=0.000 cloud=PRE overlap=NO -> SAFE
[EDGE-Z1-ENSEMBLE] CID:2 m1=0.000 m2=0.020 m3=0.000 m4=0.000 m5=0.000 p=0.000 cloud=PRE overlap=NO -> SAFE
[EDGE-Z1-ENSEMBLE] CID:8 m1=0.000 m2=0.020 m3=0.000 m4=0.000 m5=0.000 p=0.000 cloud=PRE overlap=NO -> SAFE
[EDGE-Z1-ENSEMBLE] CID:4 m1=0.000 m2=0.020 m3=0.000 m4=0.000 m5=0.000 p=0.000 cloud=PRE overlap=NO -> SAFE
[EDGE-Z1-ENSEMBLE] CID:0 m1=0.000 m2=0.020 m3=0.000 m4=0.000 m5=0.000 p=0.000 cloud=PRE overlap=NO -> SAFE
[EDGE-Z1-ENSEMBLE] CID:6 m1=0.000 m2=0.020 m3=0.000 m4=0.000 m5=0.000 p=0.000 cloud=PRE overlap=NO -> SAFE
[EDGE-Z1-ENSEMBLE] CID:5 m1=0.000 m2=0.020 m3=0.000 m4=0.000 m5=0.000 p=0.000 cloud=PRE overlap=NO -> SAFE
[EDGE-Z1-ENSEMBLE] CID:3 m1=0.000 m2=0.020 m3=0.000 m4=0.000 m5=0.000 p=0.000 cloud=PRE overlap=NO -> SAFE
[EDGE-Z1-ENSEMBLE] CID:7 m1=0.000 m2=0.020 m3=0.000 m4=0.000 m5=0.000 p=0.000 cloud=PRE overlap=NO -> SAFE
[EDGE-Z1-ENSEMBLE] CID:9 m1=0.000 m2=0.020 m3=0.000 m4=0.000 m5=0.000 p=0.000 cloud=PRE overlap=NO -> SAFE
[EDGE-Z1-ENSEMBLE] CID:1 m1=0.000 m2=0.020 m3=0.000 m4=0.000 m5=0.000 p=0.000 cloud=PRE overlap=NO -> SAFE
[EDGE-Z1-ENSEMBLE] CID:2 m1=0.000 m2=0.020 m3=0.000 m4=0.000 m5=0.000 p=0.000 cloud=PRE overlap=NO -> SAFE
[EDGE-Z1-ENSEMBLE] CID:8 m1=0.000 m2=0.020 m3=0.000 m4=0.000 m5=0.000 p=0.000 cloud=PRE overlap=NO -> SAFE
[EDGE-Z1-ENSEMBLE] CID:4 m1=0.000 m2=0.020 m3=0.000 m4=0.000 m5=0.000 p=0.000 cloud=PRE overlap=NO -> SAFE
[EDGE-Z1-ENSEMBLE] CID:0 m1=0.000 m2=0.020 m3=0.000 m4=0.000 m5=0.000 p=0.000 cloud=PRE overlap=NO -> SAFE
[EDGE-Z1-ENSEMBLE] CID:6 m1=0.000 m2=0.020 m3=0.000 m4=0.000 m5=0.000 p=0.000 cloud=PRE overlap=NO -> SAFE
[EDGE-Z1-ENSEMBLE] CID:5 m1=0.000 m2=0.020 m3=0.000 m4=0.000 m5=0.000 p=0.000 cloud=PRE overlap=NO -> SAFE
[EDGE-Z1-ENSEMBLE] CID:3 m1=0.000 m2=0.020 m3=0.000 m4=0.000 m5=0.000 p=0.000 cloud=PRE overlap=NO -> SAFE
[EDGE-Z1-ENSEMBLE] CID:7 m1=0.000 m2=0.020 m3=0.000 m4=0.000 m5=0.000 p=0.000 cloud=PRE overlap=NO -> SAFE
[EDGE-Z1-ENSEMBLE] CID:9 m1=0.000 m2=0.020 m3=0.000 m4=0.000 m5=0.000 p=0.000 cloud=PRE overlap=NO -> SAFE
[EDGE-Z1-ENSEMBLE] CID:1 m1=0.000 m2=0.020 m3=0.000 m4=0.000 m5=0.000 p=0.000 cloud=PRE overlap=NO -> SAFE
[EDGE-Z1-ENSEMBLE] CID:2 m1=0.000 m2=0.020 m3=0.000 m4=0.000 m5=0.000 p=0.000 cloud=PRE overlap=NO -> SAFE
[EDGE-Z1-ENSEMBLE] CID:8 m1=0.000 m2=0.020 m3=0.000 m4=0.000 m5=0.000 p=0.000 cloud=PRE overlap=NO -> SAFE
[EDGE-Z1-ENSEMBLE] CID:4 m1=0.000 m2=0.020 m3=0.000 m4=0.000 m5=0.000 p=0.000 cloud=PRE overlap=NO -> SAFE
[EDGE-Z1-ENSEMBLE] CID:0 m1=0.000 m2=0.020 m3=0.000 m4=0.000 m5=0.000 p=0.000 cloud=PRE overlap=NO -> SAFE
[EDGE-Z1-ENSEMBLE] CID:6 m1=0.000 m2=0.020 m3=0.000 m4=0.000 m5=0.000 p=0.000 cloud=PRE overlap=NO -> SAFE
[EDGE-Z1-ENSEMBLE] CID:5 m1=0.000 m2=0.020 m3=0.000 m4=0.000 m5=0.000 p=0.000 cloud=PRE overlap=NO -> SAFE
[EDGE-Z1-ENSEMBLE] CID:3 m1=0.000 m2=0.020 m3=0.000 m4=0.000 m5=0.000 p=0.000 cloud=PRE overlap=NO -> SAFE
[EDGE-Z1-ENSEMBLE] CID:9 m1=0.000 m2=0.020 m3=0.000 m4=0.000 m5=0.000 p=0.000 cloud=PRE overlap=NO -> SAFE
[EDGE-Z1-ENSEMBLE] CID:7 m1=0.000 m2=0.020 m3=0.000 m4=0.000 m5=0.000 p=0.000 cloud=PRE overlap=NO -> SAFE
[EDGE-Z1-ENSEMBLE] CID:1 m1=0.000 m2=0.020 m3=0.000 m4=0.000 m5=0.000 p=0.000 cloud=PRE overlap=NO -> SAFE
[EDGE-Z1-ENSEMBLE] CID:2 m1=0.000 m2=0.020 m3=0.000 m4=0.000 m5=0.000 p=0.000 cloud=PRE overlap=NO -> SAFE
[EDGE-Z1-ENSEMBLE] CID:8 m1=0.000 m2=0.020 m3=0.000 m4=0.000 m5=0.000 p=0.000 cloud=PRE overlap=NO -> SAFE
[EDGE-Z1-ENSEMBLE] CID:4 m1=0.000 m2=0.020 m3=0.040 m4=0.000 m5=0.000 p=0.000 cloud=PRE overlap=NO -> SAFE
[EDGE-Z1-ENSEMBLE] CID:0 m1=0.000 m2=0.020 m3=0.000 m4=0.000 m5=0.000 p=0.000 cloud=PRE overlap=NO -> SAFE
[EDGE-Z1-ENSEMBLE] CID:6 m1=0.000 m2=0.020 m3=0.000 m4=0.000 m5=0.000 p=0.000 cloud=PRE overlap=NO -> SAFE
[EDGE-Z1-ENSEMBLE] CID:5 m1=0.000 m2=0.020 m3=0.000 m4=0.000 m5=0.000 p=0.000 cloud=PRE overlap=NO -> SAFE
[EDGE-Z1-ENSEMBLE] CID:3 m1=0.000 m2=0.020 m3=0.000 m4=0.000 m5=0.000 p=0.000 cloud=PRE overlap=NO -> SAFE
[EDGE-Z1-ENSEMBLE] CID:9 m1=0.000 m2=0.020 m3=0.000 m4=0.000 m5=0.000 p=0.000 cloud=PRE overlap=NO -> SAFE
[EDGE-Z1-ENSEMBLE] CID:7 m1=0.000 m2=0.020 m3=0.000 m4=0.000 m5=0.000 p=0.000 cloud=PRE overlap=NO -> SAFE
[EDGE-Z1-ENSEMBLE] CID:1 m1=0.000 m2=0.020 m3=0.000 m4=0.000 m5=0.000 p=0.000 cloud=PRE overlap=NO -> SAFE
[EDGE-Z1-ENSEMBLE] CID:2 m1=0.000 m2=0.020 m3=0.000 m4=0.000 m5=0.000 p=0.000 cloud=PRE overlap=NO -> SAFE
[EDGE-Z1-ENSEMBLE] CID:8 m1=0.000 m2=0.020 m3=0.000 m4=0.000 m5=0.000 p=0.000 cloud=PRE overlap=NO -> SAFE
[EDGE-Z1-ENSEMBLE] CID:4 m1=0.000 m2=0.020 m3=0.040 m4=0.000 m5=0.000 p=0.000 cloud=PRE overlap=NO -> SAFE
[EDGE-Z1-ENSEMBLE] CID:0 m1=0.000 m2=0.020 m3=0.000 m4=0.000 m5=0.000 p=0.000 cloud=PRE overlap=NO -> SAFE
[EDGE-Z1-ENSEMBLE] CID:6 m1=0.000 m2=0.020 m3=0.000 m4=0.000 m5=0.000 p=0.000 cloud=PRE overlap=NO -> SAFE
[EDGE-Z1-ENSEMBLE] CID:5 m1=0.000 m2=0.020 m3=0.000 m4=0.000 m5=0.000 p=0.000 cloud=PRE overlap=NO -> SAFE
[EDGE-Z1-ENSEMBLE] CID:3 m1=0.000 m2=0.020 m3=0.000 m4=0.000 m5=0.000 p=0.000 cloud=PRE overlap=NO -> SAFE
[EDGE-Z1-ENSEMBLE] CID:7 m1=0.000 m2=0.020 m3=0.000 m4=0.000 m5=0.000 p=0.000 cloud=PRE overlap=NO -> SAFE
[EDGE-Z1-ENSEMBLE] CID:9 m1=0.000 m2=0.020 m3=0.000 m4=0.000 m5=0.000 p=0.000 cloud=PRE overlap=NO -> SAFE
[EDGE-Z1-ENSEMBLE] CID:1 m1=0.000 m2=0.020 m3=0.000 m4=0.000 m5=0.000 p=0.000 cloud=PRE overlap=NO -> SAFE
[EDGE-Z1-ENSEMBLE] CID:2 m1=0.000 m2=0.020 m3=0.000 m4=0.000 m5=0.000 p=0.000 cloud=PRE overlap=NO -> SAFE
[EDGE-Z1-ENSEMBLE] CID:8 m1=0.000 m2=0.020 m3=0.000 m4=0.000 m5=0.000 p=0.000 cloud=PRE overlap=NO -> SAFE
[EDGE-Z1-ENSEMBLE] CID:4 m1=0.000 m2=0.020 m3=0.040 m4=0.000 m5=0.000 p=0.000 cloud=PRE overlap=NO -> SAFE
[EDGE-Z1-ENSEMBLE] CID:0 m1=0.000 m2=0.020 m3=0.000 m4=0.000 m5=0.000 p=0.000 cloud=PRE overlap=NO -> SAFE
[EDGE-Z1-ENSEMBLE] CID:6 m1=0.000 m2=0.020 m3=0.000 m4=0.000 m5=0.000 p=0.000 cloud=PRE overlap=NO -> SAFE
[EDGE-Z1-ENSEMBLE] CID:5 m1=0.000 m2=0.020 m3=0.000 m4=0.000 m5=0.000 p=0.000 cloud=PRE overlap=NO -> SAFE
[EDGE-Z1-ENSEMBLE] CID:3 m1=0.000 m2=0.020 m3=0.000 m4=0.000 m5=0.000 p=0.000 cloud=PRE overlap=NO -> SAFE
[EDGE-Z1-ENSEMBLE] CID:9 m1=0.000 m2=0.020 m3=0.000 m4=0.000 m5=0.000 p=0.000 cloud=PRE overlap=NO -> SAFE
[EDGE-Z1-ENSEMBLE] CID:7 m1=0.000 m2=0.020 m3=0.000 m4=0.000 m5=0.000 p=0.000 cloud=PRE overlap=NO -> SAFE
[EDGE-Z1-ENSEMBLE] CID:1 m1=0.000 m2=0.020 m3=0.000 m4=0.000 m5=0.000 p=0.000 cloud=PRE overlap=NO -> SAFE
[EDGE-Z1-ENSEMBLE] CID:2 m1=0.000 m2=0.020 m3=0.000 m4=0.000 m5=0.000 p=0.000 cloud=PRE overlap=NO -> SAFE
[EDGE-Z1-ENSEMBLE] CID:8 m1=0.000 m2=0.020 m3=0.000 m4=0.000 m5=0.000 p=0.000 cloud=PRE overlap=NO -> SAFE
[EDGE-Z1-ENSEMBLE] CID:4 m1=0.000 m2=0.020 m3=0.000 m4=0.000 m5=0.000 p=0.000 cloud=PRE overlap=NO -> SAFE
[EDGE-Z1-ENSEMBLE] CID:0 m1=0.000 m2=0.020 m3=0.000 m4=0.000 m5=0.000 p=0.000 cloud=PRE overlap=NO -> SAFE
[EDGE-Z1-ENSEMBLE] CID:6 m1=0.000 m2=0.020 m3=0.000 m4=0.000 m5=0.000 p=0.000 cloud=PRE overlap=NO -> SAFE
[EDGE-Z1-ENSEMBLE] CID:5 m1=0.000 m2=0.020 m3=0.000 m4=0.000 m5=0.000 p=0.000 cloud=PRE overlap=NO -> SAFE
[EDGE-Z1-ENSEMBLE] CID:3 m1=0.000 m2=0.020 m3=0.000 m4=0.000 m5=0.000 p=0.000 cloud=PRE overlap=NO -> SAFE
[EDGE-Z1-ENSEMBLE] CID:7 m1=0.000 m2=0.020 m3=0.000 m4=0.000 m5=0.000 p=0.000 cloud=PRE overlap=NO -> SAFE
[EDGE-Z1-ENSEMBLE] CID:9 m1=0.000 m2=0.020 m3=0.000 m4=0.000 m5=0.000 p=0.000 cloud=PRE overlap=NO -> SAFE
[EDGE-Z1-ENSEMBLE] CID:1 m1=0.000 m2=0.020 m3=0.000 m4=0.000 m5=0.000 p=0.000 cloud=PRE overlap=NO -> SAFE
[EDGE-Z1-ENSEMBLE] CID:2 m1=0.000 m2=0.020 m3=0.000 m4=0.000 m5=0.000 p=0.000 cloud=PRE overlap=NO -> SAFE
[EDGE-Z1-ENSEMBLE] CID:8 m1=0.000 m2=0.020 m3=0.000 m4=0.000 m5=0.000 p=0.000 cloud=PRE overlap=NO -> SAFE
[EDGE-Z1-ENSEMBLE] CID:4 m1=0.000 m2=0.020 m3=0.000 m4=0.000 m5=0.000 p=0.000 cloud=PRE overlap=NO -> SAFE
[EDGE-Z1-ENSEMBLE] CID:0 m1=0.000 m2=0.020 m3=0.000 m4=0.000 m5=0.000 p=0.000 cloud=PRE overlap=NO -> SAFE
[EDGE-Z1-ENSEMBLE] CID:6 m1=0.000 m2=0.020 m3=0.000 m4=0.000 m5=0.000 p=0.000 cloud=PRE overlap=NO -> SAFE
[EDGE-Z1-ENSEMBLE] CID:5 m1=0.000 m2=0.020 m3=0.000 m4=0.000 m5=0.000 p=0.000 cloud=PRE overlap=NO -> SAFE
[EDGE-Z1-ENSEMBLE] CID:3 m1=0.000 m2=0.020 m3=0.000 m4=0.000 m5=0.000 p=0.000 cloud=PRE overlap=NO -> SAFE
[EDGE-Z1-ENSEMBLE] CID:9 m1=0.000 m2=0.020 m3=0.000 m4=0.000 m5=0.000 p=0.000 cloud=PRE overlap=NO -> SAFE
[EDGE-Z1-ENSEMBLE] CID:7 m1=0.000 m2=0.020 m3=0.000 m4=0.000 m5=0.000 p=0.000 cloud=PRE overlap=NO -> SAFE
[EDGE-Z1-ENSEMBLE] CID:1 m1=0.000 m2=0.020 m3=0.000 m4=0.000 m5=0.000 p=0.000 cloud=PRE overlap=NO -> SAFE
[EDGE-Z1-ENSEMBLE] CID:2 m1=0.000 m2=0.020 m3=0.000 m4=0.000 m5=0.000 p=0.000 cloud=PRE overlap=NO -> SAFE
[EDGE-Z1-ENSEMBLE] CID:8 m1=0.000 m2=0.020 m3=0.000 m4=0.000 m5=0.000 p=0.000 cloud=PRE overlap=NO -> SAFE
[EDGE-Z1-ENSEMBLE] CID:4 m1=0.000 m2=0.020 m3=0.000 m4=0.000 m5=0.000 p=0.000 cloud=PRE overlap=NO -> SAFE
[EDGE-Z1-ENSEMBLE] CID:0 m1=0.000 m2=0.020 m3=0.000 m4=0.000 m5=0.000 p=0.000 cloud=PRE overlap=NO -> SAFE
[EDGE-Z1-ENSEMBLE] CID:6 m1=0.000 m2=0.020 m3=0.000 m4=0.000 m5=0.000 p=0.000 cloud=PRE overlap=NO -> SAFE
[EDGE-Z1-ENSEMBLE] CID:5 m1=0.000 m2=0.020 m3=0.000 m4=0.000 m5=0.000 p=0.000 cloud=PRE overlap=NO -> SAFE
[EDGE-Z1-ENSEMBLE] CID:3 m1=0.000 m2=0.020 m3=0.000 m4=0.000 m5=0.000 p=0.000 cloud=PRE overlap=NO -> SAFE
[EDGE-Z1-ENSEMBLE] CID:7 m1=0.000 m2=0.020 m3=0.000 m4=0.000 m5=0.000 p=0.000 cloud=PRE overlap=NO -> SAFE
[EDGE-Z1-ENSEMBLE] CID:9 m1=0.000 m2=0.020 m3=0.000 m4=0.000 m5=0.000 p=0.000 cloud=PRE overlap=NO -> SAFE
[EDGE-Z1-ENSEMBLE] CID:1 m1=0.000 m2=0.020 m3=0.000 m4=0.000 m5=0.000 p=0.000 cloud=PRE overlap=NO -> SAFE
[EDGE-Z1-ENSEMBLE] CID:2 m1=0.000 m2=0.020 m3=0.000 m4=0.000 m5=0.000 p=0.000 cloud=PRE overlap=NO -> SAFE
[EDGE-Z1-ENSEMBLE] CID:8 m1=0.000 m2=0.020 m3=0.000 m4=0.000 m5=0.000 p=0.000 cloud=PRE overlap=NO -> SAFE
[EDGE-Z1-ENSEMBLE] CID:4 m1=0.000 m2=0.020 m3=0.000 m4=0.000 m5=0.000 p=0.000 cloud=PRE overlap=NO -> SAFE
[EDGE-Z1-ENSEMBLE] CID:0 m1=0.000 m2=0.020 m3=0.000 m4=0.000 m5=0.000 p=0.000 cloud=PRE overlap=NO -> SAFE
[EDGE-Z1-ENSEMBLE] CID:6 m1=0.000 m2=0.020 m3=0.000 m4=0.000 m5=0.000 p=0.000 cloud=PRE overlap=NO -> SAFE
[EDGE-Z1-ENSEMBLE] CID:5 m1=0.000 m2=0.020 m3=0.000 m4=0.000 m5=0.000 p=0.000 cloud=PRE overlap=NO -> SAFE
[EDGE-Z1-ENSEMBLE] CID:3 m1=0.000 m2=0.020 m3=0.000 m4=0.000 m5=0.000 p=0.000 cloud=PRE overlap=NO -> SAFE
[EDGE-Z1-ENSEMBLE] CID:7 m1=0.000 m2=0.020 m3=0.000 m4=0.000 m5=0.000 p=0.000 cloud=PRE overlap=NO -> SAFE
[EDGE-Z1-ENSEMBLE] CID:1 m1=0.000 m2=0.020 m3=0.000 m4=0.000 m5=0.000 p=0.000 cloud=PRE overlap=NO -> SAFE
[EDGE-Z1-ENSEMBLE] CID:2 m1=0.000 m2=0.020 m3=0.000 m4=0.000 m5=0.000 p=0.000 cloud=PRE overlap=NO -> SAFE
[EDGE-Z1-ENSEMBLE] CID:8 m1=0.000 m2=0.020 m3=0.000 m4=0.000 m5=0.000 p=0.000 cloud=PRE overlap=NO -> SAFE
[EDGE-Z1-ENSEMBLE] CID:4 m1=0.000 m2=0.020 m3=0.000 m4=0.000 m5=0.000 p=0.000 cloud=PRE overlap=NO -> SAFE
[EDGE-Z1-ENSEMBLE] CID:0 m1=0.000 m2=0.020 m3=0.000 m4=0.000 m5=0.000 p=0.000 cloud=PRE overlap=NO -> SAFE
[EDGE-Z1-ENSEMBLE] CID:6 m1=0.000 m2=0.020 m3=0.000 m4=0.000 m5=0.000 p=0.000 cloud=PRE overlap=NO -> SAFE
[EDGE-Z1-ENSEMBLE] CID:5 m1=0.000 m2=0.020 m3=0.000 m4=0.000 m5=0.000 p=0.000 cloud=PRE overlap=NO -> SAFE
[EDGE-Z1-ENSEMBLE] CID:3 m1=0.000 m2=0.020 m3=0.000 m4=0.000 m5=0.000 p=0.000 cloud=PRE overlap=NO -> SAFE
[EDGE-Z1-ENSEMBLE] CID:7 m1=0.000 m2=0.020 m3=0.000 m4=0.000 m5=0.000 p=0.000 cloud=PRE overlap=NO -> SAFE
[EDGE-Z1-ENSEMBLE] CID:1 m1=0.000 m2=0.020 m3=0.000 m4=0.000 m5=0.000 p=0.000 cloud=PRE overlap=NO -> SAFE
[EDGE-Z1-ENSEMBLE] CID:2 m1=0.000 m2=0.020 m3=0.000 m4=0.000 m5=0.000 p=0.000 cloud=PRE overlap=NO -> SAFE
[EDGE-Z1-ENSEMBLE] CID:8 m1=0.000 m2=0.020 m3=0.000 m4=0.000 m5=0.000 p=0.000 cloud=PRE overlap=NO -> SAFE
[EDGE-Z1-ENSEMBLE] CID:4 m1=0.000 m2=0.020 m3=0.000 m4=0.000 m5=0.000 p=0.000 cloud=PRE overlap=NO -> SAFE
[EDGE-Z1-ENSEMBLE] CID:0 m1=0.000 m2=0.020 m3=0.000 m4=0.000 m5=0.000 p=0.000 cloud=PRE overlap=NO -> SAFE
[EDGE-Z1-ENSEMBLE] CID:6 m1=0.000 m2=0.020 m3=0.000 m4=0.000 m5=0.000 p=0.000 cloud=PRE overlap=NO -> SAFE
[EDGE-Z1-ENSEMBLE] CID:5 m1=0.000 m2=0.020 m3=0.000 m4=0.000 m5=0.000 p=0.000 cloud=PRE overlap=NO -> SAFE
[EDGE-Z1-ENSEMBLE] CID:3 m1=0.000 m2=0.020 m3=0.000 m4=0.000 m5=0.000 p=0.000 cloud=PRE overlap=NO -> SAFE
[EDGE-Z1-ENSEMBLE] CID:7 m1=0.000 m2=0.020 m3=0.000 m4=0.000 m5=0.000 p=0.000 cloud=PRE overlap=NO -> SAFE
[EDGE-Z1-ENSEMBLE] CID:1 m1=0.000 m2=0.020 m3=0.000 m4=0.000 m5=0.000 p=0.000 cloud=PRE overlap=NO -> SAFE
[EDGE-Z1-ENSEMBLE] CID:2 m1=0.000 m2=0.020 m3=0.000 m4=0.000 m5=0.000 p=0.000 cloud=PRE overlap=NO -> SAFE
[EDGE-Z1-ENSEMBLE] CID:8 m1=0.000 m2=0.020 m3=0.000 m4=0.000 m5=0.000 p=0.000 cloud=PRE overlap=NO -> SAFE
[EDGE-Z1-ENSEMBLE] CID:4 m1=0.000 m2=0.020 m3=0.000 m4=0.000 m5=0.000 p=0.000 cloud=PRE overlap=NO -> SAFE
[EDGE-Z1-ENSEMBLE] CID:0 m1=0.666 m2=0.020 m3=0.000 m4=0.000 m5=0.000 p=0.152 cloud=PRE overlap=NO -> WARN
[EDGE-Z1-ENSEMBLE] CID:6 m1=0.000 m2=0.020 m3=0.000 m4=0.000 m5=0.000 p=0.000 cloud=PRE overlap=NO -> SAFE
[EDGE-Z1-ENSEMBLE] CID:5 m1=0.663 m2=0.020 m3=0.000 m4=0.000 m5=0.000 p=0.151 cloud=PRE overlap=NO -> WARN
[EDGE-Z1-ENSEMBLE] CID:3 m1=0.000 m2=0.020 m3=0.000 m4=0.000 m5=0.000 p=0.000 cloud=PRE overlap=NO -> SAFE
[EDGE-Z1-ENSEMBLE] CID:7 m1=0.000 m2=0.020 m3=0.000 m4=0.000 m5=0.000 p=0.000 cloud=PRE overlap=NO -> SAFE
[EDGE-Z1-ENSEMBLE] CID:1 m1=0.000 m2=0.020 m3=0.000 m4=0.000 m5=0.000 p=0.000 cloud=PRE overlap=NO -> SAFE
[EDGE-Z1-ENSEMBLE] CID:2 m1=0.000 m2=0.020 m3=0.000 m4=0.000 m5=0.000 p=0.000 cloud=PRE overlap=NO -> SAFE
[EDGE-Z1-ENSEMBLE] CID:8 m1=0.000 m2=0.020 m3=0.000 m4=0.000 m5=0.000 p=0.000 cloud=PRE overlap=NO -> SAFE
[EDGE-Z1-ENSEMBLE] CID:4 m1=0.000 m2=0.020 m3=0.000 m4=0.000 m5=0.000 p=0.000 cloud=PRE overlap=NO -> SAFE
[EDGE-Z1-ENSEMBLE] CID:0 m1=0.670 m2=0.020 m3=0.000 m4=0.000 m5=0.028 p=0.190 cloud=PRE overlap=NO -> WARN
[EDGE-Z1-ENSEMBLE] CID:6 m1=0.000 m2=0.020 m3=0.000 m4=0.000 m5=0.000 p=0.000 cloud=PRE overlap=NO -> SAFE
[EDGE-Z1-ENSEMBLE] CID:5 m1=0.679 m2=0.020 m3=0.000 m4=0.000 m5=0.029 p=0.193 cloud=PRE overlap=NO -> WARN
[EDGE-Z1-ENSEMBLE] CID:3 m1=0.000 m2=0.020 m3=0.000 m4=0.000 m5=0.000 p=0.000 cloud=PRE overlap=NO -> SAFE
[EDGE-Z1-ENSEMBLE] CID:7 m1=0.000 m2=0.020 m3=0.000 m4=0.000 m5=0.000 p=0.000 cloud=PRE overlap=NO -> SAFE
[EDGE-Z1-ENSEMBLE] CID:1 m1=0.000 m2=0.020 m3=0.000 m4=0.000 m5=0.000 p=0.000 cloud=PRE overlap=NO -> SAFE
[EDGE-Z1-ENSEMBLE] CID:2 m1=0.000 m2=0.020 m3=0.000 m4=0.000 m5=0.000 p=0.000 cloud=PRE overlap=NO -> SAFE
[EDGE-Z1-ENSEMBLE] CID:8 m1=0.000 m2=0.020 m3=0.000 m4=0.000 m5=0.000 p=0.000 cloud=PRE overlap=NO -> SAFE
[EDGE-Z1-ENSEMBLE] CID:4 m1=0.000 m2=0.020 m3=0.000 m4=0.000 m5=0.000 p=0.000 cloud=PRE overlap=NO -> SAFE
[EDGE-Z1-ENSEMBLE] CID:0 m1=0.672 m2=0.020 m3=0.000 m4=0.000 m5=0.053 p=0.194 cloud=PRE overlap=NO -> WARN
[EDGE-Z1-ENSEMBLE] CID:6 m1=0.000 m2=0.020 m3=0.000 m4=0.000 m5=0.000 p=0.000 cloud=PRE overlap=NO -> SAFE
[EDGE-Z1-ENSEMBLE] CID:5 m1=0.666 m2=0.020 m3=0.000 m4=0.000 m5=0.056 p=0.193 cloud=PRE overlap=NO -> WARN
[EDGE-Z1-ENSEMBLE] CID:3 m1=0.000 m2=0.020 m3=0.000 m4=0.000 m5=0.000 p=0.000 cloud=PRE overlap=NO -> SAFE
[EDGE-Z1-ENSEMBLE] CID:7 m1=0.000 m2=0.020 m3=0.000 m4=0.000 m5=0.000 p=0.000 cloud=PRE overlap=NO -> SAFE
[EDGE-Z1-ENSEMBLE] CID:1 m1=0.000 m2=0.020 m3=0.000 m4=0.000 m5=0.000 p=0.000 cloud=PRE overlap=NO -> SAFE
[EDGE-Z1-ENSEMBLE] CID:2 m1=0.000 m2=0.020 m3=0.000 m4=0.000 m5=0.000 p=0.000 cloud=PRE overlap=NO -> SAFE
[EDGE-Z1-ENSEMBLE] CID:8 m1=0.000 m2=0.020 m3=0.000 m4=0.000 m5=0.000 p=0.000 cloud=PRE overlap=NO -> SAFE
[EDGE-Z1-ENSEMBLE] CID:4 m1=0.000 m2=0.020 m3=0.000 m4=0.000 m5=0.000 p=0.000 cloud=PRE overlap=NO -> SAFE
[EDGE-Z1-ENSEMBLE] CID:0 m1=0.679 m2=0.020 m3=0.000 m4=0.000 m5=0.083 p=0.200 cloud=PRE overlap=NO -> WARN
[EDGE-Z1-ENSEMBLE] CID:6 m1=0.000 m2=0.020 m3=0.000 m4=0.000 m5=0.000 p=0.000 cloud=PRE overlap=NO -> SAFE
[EDGE-Z1-ENSEMBLE] CID:5 m1=0.672 m2=0.020 m3=0.000 m4=0.000 m5=0.084 p=0.198 cloud=PRE overlap=NO -> WARN
[EDGE-Z1-ENSEMBLE] CID:3 m1=0.000 m2=0.020 m3=0.000 m4=0.000 m5=0.000 p=0.000 cloud=PRE overlap=NO -> SAFE
[EDGE-Z1-ENSEMBLE] CID:7 m1=0.000 m2=0.020 m3=0.000 m4=0.000 m5=0.000 p=0.000 cloud=PRE overlap=NO -> SAFE
[EDGE-Z1-ENSEMBLE] CID:1 m1=0.000 m2=0.020 m3=0.000 m4=0.000 m5=0.000 p=0.000 cloud=PRE overlap=NO -> SAFE
[EDGE-Z1-ENSEMBLE] CID:2 m1=0.000 m2=0.020 m3=0.000 m4=0.000 m5=0.000 p=0.000 cloud=PRE overlap=NO -> SAFE
[EDGE-Z1-ENSEMBLE] CID:8 m1=0.000 m2=0.020 m3=0.000 m4=0.000 m5=0.000 p=0.000 cloud=PRE overlap=NO -> SAFE
[EDGE-Z1-ENSEMBLE] CID:4 m1=0.000 m2=0.020 m3=0.000 m4=0.000 m5=0.000 p=0.000 cloud=PRE overlap=NO -> SAFE
[EDGE-Z1-ENSEMBLE] CID:0 m1=0.670 m2=0.020 m3=0.000 m4=0.000 m5=0.111 p=0.201 cloud=PRE overlap=NO -> WARN
[EDGE-Z1-ENSEMBLE] CID:6 m1=0.675 m2=0.020 m3=0.000 m4=0.000 m5=0.000 p=0.153 cloud=PRE overlap=NO -> WARN
[EDGE-Z1-ENSEMBLE] CID:5 m1=0.666 m2=0.020 m3=0.000 m4=0.000 m5=0.109 p=0.200 cloud=PRE overlap=NO -> WARN
[EDGE-Z1-ENSEMBLE] CID:3 m1=0.000 m2=0.020 m3=0.000 m4=0.000 m5=0.000 p=0.000 cloud=PRE overlap=NO -> SAFE
[EDGE-Z1-ENSEMBLE] CID:7 m1=0.000 m2=0.020 m3=0.000 m4=0.000 m5=0.000 p=0.000 cloud=PRE overlap=NO -> SAFE
[EDGE-Z1-ENSEMBLE] CID:1 m1=0.675 m2=0.020 m3=0.000 m4=0.000 m5=0.000 p=0.153 cloud=PRE overlap=NO -> WARN
[EDGE-Z1-ENSEMBLE] CID:2 m1=0.000 m2=0.020 m3=0.000 m4=0.000 m5=0.000 p=0.000 cloud=PRE overlap=NO -> SAFE
[EDGE-Z1-ENSEMBLE] CID:8 m1=0.000 m2=0.020 m3=0.000 m4=0.000 m5=0.000 p=0.000 cloud=PRE overlap=NO -> SAFE
[EDGE-Z1-ENSEMBLE] CID:4 m1=0.000 m2=0.020 m3=0.000 m4=0.000 m5=0.000 p=0.000 cloud=PRE overlap=NO -> SAFE
[EDGE-Z1-ENSEMBLE] CID:0 m1=0.677 m2=0.020 m3=0.000 m4=0.000 m5=0.113 p=0.204 cloud=PRE overlap=NO -> WARN
[EDGE-Z1-ENSEMBLE] CID:6 m1=0.679 m2=0.020 m3=0.000 m4=0.000 m5=0.028 p=0.193 cloud=PRE overlap=NO -> WARN
[EDGE-Z1-ENSEMBLE] CID:5 m1=0.672 m2=0.020 m3=0.000 m4=0.000 m5=0.111 p=0.202 cloud=PRE overlap=NO -> WARN
[EDGE-Z1-ENSEMBLE] CID:3 m1=0.000 m2=0.020 m3=0.000 m4=0.000 m5=0.000 p=0.000 cloud=PRE overlap=NO -> SAFE
[EDGE-Z1-ENSEMBLE] CID:7 m1=0.000 m2=0.020 m3=0.000 m4=0.000 m5=0.000 p=0.000 cloud=PRE overlap=NO -> SAFE
[EDGE-Z1-ENSEMBLE] CID:1 m1=0.663 m2=0.020 m3=0.000 m4=0.000 m5=0.026 p=0.188 cloud=PRE overlap=NO -> WARN
[EDGE-Z1-ENSEMBLE] CID:2 m1=0.000 m2=0.020 m3=0.000 m4=0.000 m5=0.000 p=0.000 cloud=PRE overlap=NO -> SAFE
[EDGE-Z1-ENSEMBLE] CID:8 m1=0.000 m2=0.020 m3=0.000 m4=0.000 m5=0.000 p=0.000 cloud=PRE overlap=NO -> SAFE
[EDGE-Z1-ENSEMBLE] CID:4 m1=0.000 m2=0.020 m3=0.000 m4=0.000 m5=0.000 p=0.000 cloud=PRE overlap=NO -> SAFE
[EDGE-Z1-ENSEMBLE] CID:0 m1=0.675 m2=0.020 m3=0.000 m4=0.000 m5=0.114 p=0.203 cloud=PRE overlap=NO -> WARN
[EDGE-Z1-ENSEMBLE] CID:6 m1=0.677 m2=0.020 m3=0.000 m4=0.000 m5=0.057 p=0.196 cloud=PRE overlap=NO -> WARN
[EDGE-Z1-ENSEMBLE] CID:5 m1=0.683 m2=0.020 m3=0.000 m4=0.000 m5=0.112 p=0.205 cloud=PRE overlap=NO -> WARN
[EDGE-Z1-ENSEMBLE] CID:3 m1=0.000 m2=0.020 m3=0.000 m4=0.000 m5=0.000 p=0.000 cloud=PRE overlap=NO -> SAFE
[EDGE-Z1-ENSEMBLE] CID:7 m1=0.000 m2=0.020 m3=0.000 m4=0.000 m5=0.000 p=0.000 cloud=PRE overlap=NO -> SAFE
[EDGE-Z1-ENSEMBLE] CID:1 m1=0.675 m2=0.020 m3=0.000 m4=0.000 m5=0.056 p=0.195 cloud=PRE overlap=NO -> WARN
[EDGE-Z1-ENSEMBLE] CID:2 m1=0.000 m2=0.020 m3=0.000 m4=0.000 m5=0.000 p=0.000 cloud=PRE overlap=NO -> SAFE
[EDGE-Z1-ENSEMBLE] CID:8 m1=0.000 m2=0.020 m3=0.000 m4=0.000 m5=0.000 p=0.000 cloud=PRE overlap=NO -> SAFE
[EDGE-Z1-ENSEMBLE] CID:4 m1=0.000 m2=0.020 m3=0.000 m4=0.000 m5=0.000 p=0.000 cloud=PRE overlap=NO -> SAFE
[EDGE-Z1-ENSEMBLE] CID:0 m1=0.670 m2=0.020 m3=0.000 m4=0.000 m5=0.113 p=0.202 cloud=PRE overlap=NO -> WARN
[EDGE-Z1-ENSEMBLE] CID:6 m1=0.670 m2=0.020 m3=0.000 m4=0.000 m5=0.087 p=0.198 cloud=PRE overlap=NO -> WARN
[EDGE-Z1-ENSEMBLE] CID:5 m1=0.677 m2=0.020 m3=0.000 m4=0.000 m5=0.114 p=0.204 cloud=PRE overlap=NO -> WARN
[EDGE-Z1-ENSEMBLE] CID:3 m1=0.000 m2=0.020 m3=0.000 m4=0.000 m5=0.000 p=0.000 cloud=PRE overlap=NO -> SAFE
[EDGE-Z1-ENSEMBLE] CID:7 m1=0.000 m2=0.020 m3=0.000 m4=0.000 m5=0.000 p=0.000 cloud=PRE overlap=NO -> SAFE
[EDGE-Z1-ENSEMBLE] CID:1 m1=0.663 m2=0.020 m3=0.000 m4=0.000 m5=0.082 p=0.196 cloud=PRE overlap=NO -> WARN
[EDGE-Z1-ENSEMBLE] CID:2 m1=0.663 m2=0.020 m3=0.000 m4=0.000 m5=0.000 p=0.149 cloud=PRE overlap=NO -> SAFE
[EDGE-Z1-ENSEMBLE] CID:8 m1=0.000 m2=0.020 m3=0.000 m4=0.000 m5=0.000 p=0.000 cloud=PRE overlap=NO -> SAFE
[EDGE-Z1-ENSEMBLE] CID:4 m1=0.000 m2=0.020 m3=0.000 m4=0.000 m5=0.000 p=0.000 cloud=PRE overlap=NO -> SAFE
[EDGE-Z1-ENSEMBLE] CID:0 m1=0.659 m2=0.020 m3=0.000 m4=0.000 m5=0.109 p=0.198 cloud=PRE overlap=NO -> WARN
[EDGE-Z1-ENSEMBLE] CID:6 m1=0.679 m2=0.020 m3=0.000 m4=0.000 m5=0.116 p=0.205 cloud=PRE overlap=NO -> WARN
[EDGE-Z1-ENSEMBLE] CID:5 m1=0.663 m2=0.020 m3=0.000 m4=0.000 m5=0.112 p=0.200 cloud=PRE overlap=NO -> WARN
[EDGE-Z1-ENSEMBLE] CID:3 m1=0.000 m2=0.020 m3=0.000 m4=0.000 m5=0.000 p=0.000 cloud=PRE overlap=NO -> SAFE
[EDGE-Z1-ENSEMBLE] CID:7 m1=0.675 m2=0.020 m3=0.000 m4=0.000 m5=0.000 p=0.153 cloud=PRE overlap=NO -> WARN
[EDGE-Z1-ENSEMBLE] CID:1 m1=0.679 m2=0.020 m3=0.000 m4=0.000 m5=0.111 p=0.204 cloud=PRE overlap=NO -> WARN
[EDGE-Z1-ENSEMBLE] CID:2 m1=0.681 m2=0.020 m3=0.000 m4=0.000 m5=0.027 p=0.158 cloud=PRE overlap=NO -> WARN
[EDGE-Z1-ENSEMBLE] CID:8 m1=0.000 m2=0.020 m3=0.000 m4=0.000 m5=0.000 p=0.000 cloud=PRE overlap=NO -> SAFE
[EDGE-Z1-ENSEMBLE] CID:4 m1=0.000 m2=0.020 m3=0.000 m4=0.000 m5=0.000 p=0.000 cloud=PRE overlap=NO -> SAFE
[EDGE-Z1-ENSEMBLE] CID:0 m1=0.659 m2=0.020 m3=0.000 m4=0.000 m5=0.108 p=0.198 cloud=PRE overlap=NO -> WARN
[EDGE-Z1-ENSEMBLE] CID:6 m1=0.675 m2=0.020 m3=0.000 m4=0.000 m5=0.116 p=0.204 cloud=PRE overlap=NO -> WARN
[EDGE-Z1-ENSEMBLE] CID:5 m1=0.675 m2=0.020 m3=0.000 m4=0.000 m5=0.114 p=0.203 cloud=PRE overlap=NO -> WARN
[EDGE-Z1-ENSEMBLE] CID:3 m1=0.000 m2=0.020 m3=0.000 m4=0.000 m5=0.000 p=0.000 cloud=PRE overlap=NO -> SAFE
[EDGE-Z1-ENSEMBLE] CID:7 m1=0.672 m2=0.020 m3=0.000 m4=0.000 m5=0.027 p=0.191 cloud=PRE overlap=NO -> WARN
[EDGE-Z1-ENSEMBLE] CID:1 m1=0.659 m2=0.020 m3=0.000 m4=0.000 m5=0.108 p=0.198 cloud=PRE overlap=NO -> WARN
[EDGE-Z1-ENSEMBLE] CID:2 m1=0.675 m2=0.020 m3=0.000 m4=0.000 m5=0.057 p=0.195 cloud=PRE overlap=NO -> WARN
[EDGE-Z1-ENSEMBLE] CID:8 m1=0.000 m2=0.020 m3=0.000 m4=0.000 m5=0.000 p=0.000 cloud=PRE overlap=NO -> SAFE
[EDGE-Z1-ENSEMBLE] CID:4 m1=0.000 m2=0.020 m3=0.000 m4=0.000 m5=0.000 p=0.000 cloud=PRE overlap=NO -> SAFE
[EDGE-Z1-ENSEMBLE] CID:0 m1=0.663 m2=0.020 m3=0.000 m4=0.000 m5=0.105 p=0.199 cloud=PRE overlap=NO -> WARN
[EDGE-Z1-ENSEMBLE] CID:6 m1=0.659 m2=0.020 m3=0.000 m4=0.000 m5=0.112 p=0.199 cloud=PRE overlap=NO -> WARN
[EDGE-Z1-ENSEMBLE] CID:5 m1=0.659 m2=0.020 m3=0.000 m4=0.000 m5=0.112 p=0.199 cloud=PRE overlap=NO -> WARN
[EDGE-Z1-ENSEMBLE] CID:7 m1=0.659 m2=0.020 m3=0.000 m4=0.000 m5=0.053 p=0.191 cloud=PRE overlap=NO -> WARN
[EDGE-Z1-ENSEMBLE] CID:3 m1=0.000 m2=0.020 m3=0.000 m4=0.000 m5=0.000 p=0.000 cloud=PRE overlap=NO -> SAFE
[EDGE-Z1-ENSEMBLE] CID:1 m1=0.670 m2=0.020 m3=0.000 m4=0.000 m5=0.109 p=0.201 cloud=PRE overlap=NO -> WARN
[EDGE-Z1-ENSEMBLE] CID:2 m1=0.677 m2=0.020 m3=0.000 m4=0.000 m5=0.084 p=0.200 cloud=PRE overlap=NO -> WARN
[EDGE-Z1-ENSEMBLE] CID:8 m1=0.000 m2=0.020 m3=0.000 m4=0.000 m5=0.000 p=0.000 cloud=PRE overlap=NO -> SAFE
[EDGE-Z1-ENSEMBLE] CID:4 m1=0.000 m2=0.020 m3=0.000 m4=0.000 m5=0.000 p=0.000 cloud=PRE overlap=NO -> SAFE
[EDGE-Z1-ENSEMBLE] CID:0 m1=0.679 m2=0.020 m3=0.000 m4=0.000 m5=0.106 p=0.203 cloud=PRE overlap=NO -> WARN
[EDGE-Z1-ENSEMBLE] CID:6 m1=0.675 m2=0.020 m3=0.000 m4=0.000 m5=0.111 p=0.203 cloud=PRE overlap=NO -> WARN
[EDGE-Z1-ENSEMBLE] CID:5 m1=0.670 m2=0.020 m3=0.000 m4=0.000 m5=0.108 p=0.201 cloud=PRE overlap=NO -> WARN
[EDGE-Z1-ENSEMBLE] CID:3 m1=0.000 m2=0.020 m3=0.000 m4=0.000 m5=0.000 p=0.000 cloud=PRE overlap=NO -> SAFE
[EDGE-Z1-ENSEMBLE] CID:7 m1=0.672 m2=0.020 m3=0.000 m4=0.000 m5=0.082 p=0.198 cloud=PRE overlap=NO -> WARN
[EDGE-Z1-ENSEMBLE] CID:1 m1=0.666 m2=0.020 m3=0.000 m4=0.000 m5=0.107 p=0.200 cloud=PRE overlap=NO -> WARN
[EDGE-Z1-ENSEMBLE] CID:2 m1=0.677 m2=0.020 m3=0.000 m4=0.000 m5=0.114 p=0.204 cloud=PRE overlap=NO -> WARN
[EDGE-Z1-ENSEMBLE] CID:8 m1=0.675 m2=0.020 m3=0.000 m4=0.000 m5=0.000 p=0.153 cloud=PRE overlap=NO -> WARN
[EDGE-Z1-ENSEMBLE] CID:4 m1=0.000 m2=0.020 m3=0.000 m4=0.000 m5=0.000 p=0.000 cloud=PRE overlap=NO -> SAFE
[EDGE-Z1-ENSEMBLE] CID:0 m1=0.663 m2=0.020 m3=0.000 m4=0.000 m5=0.105 p=0.199 cloud=PRE overlap=NO -> WARN
[EDGE-Z1-ENSEMBLE] CID:6 m1=0.666 m2=0.020 m3=0.000 m4=0.000 m5=0.111 p=0.201 cloud=PRE overlap=NO -> WARN
[EDGE-Z1-ENSEMBLE] CID:5 m1=0.677 m2=0.020 m3=0.000 m4=0.000 m5=0.108 p=0.203 cloud=PRE overlap=NO -> WARN
[EDGE-Z1-ENSEMBLE] CID:3 m1=0.663 m2=0.020 m3=0.000 m4=0.000 m5=0.000 p=0.149 cloud=PRE overlap=NO -> SAFE
[EDGE-Z1-ENSEMBLE] CID:7 m1=0.679 m2=0.020 m3=0.000 m4=0.000 m5=0.111 p=0.204 cloud=PRE overlap=NO -> WARN
[EDGE-Z1-ENSEMBLE] CID:1 m1=0.663 m2=0.020 m3=0.000 m4=0.000 m5=0.107 p=0.199 cloud=PRE overlap=NO -> WARN
[EDGE-Z1-ENSEMBLE] CID:2 m1=0.666 m2=0.020 m3=0.000 m4=0.000 m5=0.115 p=0.201 cloud=PRE overlap=NO -> WARN
[EDGE-Z1-ENSEMBLE] CID:8 m1=0.675 m2=0.020 m3=0.000 m4=0.000 m5=0.028 p=0.192 cloud=PRE overlap=NO -> WARN
[EDGE-Z1-ENSEMBLE] CID:4 m1=0.000 m2=0.020 m3=0.000 m4=0.000 m5=0.000 p=0.000 cloud=PRE overlap=NO -> SAFE
[EDGE-Z1-ENSEMBLE] CID:0 m1=0.670 m2=0.020 m3=0.000 m4=0.000 m5=0.107 p=0.201 cloud=PRE overlap=NO -> WARN
[EDGE-Z1-ENSEMBLE] CID:6 m1=0.672 m2=0.020 m3=0.000 m4=0.000 m5=0.109 p=0.202 cloud=PRE overlap=NO -> WARN
[EDGE-Z1-ENSEMBLE] CID:5 m1=0.681 m2=0.020 m3=0.000 m4=0.000 m5=0.112 p=0.205 cloud=PRE overlap=NO -> WARN
[EDGE-Z1-ENSEMBLE] CID:3 m1=0.672 m2=0.020 m3=0.000 m4=0.000 m5=0.026 p=0.156 cloud=PRE overlap=NO -> WARN
[EDGE-Z1-ENSEMBLE] CID:7 m1=0.655 m2=0.020 m3=0.000 m4=0.000 m5=0.108 p=0.197 cloud=PRE overlap=NO -> WARN
[EDGE-Z1-ENSEMBLE] CID:1 m1=0.672 m2=0.020 m3=0.000 m4=0.000 m5=0.106 p=0.201 cloud=PRE overlap=NO -> WARN
[EDGE-Z1-ENSEMBLE] CID:2 m1=0.672 m2=0.020 m3=0.000 m4=0.000 m5=0.113 p=0.202 cloud=PRE overlap=NO -> WARN
[EDGE-Z1-ENSEMBLE] CID:8 m1=0.670 m2=0.020 m3=0.000 m4=0.000 m5=0.057 p=0.194 cloud=PRE overlap=NO -> WARN
[EDGE-Z1-ENSEMBLE] CID:4 m1=0.000 m2=0.020 m3=0.000 m4=0.000 m5=0.000 p=0.000 cloud=PRE overlap=NO -> SAFE
[EDGE-Z1-ENSEMBLE] CID:0 m1=0.677 m2=0.020 m3=0.000 m4=0.000 m5=0.110 p=0.203 cloud=PRE overlap=NO -> WARN
[EDGE-Z1-ENSEMBLE] CID:6 m1=0.681 m2=0.020 m3=0.000 m4=0.000 m5=0.111 p=0.205 cloud=PRE overlap=NO -> WARN
[EDGE-Z1-ENSEMBLE] CID:5 m1=0.679 m2=0.020 m3=0.000 m4=0.000 m5=0.113 p=0.204 cloud=PRE overlap=NO -> WARN
[EDGE-Z1-ENSEMBLE] CID:3 m1=0.666 m2=0.020 m3=0.000 m4=0.000 m5=0.054 p=0.193 cloud=PRE overlap=NO -> WARN
[EDGE-Z1-ENSEMBLE] CID:7 m1=0.675 m2=0.020 m3=0.000 m4=0.000 m5=0.108 p=0.202 cloud=PRE overlap=NO -> WARN
[EDGE-Z1-ENSEMBLE] CID:1 m1=0.663 m2=0.020 m3=0.000 m4=0.000 m5=0.106 p=0.199 cloud=PRE overlap=NO -> WARN
[EDGE-Z1-ENSEMBLE] CID:2 m1=0.679 m2=0.020 m3=0.000 m4=0.000 m5=0.114 p=0.204 cloud=PRE overlap=NO -> WARN
[EDGE-Z1-ENSEMBLE] CID:8 m1=0.681 m2=0.020 m3=0.000 m4=0.000 m5=0.088 p=0.201 cloud=PRE overlap=NO -> WARN
[EDGE-Z1-ENSEMBLE] CID:4 m1=0.000 m2=0.020 m3=0.000 m4=0.000 m5=0.000 p=0.000 cloud=PRE overlap=NO -> SAFE
[EDGE-Z1-ENSEMBLE] CID:0 m1=0.670 m2=0.020 m3=0.000 m4=0.000 m5=0.111 p=0.201 cloud=PRE overlap=NO -> WARN
[EDGE-Z1-ENSEMBLE] CID:6 m1=0.677 m2=0.020 m3=0.000 m4=0.000 m5=0.114 p=0.204 cloud=PRE overlap=NO -> WARN
[EDGE-Z1-ENSEMBLE] CID:5 m1=0.672 m2=0.020 m3=0.000 m4=0.000 m5=0.116 p=0.203 cloud=PRE overlap=NO -> WARN
[EDGE-Z1-ENSEMBLE] CID:3 m1=0.663 m2=0.020 m3=0.000 m4=0.000 m5=0.081 p=0.196 cloud=PRE overlap=NO -> WARN
[EDGE-Z1-ENSEMBLE] CID:7 m1=0.670 m2=0.020 m3=0.000 m4=0.000 m5=0.110 p=0.201 cloud=PRE overlap=NO -> WARN
[EDGE-Z1-ENSEMBLE] CID:1 m1=0.666 m2=0.020 m3=0.000 m4=0.000 m5=0.106 p=0.200 cloud=PRE overlap=NO -> WARN
[EDGE-Z1-ENSEMBLE] CID:2 m1=0.663 m2=0.020 m3=0.000 m4=0.000 m5=0.111 p=0.200 cloud=PRE overlap=NO -> WARN
[EDGE-Z1-ENSEMBLE] CID:8 m1=0.670 m2=0.020 m3=0.000 m4=0.000 m5=0.113 p=0.202 cloud=PRE overlap=NO -> WARN
[EDGE-Z1-ENSEMBLE] CID:4 m1=0.677 m2=0.020 m3=0.000 m4=0.000 m5=0.000 p=0.153 cloud=PRE overlap=NO -> WARN
[EDGE-Z1-ENSEMBLE] CID:0 m1=0.670 m2=0.020 m3=0.000 m4=0.000 m5=0.109 p=0.201 cloud=PRE overlap=NO -> WARN
[EDGE-Z1-ENSEMBLE] CID:6 m1=0.681 m2=0.020 m3=0.000 m4=0.000 m5=0.116 p=0.205 cloud=PRE overlap=NO -> WARN
[EDGE-Z1-ENSEMBLE] CID:5 m1=0.670 m2=0.020 m3=0.000 m4=0.000 m5=0.116 p=0.202 cloud=PRE overlap=NO -> WARN
[EDGE-Z1-ENSEMBLE] CID:3 m1=0.659 m2=0.020 m3=0.000 m4=0.000 m5=0.104 p=0.198 cloud=PRE overlap=NO -> WARN
[EDGE-Z1-ENSEMBLE] CID:7 m1=0.666 m2=0.020 m3=0.000 m4=0.000 m5=0.109 p=0.200 cloud=PRE overlap=NO -> WARN
[EDGE-Z1-ENSEMBLE] CID:1 m1=0.675 m2=0.020 m3=0.000 m4=0.000 m5=0.107 p=0.202 cloud=PRE overlap=NO -> WARN
[EDGE-Z1-ENSEMBLE] CID:2 m1=0.681 m2=0.020 m3=0.000 m4=0.000 m5=0.112 p=0.205 cloud=PRE overlap=NO -> WARN
[EDGE-Z1-ENSEMBLE] CID:8 m1=0.670 m2=0.020 m3=0.000 m4=0.000 m5=0.112 p=0.202 cloud=PRE overlap=NO -> WARN
[EDGE-Z1-ENSEMBLE] CID:4 m1=0.659 m2=0.020 m3=0.000 m4=0.000 m5=0.025 p=0.187 cloud=PRE overlap=NO -> WARN
[EDGE-Z1-ENSEMBLE] CID:0 m1=0.666 m2=0.020 m3=0.000 m4=0.000 m5=0.109 p=0.200 cloud=PRE overlap=NO -> WARN
[EDGE-Z1-ENSEMBLE] CID:6 m1=0.677 m2=0.020 m3=0.000 m4=0.000 m5=0.118 p=0.204 cloud=PRE overlap=NO -> WARN
[EDGE-Z1-ENSEMBLE] CID:5 m1=0.677 m2=0.020 m3=0.000 m4=0.000 m5=0.116 p=0.204 cloud=PRE overlap=NO -> WARN
[EDGE-Z1-ENSEMBLE] CID:3 m1=0.670 m2=0.020 m3=0.000 m4=0.000 m5=0.106 p=0.201 cloud=PRE overlap=NO -> WARN
[EDGE-Z1-ENSEMBLE] CID:7 m1=0.679 m2=0.020 m3=0.000 m4=0.000 m5=0.109 p=0.204 cloud=PRE overlap=NO -> WARN
[EDGE-Z1-ENSEMBLE] CID:1 m1=0.672 m2=0.020 m3=0.000 m4=0.000 m5=0.109 p=0.202 cloud=PRE overlap=NO -> WARN
[EDGE-Z1-ENSEMBLE] CID:2 m1=0.655 m2=0.020 m3=0.000 m4=0.000 m5=0.111 p=0.197 cloud=PRE overlap=NO -> WARN
[EDGE-Z1-ENSEMBLE] CID:8 m1=0.681 m2=0.020 m3=0.000 m4=0.000 m5=0.114 p=0.205 cloud=PRE overlap=NO -> WARN
[EDGE-Z1-ENSEMBLE] CID:4 m1=0.675 m2=0.020 m3=0.000 m4=0.000 m5=0.056 p=0.195 cloud=PRE overlap=NO -> WARN
[EDGE-Z1-ENSEMBLE] CID:0 m1=0.681 m2=0.020 m3=0.000 m4=0.000 m5=0.112 p=0.205 cloud=PRE overlap=NO -> WARN
[EDGE-Z1-ENSEMBLE] CID:6 m1=0.663 m2=0.020 m3=0.000 m4=0.000 m5=0.116 p=0.200 cloud=PRE overlap=NO -> WARN
[EDGE-Z1-ENSEMBLE] CID:5 m1=0.679 m2=0.020 m3=0.000 m4=0.000 m5=0.115 p=0.205 cloud=PRE overlap=NO -> WARN
[EDGE-Z1-ENSEMBLE] CID:3 m1=0.681 m2=0.020 m3=0.000 m4=0.000 m5=0.108 p=0.204 cloud=PRE overlap=NO -> WARN
[EDGE-Z1-ENSEMBLE] CID:7 m1=0.672 m2=0.020 m3=0.000 m4=0.000 m5=0.112 p=0.202 cloud=PRE overlap=NO -> WARN
[EDGE-Z1-ENSEMBLE] CID:1 m1=0.666 m2=0.020 m3=0.000 m4=0.000 m5=0.108 p=0.200 cloud=PRE overlap=NO -> WARN
[EDGE-Z1-ENSEMBLE] CID:2 m1=0.683 m2=0.020 m3=0.000 m4=0.000 m5=0.113 p=0.205 cloud=PRE overlap=NO -> WARN
[EDGE-Z1-ENSEMBLE] CID:8 m1=0.675 m2=0.020 m3=0.000 m4=0.000 m5=0.115 p=0.203 cloud=PRE overlap=NO -> WARN
[EDGE-Z1-ENSEMBLE] CID:4 m1=0.683 m2=0.020 m3=0.000 m4=0.000 m5=0.086 p=0.202 cloud=PRE overlap=NO -> WARN
[EDGE-Z1-ENSEMBLE] CID:0 m1=0.670 m2=0.020 m3=0.000 m4=0.000 m5=0.111 p=0.201 cloud=PRE overlap=NO -> WARN
[EDGE-Z1-ENSEMBLE] CID:6 m1=0.672 m2=0.020 m3=0.000 m4=0.000 m5=0.114 p=0.203 cloud=PRE overlap=NO -> WARN
[EDGE-Z1-ENSEMBLE] CID:5 m1=0.672 m2=0.020 m3=0.000 m4=0.000 m5=0.113 p=0.202 cloud=PRE overlap=NO -> WARN
[EDGE-Z1-ENSEMBLE] CID:3 m1=0.659 m2=0.020 m3=0.000 m4=0.000 m5=0.107 p=0.198 cloud=PRE overlap=NO -> WARN
[EDGE-Z1-ENSEMBLE] CID:7 m1=0.675 m2=0.020 m3=0.000 m4=0.000 m5=0.112 p=0.203 cloud=PRE overlap=NO -> WARN
[EDGE-Z1-ENSEMBLE] CID:1 m1=0.659 m2=0.020 m3=0.000 m4=0.000 m5=0.107 p=0.198 cloud=PRE overlap=NO -> WARN
[EDGE-Z1-ENSEMBLE] CID:2 m1=0.675 m2=0.020 m3=0.000 m4=0.000 m5=0.112 p=0.203 cloud=PRE overlap=NO -> WARN
[EDGE-Z1-ENSEMBLE] CID:8 m1=0.679 m2=0.020 m3=0.000 m4=0.000 m5=0.114 p=0.204 cloud=PRE overlap=NO -> WARN
[EDGE-Z1-ENSEMBLE] CID:4 m1=0.670 m2=0.020 m3=0.000 m4=0.000 m5=0.113 p=0.202 cloud=PRE overlap=NO -> WARN
[EDGE-Z1-ENSEMBLE] CID:0 m1=0.679 m2=0.020 m3=0.000 m4=0.000 m5=0.113 p=0.204 cloud=PRE overlap=NO -> WARN
[EDGE-Z1-ENSEMBLE] CID:6 m1=0.666 m2=0.020 m3=0.000 m4=0.000 m5=0.112 p=0.201 cloud=PRE overlap=NO -> WARN
[EDGE-Z1-ENSEMBLE] CID:5 m1=0.666 m2=0.020 m3=0.000 m4=0.000 m5=0.112 p=0.201 cloud=PRE overlap=NO -> WARN
[EDGE-Z1-ENSEMBLE] CID:3 m1=0.659 m2=0.020 m3=0.000 m4=0.000 m5=0.106 p=0.198 cloud=PRE overlap=NO -> WARN
[EDGE-Z1-ENSEMBLE] CID:7 m1=0.675 m2=0.020 m3=0.000 m4=0.000 m5=0.113 p=0.203 cloud=PRE overlap=NO -> WARN
[EDGE-Z1-ENSEMBLE] CID:1 m1=0.670 m2=0.020 m3=0.000 m4=0.000 m5=0.108 p=0.201 cloud=PRE overlap=NO -> WARN
[EDGE-Z1-ENSEMBLE] CID:2 m1=0.675 m2=0.020 m3=0.000 m4=0.000 m5=0.114 p=0.203 cloud=PRE overlap=NO -> WARN
[EDGE-Z1-ENSEMBLE] CID:8 m1=0.675 m2=0.020 m3=0.000 m4=0.000 m5=0.116 p=0.204 cloud=PRE overlap=NO -> WARN
[EDGE-Z1-ENSEMBLE] CID:4 m1=0.677 m2=0.020 m3=0.000 m4=0.000 m5=0.113 p=0.204 cloud=PRE overlap=NO -> WARN
[EDGE-Z1-ENSEMBLE] CID:0 m1=0.670 m2=0.020 m3=0.000 m4=0.000 m5=0.113 p=0.202 cloud=PRE overlap=NO -> WARN
[EDGE-Z1-ENSEMBLE] CID:6 m1=0.659 m2=0.020 m3=0.000 m4=0.000 m5=0.107 p=0.198 cloud=PRE overlap=NO -> WARN
[EDGE-Z1-ENSEMBLE] CID:5 m1=0.666 m2=0.020 m3=0.000 m4=0.000 m5=0.112 p=0.201 cloud=PRE overlap=NO -> WARN
[EDGE-Z1-ENSEMBLE] CID:3 m1=0.666 m2=0.020 m3=0.000 m4=0.000 m5=0.107 p=0.200 cloud=PRE overlap=NO -> WARN
[EDGE-Z1-ENSEMBLE] CID:7 m1=0.672 m2=0.020 m3=0.000 m4=0.000 m5=0.114 p=0.203 cloud=PRE overlap=NO -> WARN
[EDGE-Z1-ENSEMBLE] CID:1 m1=0.670 m2=0.020 m3=0.000 m4=0.000 m5=0.107 p=0.201 cloud=PRE overlap=NO -> WARN
[EDGE-Z1-ENSEMBLE] CID:2 m1=0.670 m2=0.020 m3=0.000 m4=0.000 m5=0.112 p=0.202 cloud=PRE overlap=NO -> WARN
[EDGE-Z1-ENSEMBLE] CID:8 m1=0.666 m2=0.020 m3=0.000 m4=0.000 m5=0.115 p=0.201 cloud=PRE overlap=NO -> WARN
[EDGE-Z1-ENSEMBLE] CID:4 m1=0.683 m2=0.020 m3=0.000 m4=0.000 m5=0.118 p=0.206 cloud=PRE overlap=NO -> WARN
[EDGE-Z1-ENSEMBLE] CID:0 m1=0.663 m2=0.020 m3=0.000 m4=0.000 m5=0.112 p=0.200 cloud=PRE overlap=NO -> WARN
[EDGE-Z1-ENSEMBLE] CID:6 m1=0.666 m2=0.020 m3=0.000 m4=0.000 m5=0.105 p=0.200 cloud=PRE overlap=NO -> WARN
[EDGE-Z1-ENSEMBLE] CID:5 m1=0.677 m2=0.020 m3=0.000 m4=0.000 m5=0.112 p=0.204 cloud=PRE overlap=NO -> WARN
[EDGE-Z1-ENSEMBLE] CID:3 m1=0.681 m2=0.020 m3=0.000 m4=0.000 m5=0.110 p=0.204 cloud=PRE overlap=NO -> WARN
[EDGE-Z1-ENSEMBLE] CID:7 m1=0.672 m2=0.020 m3=0.000 m4=0.000 m5=0.112 p=0.202 cloud=PRE overlap=NO -> WARN
[EDGE-Z1-ENSEMBLE] CID:1 m1=0.675 m2=0.020 m3=0.000 m4=0.000 m5=0.107 p=0.202 cloud=PRE overlap=NO -> WARN
[EDGE-Z1-ENSEMBLE] CID:2 m1=0.663 m2=0.020 m3=0.000 m4=0.000 m5=0.113 p=0.200 cloud=PRE overlap=NO -> WARN
[EDGE-Z1-ENSEMBLE] CID:8 m1=0.655 m2=0.020 m3=0.000 m4=0.000 m5=0.110 p=0.197 cloud=PRE overlap=NO -> WARN
[EDGE-Z1-ENSEMBLE] CID:4 m1=0.679 m2=0.020 m3=0.000 m4=0.000 m5=0.119 p=0.205 cloud=PRE overlap=NO -> WARN
[EDGE-Z1-ENSEMBLE] CID:0 m1=0.679 m2=0.020 m3=0.000 m4=0.000 m5=0.112 p=0.204 cloud=PRE overlap=NO -> WARN
[EDGE-Z1-ENSEMBLE] CID:6 m1=0.663 m2=0.020 m3=0.000 m4=0.000 m5=0.105 p=0.199 cloud=PRE overlap=NO -> WARN
[EDGE-Z1-ENSEMBLE] CID:5 m1=0.655 m2=0.020 m3=0.000 m4=0.000 m5=0.107 p=0.197 cloud=PRE overlap=NO -> WARN
[EDGE-Z1-ENSEMBLE] CID:3 m1=0.675 m2=0.020 m3=0.000 m4=0.000 m5=0.108 p=0.202 cloud=PRE overlap=NO -> WARN
[EDGE-Z1-ENSEMBLE] CID:7 m1=0.659 m2=0.020 m3=0.000 m4=0.000 m5=0.110 p=0.198 cloud=PRE overlap=NO -> WARN
[EDGE-Z1-ENSEMBLE] CID:1 m1=0.659 m2=0.020 m3=0.000 m4=0.000 m5=0.106 p=0.198 cloud=PRE overlap=NO -> WARN
[EDGE-Z1-ENSEMBLE] CID:2 m1=0.681 m2=0.020 m3=0.000 m4=0.000 m5=0.112 p=0.205 cloud=PRE overlap=NO -> WARN
[EDGE-Z1-ENSEMBLE] CID:8 m1=0.663 m2=0.020 m3=0.000 m4=0.000 m5=0.108 p=0.199 cloud=PRE overlap=NO -> WARN
[EDGE-Z1-ENSEMBLE] CID:4 m1=0.670 m2=0.020 m3=0.000 m4=0.000 m5=0.116 p=0.202 cloud=PRE overlap=NO -> WARN
[EDGE-Z1-ENSEMBLE] CID:0 m1=0.000 m2=0.020 m3=0.000 m4=0.000 m5=0.056 p=0.011 cloud=PRE overlap=NO -> SAFE
[EDGE-Z1-ENSEMBLE] CID:6 m1=0.655 m2=0.020 m3=0.000 m4=0.000 m5=0.102 p=0.196 cloud=PRE overlap=NO -> WARN
[EDGE-Z1-ENSEMBLE] CID:5 m1=0.000 m2=0.020 m3=0.000 m4=0.000 m5=0.049 p=0.010 cloud=PRE overlap=NO -> SAFE
[EDGE-Z1-ENSEMBLE] CID:3 m1=0.672 m2=0.020 m3=0.000 m4=0.000 m5=0.111 p=0.202 cloud=PRE overlap=NO -> WARN
[EDGE-Z1-ENSEMBLE] CID:7 m1=0.679 m2=0.020 m3=0.000 m4=0.000 m5=0.111 p=0.204 cloud=PRE overlap=NO -> WARN
[EDGE-Z1-ENSEMBLE] CID:1 m1=0.666 m2=0.020 m3=0.000 m4=0.000 m5=0.107 p=0.200 cloud=PRE overlap=NO -> WARN
[EDGE-Z1-ENSEMBLE] CID:2 m1=0.655 m2=0.020 m3=0.000 m4=0.000 m5=0.109 p=0.197 cloud=PRE overlap=NO -> WARN
[EDGE-Z1-ENSEMBLE] CID:8 m1=0.672 m2=0.020 m3=0.000 m4=0.000 m5=0.106 p=0.201 cloud=PRE overlap=NO -> WARN
[EDGE-Z1-ENSEMBLE] CID:4 m1=0.666 m2=0.020 m3=0.000 m4=0.000 m5=0.115 p=0.201 cloud=PRE overlap=NO -> WARN
[EDGE-Z1-ENSEMBLE] CID:0 m1=0.000 m2=0.020 m3=0.000 m4=0.000 m5=0.000 p=0.000 cloud=PRE overlap=NO -> SAFE
[EDGE-Z1-ENSEMBLE] CID:6 m1=0.453 m2=0.020 m3=0.000 m4=0.000 m5=0.090 p=0.139 cloud=PRE overlap=NO -> SAFE
[EDGE-Z1-ENSEMBLE] CID:5 m1=0.389 m2=0.020 m3=0.000 m4=0.000 m5=0.036 p=0.110 cloud=PRE overlap=NO -> SAFE
[EDGE-Z1-ENSEMBLE] CID:3 m1=0.681 m2=0.020 m3=0.000 m4=0.000 m5=0.115 p=0.205 cloud=PRE overlap=NO -> WARN
[EDGE-Z1-ENSEMBLE] CID:7 m1=0.365 m2=0.020 m3=0.000 m4=0.000 m5=0.095 p=0.116 cloud=PRE overlap=NO -> SAFE
[EDGE-Z1-ENSEMBLE] CID:1 m1=0.672 m2=0.020 m3=0.000 m4=0.000 m5=0.108 p=0.202 cloud=PRE overlap=NO -> WARN
[EDGE-Z1-ENSEMBLE] CID:2 m1=0.675 m2=0.020 m3=0.000 m4=0.000 m5=0.109 p=0.203 cloud=PRE overlap=NO -> WARN
[EDGE-Z1-ENSEMBLE] CID:8 m1=0.675 m2=0.020 m3=0.000 m4=0.000 m5=0.106 p=0.202 cloud=PRE overlap=NO -> WARN
[EDGE-Z1-ENSEMBLE] CID:4 m1=0.663 m2=0.020 m3=0.000 m4=0.000 m5=0.112 p=0.200 cloud=PRE overlap=NO -> WARN
[EDGE-Z1-ENSEMBLE] CID:0 m1=0.000 m2=0.020 m3=0.000 m4=0.000 m5=0.000 p=0.000 cloud=PRE overlap=NO -> SAFE
[EDGE-Z1-ENSEMBLE] CID:6 m1=0.341 m2=0.020 m3=0.000 m4=0.000 m5=0.076 p=0.102 cloud=PRE overlap=NO -> SAFE
[EDGE-Z1-ENSEMBLE] CID:5 m1=0.453 m2=0.020 m3=0.000 m4=0.000 m5=0.023 p=0.120 cloud=PRE overlap=NO -> SAFE
[EDGE-Z1-ENSEMBLE] CID:3 m1=0.666 m2=0.020 m3=0.000 m4=0.000 m5=0.115 p=0.201 cloud=PRE overlap=NO -> WARN
[EDGE-Z1-ENSEMBLE] CID:7 m1=0.433 m2=0.020 m3=0.000 m4=0.000 m5=0.081 p=0.128 cloud=PRE overlap=NO -> SAFE
[EDGE-Z1-ENSEMBLE] CID:1 m1=0.433 m2=0.020 m3=0.000 m4=0.000 m5=0.094 p=0.134 cloud=PRE overlap=NO -> SAFE
[EDGE-Z1-ENSEMBLE] CID:2 m1=0.679 m2=0.020 m3=0.000 m4=0.000 m5=0.111 p=0.204 cloud=PRE overlap=NO -> WARN
[EDGE-Z1-ENSEMBLE] CID:8 m1=0.675 m2=0.020 m3=0.000 m4=0.000 m5=0.108 p=0.202 cloud=PRE overlap=NO -> WARN
[EDGE-Z1-ENSEMBLE] CID:4 m1=0.659 m2=0.020 m3=0.000 m4=0.000 m5=0.107 p=0.198 cloud=PRE overlap=NO -> WARN
[EDGE-Z1-ENSEMBLE] CID:0 m1=0.507 m2=0.020 m3=0.000 m4=0.000 m5=0.000 p=0.127 cloud=PRE overlap=NO -> SAFE
[EDGE-Z1-ENSEMBLE] CID:6 m1=0.389 m2=0.020 m3=0.000 m4=0.000 m5=0.062 p=0.108 cloud=PRE overlap=NO -> SAFE
[EDGE-Z1-ENSEMBLE] CID:5 m1=0.453 m2=0.020 m3=0.000 m4=0.000 m5=0.009 p=0.113 cloud=PRE overlap=NO -> SAFE
[EDGE-Z1-ENSEMBLE] CID:3 m1=0.681 m2=0.020 m3=0.000 m4=0.000 m5=0.115 p=0.205 cloud=PRE overlap=NO -> WARN
[EDGE-Z1-ENSEMBLE] CID:7 m1=0.453 m2=0.020 m3=0.000 m4=0.000 m5=0.068 p=0.126 cloud=PRE overlap=NO -> SAFE
[EDGE-Z1-ENSEMBLE] CID:1 m1=0.490 m2=0.020 m3=0.000 m4=0.000 m5=0.082 p=0.143 cloud=PRE overlap=NO -> SAFE
[EDGE-Z1-ENSEMBLE] CID:2 m1=0.472 m2=0.020 m3=0.000 m4=0.000 m5=0.100 p=0.146 cloud=PRE overlap=NO -> SAFE
[EDGE-Z1-ENSEMBLE] CID:8 m1=0.681 m2=0.020 m3=0.000 m4=0.000 m5=0.113 p=0.205 cloud=PRE overlap=NO -> WARN
[EDGE-Z1-ENSEMBLE] CID:4 m1=0.663 m2=0.020 m3=0.000 m4=0.000 m5=0.104 p=0.199 cloud=PRE overlap=NO -> WARN
[EDGE-Z1-ENSEMBLE] CID:0 m1=0.433 m2=0.020 m3=0.000 m4=0.000 m5=0.000 p=0.102 cloud=PRE overlap=NO -> SAFE
[EDGE-Z1-ENSEMBLE] CID:6 m1=0.389 m2=0.020 m3=0.000 m4=0.000 m5=0.049 p=0.101 cloud=PRE overlap=NO -> SAFE
[EDGE-Z1-ENSEMBLE] CID:5 m1=0.453 m2=0.020 m3=0.000 m4=0.000 m5=0.000 p=0.107 cloud=PRE overlap=NO -> SAFE
[EDGE-Z1-ENSEMBLE] CID:3 m1=0.679 m2=0.020 m3=0.000 m4=0.000 m5=0.116 p=0.205 cloud=PRE overlap=NO -> WARN
[EDGE-Z1-ENSEMBLE] CID:7 m1=0.433 m2=0.020 m3=0.000 m4=0.000 m5=0.056 p=0.114 cloud=PRE overlap=NO -> SAFE
[EDGE-Z1-ENSEMBLE] CID:1 m1=0.472 m2=0.020 m3=0.000 m4=0.000 m5=0.071 p=0.132 cloud=PRE overlap=NO -> SAFE
[EDGE-Z1-ENSEMBLE] CID:2 m1=0.341 m2=0.020 m3=0.000 m4=0.000 m5=0.082 p=0.103 cloud=PRE overlap=NO -> SAFE
[EDGE-Z1-ENSEMBLE] CID:8 m1=0.666 m2=0.020 m3=0.000 m4=0.000 m5=0.113 p=0.201 cloud=PRE overlap=NO -> WARN
[EDGE-Z1-ENSEMBLE] CID:4 m1=0.315 m2=0.020 m3=0.000 m4=0.000 m5=0.088 p=0.102 cloud=PRE overlap=NO -> SAFE
[EDGE-Z1-ENSEMBLE] CID:0 m1=0.365 m2=0.020 m3=0.000 m4=0.000 m5=0.000 p=0.078 cloud=PRE overlap=NO -> SAFE
[EDGE-Z1-ENSEMBLE] CID:6 m1=0.411 m2=0.020 m3=0.000 m4=0.000 m5=0.037 p=0.101 cloud=PRE overlap=NO -> SAFE
[EDGE-Z1-ENSEMBLE] CID:5 m1=0.507 m2=0.020 m3=0.000 m4=0.000 m5=0.044 p=0.123 cloud=PRE overlap=NO -> SAFE
[EDGE-Z1-ENSEMBLE] CID:3 m1=0.659 m2=0.020 m3=0.000 m4=0.000 m5=0.114 p=0.199 cloud=PRE overlap=NO -> WARN
[EDGE-Z1-ENSEMBLE] CID:7 m1=0.490 m2=0.020 m3=0.000 m4=0.000 m5=0.042 p=0.123 cloud=PRE overlap=NO -> SAFE
[EDGE-Z1-ENSEMBLE] CID:1 m1=0.341 m2=0.020 m3=0.000 m4=0.000 m5=0.056 p=0.089 cloud=PRE overlap=NO -> SAFE
[EDGE-Z1-ENSEMBLE] CID:2 m1=0.522 m2=0.020 m3=0.000 m4=0.000 m5=0.073 p=0.153 cloud=PRE overlap=NO -> WARN
[EDGE-Z1-ENSEMBLE] CID:8 m1=0.666 m2=0.020 m3=0.000 m4=0.000 m5=0.112 p=0.201 cloud=PRE overlap=NO -> WARN
[EDGE-Z1-ENSEMBLE] CID:4 m1=0.507 m2=0.020 m3=0.000 m4=0.000 m5=0.077 p=0.151 cloud=PRE overlap=NO -> WARN
[EDGE-Z1-ENSEMBLE] CID:0 m1=0.341 m2=0.020 m3=0.000 m4=0.000 m5=0.000 p=0.067 cloud=PRE overlap=NO -> SAFE
[EDGE-Z1-ENSEMBLE] CID:6 m1=0.411 m2=0.020 m3=0.000 m4=0.000 m5=0.036 p=0.096 cloud=PRE overlap=NO -> SAFE
[EDGE-Z1-ENSEMBLE] CID:5 m1=0.389 m2=0.020 m3=0.000 m4=0.000 m5=0.044 p=0.086 cloud=PRE overlap=NO -> SAFE
[EDGE-Z1-ENSEMBLE] CID:3 m1=0.675 m2=0.020 m3=0.000 m4=0.000 m5=0.112 p=0.203 cloud=PRE overlap=NO -> WARN
[EDGE-Z1-ENSEMBLE] CID:7 m1=0.472 m2=0.020 m3=0.000 m4=0.000 m5=0.045 p=0.113 cloud=PRE overlap=NO -> SAFE
[EDGE-Z1-ENSEMBLE] CID:1 m1=0.341 m2=0.020 m3=0.000 m4=0.000 m5=0.041 p=0.082 cloud=PRE overlap=NO -> SAFE
[EDGE-Z1-ENSEMBLE] CID:2 m1=0.472 m2=0.020 m3=0.000 m4=0.000 m5=0.061 p=0.141 cloud=PRE overlap=NO -> SAFE
[EDGE-Z1-ENSEMBLE] CID:8 m1=0.663 m2=0.020 m3=0.000 m4=0.000 m5=0.111 p=0.200 cloud=PRE overlap=NO -> WARN
[EDGE-Z1-ENSEMBLE] CID:4 m1=0.389 m2=0.020 m3=0.000 m4=0.000 m5=0.064 p=0.118 cloud=PRE overlap=NO -> SAFE
[EDGE-Z1-ENSEMBLE] CID:0 m1=0.315 m2=0.020 m3=0.040 m4=0.000 m5=0.038 p=0.069 cloud=PRE overlap=NO -> SAFE
[EDGE-Z1-ENSEMBLE] CID:6 m1=0.453 m2=0.020 m3=0.040 m4=0.000 m5=0.039 p=0.112 cloud=PRE overlap=NO -> SAFE
[EDGE-Z1-ENSEMBLE] CID:5 m1=0.490 m2=0.020 m3=0.040 m4=0.000 m5=0.046 p=0.140 cloud=PRE overlap=NO -> SAFE
[EDGE-Z1-ENSEMBLE] CID:3 m1=0.675 m2=0.020 m3=0.000 m4=0.000 m5=0.114 p=0.203 cloud=PRE overlap=NO -> WARN
[EDGE-Z1-ENSEMBLE] CID:7 m1=0.411 m2=0.020 m3=0.040 m4=0.000 m5=0.045 p=0.101 cloud=PRE overlap=NO -> SAFE
[EDGE-Z1-ENSEMBLE] CID:1 m1=0.341 m2=0.020 m3=0.000 m4=0.000 m5=0.039 p=0.077 cloud=PRE overlap=NO -> SAFE
[EDGE-Z1-ENSEMBLE] CID:2 m1=0.453 m2=0.020 m3=0.000 m4=0.000 m5=0.046 p=0.128 cloud=PRE overlap=NO -> SAFE
[EDGE-Z1-ENSEMBLE] CID:8 m1=0.659 m2=0.020 m3=0.000 m4=0.000 m5=0.108 p=0.198 cloud=PRE overlap=NO -> WARN
[EDGE-Z1-ENSEMBLE] CID:4 m1=0.490 m2=0.020 m3=0.000 m4=0.000 m5=0.055 p=0.140 cloud=PRE overlap=NO -> SAFE
[EDGE-Z1-ENSEMBLE] CID:0 m1=0.389 m2=0.020 m3=0.040 m4=0.000 m5=0.035 p=0.084 cloud=PRE overlap=NO -> SAFE
[EDGE-Z1-ENSEMBLE] CID:6 m1=0.288 m2=0.020 m3=0.550 m4=0.000 m5=0.038 p=0.200 cloud=PRE overlap=NO -> WARN
[EDGE-Z1-ENSEMBLE] CID:5 m1=0.433 m2=0.020 m3=0.550 m4=0.000 m5=0.046 p=0.239 cloud=PRE overlap=NO -> WARN
[EDGE-Z1-ENSEMBLE] CID:3 m1=0.677 m2=0.020 m3=0.000 m4=0.000 m5=0.114 p=0.204 cloud=PRE overlap=NO -> WARN
[EDGE-Z1-ENSEMBLE] CID:7 m1=0.365 m2=0.020 m3=0.550 m4=0.000 m5=0.043 p=0.222 cloud=PRE overlap=NO -> WARN
[EDGE-Z1-ENSEMBLE] CID:1 m1=0.507 m2=0.020 m3=0.040 m4=0.000 m5=0.040 p=0.146 cloud=PRE overlap=NO -> SAFE
[EDGE-Z1-ENSEMBLE] CID:2 m1=0.411 m2=0.020 m3=0.000 m4=0.000 m5=0.045 p=0.112 cloud=PRE overlap=NO -> SAFE
[EDGE-Z1-ENSEMBLE] CID:8 m1=0.670 m2=0.020 m3=0.000 m4=0.000 m5=0.106 p=0.201 cloud=PRE overlap=NO -> WARN
[EDGE-Z1-ENSEMBLE] CID:4 m1=0.490 m2=0.020 m3=0.000 m4=0.000 m5=0.045 p=0.133 cloud=PRE overlap=NO -> SAFE
[EDGE-Z1-ENSEMBLE] CID:0 m1=0.411 m2=0.020 m3=0.040 m4=0.000 m5=0.035 p=0.085 cloud=PRE overlap=NO -> SAFE
[EDGE-Z1-ENSEMBLE] CID:6 m1=0.453 m2=0.020 m3=0.550 m4=0.000 m5=0.040 p=0.258 cloud=PRE overlap=NO -> WARN
[EDGE-Z1-ENSEMBLE] CID:5 m1=0.341 m2=0.020 m3=0.550 m4=0.000 m5=0.044 p=0.228 cloud=PRE overlap=NO -> WARN
[EDGE-Z1-ENSEMBLE] CID:3 m1=0.663 m2=0.020 m3=0.000 m4=0.000 m5=0.111 p=0.200 cloud=PRE overlap=NO -> WARN
[EDGE-Z1-ENSEMBLE] CID:7 m1=0.389 m2=0.020 m3=0.550 m4=0.000 m5=0.043 p=0.241 cloud=PRE overlap=NO -> WARN
[EDGE-Z1-ENSEMBLE] CID:1 m1=0.315 m2=0.020 m3=0.550 m4=0.000 m5=0.037 p=0.207 cloud=PRE overlap=NO -> WARN
[EDGE-Z1-ENSEMBLE] CID:2 m1=0.315 m2=0.020 m3=0.000 m4=0.000 m5=0.045 p=0.081 cloud=PRE overlap=NO -> SAFE
[EDGE-Z1-ENSEMBLE] CID:8 m1=0.666 m2=0.020 m3=0.000 m4=0.000 m5=0.107 p=0.200 cloud=PRE overlap=NO -> WARN
[EDGE-Z1-ENSEMBLE] CID:4 m1=0.472 m2=0.020 m3=0.040 m4=0.000 m5=0.049 p=0.133 cloud=PRE overlap=NO -> SAFE
[EDGE-Z1-ENSEMBLE] CID:0 m1=0.472 m2=0.020 m3=0.550 m4=0.000 m5=0.038 p=0.245 cloud=PRE overlap=NO -> WARN
[EDGE-Z1-ENSEMBLE] CID:6 m1=0.315 m2=0.020 m3=0.550 m4=0.000 m5=0.038 p=0.220 cloud=PRE overlap=NO -> WARN
[EDGE-Z1-ENSEMBLE] CID:5 m1=0.453 m2=0.020 m3=0.550 m4=0.000 m5=0.043 p=0.258 cloud=PRE overlap=NO -> WARN
[EDGE-Z1-ENSEMBLE] CID:3 m1=0.651 m2=0.020 m3=0.000 m4=0.000 m5=0.111 p=0.196 cloud=PRE overlap=NO -> WARN
[EDGE-Z1-ENSEMBLE] CID:7 m1=0.507 m2=0.020 m3=0.550 m4=0.000 m5=0.044 p=0.273 cloud=PRE overlap=NO -> WARN
[EDGE-Z1-ENSEMBLE] CID:1 m1=0.433 m2=0.020 m3=0.550 m4=0.000 m5=0.039 p=0.252 cloud=PRE overlap=NO -> WARN
[EDGE-Z1-ENSEMBLE] CID:2 m1=0.453 m2=0.020 m3=0.550 m4=0.000 m5=0.043 p=0.251 cloud=PRE overlap=NO -> WARN
[EDGE-Z1-ENSEMBLE] CID:8 m1=0.679 m2=0.020 m3=0.000 m4=0.000 m5=0.110 p=0.204 cloud=PRE overlap=NO -> WARN
[EDGE-Z1-ENSEMBLE] CID:4 m1=0.490 m2=0.020 m3=0.550 m4=0.000 m5=0.049 p=0.262 cloud=PRE overlap=NO -> WARN
[EDGE-Z1-ENSEMBLE] CID:0 m1=0.490 m2=0.020 m3=0.550 m4=0.000 m5=0.043 p=0.268 cloud=PRE overlap=NO -> WARN
[EDGE-Z1-ENSEMBLE] CID:6 m1=0.341 m2=0.020 m3=0.550 m4=0.000 m5=0.037 p=0.227 cloud=PRE overlap=NO -> WARN
[EDGE-Z1-ENSEMBLE] CID:5 m1=0.365 m2=0.020 m3=0.550 m4=0.000 m5=0.043 p=0.234 cloud=PRE overlap=NO -> WARN
[EDGE-Z1-ENSEMBLE] CID:3 m1=0.000 m2=0.020 m3=0.000 m4=0.000 m5=0.053 p=0.011 cloud=PRE overlap=NO -> SAFE
[EDGE-Z1-ENSEMBLE] CID:7 m1=0.389 m2=0.020 m3=0.550 m4=0.000 m5=0.042 p=0.240 cloud=PRE overlap=NO -> WARN
[EDGE-Z1-ENSEMBLE] CID:1 m1=0.453 m2=0.020 m3=0.550 m4=0.000 m5=0.042 p=0.258 cloud=PRE overlap=NO -> WARN
[EDGE-Z1-ENSEMBLE] CID:2 m1=0.389 m2=0.020 m3=0.550 m4=0.000 m5=0.041 p=0.240 cloud=PRE overlap=NO -> WARN
[VEREMI-EVIDENCE] Z1 CID:8 mode=hard_only old_p=0.011 p_veremi=0.350 p_edge=0.011 streak=1 reasons=speed_pos_claimed details={'speed_err': 9.1, 'derived_speed': 24.4}
[EDGE-Z1-ENSEMBLE] CID:8 m1=0.000 m2=0.020 m3=0.000 m4=0.000 m5=0.057 p=0.011 cloud=PRE overlap=NO -> SAFE
[EDGE-Z1] HANDOVER OK   CID:0    --> Z2  verdict=WARN
[EDGE-Z1] HANDOVER_TRIGGER complete  CID:0     alpha=2.00  beta=1.00
[EDGE-Z1] HANDOVER OK   CID:1    --> Z2  verdict=WARN
[EDGE-Z1] HANDOVER_TRIGGER complete  CID:1     alpha=2.00  beta=1.00
[EDGE-Z1] HANDOVER OK   CID:2    --> Z2  verdict=WARN
[EDGE-Z1] HANDOVER_TRIGGER complete  CID:2     alpha=2.00  beta=1.00
[EDGE-Z1] HANDOVER OK   CID:3    --> Z2  verdict=SAFE
[EDGE-Z1] HANDOVER_TRIGGER complete  CID:3     alpha=2.00  beta=1.00
[EDGE-Z1] HANDOVER OK   CID:4    --> Z2  verdict=WARN
[EDGE-Z1] HANDOVER_TRIGGER complete  CID:4     alpha=2.00  beta=1.00
[EDGE-Z1] HANDOVER OK   CID:6    --> Z2  verdict=WARN
[EDGE-Z1] HANDOVER_TRIGGER complete  CID:6     alpha=2.00  beta=1.00
[EDGE-Z1] HANDOVER OK   CID:5    --> Z2  verdict=WARN
[EDGE-Z1] HANDOVER_TRIGGER complete  CID:5     alpha=2.00  beta=1.00
[EDGE-Z1] HANDOVER OK   CID:7    --> Z2  verdict=WARN
[EDGE-Z1] HANDOVER_TRIGGER complete  CID:7     alpha=2.00  beta=1.00
[EDGE-Z1] HANDOVER OK   CID:8    --> Z2  verdict=SAFE
[EDGE-Z1] HANDOVER_TRIGGER complete  CID:8     alpha=2.00  beta=1.00
[EDGE-Z1] HANDOVER OK   CID:9    --> Z2  verdict=SAFE
[EDGE-Z1] HANDOVER_TRIGGER complete  CID:9     alpha=2.00  beta=1.00
[EDGE-Z1-ENSEMBLE] CID:4 m1=0.453 m2=0.020 m3=0.550 m4=0.000 m5=0.051 p=0.259 cloud=PRE overlap=NO -> WARN
[EDGE-Z1-ENSEMBLE] CID:0 m1=0.315 m2=0.020 m3=0.550 m4=0.000 m5=0.043 p=0.220 cloud=PRE overlap=NO -> WARN
[EDGE-Z1-ENSEMBLE] CID:6 m1=0.433 m2=0.020 m3=0.550 m4=0.000 m5=0.037 p=0.252 cloud=PRE overlap=NO -> WARN
[EDGE-Z1-ENSEMBLE] CID:5 m1=0.389 m2=0.020 m3=0.550 m4=0.000 m5=0.040 p=0.240 cloud=PRE overlap=NO -> WARN
[EDGE-Z1-ENSEMBLE] CID:3 m1=0.000 m2=0.020 m3=0.000 m4=0.000 m5=0.000 p=0.000 cloud=PRE overlap=NO -> SAFE
[EDGE-Z1-ENSEMBLE] CID:7 m1=0.433 m2=0.020 m3=0.550 m4=0.000 m5=0.043 p=0.253 cloud=PRE overlap=NO -> WARN
[EDGE-Z1-ENSEMBLE] CID:1 m1=0.365 m2=0.020 m3=0.550 m4=0.000 m5=0.043 p=0.234 cloud=PRE overlap=NO -> WARN
[EDGE-Z1-ENSEMBLE] CID:2 m1=0.433 m2=0.020 m3=0.550 m4=0.000 m5=0.041 p=0.252 cloud=PRE overlap=NO -> WARN
[EDGE-Z1-ENSEMBLE] CID:8 m1=0.000 m2=0.020 m3=0.000 m4=0.000 m5=0.002 p=0.000 cloud=PRE overlap=NO -> SAFE
[EDGE-Z1] Signal 15 — shutting down...
[EDGE-Z1] Saving metrics before exit...

================================================================
 EDGE-AI METRICS v90-multiuav  ZONE:1  V2X-EXP-MULTIUAV
================================================================
 Packets processed    : 524
 SAFE / WARN / BAN    : 309 / 215 / 0
 Confirmed banned CIDs: []
 Handover state loaded: 0 CIDs
----------------------------------------------------------------
  CID0   first flagged at sim_ts=12.025s
  CID1   first flagged at sim_ts=14.384s
  CID2   first flagged at sim_ts=16.424s
  CID3   first flagged at sim_ts=18.844s
  CID4   first flagged at sim_ts=20.004s
  CID5   first flagged at sim_ts=12.096s
  CID6   first flagged at sim_ts=14.086s
  CID7   first flagged at sim_ts=16.346s
  CID8   first flagged at sim_ts=17.936s
----------------------------------------------------------------
 Final weights: W1=0.273 W2=0.182 W3=0.227 W4=0.182 W5=0.136
================================================================

[EDGE-AI] Metrics saved -> logs/edge_ai_z1_metrics_20260719_060631.json
