================================================================
 EDGE AI SERVER v90-multiuav -- Zone 1
================================================================
[EDGE-Z1] Port              : 9999
[EDGE-Z1] Coordinator       : 127.0.0.1:9997
[EDGE-Z1] ZONE_SAFE=0.15  ZONE_MALICIOUS=0.30  NASH_P*=0.4000
[EDGE-Z1] Weights: W1=0.27 W2=0.18 W3=0.23 W4=0.18 W5=0.14
[EDGE-Z1] LEARNING_RATE=0.000  W_MIN=0.05  NASH_BAN_CONFIRM_K=1
[CLOUD-DELAY] RTT=400ms  pre-cloud-pkts=4
[EDGE-AI] Config snapshot saved -> logs/edge_ai_z1_config_20260715_105136.json
[EDGE-Z1] Ready on port 9999

[EDGE-Z1-ENSEMBLE] CID:15 m1=0.000 m2=0.020 m3=0.000 m4=0.000 m5=0.000 p=0.004 cloud=PRE overlap=NO -> SAFE
[EDGE-Z1-ENSEMBLE] CID:12 m1=0.000 m2=0.020 m3=0.000 m4=0.000 m5=0.000 p=0.004 cloud=PRE overlap=NO -> SAFE
[EDGE-Z1-ENSEMBLE] CID:24 m1=0.000 m2=0.020 m3=0.000 m4=0.000 m5=0.000 p=0.004 cloud=PRE overlap=NO -> SAFE
[EDGE-Z1-ENSEMBLE] CID:28 m1=0.000 m2=0.020 m3=0.000 m4=0.000 m5=0.000 p=0.004 cloud=PRE overlap=NO -> SAFE
[EDGE-Z1-ENSEMBLE] CID:16 m1=0.000 m2=0.020 m3=0.000 m4=0.000 m5=0.000 p=0.004 cloud=PRE overlap=NO -> SAFE
[EDGE-Z1-ENSEMBLE] CID:1 m1=0.000 m2=0.020 m3=0.000 m4=0.000 m5=0.000 p=0.004 cloud=PRE overlap=NO -> SAFE
[EDGE-Z1-ENSEMBLE] CID:18 m1=0.000 m2=0.020 m3=0.000 m4=0.000 m5=0.000 p=0.004 cloud=PRE overlap=NO -> SAFE
[EDGE-Z1-ENSEMBLE] CID:4 m1=0.000 m2=0.020 m3=0.000 m4=0.000 m5=0.000 p=0.004 cloud=PRE overlap=NO -> SAFE
[EDGE-Z1-ENSEMBLE] CID:6 m1=0.000 m2=0.020 m3=0.000 m4=0.000 m5=0.000 p=0.004 cloud=PRE overlap=NO -> SAFE
[EDGE-Z1-ENSEMBLE] CID:21 m1=0.000 m2=0.020 m3=0.000 m4=0.000 m5=0.000 p=0.004 cloud=PRE overlap=NO -> SAFE
[EDGE-Z1-ENSEMBLE] CID:11 m1=0.000 m2=0.020 m3=0.000 m4=0.000 m5=0.000 p=0.004 cloud=PRE overlap=NO -> SAFE
[EDGE-Z1-ENSEMBLE] CID:17 m1=0.000 m2=0.020 m3=0.000 m4=0.000 m5=0.000 p=0.004 cloud=PRE overlap=NO -> SAFE
[EDGE-Z1-ENSEMBLE] CID:0 m1=0.000 m2=0.020 m3=0.000 m4=0.000 m5=0.000 p=0.004 cloud=PRE overlap=NO -> SAFE
[EDGE-Z1-ENSEMBLE] CID:8 m1=0.000 m2=0.020 m3=0.000 m4=0.000 m5=0.000 p=0.004 cloud=PRE overlap=NO -> SAFE
[EDGE-Z1-ENSEMBLE] CID:15 m1=0.000 m2=0.020 m3=0.000 m4=0.000 m5=0.000 p=0.000 cloud=PRE overlap=NO -> SAFE
[EDGE-Z1-ENSEMBLE] CID:29 m1=0.000 m2=0.020 m3=0.000 m4=0.000 m5=0.000 p=0.004 cloud=PRE overlap=NO -> SAFE
[EDGE-Z1-ENSEMBLE] CID:19 m1=0.000 m2=0.020 m3=0.000 m4=0.000 m5=0.000 p=0.004 cloud=PRE overlap=NO -> SAFE
[EDGE-Z1-ENSEMBLE] CID:5 m1=0.000 m2=0.020 m3=0.000 m4=0.000 m5=0.000 p=0.004 cloud=PRE overlap=NO -> SAFE
[EDGE-Z1-ENSEMBLE] CID:3 m1=0.000 m2=0.020 m3=0.000 m4=0.000 m5=0.000 p=0.004 cloud=PRE overlap=NO -> SAFE
[EDGE-Z1-ENSEMBLE] CID:2 m1=0.000 m2=0.020 m3=0.000 m4=0.000 m5=0.000 p=0.004 cloud=PRE overlap=NO -> SAFE
[EDGE-Z1-ENSEMBLE] CID:12 m1=0.000 m2=0.020 m3=0.000 m4=0.000 m5=0.000 p=0.000 cloud=PRE overlap=NO -> SAFE
[EDGE-Z1-ENSEMBLE] CID:14 m1=0.000 m2=0.020 m3=0.000 m4=0.000 m5=0.000 p=0.004 cloud=PRE overlap=NO -> SAFE
[EDGE-Z1-ENSEMBLE] CID:24 m1=0.000 m2=0.020 m3=0.000 m4=0.000 m5=0.000 p=0.000 cloud=PRE overlap=NO -> SAFE
[EDGE-Z1-ENSEMBLE] CID:28 m1=0.000 m2=0.020 m3=0.000 m4=0.000 m5=0.000 p=0.000 cloud=PRE overlap=NO -> SAFE
[EDGE-Z1-ENSEMBLE] CID:13 m1=0.000 m2=0.020 m3=0.000 m4=0.000 m5=0.000 p=0.004 cloud=PRE overlap=NO -> SAFE
[EDGE-Z1-ENSEMBLE] CID:27 m1=0.000 m2=0.020 m3=0.000 m4=0.000 m5=0.000 p=0.004 cloud=PRE overlap=NO -> SAFE
[EDGE-Z1-ENSEMBLE] CID:26 m1=0.000 m2=0.020 m3=0.000 m4=0.000 m5=0.000 p=0.004 cloud=PRE overlap=NO -> SAFE
[EDGE-Z1-ENSEMBLE] CID:16 m1=0.000 m2=0.020 m3=0.000 m4=0.000 m5=0.000 p=0.000 cloud=PRE overlap=NO -> SAFE
[EDGE-Z1-ENSEMBLE] CID:25 m1=0.000 m2=0.020 m3=0.000 m4=0.000 m5=0.000 p=0.004 cloud=PRE overlap=NO -> SAFE
[EDGE-Z1-ENSEMBLE] CID:1 m1=0.000 m2=0.020 m3=0.000 m4=0.000 m5=0.000 p=0.000 cloud=PRE overlap=NO -> SAFE
[EDGE-Z1-ENSEMBLE] CID:23 m1=0.000 m2=0.020 m3=0.000 m4=0.000 m5=0.000 p=0.004 cloud=PRE overlap=NO -> SAFE
[EDGE-Z1-ENSEMBLE] CID:9 m1=0.000 m2=0.020 m3=0.000 m4=0.000 m5=0.000 p=0.004 cloud=PRE overlap=NO -> SAFE
[EDGE-Z1-ENSEMBLE] CID:18 m1=0.000 m2=0.020 m3=0.000 m4=0.000 m5=0.000 p=0.000 cloud=PRE overlap=NO -> SAFE
[EDGE-Z1-ENSEMBLE] CID:10 m1=0.000 m2=0.020 m3=0.000 m4=0.000 m5=0.000 p=0.004 cloud=PRE overlap=NO -> SAFE
[EDGE-Z1-ENSEMBLE] CID:22 m1=0.000 m2=0.020 m3=0.000 m4=0.000 m5=0.000 p=0.004 cloud=PRE overlap=NO -> SAFE
[EDGE-Z1-ENSEMBLE] CID:4 m1=0.000 m2=0.020 m3=0.000 m4=0.000 m5=0.000 p=0.000 cloud=PRE overlap=NO -> SAFE
[EDGE-Z1-ENSEMBLE] CID:7 m1=0.000 m2=0.020 m3=0.000 m4=0.000 m5=0.000 p=0.004 cloud=PRE overlap=NO -> SAFE
[EDGE-Z1-ENSEMBLE] CID:6 m1=0.000 m2=0.020 m3=0.000 m4=0.000 m5=0.000 p=0.000 cloud=PRE overlap=NO -> SAFE
[EDGE-Z1-ENSEMBLE] CID:21 m1=0.000 m2=0.020 m3=0.000 m4=0.000 m5=0.000 p=0.000 cloud=PRE overlap=NO -> SAFE
[EDGE-Z1-ENSEMBLE] CID:11 m1=0.000 m2=0.020 m3=0.000 m4=0.000 m5=0.000 p=0.000 cloud=PRE overlap=NO -> SAFE
[EDGE-Z1-ENSEMBLE] CID:17 m1=0.000 m2=0.020 m3=0.000 m4=0.000 m5=0.000 p=0.000 cloud=PRE overlap=NO -> SAFE
[EDGE-Z1-ENSEMBLE] CID:0 m1=0.000 m2=0.020 m3=0.000 m4=0.000 m5=0.000 p=0.000 cloud=PRE overlap=NO -> SAFE
[EDGE-Z1-ENSEMBLE] CID:8 m1=0.000 m2=0.020 m3=0.000 m4=0.000 m5=0.000 p=0.000 cloud=PRE overlap=NO -> SAFE
[EDGE-Z1-ENSEMBLE] CID:15 m1=0.000 m2=0.020 m3=0.000 m4=0.000 m5=0.000 p=0.000 cloud=PRE overlap=NO -> SAFE
[EDGE-Z1-ENSEMBLE] CID:29 m1=0.000 m2=0.020 m3=0.000 m4=0.000 m5=0.000 p=0.000 cloud=PRE overlap=NO -> SAFE
[EDGE-Z1-ENSEMBLE] CID:19 m1=0.000 m2=0.020 m3=0.000 m4=0.000 m5=0.000 p=0.000 cloud=PRE overlap=NO -> SAFE
[EDGE-Z1-ENSEMBLE] CID:5 m1=0.000 m2=0.020 m3=0.000 m4=0.000 m5=0.000 p=0.000 cloud=PRE overlap=NO -> SAFE
[EDGE-Z1-ENSEMBLE] CID:3 m1=0.000 m2=0.020 m3=0.000 m4=0.000 m5=0.000 p=0.000 cloud=PRE overlap=NO -> SAFE
[EDGE-Z1-ENSEMBLE] CID:2 m1=0.000 m2=0.020 m3=0.000 m4=0.000 m5=0.000 p=0.000 cloud=PRE overlap=NO -> SAFE
[VEREMI-EVIDENCE] Z1 CID:12 mode=guarded old_p=0.519 p_veremi=0.350 p_edge=0.519 streak=1 reasons=ts_nonmonotonic details={'ts': 2.624, 'max_ts': 2.624}
[EDGE-Z1-ENSEMBLE] CID:12 m1=0.315 m2=0.768 m3=0.650 m4=0.800 m5=0.000 p=0.519 cloud=PRE overlap=NO -> BAN
[EDGE-Z1-ENSEMBLE] CID:14 m1=0.000 m2=0.020 m3=0.000 m4=0.000 m5=0.000 p=0.000 cloud=PRE overlap=NO -> SAFE
[VEREMI-EVIDENCE] Z1 CID:24 mode=guarded old_p=0.519 p_veremi=0.350 p_edge=0.519 streak=1 reasons=ts_nonmonotonic details={'ts': 2.678, 'max_ts': 2.678}
[EDGE-Z1-ENSEMBLE] CID:24 m1=0.315 m2=0.768 m3=0.650 m4=0.800 m5=0.000 p=0.519 cloud=PRE overlap=NO -> BAN
[EDGE-Z1-ENSEMBLE] CID:28 m1=0.000 m2=0.020 m3=0.000 m4=0.000 m5=0.000 p=0.000 cloud=PRE overlap=NO -> SAFE
[EDGE-Z1-ENSEMBLE] CID:13 m1=0.000 m2=0.020 m3=0.000 m4=0.000 m5=0.000 p=0.000 cloud=PRE overlap=NO -> SAFE
[EDGE-Z1-ENSEMBLE] CID:27 m1=0.000 m2=0.020 m3=0.000 m4=0.000 m5=0.000 p=0.000 cloud=PRE overlap=NO -> SAFE
[EDGE-Z1-ENSEMBLE] CID:26 m1=0.000 m2=0.020 m3=0.000 m4=0.000 m5=0.000 p=0.000 cloud=PRE overlap=NO -> SAFE
[EDGE-CALIB] Received calibration: attack=none conf=0.00
[EDGE-CALIB] Confidence 0.00 < 0.50 — ignoring
[EDGE-Z1-ENSEMBLE] CID:16 m1=0.000 m2=0.020 m3=0.000 m4=0.000 m5=0.000 p=0.000 cloud=PRE overlap=NO -> SAFE
[EDGE-Z1-ENSEMBLE] CID:25 m1=0.000 m2=0.020 m3=0.000 m4=0.000 m5=0.000 p=0.000 cloud=PRE overlap=NO -> SAFE
[VEREMI-EVIDENCE] Z1 CID:1 mode=guarded old_p=0.519 p_veremi=0.350 p_edge=0.519 streak=1 reasons=ts_nonmonotonic details={'ts': 2.82, 'max_ts': 2.82}
[EDGE-Z1-ENSEMBLE] CID:1 m1=0.315 m2=0.768 m3=0.650 m4=0.800 m5=0.000 p=0.519 cloud=PRE overlap=NO -> BAN
[EDGE-Z1-ENSEMBLE] CID:23 m1=0.000 m2=0.020 m3=0.000 m4=0.000 m5=0.000 p=0.000 cloud=PRE overlap=NO -> SAFE
[EDGE-Z1-ENSEMBLE] CID:9 m1=0.000 m2=0.020 m3=0.000 m4=0.000 m5=0.000 p=0.000 cloud=PRE overlap=NO -> SAFE
[VEREMI-EVIDENCE] Z1 CID:18 mode=guarded old_p=0.519 p_veremi=0.350 p_edge=0.519 streak=1 reasons=ts_nonmonotonic details={'ts': 2.846, 'max_ts': 2.846}
[EDGE-Z1-ENSEMBLE] CID:18 m1=0.315 m2=0.768 m3=0.650 m4=0.800 m5=0.000 p=0.519 cloud=PRE overlap=NO -> BAN
[EDGE-Z1-ENSEMBLE] CID:10 m1=0.000 m2=0.020 m3=0.000 m4=0.000 m5=0.000 p=0.000 cloud=PRE overlap=NO -> SAFE
[EDGE-Z1-ENSEMBLE] CID:22 m1=0.000 m2=0.020 m3=0.000 m4=0.000 m5=0.000 p=0.000 cloud=PRE overlap=NO -> SAFE
[EDGE-Z1-ENSEMBLE] CID:4 m1=0.000 m2=0.020 m3=0.000 m4=0.000 m5=0.000 p=0.000 cloud=PRE overlap=NO -> SAFE
[EDGE-Z1-ENSEMBLE] CID:7 m1=0.000 m2=0.020 m3=0.000 m4=0.000 m5=0.000 p=0.000 cloud=PRE overlap=NO -> SAFE
[EDGE-Z1-ENSEMBLE] CID:20 m1=0.000 m2=0.020 m3=0.000 m4=0.000 m5=0.000 p=0.004 cloud=PRE overlap=NO -> SAFE
[EDGE-Z1-ENSEMBLE] CID:6 m1=0.000 m2=0.020 m3=0.000 m4=0.000 m5=0.000 p=0.000 cloud=PRE overlap=NO -> SAFE
[EDGE-Z1-ENSEMBLE] CID:21 m1=0.000 m2=0.020 m3=0.000 m4=0.000 m5=0.000 p=0.000 cloud=PRE overlap=NO -> SAFE
[VEREMI-EVIDENCE] Z1 CID:11 mode=guarded old_p=0.519 p_veremi=0.350 p_edge=0.519 streak=1 reasons=ts_nonmonotonic details={'ts': 2.964, 'max_ts': 2.964}
[EDGE-Z1-ENSEMBLE] CID:11 m1=0.315 m2=0.768 m3=0.650 m4=0.800 m5=0.000 p=0.519 cloud=PRE overlap=NO -> BAN
[EDGE-Z1-ENSEMBLE] CID:17 m1=0.000 m2=0.020 m3=0.000 m4=0.000 m5=0.000 p=0.000 cloud=PRE overlap=NO -> SAFE
[VEREMI-EVIDENCE] Z1 CID:0 mode=guarded old_p=0.519 p_veremi=0.350 p_edge=0.519 streak=1 reasons=ts_nonmonotonic details={'ts': 3.01, 'max_ts': 3.01}
[EDGE-Z1-ENSEMBLE] CID:0 m1=0.315 m2=0.767 m3=0.650 m4=0.800 m5=0.000 p=0.519 cloud=PRE overlap=NO -> BAN
[EDGE-Z1-ENSEMBLE] CID:8 m1=0.000 m2=0.020 m3=0.000 m4=0.000 m5=0.000 p=0.000 cloud=PRE overlap=NO -> SAFE
[EDGE-Z1-ENSEMBLE] CID:15 m1=0.000 m2=0.020 m3=0.000 m4=0.000 m5=0.000 p=0.000 cloud=PRE overlap=NO -> SAFE
[EDGE-Z1-ENSEMBLE] CID:29 m1=0.000 m2=0.020 m3=0.000 m4=0.000 m5=0.000 p=0.000 cloud=PRE overlap=NO -> SAFE
[VEREMI-EVIDENCE] Z1 CID:19 mode=guarded old_p=0.519 p_veremi=0.350 p_edge=0.519 streak=1 reasons=ts_nonmonotonic details={'ts': 3.076, 'max_ts': 3.076}
[EDGE-Z1-ENSEMBLE] CID:19 m1=0.315 m2=0.768 m3=0.650 m4=0.800 m5=0.000 p=0.519 cloud=PRE overlap=NO -> BAN
[EDGE-Z1-ENSEMBLE] CID:5 m1=0.000 m2=0.020 m3=0.000 m4=0.000 m5=0.000 p=0.000 cloud=PRE overlap=NO -> SAFE
[VEREMI-EVIDENCE] Z1 CID:3 mode=guarded old_p=0.519 p_veremi=0.350 p_edge=0.519 streak=1 reasons=ts_nonmonotonic details={'ts': 3.09, 'max_ts': 3.09}
[EDGE-Z1-ENSEMBLE] CID:3 m1=0.315 m2=0.768 m3=0.650 m4=0.800 m5=0.000 p=0.519 cloud=PRE overlap=NO -> BAN
[EDGE-Z1-ENSEMBLE] CID:2 m1=0.000 m2=0.020 m3=0.000 m4=0.000 m5=0.000 p=0.000 cloud=PRE overlap=NO -> SAFE
[EDGE-Z1] CID:12 -> FASTBAN
[VEREMI-EVIDENCE] Z1 CID:14 mode=guarded old_p=0.519 p_veremi=0.350 p_edge=0.519 streak=1 reasons=ts_nonmonotonic details={'ts': 3.144, 'max_ts': 3.144}
[EDGE-Z1-ENSEMBLE] CID:14 m1=0.315 m2=0.767 m3=0.650 m4=0.800 m5=0.000 p=0.519 cloud=PRE overlap=NO -> BAN
[EDGE-Z1] CID:24 -> FASTBAN
[EDGE-Z1-ENSEMBLE] CID:28 m1=0.000 m2=0.020 m3=0.000 m4=0.000 m5=0.000 p=0.000 cloud=PRE overlap=NO -> SAFE
[VEREMI-EVIDENCE] Z1 CID:13 mode=guarded old_p=0.519 p_veremi=0.350 p_edge=0.519 streak=1 reasons=ts_nonmonotonic details={'ts': 3.204, 'max_ts': 3.204}
[EDGE-Z1-ENSEMBLE] CID:13 m1=0.315 m2=0.768 m3=0.650 m4=0.800 m5=0.000 p=0.519 cloud=PRE overlap=NO -> BAN
[EDGE-Z1-ENSEMBLE] CID:27 m1=0.000 m2=0.020 m3=0.040 m4=0.000 m5=0.000 p=0.003 cloud=PRE overlap=NO -> SAFE
[VEREMI-EVIDENCE] Z1 CID:26 mode=guarded old_p=0.519 p_veremi=0.350 p_edge=0.519 streak=1 reasons=ts_nonmonotonic details={'ts': 3.26, 'max_ts': 3.26}
[EDGE-Z1-ENSEMBLE] CID:26 m1=0.315 m2=0.768 m3=0.650 m4=0.800 m5=0.000 p=0.519 cloud=PRE overlap=NO -> BAN
[EDGE-Z1-ENSEMBLE] CID:16 m1=0.000 m2=0.020 m3=0.000 m4=0.000 m5=0.000 p=0.000 cloud=PRE overlap=NO -> SAFE
[VEREMI-EVIDENCE] Z1 CID:25 mode=guarded old_p=0.519 p_veremi=0.350 p_edge=0.519 streak=1 reasons=ts_nonmonotonic details={'ts': 3.31, 'max_ts': 3.31}
[EDGE-Z1-ENSEMBLE] CID:25 m1=0.315 m2=0.768 m3=0.650 m4=0.800 m5=0.000 p=0.519 cloud=PRE overlap=NO -> BAN
[EDGE-Z1] CID:1 -> FASTBAN
[VEREMI-EVIDENCE] Z1 CID:23 mode=guarded old_p=0.519 p_veremi=0.350 p_edge=0.519 streak=1 reasons=ts_nonmonotonic details={'ts': 3.328, 'max_ts': 3.328}
[EDGE-Z1-ENSEMBLE] CID:23 m1=0.315 m2=0.768 m3=0.650 m4=0.800 m5=0.000 p=0.519 cloud=PRE overlap=NO -> BAN
[EDGE-Z1-ENSEMBLE] CID:9 m1=0.000 m2=0.020 m3=0.040 m4=0.000 m5=0.000 p=0.003 cloud=PRE overlap=NO -> SAFE
[EDGE-Z1] CID:18 -> FASTBAN
[EDGE-Z1-ENSEMBLE] CID:10 m1=0.000 m2=0.020 m3=0.000 m4=0.000 m5=0.000 p=0.000 cloud=PRE overlap=NO -> SAFE
[EDGE-Z1-ENSEMBLE] CID:22 m1=0.000 m2=0.020 m3=0.000 m4=0.000 m5=0.000 p=0.000 cloud=PRE overlap=NO -> SAFE
[VEREMI-EVIDENCE] Z1 CID:7 mode=guarded old_p=0.518 p_veremi=0.350 p_edge=0.518 streak=1 reasons=ts_nonmonotonic details={'ts': 3.392, 'max_ts': 3.392}
[EDGE-Z1-ENSEMBLE] CID:7 m1=0.315 m2=0.766 m3=0.650 m4=0.800 m5=0.000 p=0.518 cloud=PRE overlap=NO -> BAN
[EDGE-Z1-ENSEMBLE] CID:4 m1=0.000 m2=0.020 m3=0.000 m4=0.000 m5=0.000 p=0.000 cloud=PRE overlap=NO -> SAFE
[VEREMI-EVIDENCE] Z1 CID:20 mode=guarded old_p=0.306 p_veremi=0.350 p_edge=0.350 streak=1 reasons=ts_nonmonotonic details={'ts': 3.398, 'max_ts': 3.398}
[EDGE-Z1-ENSEMBLE] CID:20 m1=0.315 m2=0.768 m3=0.000 m4=0.000 m5=0.000 p=0.350 cloud=PRE overlap=NO -> BAN
[EDGE-Z1-ENSEMBLE] CID:6 m1=0.000 m2=0.020 m3=0.000 m4=0.000 m5=0.000 p=0.000 cloud=PRE overlap=NO -> SAFE
[EDGE-Z1-ENSEMBLE] CID:21 m1=0.000 m2=0.020 m3=0.000 m4=0.000 m5=0.000 p=0.000 cloud=PRE overlap=NO -> SAFE
[EDGE-Z1] CID:11 -> FASTBAN
[EDGE-Z1-ENSEMBLE] CID:17 m1=0.000 m2=0.020 m3=0.000 m4=0.000 m5=0.000 p=0.000 cloud=PRE overlap=NO -> SAFE
[EDGE-Z1] CID:0 -> FASTBAN
[EDGE-Z1-ENSEMBLE] CID:8 m1=0.000 m2=0.020 m3=0.000 m4=0.000 m5=0.000 p=0.000 cloud=PRE overlap=NO -> SAFE
[EDGE-Z1-ENSEMBLE] CID:15 m1=0.000 m2=0.020 m3=0.000 m4=0.000 m5=0.000 p=0.000 cloud=PRE overlap=NO -> SAFE
[EDGE-Z1-ENSEMBLE] CID:29 m1=0.000 m2=0.020 m3=0.000 m4=0.000 m5=0.000 p=0.000 cloud=PRE overlap=NO -> SAFE
[EDGE-Z1] CID:19 -> FASTBAN
[EDGE-Z1-ENSEMBLE] CID:5 m1=0.000 m2=0.020 m3=0.000 m4=0.000 m5=0.000 p=0.000 cloud=PRE overlap=NO -> SAFE
[EDGE-Z1] CID:3 -> FASTBAN
[EDGE-Z1-ENSEMBLE] CID:2 m1=0.000 m2=0.020 m3=0.000 m4=0.000 m5=0.000 p=0.000 cloud=PRE overlap=NO -> SAFE
[EDGE-Z1] CID:12 -> FASTBAN
[EDGE-Z1] CID:14 -> FASTBAN
[EDGE-Z1] CID:24 -> FASTBAN
[EDGE-Z1-ENSEMBLE] CID:28 m1=0.000 m2=0.020 m3=0.000 m4=0.000 m5=0.000 p=0.000 cloud=PRE overlap=NO -> SAFE
[EDGE-Z1] CID:13 -> FASTBAN
[EDGE-Z1-ENSEMBLE] CID:27 m1=0.000 m2=0.020 m3=0.000 m4=0.000 m5=0.000 p=0.000 cloud=PRE overlap=NO -> SAFE
[EDGE-Z1] CID:26 -> FASTBAN
[EDGE-Z1-ENSEMBLE] CID:16 m1=0.000 m2=0.020 m3=0.000 m4=0.000 m5=0.000 p=0.000 cloud=PRE overlap=NO -> SAFE
[EDGE-Z1] CID:25 -> FASTBAN
[EDGE-Z1] CID:1 -> FASTBAN
[EDGE-Z1] CID:23 -> FASTBAN
[EDGE-Z1-ENSEMBLE] CID:9 m1=0.000 m2=0.020 m3=0.000 m4=0.000 m5=0.000 p=0.000 cloud=PRE overlap=NO -> SAFE
[EDGE-Z1] CID:18 -> FASTBAN
[EDGE-Z1-ENSEMBLE] CID:10 m1=0.000 m2=0.020 m3=0.000 m4=0.000 m5=0.000 p=0.000 cloud=PRE overlap=NO -> SAFE
[EDGE-Z1-ENSEMBLE] CID:22 m1=0.000 m2=0.020 m3=0.000 m4=0.000 m5=0.000 p=0.000 cloud=PRE overlap=NO -> SAFE
[EDGE-Z1-ENSEMBLE] CID:4 m1=0.000 m2=0.020 m3=0.000 m4=0.000 m5=0.000 p=0.000 cloud=PRE overlap=NO -> SAFE
[EDGE-Z1] CID:7 -> FASTBAN
[EDGE-Z1] CID:20 -> FASTBAN
[EDGE-Z1-ENSEMBLE] CID:6 m1=0.000 m2=0.020 m3=0.000 m4=0.000 m5=0.000 p=0.000 cloud=PRE overlap=NO -> SAFE
[EDGE-Z1-ENSEMBLE] CID:21 m1=0.000 m2=0.020 m3=0.000 m4=0.000 m5=0.000 p=0.000 cloud=PRE overlap=NO -> SAFE
[EDGE-Z1] CID:11 -> FASTBAN
[EDGE-Z1-ENSEMBLE] CID:17 m1=0.000 m2=0.020 m3=0.000 m4=0.000 m5=0.000 p=0.000 cloud=PRE overlap=NO -> SAFE
[EDGE-Z1] CID:0 -> FASTBAN
[EDGE-Z1-ENSEMBLE] CID:8 m1=0.000 m2=0.020 m3=0.000 m4=0.000 m5=0.000 p=0.000 cloud=PRE overlap=NO -> SAFE
[EDGE-Z1-ENSEMBLE] CID:15 m1=0.000 m2=0.020 m3=0.000 m4=0.000 m5=0.000 p=0.000 cloud=PRE overlap=NO -> SAFE
[EDGE-Z1-ENSEMBLE] CID:29 m1=0.000 m2=0.020 m3=0.000 m4=0.000 m5=0.000 p=0.000 cloud=PRE overlap=NO -> SAFE
[EDGE-Z1] CID:19 -> FASTBAN
[EDGE-Z1-ENSEMBLE] CID:5 m1=0.000 m2=0.020 m3=0.000 m4=0.000 m5=0.000 p=0.000 cloud=PRE overlap=NO -> SAFE
[EDGE-Z1] CID:3 -> FASTBAN
[EDGE-Z1-ENSEMBLE] CID:2 m1=0.000 m2=0.020 m3=0.000 m4=0.000 m5=0.000 p=0.000 cloud=PRE overlap=NO -> SAFE
[EDGE-Z1] CID:12 -> FASTBAN
[EDGE-Z1] CID:14 -> FASTBAN
[EDGE-Z1] CID:24 -> FASTBAN
[EDGE-Z1-ENSEMBLE] CID:28 m1=0.000 m2=0.020 m3=0.000 m4=0.000 m5=0.000 p=0.000 cloud=PRE overlap=NO -> SAFE
[EDGE-Z1] CID:13 -> FASTBAN
[EDGE-Z1-ENSEMBLE] CID:27 m1=0.000 m2=0.020 m3=0.000 m4=0.000 m5=0.000 p=0.000 cloud=PRE overlap=NO -> SAFE
[EDGE-Z1] CID:26 -> FASTBAN
[EDGE-Z1-ENSEMBLE] CID:16 m1=0.000 m2=0.020 m3=0.000 m4=0.000 m5=0.000 p=0.000 cloud=PRE overlap=NO -> SAFE
[EDGE-Z1] CID:25 -> FASTBAN
[EDGE-Z1] CID:1 -> FASTBAN
[EDGE-Z1] CID:23 -> FASTBAN
[EDGE-Z1-ENSEMBLE] CID:9 m1=0.000 m2=0.020 m3=0.000 m4=0.000 m5=0.000 p=0.000 cloud=PRE overlap=NO -> SAFE
[EDGE-Z1] CID:18 -> FASTBAN
[EDGE-Z1-ENSEMBLE] CID:10 m1=0.000 m2=0.020 m3=0.000 m4=0.000 m5=0.000 p=0.000 cloud=PRE overlap=NO -> SAFE
[EDGE-Z1-ENSEMBLE] CID:22 m1=0.000 m2=0.020 m3=0.000 m4=0.000 m5=0.000 p=0.000 cloud=PRE overlap=NO -> SAFE
[EDGE-Z1-ENSEMBLE] CID:4 m1=0.000 m2=0.020 m3=0.000 m4=0.000 m5=0.000 p=0.000 cloud=PRE overlap=NO -> SAFE
[EDGE-Z1] CID:7 -> FASTBAN
[EDGE-Z1] CID:20 -> FASTBAN
[EDGE-Z1-ENSEMBLE] CID:6 m1=0.000 m2=0.020 m3=0.000 m4=0.000 m5=0.000 p=0.000 cloud=PRE overlap=NO -> SAFE
[EDGE-Z1-ENSEMBLE] CID:21 m1=0.000 m2=0.020 m3=0.000 m4=0.000 m5=0.000 p=0.000 cloud=PRE overlap=NO -> SAFE
[EDGE-Z1] CID:11 -> FASTBAN
[EDGE-Z1-ENSEMBLE] CID:17 m1=0.000 m2=0.020 m3=0.000 m4=0.000 m5=0.000 p=0.000 cloud=PRE overlap=NO -> SAFE
[EDGE-Z1] CID:0 -> FASTBAN
[EDGE-Z1-ENSEMBLE] CID:8 m1=0.000 m2=0.020 m3=0.000 m4=0.000 m5=0.000 p=0.000 cloud=PRE overlap=NO -> SAFE
[EDGE-Z1-ENSEMBLE] CID:15 m1=0.000 m2=0.020 m3=0.000 m4=0.000 m5=0.000 p=0.000 cloud=PRE overlap=NO -> SAFE
[EDGE-Z1-ENSEMBLE] CID:29 m1=0.000 m2=0.020 m3=0.000 m4=0.000 m5=0.000 p=0.000 cloud=PRE overlap=NO -> SAFE
[EDGE-Z1] CID:19 -> FASTBAN
[EDGE-Z1-ENSEMBLE] CID:5 m1=0.000 m2=0.020 m3=0.000 m4=0.000 m5=0.000 p=0.000 cloud=PRE overlap=NO -> SAFE
[EDGE-Z1] CID:3 -> FASTBAN
[EDGE-Z1-ENSEMBLE] CID:2 m1=0.000 m2=0.020 m3=0.000 m4=0.000 m5=0.000 p=0.000 cloud=PRE overlap=NO -> SAFE
[EDGE-Z1] CID:12 -> FASTBAN
[EDGE-Z1] CID:14 -> FASTBAN
[EDGE-Z1] CID:24 -> FASTBAN
[EDGE-Z1-ENSEMBLE] CID:28 m1=0.000 m2=0.020 m3=0.000 m4=0.000 m5=0.000 p=0.000 cloud=PRE overlap=NO -> SAFE
[EDGE-Z1] CID:13 -> FASTBAN
[EDGE-Z1-ENSEMBLE] CID:27 m1=0.000 m2=0.020 m3=0.000 m4=0.000 m5=0.000 p=0.000 cloud=PRE overlap=NO -> SAFE
[EDGE-Z1] CID:26 -> FASTBAN
[EDGE-Z1-ENSEMBLE] CID:16 m1=0.000 m2=0.020 m3=0.000 m4=0.000 m5=0.000 p=0.000 cloud=PRE overlap=NO -> SAFE
[EDGE-Z1] CID:25 -> FASTBAN
[EDGE-Z1] CID:1 -> FASTBAN
[EDGE-Z1] CID:23 -> FASTBAN
[EDGE-Z1-ENSEMBLE] CID:9 m1=0.000 m2=0.020 m3=0.000 m4=0.000 m5=0.000 p=0.000 cloud=PRE overlap=NO -> SAFE
[EDGE-Z1] CID:18 -> FASTBAN
[EDGE-Z1-ENSEMBLE] CID:10 m1=0.000 m2=0.020 m3=0.000 m4=0.000 m5=0.000 p=0.000 cloud=PRE overlap=NO -> SAFE
[EDGE-Z1-ENSEMBLE] CID:22 m1=0.000 m2=0.020 m3=0.000 m4=0.000 m5=0.000 p=0.000 cloud=PRE overlap=NO -> SAFE
[EDGE-Z1-ENSEMBLE] CID:4 m1=0.000 m2=0.020 m3=0.000 m4=0.000 m5=0.000 p=0.000 cloud=PRE overlap=NO -> SAFE
[EDGE-Z1] CID:7 -> FASTBAN
[EDGE-Z1] CID:20 -> FASTBAN
[EDGE-Z1-ENSEMBLE] CID:6 m1=0.000 m2=0.020 m3=0.000 m4=0.000 m5=0.000 p=0.000 cloud=PRE overlap=NO -> SAFE
[EDGE-Z1-ENSEMBLE] CID:21 m1=0.000 m2=0.020 m3=0.000 m4=0.000 m5=0.000 p=0.000 cloud=PRE overlap=NO -> SAFE
[EDGE-Z1] CID:11 -> FASTBAN
[EDGE-Z1-ENSEMBLE] CID:17 m1=0.000 m2=0.020 m3=0.000 m4=0.000 m5=0.000 p=0.000 cloud=PRE overlap=NO -> SAFE
[EDGE-Z1] CID:0 -> FASTBAN
[EDGE-Z1-ENSEMBLE] CID:8 m1=0.000 m2=0.020 m3=0.000 m4=0.000 m5=0.000 p=0.000 cloud=PRE overlap=NO -> SAFE
[EDGE-Z1-ENSEMBLE] CID:15 m1=0.000 m2=0.020 m3=0.000 m4=0.000 m5=0.000 p=0.000 cloud=PRE overlap=NO -> SAFE
[EDGE-Z1-ENSEMBLE] CID:29 m1=0.000 m2=0.020 m3=0.000 m4=0.000 m5=0.000 p=0.000 cloud=PRE overlap=NO -> SAFE
[EDGE-Z1] CID:19 -> FASTBAN
[EDGE-Z1-ENSEMBLE] CID:5 m1=0.000 m2=0.020 m3=0.000 m4=0.000 m5=0.000 p=0.000 cloud=PRE overlap=NO -> SAFE
[EDGE-Z1-ENSEMBLE] CID:2 m1=0.000 m2=0.020 m3=0.000 m4=0.000 m5=0.000 p=0.000 cloud=PRE overlap=NO -> SAFE
[EDGE-Z1] CID:3 -> FASTBAN
[EDGE-Z1] CID:12 -> FASTBAN
[EDGE-Z1] CID:14 -> FASTBAN
[EDGE-Z1] CID:24 -> FASTBAN
[EDGE-Z1-ENSEMBLE] CID:28 m1=0.000 m2=0.020 m3=0.000 m4=0.000 m5=0.000 p=0.000 cloud=PRE overlap=NO -> SAFE
[EDGE-Z1] CID:13 -> FASTBAN
[EDGE-Z1-ENSEMBLE] CID:27 m1=0.000 m2=0.020 m3=0.000 m4=0.000 m5=0.000 p=0.000 cloud=PRE overlap=NO -> SAFE
[EDGE-Z1] CID:26 -> FASTBAN
[EDGE-Z1-ENSEMBLE] CID:16 m1=0.000 m2=0.020 m3=0.000 m4=0.000 m5=0.000 p=0.000 cloud=PRE overlap=NO -> SAFE
[EDGE-Z1] CID:25 -> FASTBAN
[EDGE-Z1] CID:1 -> FASTBAN
[EDGE-Z1] CID:23 -> FASTBAN
[EDGE-Z1-ENSEMBLE] CID:9 m1=0.000 m2=0.020 m3=0.000 m4=0.000 m5=0.000 p=0.000 cloud=PRE overlap=NO -> SAFE
[EDGE-Z1] CID:18 -> FASTBAN
[EDGE-Z1-ENSEMBLE] CID:10 m1=0.000 m2=0.020 m3=0.000 m4=0.000 m5=0.000 p=0.000 cloud=PRE overlap=NO -> SAFE
[EDGE-Z1-ENSEMBLE] CID:22 m1=0.000 m2=0.020 m3=0.000 m4=0.000 m5=0.000 p=0.000 cloud=PRE overlap=NO -> SAFE
[EDGE-Z1-ENSEMBLE] CID:4 m1=0.000 m2=0.020 m3=0.000 m4=0.000 m5=0.000 p=0.000 cloud=PRE overlap=NO -> SAFE
[EDGE-Z1] CID:7 -> FASTBAN
[EDGE-Z1] CID:20 -> FASTBAN
[EDGE-Z1-ENSEMBLE] CID:6 m1=0.000 m2=0.020 m3=0.000 m4=0.000 m5=0.000 p=0.000 cloud=PRE overlap=NO -> SAFE
[EDGE-Z1-ENSEMBLE] CID:21 m1=0.000 m2=0.020 m3=0.000 m4=0.000 m5=0.000 p=0.000 cloud=PRE overlap=NO -> SAFE
[EDGE-Z1] CID:11 -> FASTBAN
[EDGE-Z1-ENSEMBLE] CID:17 m1=0.000 m2=0.020 m3=0.000 m4=0.000 m5=0.000 p=0.000 cloud=PRE overlap=NO -> SAFE
[EDGE-Z1] CID:0 -> FASTBAN
[EDGE-Z1-ENSEMBLE] CID:8 m1=0.000 m2=0.020 m3=0.000 m4=0.000 m5=0.000 p=0.000 cloud=PRE overlap=NO -> SAFE
[EDGE-Z1-ENSEMBLE] CID:15 m1=0.000 m2=0.020 m3=0.000 m4=0.000 m5=0.000 p=0.000 cloud=PRE overlap=NO -> SAFE
[EDGE-Z1-ENSEMBLE] CID:29 m1=0.000 m2=0.020 m3=0.000 m4=0.000 m5=0.000 p=0.000 cloud=PRE overlap=NO -> SAFE
[EDGE-Z1] CID:19 -> FASTBAN
[EDGE-Z1-ENSEMBLE] CID:5 m1=0.000 m2=0.020 m3=0.000 m4=0.000 m5=0.000 p=0.000 cloud=PRE overlap=NO -> SAFE
[EDGE-Z1] CID:3 -> FASTBAN
[EDGE-Z1-ENSEMBLE] CID:2 m1=0.000 m2=0.020 m3=0.000 m4=0.000 m5=0.000 p=0.000 cloud=PRE overlap=NO -> SAFE
[EDGE-Z1] CID:12 -> FASTBAN
[EDGE-Z1] CID:14 -> FASTBAN
[EDGE-Z1] CID:24 -> FASTBAN
[EDGE-Z1-ENSEMBLE] CID:28 m1=0.000 m2=0.020 m3=0.000 m4=0.000 m5=0.000 p=0.000 cloud=PRE overlap=NO -> SAFE
[EDGE-Z1] CID:13 -> FASTBAN
[EDGE-Z1] CID:26 -> FASTBAN
[EDGE-Z1-ENSEMBLE] CID:16 m1=0.000 m2=0.020 m3=0.000 m4=0.000 m5=0.000 p=0.000 cloud=PRE overlap=NO -> SAFE
[EDGE-Z1] CID:25 -> FASTBAN
[EDGE-Z1] CID:1 -> FASTBAN
[EDGE-Z1] CID:23 -> FASTBAN
[EDGE-Z1-ENSEMBLE] CID:9 m1=0.000 m2=0.020 m3=0.000 m4=0.000 m5=0.000 p=0.000 cloud=PRE overlap=NO -> SAFE
[EDGE-Z1] CID:18 -> FASTBAN
[EDGE-Z1-ENSEMBLE] CID:10 m1=0.000 m2=0.020 m3=0.000 m4=0.000 m5=0.000 p=0.000 cloud=PRE overlap=NO -> SAFE
[EDGE-Z1-ENSEMBLE] CID:27 m1=0.000 m2=0.020 m3=0.000 m4=0.000 m5=0.000 p=0.000 cloud=PRE overlap=NO -> SAFE
[EDGE-Z1-ENSEMBLE] CID:22 m1=0.000 m2=0.020 m3=0.000 m4=0.000 m5=0.000 p=0.000 cloud=PRE overlap=NO -> SAFE
[EDGE-Z1-ENSEMBLE] CID:4 m1=0.000 m2=0.020 m3=0.000 m4=0.000 m5=0.000 p=0.000 cloud=PRE overlap=NO -> SAFE
[EDGE-Z1] CID:7 -> FASTBAN
[EDGE-Z1] CID:20 -> FASTBAN
[EDGE-Z1-ENSEMBLE] CID:6 m1=0.000 m2=0.020 m3=0.000 m4=0.000 m5=0.000 p=0.000 cloud=PRE overlap=NO -> SAFE
[EDGE-Z1-ENSEMBLE] CID:21 m1=0.000 m2=0.020 m3=0.000 m4=0.000 m5=0.000 p=0.000 cloud=PRE overlap=NO -> SAFE
[EDGE-Z1] CID:11 -> FASTBAN
[EDGE-Z1-ENSEMBLE] CID:17 m1=0.000 m2=0.020 m3=0.000 m4=0.000 m5=0.000 p=0.000 cloud=PRE overlap=NO -> SAFE
[EDGE-Z1] CID:0 -> FASTBAN
[EDGE-Z1-ENSEMBLE] CID:8 m1=0.000 m2=0.020 m3=0.000 m4=0.000 m5=0.000 p=0.000 cloud=PRE overlap=NO -> SAFE
[EDGE-Z1-ENSEMBLE] CID:15 m1=0.000 m2=0.020 m3=0.000 m4=0.000 m5=0.000 p=0.000 cloud=PRE overlap=NO -> SAFE
[EDGE-Z1-ENSEMBLE] CID:29 m1=0.000 m2=0.020 m3=0.000 m4=0.000 m5=0.000 p=0.000 cloud=PRE overlap=NO -> SAFE
[EDGE-Z1] CID:19 -> FASTBAN
[EDGE-Z1-ENSEMBLE] CID:5 m1=0.000 m2=0.020 m3=0.000 m4=0.000 m5=0.000 p=0.000 cloud=PRE overlap=NO -> SAFE
[EDGE-Z1] CID:3 -> FASTBAN
[EDGE-Z1-ENSEMBLE] CID:2 m1=0.000 m2=0.020 m3=0.000 m4=0.000 m5=0.000 p=0.000 cloud=PRE overlap=NO -> SAFE
[EDGE-CALIB] Received calibration: attack=ts_replay conf=0.90
[EDGE-CALIB] Applied: W1: 0.2727→0.2727 (Δ0.0200)  W2: 0.1818→0.1818 (Δ0.0400)  ZONE_MAL: 0.300→0.300
[EDGE-CALIB] New weights: W1=0.273 W2=0.182 W3=0.227 W4=0.182 W5=0.136
[EDGE-Z1] CID:12 -> FASTBAN
[EDGE-Z1] CID:14 -> FASTBAN
[EDGE-Z1] CID:24 -> FASTBAN
[EDGE-Z1-ENSEMBLE] CID:28 m1=0.000 m2=0.020 m3=0.000 m4=0.000 m5=0.000 p=0.000 cloud=PRE overlap=NO -> SAFE
[EDGE-Z1] CID:13 -> FASTBAN
[EDGE-Z1-ENSEMBLE] CID:27 m1=0.000 m2=0.020 m3=0.000 m4=0.000 m5=0.000 p=0.000 cloud=PRE overlap=NO -> SAFE
[EDGE-Z1-ENSEMBLE] CID:16 m1=0.000 m2=0.020 m3=0.000 m4=0.000 m5=0.000 p=0.000 cloud=PRE overlap=NO -> SAFE
[EDGE-Z1] CID:25 -> FASTBAN
[EDGE-Z1] CID:1 -> FASTBAN
[EDGE-Z1] CID:23 -> FASTBAN
[EDGE-Z1-ENSEMBLE] CID:9 m1=0.000 m2=0.020 m3=0.000 m4=0.000 m5=0.000 p=0.000 cloud=PRE overlap=NO -> SAFE
[EDGE-Z1] CID:18 -> FASTBAN
[EDGE-Z1-ENSEMBLE] CID:10 m1=0.000 m2=0.020 m3=0.000 m4=0.000 m5=0.000 p=0.000 cloud=PRE overlap=NO -> SAFE
[EDGE-Z1-ENSEMBLE] CID:22 m1=0.000 m2=0.020 m3=0.000 m4=0.000 m5=0.000 p=0.000 cloud=PRE overlap=NO -> SAFE
[EDGE-Z1-ENSEMBLE] CID:4 m1=0.000 m2=0.020 m3=0.000 m4=0.000 m5=0.000 p=0.000 cloud=PRE overlap=NO -> SAFE
[EDGE-Z1] CID:20 -> FASTBAN
[EDGE-Z1] CID:7 -> FASTBAN
[EDGE-Z1-ENSEMBLE] CID:6 m1=0.000 m2=0.020 m3=0.000 m4=0.000 m5=0.000 p=0.000 cloud=PRE overlap=NO -> SAFE
[EDGE-Z1-ENSEMBLE] CID:21 m1=0.000 m2=0.020 m3=0.000 m4=0.000 m5=0.000 p=0.000 cloud=PRE overlap=NO -> SAFE
[EDGE-Z1] CID:11 -> FASTBAN
[EDGE-Z1-ENSEMBLE] CID:17 m1=0.000 m2=0.020 m3=0.000 m4=0.000 m5=0.000 p=0.000 cloud=PRE overlap=NO -> SAFE
[EDGE-Z1] CID:0 -> FASTBAN
[EDGE-Z1-ENSEMBLE] CID:8 m1=0.000 m2=0.020 m3=0.000 m4=0.000 m5=0.000 p=0.000 cloud=PRE overlap=NO -> SAFE
[EDGE-Z1-ENSEMBLE] CID:15 m1=0.000 m2=0.020 m3=0.000 m4=0.000 m5=0.000 p=0.000 cloud=PRE overlap=NO -> SAFE
[EDGE-Z1-ENSEMBLE] CID:29 m1=0.000 m2=0.020 m3=0.000 m4=0.000 m5=0.000 p=0.000 cloud=PRE overlap=NO -> SAFE
[EDGE-Z1] CID:19 -> FASTBAN
[EDGE-Z1-ENSEMBLE] CID:5 m1=0.000 m2=0.020 m3=0.000 m4=0.000 m5=0.000 p=0.000 cloud=PRE overlap=NO -> SAFE
[EDGE-Z1] CID:3 -> FASTBAN
[EDGE-Z1-ENSEMBLE] CID:2 m1=0.000 m2=0.020 m3=0.000 m4=0.000 m5=0.000 p=0.000 cloud=PRE overlap=NO -> SAFE
[EDGE-Z1] CID:12 -> FASTBAN
[EDGE-Z1] CID:14 -> FASTBAN
[EDGE-Z1] CID:24 -> FASTBAN
[EDGE-Z1-ENSEMBLE] CID:28 m1=0.000 m2=0.020 m3=0.000 m4=0.000 m5=0.000 p=0.000 cloud=PRE overlap=NO -> SAFE
[EDGE-Z1] CID:13 -> FASTBAN
[EDGE-Z1-ENSEMBLE] CID:27 m1=0.000 m2=0.020 m3=0.000 m4=0.000 m5=0.000 p=0.000 cloud=PRE overlap=NO -> SAFE
[EDGE-Z1] CID:26 -> FASTBAN
[EDGE-Z1-ENSEMBLE] CID:16 m1=0.000 m2=0.020 m3=0.000 m4=0.000 m5=0.000 p=0.000 cloud=PRE overlap=NO -> SAFE
[EDGE-Z1] CID:25 -> FASTBAN
[EDGE-Z1] CID:1 -> FASTBAN
[EDGE-Z1] CID:23 -> FASTBAN
[EDGE-Z1-ENSEMBLE] CID:9 m1=0.000 m2=0.020 m3=0.000 m4=0.000 m5=0.000 p=0.000 cloud=PRE overlap=NO -> SAFE
[EDGE-Z1] CID:18 -> FASTBAN
[EDGE-Z1-ENSEMBLE] CID:10 m1=0.000 m2=0.020 m3=0.000 m4=0.000 m5=0.000 p=0.000 cloud=PRE overlap=NO -> SAFE
[EDGE-Z1-ENSEMBLE] CID:22 m1=0.000 m2=0.020 m3=0.000 m4=0.000 m5=0.000 p=0.000 cloud=PRE overlap=NO -> SAFE
[EDGE-Z1] CID:7 -> FASTBAN
[EDGE-Z1-ENSEMBLE] CID:4 m1=0.000 m2=0.020 m3=0.000 m4=0.000 m5=0.000 p=0.000 cloud=PRE overlap=NO -> SAFE
[EDGE-CALIB] Received calibration: attack=ts_replay conf=0.90
[EDGE-CALIB] Applied: W2: 0.1818→0.1818 (Δ0.0200)  ZONE_MAL: 0.300→0.300
[EDGE-CALIB] New weights: W1=0.273 W2=0.182 W3=0.227 W4=0.182 W5=0.136
[EDGE-Z1] CID:20 -> FASTBAN
[EDGE-Z1-ENSEMBLE] CID:6 m1=0.000 m2=0.020 m3=0.000 m4=0.000 m5=0.000 p=0.000 cloud=PRE overlap=NO -> SAFE
[EDGE-Z1-ENSEMBLE] CID:21 m1=0.000 m2=0.020 m3=0.000 m4=0.000 m5=0.000 p=0.000 cloud=PRE overlap=NO -> SAFE
[EDGE-Z1] CID:11 -> FASTBAN
[EDGE-Z1-ENSEMBLE] CID:17 m1=0.000 m2=0.020 m3=0.000 m4=0.000 m5=0.000 p=0.000 cloud=PRE overlap=NO -> SAFE
[EDGE-Z1] CID:0 -> FASTBAN
[EDGE-Z1-ENSEMBLE] CID:8 m1=0.000 m2=0.020 m3=0.000 m4=0.000 m5=0.000 p=0.000 cloud=PRE overlap=NO -> SAFE
[EDGE-Z1-ENSEMBLE] CID:15 m1=0.000 m2=0.020 m3=0.000 m4=0.000 m5=0.000 p=0.000 cloud=PRE overlap=NO -> SAFE
[EDGE-Z1-ENSEMBLE] CID:29 m1=0.000 m2=0.020 m3=0.000 m4=0.000 m5=0.000 p=0.000 cloud=PRE overlap=NO -> SAFE
[EDGE-Z1] CID:19 -> FASTBAN
[EDGE-Z1-ENSEMBLE] CID:5 m1=0.000 m2=0.020 m3=0.000 m4=0.000 m5=0.000 p=0.000 cloud=PRE overlap=NO -> SAFE
[EDGE-Z1] CID:3 -> FASTBAN
[EDGE-Z1-ENSEMBLE] CID:2 m1=0.000 m2=0.020 m3=0.000 m4=0.000 m5=0.000 p=0.000 cloud=PRE overlap=NO -> SAFE
[EDGE-Z1] CID:12 -> FASTBAN
[EDGE-Z1] CID:14 -> FASTBAN
[EDGE-Z1] CID:24 -> FASTBAN
[EDGE-Z1-ENSEMBLE] CID:28 m1=0.000 m2=0.020 m3=0.000 m4=0.000 m5=0.000 p=0.000 cloud=PRE overlap=NO -> SAFE
[EDGE-Z1] CID:13 -> FASTBAN
[EDGE-Z1-ENSEMBLE] CID:27 m1=0.000 m2=0.020 m3=0.000 m4=0.000 m5=0.000 p=0.000 cloud=PRE overlap=NO -> SAFE
[EDGE-Z1] CID:26 -> FASTBAN
[EDGE-Z1-ENSEMBLE] CID:16 m1=0.000 m2=0.020 m3=0.000 m4=0.000 m5=0.000 p=0.000 cloud=PRE overlap=NO -> SAFE
[EDGE-Z1] CID:25 -> FASTBAN
[EDGE-Z1] CID:1 -> FASTBAN
[EDGE-Z1] CID:23 -> FASTBAN
[EDGE-Z1-ENSEMBLE] CID:9 m1=0.000 m2=0.020 m3=0.000 m4=0.000 m5=0.000 p=0.000 cloud=PRE overlap=NO -> SAFE
[EDGE-Z1] CID:18 -> FASTBAN
[EDGE-Z1-ENSEMBLE] CID:10 m1=0.000 m2=0.020 m3=0.000 m4=0.000 m5=0.000 p=0.000 cloud=PRE overlap=NO -> SAFE
[EDGE-Z1-ENSEMBLE] CID:22 m1=0.000 m2=0.020 m3=0.000 m4=0.000 m5=0.000 p=0.000 cloud=PRE overlap=NO -> SAFE
[EDGE-Z1-ENSEMBLE] CID:4 m1=0.000 m2=0.020 m3=0.000 m4=0.000 m5=0.000 p=0.000 cloud=PRE overlap=NO -> SAFE
[EDGE-Z1] CID:7 -> FASTBAN
[EDGE-Z1] CID:20 -> FASTBAN
[EDGE-Z1-ENSEMBLE] CID:6 m1=0.000 m2=0.020 m3=0.000 m4=0.000 m5=0.000 p=0.000 cloud=PRE overlap=NO -> SAFE
[EDGE-Z1-ENSEMBLE] CID:21 m1=0.000 m2=0.020 m3=0.000 m4=0.000 m5=0.000 p=0.000 cloud=PRE overlap=NO -> SAFE
[EDGE-Z1] CID:11 -> FASTBAN
[EDGE-Z1-ENSEMBLE] CID:17 m1=0.000 m2=0.020 m3=0.000 m4=0.000 m5=0.000 p=0.000 cloud=PRE overlap=NO -> SAFE
[EDGE-Z1] CID:0 -> FASTBAN
[EDGE-Z1-ENSEMBLE] CID:8 m1=0.000 m2=0.020 m3=0.000 m4=0.000 m5=0.000 p=0.000 cloud=PRE overlap=NO -> SAFE
[EDGE-Z1-ENSEMBLE] CID:15 m1=0.000 m2=0.020 m3=0.000 m4=0.000 m5=0.000 p=0.000 cloud=PRE overlap=NO -> SAFE
[EDGE-Z1-ENSEMBLE] CID:29 m1=0.000 m2=0.020 m3=0.000 m4=0.000 m5=0.000 p=0.000 cloud=PRE overlap=NO -> SAFE
[EDGE-Z1] CID:19 -> FASTBAN
[EDGE-Z1-ENSEMBLE] CID:5 m1=0.000 m2=0.020 m3=0.000 m4=0.000 m5=0.000 p=0.000 cloud=PRE overlap=NO -> SAFE
[EDGE-Z1] CID:3 -> FASTBAN
[EDGE-Z1-ENSEMBLE] CID:2 m1=0.000 m2=0.020 m3=0.000 m4=0.000 m5=0.000 p=0.000 cloud=PRE overlap=NO -> SAFE
[EDGE-Z1] CID:12 -> FASTBAN
[EDGE-Z1] CID:14 -> FASTBAN
[EDGE-Z1-ENSEMBLE] CID:28 m1=0.000 m2=0.020 m3=0.000 m4=0.000 m5=0.000 p=0.000 cloud=PRE overlap=NO -> SAFE
[EDGE-Z1] CID:13 -> FASTBAN
[EDGE-Z1-ENSEMBLE] CID:27 m1=0.000 m2=0.020 m3=0.000 m4=0.000 m5=0.000 p=0.000 cloud=PRE overlap=NO -> SAFE
[EDGE-Z1] CID:26 -> FASTBAN
[EDGE-Z1-ENSEMBLE] CID:16 m1=0.000 m2=0.020 m3=0.000 m4=0.000 m5=0.000 p=0.000 cloud=PRE overlap=NO -> SAFE
[EDGE-Z1] CID:25 -> FASTBAN
[EDGE-Z1] CID:1 -> FASTBAN
[EDGE-Z1] CID:23 -> FASTBAN
[EDGE-Z1-ENSEMBLE] CID:9 m1=0.000 m2=0.020 m3=0.000 m4=0.000 m5=0.000 p=0.000 cloud=PRE overlap=NO -> SAFE
[EDGE-Z1] CID:18 -> FASTBAN
[EDGE-Z1-ENSEMBLE] CID:10 m1=0.000 m2=0.020 m3=0.000 m4=0.000 m5=0.000 p=0.000 cloud=PRE overlap=NO -> SAFE
[EDGE-Z1-ENSEMBLE] CID:22 m1=0.000 m2=0.020 m3=0.000 m4=0.000 m5=0.000 p=0.000 cloud=PRE overlap=NO -> SAFE
[EDGE-Z1-ENSEMBLE] CID:4 m1=0.000 m2=0.020 m3=0.000 m4=0.000 m5=0.000 p=0.000 cloud=PRE overlap=NO -> SAFE
[EDGE-Z1] CID:7 -> FASTBAN
[EDGE-Z1] CID:20 -> FASTBAN
[EDGE-Z1-ENSEMBLE] CID:6 m1=0.000 m2=0.020 m3=0.000 m4=0.000 m5=0.000 p=0.000 cloud=PRE overlap=NO -> SAFE
[EDGE-Z1-ENSEMBLE] CID:21 m1=0.000 m2=0.020 m3=0.000 m4=0.000 m5=0.000 p=0.000 cloud=PRE overlap=NO -> SAFE
[EDGE-Z1] CID:11 -> FASTBAN
[EDGE-Z1-ENSEMBLE] CID:17 m1=0.000 m2=0.020 m3=0.000 m4=0.000 m5=0.000 p=0.000 cloud=PRE overlap=NO -> SAFE
[EDGE-Z1] CID:0 -> FASTBAN
[EDGE-Z1-ENSEMBLE] CID:15 m1=0.000 m2=0.020 m3=0.000 m4=0.000 m5=0.000 p=0.000 cloud=PRE overlap=NO -> SAFE
[EDGE-Z1-ENSEMBLE] CID:29 m1=0.000 m2=0.020 m3=0.000 m4=0.000 m5=0.000 p=0.000 cloud=PRE overlap=NO -> SAFE
[EDGE-Z1] CID:19 -> FASTBAN
[EDGE-Z1-ENSEMBLE] CID:5 m1=0.000 m2=0.020 m3=0.000 m4=0.000 m5=0.000 p=0.000 cloud=PRE overlap=NO -> SAFE
[EDGE-Z1-ENSEMBLE] CID:2 m1=0.000 m2=0.020 m3=0.000 m4=0.000 m5=0.000 p=0.000 cloud=PRE overlap=NO -> SAFE
[EDGE-Z1] CID:3 -> FASTBAN
[EDGE-Z1] CID:12 -> FASTBAN
[EDGE-CALIB] Received calibration: attack=ts_replay conf=0.90
[EDGE-CALIB] Applied: W2: 0.1818→0.1818 (Δ0.0200)  ZONE_MAL: 0.300→0.300
[EDGE-CALIB] New weights: W1=0.273 W2=0.182 W3=0.227 W4=0.182 W5=0.136
[EDGE-Z1] CID:14 -> FASTBAN
[EDGE-Z1] CID:24 -> FASTBAN
[EDGE-Z1-ENSEMBLE] CID:28 m1=0.000 m2=0.020 m3=0.000 m4=0.000 m5=0.000 p=0.000 cloud=PRE overlap=NO -> SAFE
[EDGE-Z1] CID:13 -> FASTBAN
[EDGE-Z1-ENSEMBLE] CID:27 m1=0.000 m2=0.020 m3=0.000 m4=0.000 m5=0.000 p=0.000 cloud=PRE overlap=NO -> SAFE
[EDGE-Z1] CID:26 -> FASTBAN
[EDGE-Z1-ENSEMBLE] CID:16 m1=0.000 m2=0.020 m3=0.000 m4=0.000 m5=0.000 p=0.000 cloud=PRE overlap=NO -> SAFE
[EDGE-Z1] CID:25 -> FASTBAN
[EDGE-Z1] CID:1 -> FASTBAN
[EDGE-Z1] CID:23 -> FASTBAN
[EDGE-Z1-ENSEMBLE] CID:9 m1=0.000 m2=0.020 m3=0.000 m4=0.000 m5=0.000 p=0.000 cloud=PRE overlap=NO -> SAFE
[EDGE-Z1] CID:18 -> FASTBAN
[EDGE-Z1-ENSEMBLE] CID:10 m1=0.000 m2=0.020 m3=0.000 m4=0.000 m5=0.000 p=0.000 cloud=PRE overlap=NO -> SAFE
[EDGE-Z1-ENSEMBLE] CID:22 m1=0.000 m2=0.020 m3=0.000 m4=0.000 m5=0.000 p=0.000 cloud=PRE overlap=NO -> SAFE
[EDGE-Z1-ENSEMBLE] CID:4 m1=0.000 m2=0.020 m3=0.000 m4=0.000 m5=0.000 p=0.000 cloud=PRE overlap=NO -> SAFE
[EDGE-Z1] CID:7 -> FASTBAN
[EDGE-Z1] CID:20 -> FASTBAN
[EDGE-Z1-ENSEMBLE] CID:6 m1=0.000 m2=0.020 m3=0.000 m4=0.000 m5=0.000 p=0.000 cloud=PRE overlap=NO -> SAFE
[EDGE-Z1-ENSEMBLE] CID:21 m1=0.000 m2=0.020 m3=0.000 m4=0.000 m5=0.000 p=0.000 cloud=PRE overlap=NO -> SAFE
[EDGE-Z1] CID:11 -> FASTBAN
[EDGE-Z1-ENSEMBLE] CID:17 m1=0.000 m2=0.020 m3=0.000 m4=0.000 m5=0.000 p=0.000 cloud=PRE overlap=NO -> SAFE
[EDGE-CALIB] Received calibration: attack=ts_replay conf=0.90
[EDGE-CALIB] Applied: W1: 0.2727→0.2727 (Δ0.0200)  W2: 0.1818→0.1818 (Δ0.0400)  ZONE_MAL: 0.300→0.300
[EDGE-CALIB] New weights: W1=0.273 W2=0.182 W3=0.227 W4=0.182 W5=0.136
[EDGE-Z1] CID:0 -> FASTBAN
[EDGE-Z1-ENSEMBLE] CID:8 m1=0.000 m2=0.020 m3=0.000 m4=0.000 m5=0.000 p=0.000 cloud=PRE overlap=NO -> SAFE
[EDGE-Z1-ENSEMBLE] CID:15 m1=0.000 m2=0.020 m3=0.000 m4=0.000 m5=0.000 p=0.000 cloud=PRE overlap=NO -> SAFE
[EDGE-Z1-ENSEMBLE] CID:29 m1=0.000 m2=0.020 m3=0.000 m4=0.000 m5=0.000 p=0.000 cloud=PRE overlap=NO -> SAFE
[EDGE-Z1] CID:19 -> FASTBAN
[EDGE-Z1-ENSEMBLE] CID:5 m1=0.000 m2=0.020 m3=0.000 m4=0.000 m5=0.000 p=0.000 cloud=PRE overlap=NO -> SAFE
[EDGE-Z1-ENSEMBLE] CID:2 m1=0.000 m2=0.020 m3=0.000 m4=0.000 m5=0.000 p=0.000 cloud=PRE overlap=NO -> SAFE
[EDGE-Z1] CID:3 -> FASTBAN
[EDGE-Z1] CID:12 -> FASTBAN
[EDGE-Z1] CID:14 -> FASTBAN
[EDGE-Z1] CID:24 -> FASTBAN
[EDGE-Z1-ENSEMBLE] CID:28 m1=0.000 m2=0.020 m3=0.000 m4=0.000 m5=0.000 p=0.000 cloud=PRE overlap=NO -> SAFE
[EDGE-Z1] CID:13 -> FASTBAN
[EDGE-Z1] CID:26 -> FASTBAN
[EDGE-Z1-ENSEMBLE] CID:16 m1=0.000 m2=0.020 m3=0.000 m4=0.000 m5=0.000 p=0.000 cloud=PRE overlap=NO -> SAFE
[EDGE-Z1] CID:25 -> FASTBAN
[EDGE-Z1] CID:1 -> FASTBAN
[EDGE-Z1] CID:23 -> FASTBAN
[EDGE-Z1-ENSEMBLE] CID:9 m1=0.000 m2=0.020 m3=0.000 m4=0.000 m5=0.000 p=0.000 cloud=PRE overlap=NO -> SAFE
[EDGE-Z1] CID:18 -> FASTBAN
[EDGE-Z1-ENSEMBLE] CID:10 m1=0.000 m2=0.020 m3=0.000 m4=0.000 m5=0.000 p=0.000 cloud=PRE overlap=NO -> SAFE
[EDGE-Z1-ENSEMBLE] CID:22 m1=0.000 m2=0.020 m3=0.000 m4=0.000 m5=0.000 p=0.000 cloud=PRE overlap=NO -> SAFE
[EDGE-Z1-ENSEMBLE] CID:4 m1=0.000 m2=0.020 m3=0.000 m4=0.000 m5=0.000 p=0.000 cloud=PRE overlap=NO -> SAFE
[EDGE-Z1] CID:7 -> FASTBAN
[EDGE-Z1] CID:20 -> FASTBAN
[EDGE-Z1-ENSEMBLE] CID:6 m1=0.000 m2=0.020 m3=0.000 m4=0.000 m5=0.000 p=0.000 cloud=PRE overlap=NO -> SAFE
[EDGE-Z1-ENSEMBLE] CID:21 m1=0.000 m2=0.020 m3=0.000 m4=0.000 m5=0.000 p=0.000 cloud=PRE overlap=NO -> SAFE
[EDGE-Z1-ENSEMBLE] CID:27 m1=0.000 m2=0.020 m3=0.000 m4=0.000 m5=0.000 p=0.000 cloud=PRE overlap=NO -> SAFE
[EDGE-Z1] CID:11 -> FASTBAN
[EDGE-Z1-ENSEMBLE] CID:17 m1=0.000 m2=0.020 m3=0.000 m4=0.000 m5=0.000 p=0.000 cloud=PRE overlap=NO -> SAFE
[EDGE-Z1] CID:0 -> FASTBAN
[EDGE-Z1-ENSEMBLE] CID:8 m1=0.000 m2=0.020 m3=0.000 m4=0.000 m5=0.000 p=0.000 cloud=PRE overlap=NO -> SAFE
[EDGE-Z1-ENSEMBLE] CID:15 m1=0.000 m2=0.020 m3=0.000 m4=0.000 m5=0.000 p=0.000 cloud=PRE overlap=NO -> SAFE
[EDGE-Z1-ENSEMBLE] CID:29 m1=0.000 m2=0.020 m3=0.000 m4=0.000 m5=0.000 p=0.000 cloud=PRE overlap=NO -> SAFE
[EDGE-Z1] CID:19 -> FASTBAN
[EDGE-Z1-ENSEMBLE] CID:5 m1=0.000 m2=0.020 m3=0.000 m4=0.000 m5=0.000 p=0.000 cloud=PRE overlap=NO -> SAFE
[EDGE-Z1] CID:3 -> FASTBAN
[EDGE-Z1-ENSEMBLE] CID:2 m1=0.000 m2=0.020 m3=0.000 m4=0.000 m5=0.000 p=0.000 cloud=PRE overlap=NO -> SAFE
[EDGE-Z1] CID:14 -> FASTBAN
[EDGE-Z1] CID:24 -> FASTBAN
[EDGE-Z1-ENSEMBLE] CID:28 m1=0.000 m2=0.020 m3=0.000 m4=0.000 m5=0.000 p=0.000 cloud=PRE overlap=NO -> SAFE
[EDGE-Z1] CID:13 -> FASTBAN
[EDGE-Z1] CID:26 -> FASTBAN
[EDGE-Z1-ENSEMBLE] CID:16 m1=0.000 m2=0.020 m3=0.000 m4=0.000 m5=0.000 p=0.000 cloud=PRE overlap=NO -> SAFE
[EDGE-Z1] CID:25 -> FASTBAN
[EDGE-Z1] CID:23 -> FASTBAN
[EDGE-Z1-ENSEMBLE] CID:9 m1=0.000 m2=0.020 m3=0.000 m4=0.000 m5=0.000 p=0.000 cloud=PRE overlap=NO -> SAFE
[EDGE-Z1-ENSEMBLE] CID:10 m1=0.000 m2=0.020 m3=0.000 m4=0.000 m5=0.000 p=0.000 cloud=PRE overlap=NO -> SAFE
[EDGE-Z1-ENSEMBLE] CID:22 m1=0.000 m2=0.020 m3=0.000 m4=0.000 m5=0.000 p=0.000 cloud=PRE overlap=NO -> SAFE
[EDGE-Z1-ENSEMBLE] CID:4 m1=0.000 m2=0.020 m3=0.000 m4=0.000 m5=0.000 p=0.000 cloud=PRE overlap=NO -> SAFE
[EDGE-Z1] CID:7 -> FASTBAN
[EDGE-Z1] CID:20 -> FASTBAN
[EDGE-Z1-ENSEMBLE] CID:6 m1=0.000 m2=0.020 m3=0.000 m4=0.000 m5=0.000 p=0.000 cloud=PRE overlap=NO -> SAFE
[EDGE-Z1-ENSEMBLE] CID:27 m1=0.000 m2=0.020 m3=0.000 m4=0.000 m5=0.000 p=0.000 cloud=PRE overlap=NO -> SAFE
[EDGE-Z1-ENSEMBLE] CID:21 m1=0.000 m2=0.020 m3=0.000 m4=0.000 m5=0.000 p=0.000 cloud=PRE overlap=NO -> SAFE
[EDGE-Z1-ENSEMBLE] CID:17 m1=0.000 m2=0.020 m3=0.000 m4=0.000 m5=0.000 p=0.000 cloud=PRE overlap=NO -> SAFE
[EDGE-Z1-ENSEMBLE] CID:8 m1=0.000 m2=0.020 m3=0.000 m4=0.000 m5=0.000 p=0.000 cloud=PRE overlap=NO -> SAFE
[EDGE-Z1-ENSEMBLE] CID:15 m1=0.000 m2=0.020 m3=0.000 m4=0.000 m5=0.000 p=0.000 cloud=PRE overlap=NO -> SAFE
[EDGE-Z1-ENSEMBLE] CID:29 m1=0.000 m2=0.020 m3=0.000 m4=0.000 m5=0.000 p=0.000 cloud=PRE overlap=NO -> SAFE
[EDGE-Z1-ENSEMBLE] CID:5 m1=0.000 m2=0.020 m3=0.000 m4=0.000 m5=0.000 p=0.000 cloud=PRE overlap=NO -> SAFE
[EDGE-Z1-ENSEMBLE] CID:2 m1=0.000 m2=0.020 m3=0.000 m4=0.000 m5=0.000 p=0.000 cloud=PRE overlap=NO -> SAFE
[EDGE-Z1-ENSEMBLE] CID:28 m1=0.000 m2=0.020 m3=0.000 m4=0.000 m5=0.000 p=0.000 cloud=PRE overlap=NO -> SAFE
[EDGE-Z1] CID:26 -> FASTBAN
[EDGE-Z1-ENSEMBLE] CID:16 m1=0.000 m2=0.020 m3=0.000 m4=0.000 m5=0.000 p=0.000 cloud=PRE overlap=NO -> SAFE
[EDGE-Z1-ENSEMBLE] CID:9 m1=0.000 m2=0.020 m3=0.000 m4=0.000 m5=0.000 p=0.000 cloud=PRE overlap=NO -> SAFE
[EDGE-Z1-ENSEMBLE] CID:10 m1=0.000 m2=0.020 m3=0.000 m4=0.000 m5=0.000 p=0.000 cloud=PRE overlap=NO -> SAFE
[EDGE-Z1-ENSEMBLE] CID:22 m1=0.000 m2=0.020 m3=0.000 m4=0.000 m5=0.000 p=0.000 cloud=PRE overlap=NO -> SAFE
[EDGE-Z1-ENSEMBLE] CID:4 m1=0.000 m2=0.020 m3=0.000 m4=0.000 m5=0.000 p=0.000 cloud=PRE overlap=NO -> SAFE
[EDGE-Z1] CID:20 -> FASTBAN
[EDGE-Z1-ENSEMBLE] CID:6 m1=0.000 m2=0.020 m3=0.000 m4=0.000 m5=0.000 p=0.000 cloud=PRE overlap=NO -> SAFE
[EDGE-Z1-ENSEMBLE] CID:21 m1=0.000 m2=0.020 m3=0.000 m4=0.000 m5=0.000 p=0.000 cloud=PRE overlap=NO -> SAFE
[EDGE-Z1-ENSEMBLE] CID:17 m1=0.000 m2=0.020 m3=0.000 m4=0.000 m5=0.000 p=0.000 cloud=PRE overlap=NO -> SAFE
[EDGE-Z1-ENSEMBLE] CID:8 m1=0.000 m2=0.020 m3=0.000 m4=0.000 m5=0.000 p=0.000 cloud=PRE overlap=NO -> SAFE
[EDGE-Z1-ENSEMBLE] CID:15 m1=0.000 m2=0.020 m3=0.000 m4=0.000 m5=0.000 p=0.000 cloud=PRE overlap=NO -> SAFE
[EDGE-Z1-ENSEMBLE] CID:29 m1=0.000 m2=0.020 m3=0.000 m4=0.000 m5=0.000 p=0.000 cloud=PRE overlap=NO -> SAFE
[EDGE-Z1-ENSEMBLE] CID:5 m1=0.000 m2=0.020 m3=0.000 m4=0.000 m5=0.000 p=0.000 cloud=PRE overlap=NO -> SAFE
[EDGE-Z1-ENSEMBLE] CID:28 m1=0.000 m2=0.020 m3=0.000 m4=0.000 m5=0.000 p=0.000 cloud=PRE overlap=NO -> SAFE
[EDGE-Z1-ENSEMBLE] CID:2 m1=0.000 m2=0.020 m3=0.000 m4=0.000 m5=0.000 p=0.000 cloud=PRE overlap=NO -> SAFE
[EDGE-Z1-ENSEMBLE] CID:16 m1=0.000 m2=0.020 m3=0.000 m4=0.000 m5=0.000 p=0.000 cloud=PRE overlap=NO -> SAFE
[EDGE-Z1-ENSEMBLE] CID:10 m1=0.000 m2=0.020 m3=0.000 m4=0.000 m5=0.000 p=0.000 cloud=PRE overlap=NO -> SAFE
[EDGE-Z1-ENSEMBLE] CID:22 m1=0.000 m2=0.020 m3=0.000 m4=0.000 m5=0.000 p=0.000 cloud=PRE overlap=NO -> SAFE
[EDGE-Z1-ENSEMBLE] CID:4 m1=0.000 m2=0.020 m3=0.000 m4=0.000 m5=0.000 p=0.000 cloud=PRE overlap=NO -> SAFE
[EDGE-Z1-ENSEMBLE] CID:6 m1=0.000 m2=0.020 m3=0.000 m4=0.000 m5=0.000 p=0.000 cloud=PRE overlap=NO -> SAFE
[EDGE-Z1-ENSEMBLE] CID:21 m1=0.000 m2=0.020 m3=0.000 m4=0.000 m5=0.000 p=0.000 cloud=PRE overlap=NO -> SAFE
[EDGE-Z1-ENSEMBLE] CID:9 m1=0.000 m2=0.020 m3=0.000 m4=0.000 m5=0.000 p=0.000 cloud=PRE overlap=NO -> SAFE
[EDGE-Z1-ENSEMBLE] CID:17 m1=0.000 m2=0.020 m3=0.000 m4=0.000 m5=0.000 p=0.000 cloud=PRE overlap=NO -> SAFE
[EDGE-Z1-ENSEMBLE] CID:8 m1=0.000 m2=0.020 m3=0.000 m4=0.000 m5=0.000 p=0.000 cloud=PRE overlap=NO -> SAFE
[EDGE-Z1-ENSEMBLE] CID:15 m1=0.000 m2=0.020 m3=0.000 m4=0.000 m5=0.000 p=0.000 cloud=PRE overlap=NO -> SAFE
[EDGE-Z1-ENSEMBLE] CID:29 m1=0.000 m2=0.020 m3=0.000 m4=0.000 m5=0.000 p=0.000 cloud=PRE overlap=NO -> SAFE
[EDGE-Z1-ENSEMBLE] CID:5 m1=0.000 m2=0.020 m3=0.000 m4=0.000 m5=0.000 p=0.000 cloud=PRE overlap=NO -> SAFE
[EDGE-Z1-ENSEMBLE] CID:2 m1=0.000 m2=0.020 m3=0.000 m4=0.000 m5=0.000 p=0.000 cloud=PRE overlap=NO -> SAFE
[EDGE-Z1-ENSEMBLE] CID:28 m1=0.000 m2=0.020 m3=0.000 m4=0.000 m5=0.000 p=0.000 cloud=PRE overlap=NO -> SAFE
[EDGE-Z1-ENSEMBLE] CID:16 m1=0.000 m2=0.020 m3=0.000 m4=0.000 m5=0.000 p=0.000 cloud=PRE overlap=NO -> SAFE
[EDGE-Z1-ENSEMBLE] CID:10 m1=0.000 m2=0.020 m3=0.040 m4=0.000 m5=0.000 p=0.000 cloud=PRE overlap=NO -> SAFE
[EDGE-Z1-ENSEMBLE] CID:22 m1=0.000 m2=0.020 m3=0.000 m4=0.000 m5=0.000 p=0.000 cloud=PRE overlap=NO -> SAFE
[EDGE-Z1-ENSEMBLE] CID:4 m1=0.000 m2=0.020 m3=0.000 m4=0.000 m5=0.000 p=0.000 cloud=PRE overlap=NO -> SAFE
[EDGE-Z1-ENSEMBLE] CID:6 m1=0.000 m2=0.020 m3=0.000 m4=0.000 m5=0.000 p=0.000 cloud=PRE overlap=NO -> SAFE
[EDGE-Z1-ENSEMBLE] CID:21 m1=0.000 m2=0.020 m3=0.000 m4=0.000 m5=0.000 p=0.000 cloud=PRE overlap=NO -> SAFE
[EDGE-Z1-ENSEMBLE] CID:17 m1=0.000 m2=0.020 m3=0.000 m4=0.000 m5=0.000 p=0.000 cloud=PRE overlap=NO -> SAFE
[EDGE-Z1-ENSEMBLE] CID:8 m1=0.000 m2=0.020 m3=0.000 m4=0.000 m5=0.000 p=0.000 cloud=PRE overlap=NO -> SAFE
[EDGE-Z1-ENSEMBLE] CID:15 m1=0.000 m2=0.020 m3=0.000 m4=0.000 m5=0.000 p=0.000 cloud=PRE overlap=NO -> SAFE
[EDGE-Z1-ENSEMBLE] CID:29 m1=0.000 m2=0.020 m3=0.000 m4=0.000 m5=0.000 p=0.000 cloud=PRE overlap=NO -> SAFE
[EDGE-Z1-ENSEMBLE] CID:5 m1=0.000 m2=0.020 m3=0.000 m4=0.000 m5=0.000 p=0.000 cloud=PRE overlap=NO -> SAFE
[EDGE-Z1-ENSEMBLE] CID:2 m1=0.000 m2=0.020 m3=0.000 m4=0.000 m5=0.000 p=0.000 cloud=PRE overlap=NO -> SAFE
[EDGE-Z1-ENSEMBLE] CID:28 m1=0.000 m2=0.020 m3=0.000 m4=0.000 m5=0.000 p=0.000 cloud=PRE overlap=NO -> SAFE
[EDGE-Z1-ENSEMBLE] CID:16 m1=0.000 m2=0.020 m3=0.000 m4=0.000 m5=0.000 p=0.000 cloud=PRE overlap=NO -> SAFE
[EDGE-Z1-ENSEMBLE] CID:10 m1=0.000 m2=0.020 m3=0.040 m4=0.000 m5=0.000 p=0.000 cloud=PRE overlap=NO -> SAFE
[EDGE-Z1-ENSEMBLE] CID:22 m1=0.000 m2=0.020 m3=0.000 m4=0.000 m5=0.000 p=0.000 cloud=PRE overlap=NO -> SAFE
[EDGE-Z1-ENSEMBLE] CID:4 m1=0.000 m2=0.020 m3=0.000 m4=0.000 m5=0.000 p=0.000 cloud=PRE overlap=NO -> SAFE
[EDGE-Z1-ENSEMBLE] CID:6 m1=0.000 m2=0.020 m3=0.000 m4=0.000 m5=0.000 p=0.000 cloud=PRE overlap=NO -> SAFE
[EDGE-Z1-ENSEMBLE] CID:21 m1=0.000 m2=0.020 m3=0.000 m4=0.000 m5=0.000 p=0.000 cloud=PRE overlap=NO -> SAFE
[EDGE-Z1-ENSEMBLE] CID:17 m1=0.000 m2=0.020 m3=0.000 m4=0.000 m5=0.000 p=0.000 cloud=PRE overlap=NO -> SAFE
[EDGE-Z1-ENSEMBLE] CID:8 m1=0.000 m2=0.020 m3=0.000 m4=0.000 m5=0.000 p=0.000 cloud=PRE overlap=NO -> SAFE
[EDGE-Z1-ENSEMBLE] CID:15 m1=0.000 m2=0.020 m3=0.000 m4=0.000 m5=0.000 p=0.000 cloud=PRE overlap=NO -> SAFE
[EDGE-Z1-ENSEMBLE] CID:29 m1=0.000 m2=0.020 m3=0.000 m4=0.000 m5=0.000 p=0.000 cloud=PRE overlap=NO -> SAFE
[EDGE-Z1-ENSEMBLE] CID:5 m1=0.000 m2=0.020 m3=0.000 m4=0.000 m5=0.000 p=0.000 cloud=PRE overlap=NO -> SAFE
[EDGE-Z1-ENSEMBLE] CID:2 m1=0.000 m2=0.020 m3=0.000 m4=0.000 m5=0.000 p=0.000 cloud=PRE overlap=NO -> SAFE
[EDGE-Z1-ENSEMBLE] CID:28 m1=0.000 m2=0.020 m3=0.000 m4=0.000 m5=0.000 p=0.000 cloud=PRE overlap=NO -> SAFE
[EDGE-Z1-ENSEMBLE] CID:16 m1=0.000 m2=0.020 m3=0.000 m4=0.000 m5=0.000 p=0.000 cloud=PRE overlap=NO -> SAFE
[EDGE-Z1-ENSEMBLE] CID:10 m1=0.000 m2=0.020 m3=0.040 m4=0.000 m5=0.000 p=0.000 cloud=PRE overlap=NO -> SAFE
[EDGE-Z1-ENSEMBLE] CID:22 m1=0.000 m2=0.020 m3=0.000 m4=0.000 m5=0.000 p=0.000 cloud=PRE overlap=NO -> SAFE
[EDGE-Z1-ENSEMBLE] CID:4 m1=0.000 m2=0.020 m3=0.000 m4=0.000 m5=0.000 p=0.000 cloud=PRE overlap=NO -> SAFE
[EDGE-Z1-ENSEMBLE] CID:6 m1=0.000 m2=0.020 m3=0.000 m4=0.000 m5=0.000 p=0.000 cloud=PRE overlap=NO -> SAFE
[EDGE-Z1-ENSEMBLE] CID:21 m1=0.000 m2=0.020 m3=0.000 m4=0.000 m5=0.000 p=0.000 cloud=PRE overlap=NO -> SAFE
[EDGE-Z1-ENSEMBLE] CID:17 m1=0.000 m2=0.020 m3=0.000 m4=0.000 m5=0.000 p=0.000 cloud=PRE overlap=NO -> SAFE
[EDGE-Z1-ENSEMBLE] CID:8 m1=0.000 m2=0.020 m3=0.000 m4=0.000 m5=0.000 p=0.000 cloud=PRE overlap=NO -> SAFE
[EDGE-Z1-ENSEMBLE] CID:15 m1=0.000 m2=0.020 m3=0.000 m4=0.000 m5=0.000 p=0.000 cloud=PRE overlap=NO -> SAFE
[EDGE-Z1-ENSEMBLE] CID:29 m1=0.000 m2=0.020 m3=0.000 m4=0.000 m5=0.000 p=0.000 cloud=PRE overlap=NO -> SAFE
[EDGE-Z1-ENSEMBLE] CID:5 m1=0.000 m2=0.020 m3=0.000 m4=0.000 m5=0.000 p=0.000 cloud=PRE overlap=NO -> SAFE
[EDGE-Z1-ENSEMBLE] CID:2 m1=0.000 m2=0.020 m3=0.000 m4=0.000 m5=0.000 p=0.000 cloud=PRE overlap=NO -> SAFE
[EDGE-Z1-ENSEMBLE] CID:28 m1=0.000 m2=0.020 m3=0.000 m4=0.000 m5=0.000 p=0.000 cloud=PRE overlap=NO -> SAFE
[EDGE-Z1-ENSEMBLE] CID:16 m1=0.000 m2=0.020 m3=0.000 m4=0.000 m5=0.000 p=0.000 cloud=PRE overlap=NO -> SAFE
[EDGE-Z1-ENSEMBLE] CID:10 m1=0.000 m2=0.020 m3=0.040 m4=0.000 m5=0.000 p=0.000 cloud=PRE overlap=NO -> SAFE
[EDGE-Z1-ENSEMBLE] CID:22 m1=0.000 m2=0.020 m3=0.000 m4=0.000 m5=0.000 p=0.000 cloud=PRE overlap=NO -> SAFE
[EDGE-Z1-ENSEMBLE] CID:4 m1=0.000 m2=0.020 m3=0.000 m4=0.000 m5=0.000 p=0.000 cloud=PRE overlap=NO -> SAFE
[EDGE-Z1-ENSEMBLE] CID:6 m1=0.000 m2=0.020 m3=0.000 m4=0.000 m5=0.000 p=0.000 cloud=PRE overlap=NO -> SAFE
[EDGE-Z1-ENSEMBLE] CID:21 m1=0.000 m2=0.020 m3=0.000 m4=0.000 m5=0.000 p=0.000 cloud=PRE overlap=NO -> SAFE
[EDGE-Z1-ENSEMBLE] CID:17 m1=0.000 m2=0.020 m3=0.000 m4=0.000 m5=0.000 p=0.000 cloud=PRE overlap=NO -> SAFE
[EDGE-Z1-ENSEMBLE] CID:8 m1=0.000 m2=0.020 m3=0.000 m4=0.000 m5=0.000 p=0.000 cloud=PRE overlap=NO -> SAFE
[EDGE-Z1-ENSEMBLE] CID:15 m1=0.000 m2=0.020 m3=0.000 m4=0.000 m5=0.000 p=0.000 cloud=PRE overlap=NO -> SAFE
[EDGE-Z1-ENSEMBLE] CID:29 m1=0.000 m2=0.020 m3=0.000 m4=0.000 m5=0.000 p=0.000 cloud=PRE overlap=NO -> SAFE
[EDGE-Z1-ENSEMBLE] CID:5 m1=0.000 m2=0.020 m3=0.000 m4=0.000 m5=0.000 p=0.000 cloud=PRE overlap=NO -> SAFE
[EDGE-Z1-ENSEMBLE] CID:2 m1=0.000 m2=0.020 m3=0.000 m4=0.000 m5=0.000 p=0.000 cloud=PRE overlap=NO -> SAFE
[EDGE-Z1-ENSEMBLE] CID:28 m1=0.000 m2=0.020 m3=0.000 m4=0.000 m5=0.000 p=0.000 cloud=PRE overlap=NO -> SAFE
[EDGE-Z1-ENSEMBLE] CID:16 m1=0.000 m2=0.020 m3=0.000 m4=0.000 m5=0.000 p=0.000 cloud=PRE overlap=NO -> SAFE
[EDGE-Z1-ENSEMBLE] CID:10 m1=0.000 m2=0.020 m3=0.000 m4=0.000 m5=0.000 p=0.000 cloud=PRE overlap=NO -> SAFE
[EDGE-Z1-ENSEMBLE] CID:22 m1=0.000 m2=0.020 m3=0.000 m4=0.000 m5=0.000 p=0.000 cloud=PRE overlap=NO -> SAFE
[EDGE-Z1-ENSEMBLE] CID:4 m1=0.000 m2=0.020 m3=0.000 m4=0.000 m5=0.000 p=0.000 cloud=PRE overlap=NO -> SAFE
[EDGE-Z1-ENSEMBLE] CID:6 m1=0.000 m2=0.020 m3=0.000 m4=0.000 m5=0.000 p=0.000 cloud=PRE overlap=NO -> SAFE
[EDGE-Z1-ENSEMBLE] CID:21 m1=0.000 m2=0.020 m3=0.000 m4=0.000 m5=0.000 p=0.000 cloud=PRE overlap=NO -> SAFE
[EDGE-Z1-ENSEMBLE] CID:17 m1=0.000 m2=0.020 m3=0.000 m4=0.000 m5=0.000 p=0.000 cloud=PRE overlap=NO -> SAFE
[EDGE-Z1-ENSEMBLE] CID:8 m1=0.000 m2=0.020 m3=0.000 m4=0.000 m5=0.000 p=0.000 cloud=PRE overlap=NO -> SAFE
[EDGE-Z1-ENSEMBLE] CID:15 m1=0.000 m2=0.020 m3=0.000 m4=0.000 m5=0.000 p=0.000 cloud=PRE overlap=NO -> SAFE
[EDGE-Z1-ENSEMBLE] CID:29 m1=0.000 m2=0.020 m3=0.000 m4=0.000 m5=0.000 p=0.000 cloud=PRE overlap=NO -> SAFE
[EDGE-Z1-ENSEMBLE] CID:5 m1=0.000 m2=0.020 m3=0.000 m4=0.000 m5=0.000 p=0.000 cloud=PRE overlap=NO -> SAFE
[EDGE-Z1-ENSEMBLE] CID:28 m1=0.000 m2=0.020 m3=0.000 m4=0.000 m5=0.000 p=0.000 cloud=PRE overlap=NO -> SAFE
[EDGE-Z1-ENSEMBLE] CID:16 m1=0.000 m2=0.020 m3=0.000 m4=0.000 m5=0.000 p=0.000 cloud=PRE overlap=NO -> SAFE
[EDGE-Z1-ENSEMBLE] CID:10 m1=0.000 m2=0.020 m3=0.000 m4=0.000 m5=0.000 p=0.000 cloud=PRE overlap=NO -> SAFE
[EDGE-Z1-ENSEMBLE] CID:22 m1=0.000 m2=0.020 m3=0.000 m4=0.000 m5=0.000 p=0.000 cloud=PRE overlap=NO -> SAFE
[EDGE-Z1-ENSEMBLE] CID:4 m1=0.000 m2=0.020 m3=0.000 m4=0.000 m5=0.000 p=0.000 cloud=PRE overlap=NO -> SAFE
[EDGE-Z1-ENSEMBLE] CID:6 m1=0.000 m2=0.020 m3=0.000 m4=0.000 m5=0.000 p=0.000 cloud=PRE overlap=NO -> SAFE
[EDGE-Z1-ENSEMBLE] CID:21 m1=0.000 m2=0.020 m3=0.000 m4=0.000 m5=0.000 p=0.000 cloud=PRE overlap=NO -> SAFE
[EDGE-Z1-ENSEMBLE] CID:17 m1=0.000 m2=0.020 m3=0.000 m4=0.000 m5=0.000 p=0.000 cloud=PRE overlap=NO -> SAFE
[EDGE-Z1-ENSEMBLE] CID:8 m1=0.000 m2=0.020 m3=0.000 m4=0.000 m5=0.000 p=0.000 cloud=PRE overlap=NO -> SAFE
[EDGE-Z1-ENSEMBLE] CID:15 m1=0.000 m2=0.020 m3=0.000 m4=0.000 m5=0.000 p=0.000 cloud=PRE overlap=NO -> SAFE
[EDGE-Z1-ENSEMBLE] CID:29 m1=0.000 m2=0.020 m3=0.000 m4=0.000 m5=0.000 p=0.000 cloud=PRE overlap=NO -> SAFE
[EDGE-Z1-ENSEMBLE] CID:5 m1=0.000 m2=0.020 m3=0.000 m4=0.000 m5=0.000 p=0.000 cloud=PRE overlap=NO -> SAFE
[EDGE-Z1-ENSEMBLE] CID:2 m1=0.000 m2=0.020 m3=0.000 m4=0.000 m5=0.000 p=0.000 cloud=PRE overlap=NO -> SAFE
[EDGE-Z1-ENSEMBLE] CID:28 m1=0.000 m2=0.020 m3=0.000 m4=0.000 m5=0.000 p=0.000 cloud=PRE overlap=NO -> SAFE
[EDGE-Z1-ENSEMBLE] CID:16 m1=0.000 m2=0.020 m3=0.000 m4=0.000 m5=0.000 p=0.000 cloud=PRE overlap=NO -> SAFE
[EDGE-Z1-ENSEMBLE] CID:10 m1=0.000 m2=0.020 m3=0.000 m4=0.000 m5=0.000 p=0.000 cloud=PRE overlap=NO -> SAFE
[EDGE-Z1-ENSEMBLE] CID:22 m1=0.000 m2=0.020 m3=0.000 m4=0.000 m5=0.000 p=0.000 cloud=PRE overlap=NO -> SAFE
[EDGE-Z1-ENSEMBLE] CID:4 m1=0.000 m2=0.020 m3=0.000 m4=0.000 m5=0.000 p=0.000 cloud=PRE overlap=NO -> SAFE
[EDGE-Z1-ENSEMBLE] CID:6 m1=0.000 m2=0.020 m3=0.000 m4=0.000 m5=0.000 p=0.000 cloud=PRE overlap=NO -> SAFE
[EDGE-Z1-ENSEMBLE] CID:21 m1=0.000 m2=0.020 m3=0.000 m4=0.000 m5=0.000 p=0.000 cloud=PRE overlap=NO -> SAFE
[EDGE-Z1-ENSEMBLE] CID:17 m1=0.000 m2=0.020 m3=0.000 m4=0.000 m5=0.000 p=0.000 cloud=PRE overlap=NO -> SAFE
[EDGE-Z1-ENSEMBLE] CID:8 m1=0.000 m2=0.020 m3=0.000 m4=0.000 m5=0.000 p=0.000 cloud=PRE overlap=NO -> SAFE
[EDGE-Z1-ENSEMBLE] CID:15 m1=0.000 m2=0.020 m3=0.000 m4=0.000 m5=0.000 p=0.000 cloud=PRE overlap=NO -> SAFE
[EDGE-Z1-ENSEMBLE] CID:29 m1=0.000 m2=0.020 m3=0.000 m4=0.000 m5=0.000 p=0.000 cloud=PRE overlap=NO -> SAFE
[EDGE-Z1-ENSEMBLE] CID:5 m1=0.000 m2=0.020 m3=0.000 m4=0.000 m5=0.000 p=0.000 cloud=PRE overlap=NO -> SAFE
[EDGE-Z1-ENSEMBLE] CID:2 m1=0.000 m2=0.020 m3=0.000 m4=0.000 m5=0.000 p=0.000 cloud=PRE overlap=NO -> SAFE
[EDGE-Z1-ENSEMBLE] CID:28 m1=0.000 m2=0.020 m3=0.000 m4=0.000 m5=0.000 p=0.000 cloud=PRE overlap=NO -> SAFE
[EDGE-Z1-ENSEMBLE] CID:16 m1=0.000 m2=0.020 m3=0.000 m4=0.000 m5=0.000 p=0.000 cloud=PRE overlap=NO -> SAFE
[EDGE-Z1-ENSEMBLE] CID:10 m1=0.000 m2=0.020 m3=0.000 m4=0.000 m5=0.000 p=0.000 cloud=PRE overlap=NO -> SAFE
[EDGE-Z1-ENSEMBLE] CID:22 m1=0.000 m2=0.020 m3=0.000 m4=0.000 m5=0.000 p=0.000 cloud=PRE overlap=NO -> SAFE
[EDGE-Z1-ENSEMBLE] CID:4 m1=0.000 m2=0.020 m3=0.000 m4=0.000 m5=0.000 p=0.000 cloud=PRE overlap=NO -> SAFE
[EDGE-Z1-ENSEMBLE] CID:6 m1=0.000 m2=0.020 m3=0.000 m4=0.000 m5=0.000 p=0.000 cloud=PRE overlap=NO -> SAFE
[EDGE-Z1-ENSEMBLE] CID:21 m1=0.000 m2=0.020 m3=0.000 m4=0.000 m5=0.000 p=0.000 cloud=PRE overlap=NO -> SAFE
[EDGE-Z1-ENSEMBLE] CID:17 m1=0.000 m2=0.020 m3=0.000 m4=0.000 m5=0.000 p=0.000 cloud=PRE overlap=NO -> SAFE
[EDGE-Z1-ENSEMBLE] CID:8 m1=0.000 m2=0.020 m3=0.000 m4=0.000 m5=0.000 p=0.000 cloud=PRE overlap=NO -> SAFE
[EDGE-Z1-ENSEMBLE] CID:15 m1=0.000 m2=0.020 m3=0.000 m4=0.000 m5=0.000 p=0.000 cloud=PRE overlap=NO -> SAFE
[EDGE-Z1-ENSEMBLE] CID:29 m1=0.000 m2=0.020 m3=0.000 m4=0.000 m5=0.000 p=0.000 cloud=PRE overlap=NO -> SAFE
[EDGE-Z1-ENSEMBLE] CID:5 m1=0.000 m2=0.020 m3=0.000 m4=0.000 m5=0.000 p=0.000 cloud=PRE overlap=NO -> SAFE
[EDGE-Z1-ENSEMBLE] CID:28 m1=0.000 m2=0.020 m3=0.000 m4=0.000 m5=0.000 p=0.000 cloud=PRE overlap=NO -> SAFE
[EDGE-Z1-ENSEMBLE] CID:16 m1=0.000 m2=0.020 m3=0.000 m4=0.000 m5=0.000 p=0.000 cloud=PRE overlap=NO -> SAFE
[EDGE-Z1-ENSEMBLE] CID:10 m1=0.000 m2=0.020 m3=0.000 m4=0.000 m5=0.000 p=0.000 cloud=PRE overlap=NO -> SAFE
[EDGE-Z1-ENSEMBLE] CID:22 m1=0.000 m2=0.020 m3=0.000 m4=0.000 m5=0.000 p=0.000 cloud=PRE overlap=NO -> SAFE
[EDGE-Z1-ENSEMBLE] CID:4 m1=0.000 m2=0.020 m3=0.000 m4=0.000 m5=0.000 p=0.000 cloud=PRE overlap=NO -> SAFE
[EDGE-Z1-ENSEMBLE] CID:6 m1=0.000 m2=0.020 m3=0.000 m4=0.000 m5=0.000 p=0.000 cloud=PRE overlap=NO -> SAFE
[EDGE-Z1-ENSEMBLE] CID:21 m1=0.000 m2=0.020 m3=0.000 m4=0.000 m5=0.000 p=0.000 cloud=PRE overlap=NO -> SAFE
[EDGE-Z1-ENSEMBLE] CID:17 m1=0.000 m2=0.020 m3=0.000 m4=0.000 m5=0.000 p=0.000 cloud=PRE overlap=NO -> SAFE
[EDGE-Z1-ENSEMBLE] CID:8 m1=0.000 m2=0.020 m3=0.000 m4=0.000 m5=0.000 p=0.000 cloud=PRE overlap=NO -> SAFE
[EDGE-Z1-ENSEMBLE] CID:15 m1=0.000 m2=0.020 m3=0.000 m4=0.000 m5=0.000 p=0.000 cloud=PRE overlap=NO -> SAFE
[EDGE-Z1-ENSEMBLE] CID:29 m1=0.000 m2=0.020 m3=0.000 m4=0.000 m5=0.000 p=0.000 cloud=PRE overlap=NO -> SAFE
[EDGE-Z1-ENSEMBLE] CID:5 m1=0.000 m2=0.020 m3=0.000 m4=0.000 m5=0.000 p=0.000 cloud=PRE overlap=NO -> SAFE
[EDGE-Z1-ENSEMBLE] CID:28 m1=0.000 m2=0.020 m3=0.000 m4=0.000 m5=0.000 p=0.000 cloud=PRE overlap=NO -> SAFE
[EDGE-Z1-ENSEMBLE] CID:16 m1=0.000 m2=0.020 m3=0.000 m4=0.000 m5=0.000 p=0.000 cloud=PRE overlap=NO -> SAFE
[EDGE-Z1-ENSEMBLE] CID:10 m1=0.000 m2=0.020 m3=0.000 m4=0.000 m5=0.000 p=0.000 cloud=PRE overlap=NO -> SAFE
[EDGE-Z1-ENSEMBLE] CID:22 m1=0.000 m2=0.020 m3=0.000 m4=0.000 m5=0.000 p=0.000 cloud=PRE overlap=NO -> SAFE
[EDGE-Z1-ENSEMBLE] CID:4 m1=0.000 m2=0.020 m3=0.000 m4=0.000 m5=0.000 p=0.000 cloud=PRE overlap=NO -> SAFE
[EDGE-Z1-ENSEMBLE] CID:6 m1=0.000 m2=0.020 m3=0.000 m4=0.000 m5=0.000 p=0.000 cloud=PRE overlap=NO -> SAFE
[EDGE-Z1-ENSEMBLE] CID:21 m1=0.000 m2=0.020 m3=0.000 m4=0.000 m5=0.000 p=0.000 cloud=PRE overlap=NO -> SAFE
[EDGE-Z1-ENSEMBLE] CID:17 m1=0.000 m2=0.020 m3=0.000 m4=0.000 m5=0.000 p=0.000 cloud=PRE overlap=NO -> SAFE
[EDGE-Z1-ENSEMBLE] CID:8 m1=0.000 m2=0.020 m3=0.000 m4=0.000 m5=0.000 p=0.000 cloud=PRE overlap=NO -> SAFE
[EDGE-Z1-ENSEMBLE] CID:15 m1=0.000 m2=0.020 m3=0.000 m4=0.000 m5=0.000 p=0.000 cloud=PRE overlap=NO -> SAFE
[EDGE-Z1-ENSEMBLE] CID:29 m1=0.000 m2=0.020 m3=0.000 m4=0.000 m5=0.000 p=0.000 cloud=PRE overlap=NO -> SAFE
[EDGE-Z1-ENSEMBLE] CID:5 m1=0.000 m2=0.020 m3=0.000 m4=0.000 m5=0.000 p=0.000 cloud=PRE overlap=NO -> SAFE
[EDGE-Z1-ENSEMBLE] CID:28 m1=0.000 m2=0.020 m3=0.000 m4=0.000 m5=0.000 p=0.000 cloud=PRE overlap=NO -> SAFE
[EDGE-Z1-ENSEMBLE] CID:16 m1=0.000 m2=0.020 m3=0.000 m4=0.000 m5=0.000 p=0.000 cloud=PRE overlap=NO -> SAFE
[EDGE-Z1-ENSEMBLE] CID:10 m1=0.000 m2=0.020 m3=0.000 m4=0.000 m5=0.000 p=0.000 cloud=PRE overlap=NO -> SAFE
[EDGE-Z1-ENSEMBLE] CID:22 m1=0.000 m2=0.020 m3=0.000 m4=0.000 m5=0.000 p=0.000 cloud=PRE overlap=NO -> SAFE
[EDGE-Z1-ENSEMBLE] CID:4 m1=0.000 m2=0.020 m3=0.000 m4=0.000 m5=0.000 p=0.000 cloud=PRE overlap=NO -> SAFE
[EDGE-Z1-ENSEMBLE] CID:6 m1=0.000 m2=0.020 m3=0.000 m4=0.000 m5=0.000 p=0.000 cloud=PRE overlap=NO -> SAFE
[EDGE-Z1-ENSEMBLE] CID:21 m1=0.000 m2=0.020 m3=0.000 m4=0.000 m5=0.000 p=0.000 cloud=PRE overlap=NO -> SAFE
[EDGE-Z1-ENSEMBLE] CID:17 m1=0.000 m2=0.020 m3=0.000 m4=0.000 m5=0.000 p=0.000 cloud=PRE overlap=NO -> SAFE
[EDGE-Z1-ENSEMBLE] CID:8 m1=0.000 m2=0.020 m3=0.000 m4=0.000 m5=0.000 p=0.000 cloud=PRE overlap=NO -> SAFE
[EDGE-Z1-ENSEMBLE] CID:15 m1=0.000 m2=0.020 m3=0.000 m4=0.000 m5=0.000 p=0.000 cloud=PRE overlap=NO -> SAFE
[EDGE-Z1-ENSEMBLE] CID:29 m1=0.000 m2=0.020 m3=0.000 m4=0.000 m5=0.000 p=0.000 cloud=PRE overlap=NO -> SAFE
[EDGE-Z1-ENSEMBLE] CID:5 m1=0.000 m2=0.020 m3=0.000 m4=0.000 m5=0.000 p=0.000 cloud=PRE overlap=NO -> SAFE
[EDGE-Z1-ENSEMBLE] CID:28 m1=0.000 m2=0.020 m3=0.000 m4=0.000 m5=0.000 p=0.000 cloud=PRE overlap=NO -> SAFE
[EDGE-Z1-ENSEMBLE] CID:16 m1=0.000 m2=0.020 m3=0.000 m4=0.000 m5=0.000 p=0.000 cloud=PRE overlap=NO -> SAFE
[EDGE-Z1-ENSEMBLE] CID:10 m1=0.000 m2=0.020 m3=0.000 m4=0.000 m5=0.000 p=0.000 cloud=PRE overlap=NO -> SAFE
[EDGE-Z1-ENSEMBLE] CID:22 m1=0.000 m2=0.020 m3=0.000 m4=0.000 m5=0.000 p=0.000 cloud=PRE overlap=NO -> SAFE
[EDGE-Z1-ENSEMBLE] CID:4 m1=0.000 m2=0.020 m3=0.000 m4=0.000 m5=0.000 p=0.000 cloud=PRE overlap=NO -> SAFE
[EDGE-Z1-ENSEMBLE] CID:6 m1=0.000 m2=0.020 m3=0.000 m4=0.000 m5=0.000 p=0.000 cloud=PRE overlap=NO -> SAFE
[EDGE-Z1-ENSEMBLE] CID:21 m1=0.000 m2=0.020 m3=0.000 m4=0.000 m5=0.000 p=0.000 cloud=PRE overlap=NO -> SAFE
[EDGE-Z1-ENSEMBLE] CID:17 m1=0.000 m2=0.020 m3=0.000 m4=0.000 m5=0.000 p=0.000 cloud=PRE overlap=NO -> SAFE
[EDGE-Z1-ENSEMBLE] CID:8 m1=0.000 m2=0.020 m3=0.000 m4=0.000 m5=0.000 p=0.000 cloud=PRE overlap=NO -> SAFE
[EDGE-Z1-ENSEMBLE] CID:15 m1=0.000 m2=0.020 m3=0.000 m4=0.000 m5=0.000 p=0.000 cloud=PRE overlap=NO -> SAFE
[EDGE-Z1-ENSEMBLE] CID:29 m1=0.000 m2=0.020 m3=0.000 m4=0.000 m5=0.000 p=0.000 cloud=PRE overlap=NO -> SAFE
[EDGE-Z1-ENSEMBLE] CID:5 m1=0.000 m2=0.020 m3=0.000 m4=0.000 m5=0.000 p=0.000 cloud=PRE overlap=NO -> SAFE
[EDGE-Z1-ENSEMBLE] CID:28 m1=0.000 m2=0.020 m3=0.000 m4=0.000 m5=0.000 p=0.000 cloud=PRE overlap=NO -> SAFE
[EDGE-Z1-ENSEMBLE] CID:16 m1=0.000 m2=0.020 m3=0.000 m4=0.000 m5=0.000 p=0.000 cloud=PRE overlap=NO -> SAFE
[EDGE-Z1-ENSEMBLE] CID:10 m1=0.000 m2=0.020 m3=0.000 m4=0.000 m5=0.000 p=0.000 cloud=PRE overlap=NO -> SAFE
[EDGE-Z1-ENSEMBLE] CID:22 m1=0.000 m2=0.020 m3=0.040 m4=0.000 m5=0.000 p=0.000 cloud=PRE overlap=NO -> SAFE
[EDGE-Z1-ENSEMBLE] CID:4 m1=0.000 m2=0.020 m3=0.000 m4=0.000 m5=0.000 p=0.000 cloud=PRE overlap=NO -> SAFE
[EDGE-Z1-ENSEMBLE] CID:6 m1=0.000 m2=0.020 m3=0.000 m4=0.000 m5=0.000 p=0.000 cloud=PRE overlap=NO -> SAFE
[EDGE-Z1-ENSEMBLE] CID:21 m1=0.000 m2=0.020 m3=0.000 m4=0.000 m5=0.000 p=0.000 cloud=PRE overlap=NO -> SAFE
[EDGE-Z1-ENSEMBLE] CID:17 m1=0.000 m2=0.020 m3=0.000 m4=0.000 m5=0.000 p=0.000 cloud=PRE overlap=NO -> SAFE
[EDGE-Z1-ENSEMBLE] CID:8 m1=0.000 m2=0.020 m3=0.000 m4=0.000 m5=0.000 p=0.000 cloud=PRE overlap=NO -> SAFE
[EDGE-Z1-ENSEMBLE] CID:15 m1=0.000 m2=0.020 m3=0.000 m4=0.000 m5=0.000 p=0.000 cloud=PRE overlap=NO -> SAFE
[EDGE-Z1-ENSEMBLE] CID:29 m1=0.000 m2=0.020 m3=0.000 m4=0.000 m5=0.000 p=0.000 cloud=PRE overlap=NO -> SAFE
[EDGE-Z1-ENSEMBLE] CID:5 m1=0.000 m2=0.020 m3=0.000 m4=0.000 m5=0.000 p=0.000 cloud=PRE overlap=NO -> SAFE
[EDGE-Z1-ENSEMBLE] CID:28 m1=0.000 m2=0.020 m3=0.000 m4=0.000 m5=0.000 p=0.000 cloud=PRE overlap=NO -> SAFE
[EDGE-Z1-ENSEMBLE] CID:16 m1=0.000 m2=0.020 m3=0.000 m4=0.000 m5=0.000 p=0.000 cloud=PRE overlap=NO -> SAFE
[EDGE-Z1-ENSEMBLE] CID:10 m1=0.000 m2=0.020 m3=0.000 m4=0.000 m5=0.000 p=0.000 cloud=PRE overlap=NO -> SAFE
[EDGE-Z1-ENSEMBLE] CID:22 m1=0.000 m2=0.020 m3=0.000 m4=0.000 m5=0.000 p=0.000 cloud=PRE overlap=NO -> SAFE
[EDGE-Z1-ENSEMBLE] CID:4 m1=0.000 m2=0.020 m3=0.000 m4=0.000 m5=0.000 p=0.000 cloud=PRE overlap=NO -> SAFE
[EDGE-Z1-ENSEMBLE] CID:6 m1=0.000 m2=0.020 m3=0.000 m4=0.000 m5=0.000 p=0.000 cloud=PRE overlap=NO -> SAFE
[EDGE-Z1-ENSEMBLE] CID:21 m1=0.000 m2=0.020 m3=0.000 m4=0.000 m5=0.000 p=0.000 cloud=PRE overlap=NO -> SAFE
[EDGE-Z1-ENSEMBLE] CID:17 m1=0.000 m2=0.020 m3=0.000 m4=0.000 m5=0.000 p=0.000 cloud=PRE overlap=NO -> SAFE
[EDGE-Z1-ENSEMBLE] CID:8 m1=0.000 m2=0.020 m3=0.000 m4=0.000 m5=0.000 p=0.000 cloud=PRE overlap=NO -> SAFE
[EDGE-Z1-ENSEMBLE] CID:15 m1=0.000 m2=0.020 m3=0.000 m4=0.000 m5=0.000 p=0.000 cloud=PRE overlap=NO -> SAFE
[EDGE-Z1-ENSEMBLE] CID:29 m1=0.000 m2=0.020 m3=0.000 m4=0.000 m5=0.000 p=0.000 cloud=PRE overlap=NO -> SAFE
[EDGE-Z1-ENSEMBLE] CID:5 m1=0.000 m2=0.020 m3=0.000 m4=0.000 m5=0.000 p=0.000 cloud=PRE overlap=NO -> SAFE
[EDGE-Z1-ENSEMBLE] CID:28 m1=0.000 m2=0.020 m3=0.000 m4=0.000 m5=0.000 p=0.000 cloud=PRE overlap=NO -> SAFE
[EDGE-Z1-ENSEMBLE] CID:16 m1=0.000 m2=0.020 m3=0.000 m4=0.000 m5=0.000 p=0.000 cloud=PRE overlap=NO -> SAFE
[EDGE-Z1-ENSEMBLE] CID:10 m1=0.000 m2=0.020 m3=0.000 m4=0.000 m5=0.000 p=0.000 cloud=PRE overlap=NO -> SAFE
[EDGE-Z1-ENSEMBLE] CID:22 m1=0.000 m2=0.020 m3=0.000 m4=0.000 m5=0.000 p=0.000 cloud=PRE overlap=NO -> SAFE
[EDGE-Z1-ENSEMBLE] CID:4 m1=0.000 m2=0.020 m3=0.000 m4=0.000 m5=0.000 p=0.000 cloud=PRE overlap=NO -> SAFE
[EDGE-Z1-ENSEMBLE] CID:6 m1=0.000 m2=0.020 m3=0.000 m4=0.000 m5=0.000 p=0.000 cloud=PRE overlap=NO -> SAFE
[EDGE-Z1-ENSEMBLE] CID:21 m1=0.000 m2=0.020 m3=0.000 m4=0.000 m5=0.000 p=0.000 cloud=PRE overlap=NO -> SAFE
[EDGE-Z1-ENSEMBLE] CID:17 m1=0.000 m2=0.020 m3=0.000 m4=0.000 m5=0.000 p=0.000 cloud=PRE overlap=NO -> SAFE
[EDGE-Z1-ENSEMBLE] CID:8 m1=0.000 m2=0.020 m3=0.000 m4=0.000 m5=0.000 p=0.000 cloud=PRE overlap=NO -> SAFE
[EDGE-Z1-ENSEMBLE] CID:15 m1=0.000 m2=0.020 m3=0.000 m4=0.000 m5=0.000 p=0.000 cloud=PRE overlap=NO -> SAFE
[EDGE-Z1-ENSEMBLE] CID:29 m1=0.000 m2=0.020 m3=0.000 m4=0.000 m5=0.000 p=0.000 cloud=PRE overlap=NO -> SAFE
[EDGE-Z1-ENSEMBLE] CID:5 m1=0.000 m2=0.020 m3=0.000 m4=0.000 m5=0.000 p=0.000 cloud=PRE overlap=NO -> SAFE
[EDGE-Z1-ENSEMBLE] CID:28 m1=0.000 m2=0.020 m3=0.000 m4=0.000 m5=0.000 p=0.000 cloud=PRE overlap=NO -> SAFE
[EDGE-Z1-ENSEMBLE] CID:16 m1=0.000 m2=0.020 m3=0.000 m4=0.000 m5=0.000 p=0.000 cloud=PRE overlap=NO -> SAFE
[EDGE-Z1-ENSEMBLE] CID:10 m1=0.000 m2=0.020 m3=0.000 m4=0.000 m5=0.000 p=0.000 cloud=PRE overlap=NO -> SAFE
[EDGE-Z1-ENSEMBLE] CID:22 m1=0.000 m2=0.020 m3=0.000 m4=0.000 m5=0.000 p=0.000 cloud=PRE overlap=NO -> SAFE
[EDGE-Z1-ENSEMBLE] CID:4 m1=0.000 m2=0.020 m3=0.000 m4=0.000 m5=0.000 p=0.000 cloud=PRE overlap=NO -> SAFE
[EDGE-Z1-ENSEMBLE] CID:6 m1=0.000 m2=0.020 m3=0.000 m4=0.000 m5=0.000 p=0.000 cloud=PRE overlap=NO -> SAFE
[EDGE-Z1-ENSEMBLE] CID:21 m1=0.000 m2=0.020 m3=0.000 m4=0.000 m5=0.000 p=0.000 cloud=PRE overlap=NO -> SAFE
[EDGE-Z1-ENSEMBLE] CID:17 m1=0.000 m2=0.020 m3=0.000 m4=0.000 m5=0.000 p=0.000 cloud=PRE overlap=NO -> SAFE
[EDGE-Z1-ENSEMBLE] CID:8 m1=0.000 m2=0.020 m3=0.000 m4=0.000 m5=0.000 p=0.000 cloud=PRE overlap=NO -> SAFE
[EDGE-Z1-ENSEMBLE] CID:29 m1=0.000 m2=0.020 m3=0.000 m4=0.000 m5=0.000 p=0.000 cloud=PRE overlap=NO -> SAFE
[EDGE-Z1-ENSEMBLE] CID:5 m1=0.000 m2=0.020 m3=0.000 m4=0.000 m5=0.000 p=0.000 cloud=PRE overlap=NO -> SAFE
[EDGE-Z1-ENSEMBLE] CID:28 m1=0.000 m2=0.020 m3=0.000 m4=0.000 m5=0.000 p=0.000 cloud=PRE overlap=NO -> SAFE
[EDGE-Z1-ENSEMBLE] CID:16 m1=0.000 m2=0.020 m3=0.000 m4=0.000 m5=0.000 p=0.000 cloud=PRE overlap=NO -> SAFE
[EDGE-Z1-ENSEMBLE] CID:10 m1=0.000 m2=0.020 m3=0.000 m4=0.000 m5=0.000 p=0.000 cloud=PRE overlap=NO -> SAFE
[EDGE-Z1-ENSEMBLE] CID:22 m1=0.000 m2=0.020 m3=0.000 m4=0.000 m5=0.000 p=0.000 cloud=PRE overlap=NO -> SAFE
[EDGE-Z1-ENSEMBLE] CID:4 m1=0.000 m2=0.020 m3=0.000 m4=0.000 m5=0.000 p=0.000 cloud=PRE overlap=NO -> SAFE
[EDGE-Z1-ENSEMBLE] CID:6 m1=0.000 m2=0.020 m3=0.000 m4=0.000 m5=0.000 p=0.000 cloud=PRE overlap=NO -> SAFE
[EDGE-Z1-ENSEMBLE] CID:21 m1=0.000 m2=0.020 m3=0.000 m4=0.000 m5=0.000 p=0.000 cloud=PRE overlap=NO -> SAFE
[EDGE-Z1-ENSEMBLE] CID:17 m1=0.000 m2=0.020 m3=0.000 m4=0.000 m5=0.000 p=0.000 cloud=PRE overlap=NO -> SAFE
[EDGE-Z1-ENSEMBLE] CID:8 m1=0.000 m2=0.020 m3=0.000 m4=0.000 m5=0.000 p=0.000 cloud=PRE overlap=NO -> SAFE
[EDGE-Z1-ENSEMBLE] CID:15 m1=0.000 m2=0.020 m3=0.000 m4=0.000 m5=0.000 p=0.000 cloud=PRE overlap=NO -> SAFE
[EDGE-Z1-ENSEMBLE] CID:29 m1=0.000 m2=0.020 m3=0.000 m4=0.000 m5=0.000 p=0.000 cloud=PRE overlap=NO -> SAFE
[EDGE-Z1-ENSEMBLE] CID:5 m1=0.000 m2=0.020 m3=0.000 m4=0.000 m5=0.000 p=0.000 cloud=PRE overlap=NO -> SAFE
[EDGE-Z1-ENSEMBLE] CID:28 m1=0.000 m2=0.020 m3=0.000 m4=0.000 m5=0.000 p=0.000 cloud=PRE overlap=NO -> SAFE
[EDGE-Z1-ENSEMBLE] CID:10 m1=0.000 m2=0.020 m3=0.000 m4=0.000 m5=0.000 p=0.000 cloud=PRE overlap=NO -> SAFE
[EDGE-Z1-ENSEMBLE] CID:22 m1=0.000 m2=0.020 m3=0.000 m4=0.000 m5=0.000 p=0.000 cloud=PRE overlap=NO -> SAFE
[EDGE-Z1-ENSEMBLE] CID:4 m1=0.000 m2=0.020 m3=0.000 m4=0.000 m5=0.000 p=0.000 cloud=PRE overlap=NO -> SAFE
[EDGE-Z1-ENSEMBLE] CID:6 m1=0.000 m2=0.020 m3=0.000 m4=0.000 m5=0.000 p=0.000 cloud=PRE overlap=NO -> SAFE
[EDGE-Z1-ENSEMBLE] CID:21 m1=0.000 m2=0.020 m3=0.000 m4=0.000 m5=0.000 p=0.000 cloud=PRE overlap=NO -> SAFE
[EDGE-Z1-ENSEMBLE] CID:17 m1=0.000 m2=0.020 m3=0.000 m4=0.000 m5=0.000 p=0.000 cloud=PRE overlap=NO -> SAFE
[EDGE-Z1-ENSEMBLE] CID:8 m1=0.000 m2=0.020 m3=0.000 m4=0.000 m5=0.000 p=0.000 cloud=PRE overlap=NO -> SAFE
[EDGE-Z1-ENSEMBLE] CID:15 m1=0.000 m2=0.020 m3=0.000 m4=0.000 m5=0.000 p=0.000 cloud=PRE overlap=NO -> SAFE
[EDGE-Z1-ENSEMBLE] CID:29 m1=0.000 m2=0.020 m3=0.000 m4=0.000 m5=0.000 p=0.000 cloud=PRE overlap=NO -> SAFE
[EDGE-Z1-ENSEMBLE] CID:5 m1=0.000 m2=0.020 m3=0.000 m4=0.000 m5=0.000 p=0.000 cloud=PRE overlap=NO -> SAFE
[EDGE-Z1-ENSEMBLE] CID:28 m1=0.000 m2=0.020 m3=0.000 m4=0.000 m5=0.000 p=0.000 cloud=PRE overlap=NO -> SAFE
[EDGE-Z1-ENSEMBLE] CID:16 m1=0.000 m2=0.020 m3=0.000 m4=0.000 m5=0.000 p=0.000 cloud=PRE overlap=NO -> SAFE
[EDGE-Z1-ENSEMBLE] CID:10 m1=0.000 m2=0.020 m3=0.000 m4=0.000 m5=0.000 p=0.000 cloud=PRE overlap=NO -> SAFE
[EDGE-Z1-ENSEMBLE] CID:22 m1=0.000 m2=0.020 m3=0.000 m4=0.000 m5=0.000 p=0.000 cloud=PRE overlap=NO -> SAFE
[EDGE-Z1-ENSEMBLE] CID:4 m1=0.000 m2=0.020 m3=0.000 m4=0.000 m5=0.000 p=0.000 cloud=PRE overlap=NO -> SAFE
[EDGE-Z1-ENSEMBLE] CID:6 m1=0.000 m2=0.020 m3=0.000 m4=0.000 m5=0.000 p=0.000 cloud=PRE overlap=NO -> SAFE
[EDGE-Z1-ENSEMBLE] CID:21 m1=0.000 m2=0.020 m3=0.000 m4=0.000 m5=0.000 p=0.000 cloud=PRE overlap=NO -> SAFE
[EDGE-Z1-ENSEMBLE] CID:17 m1=0.000 m2=0.020 m3=0.000 m4=0.000 m5=0.000 p=0.000 cloud=PRE overlap=NO -> SAFE
[EDGE-Z1-ENSEMBLE] CID:8 m1=0.000 m2=0.020 m3=0.000 m4=0.000 m5=0.000 p=0.000 cloud=PRE overlap=NO -> SAFE
[EDGE-Z1-ENSEMBLE] CID:15 m1=0.000 m2=0.020 m3=0.000 m4=0.000 m5=0.000 p=0.000 cloud=PRE overlap=NO -> SAFE
[EDGE-Z1-ENSEMBLE] CID:29 m1=0.000 m2=0.020 m3=0.000 m4=0.000 m5=0.000 p=0.000 cloud=PRE overlap=NO -> SAFE
[EDGE-Z1-ENSEMBLE] CID:5 m1=0.000 m2=0.020 m3=0.000 m4=0.000 m5=0.000 p=0.000 cloud=PRE overlap=NO -> SAFE
[EDGE-Z1-ENSEMBLE] CID:28 m1=0.000 m2=0.020 m3=0.000 m4=0.000 m5=0.000 p=0.000 cloud=PRE overlap=NO -> SAFE
[EDGE-Z1-ENSEMBLE] CID:16 m1=0.000 m2=0.020 m3=0.000 m4=0.000 m5=0.000 p=0.000 cloud=PRE overlap=NO -> SAFE
[EDGE-Z1-ENSEMBLE] CID:10 m1=0.000 m2=0.020 m3=0.000 m4=0.000 m5=0.000 p=0.000 cloud=PRE overlap=NO -> SAFE
[EDGE-Z1-ENSEMBLE] CID:22 m1=0.000 m2=0.020 m3=0.000 m4=0.000 m5=0.000 p=0.000 cloud=PRE overlap=NO -> SAFE
[EDGE-Z1-ENSEMBLE] CID:4 m1=0.000 m2=0.020 m3=0.000 m4=0.000 m5=0.000 p=0.000 cloud=PRE overlap=NO -> SAFE
[EDGE-Z1-ENSEMBLE] CID:6 m1=0.000 m2=0.020 m3=0.000 m4=0.000 m5=0.000 p=0.000 cloud=PRE overlap=NO -> SAFE
[EDGE-Z1-ENSEMBLE] CID:21 m1=0.000 m2=0.020 m3=0.000 m4=0.000 m5=0.000 p=0.000 cloud=PRE overlap=NO -> SAFE
[EDGE-Z1-ENSEMBLE] CID:17 m1=0.000 m2=0.020 m3=0.000 m4=0.000 m5=0.000 p=0.000 cloud=PRE overlap=NO -> SAFE
[EDGE-Z1-ENSEMBLE] CID:8 m1=0.000 m2=0.020 m3=0.000 m4=0.000 m5=0.000 p=0.000 cloud=PRE overlap=NO -> SAFE
[EDGE-Z1-ENSEMBLE] CID:15 m1=0.000 m2=0.020 m3=0.000 m4=0.000 m5=0.000 p=0.000 cloud=PRE overlap=NO -> SAFE
[EDGE-Z1-ENSEMBLE] CID:29 m1=0.000 m2=0.020 m3=0.000 m4=0.000 m5=0.000 p=0.000 cloud=PRE overlap=NO -> SAFE
[EDGE-Z1-ENSEMBLE] CID:5 m1=0.000 m2=0.020 m3=0.000 m4=0.000 m5=0.000 p=0.000 cloud=PRE overlap=NO -> SAFE
[EDGE-Z1-ENSEMBLE] CID:28 m1=0.000 m2=0.020 m3=0.000 m4=0.000 m5=0.000 p=0.000 cloud=PRE overlap=NO -> SAFE
[EDGE-Z1-ENSEMBLE] CID:16 m1=0.000 m2=0.020 m3=0.000 m4=0.000 m5=0.000 p=0.000 cloud=PRE overlap=NO -> SAFE
[EDGE-Z1-ENSEMBLE] CID:10 m1=0.000 m2=0.020 m3=0.000 m4=0.000 m5=0.000 p=0.000 cloud=PRE overlap=NO -> SAFE
[EDGE-Z1-ENSEMBLE] CID:22 m1=0.000 m2=0.020 m3=0.000 m4=0.000 m5=0.000 p=0.000 cloud=PRE overlap=NO -> SAFE
[EDGE-Z1-ENSEMBLE] CID:4 m1=0.000 m2=0.020 m3=0.000 m4=0.000 m5=0.000 p=0.000 cloud=PRE overlap=NO -> SAFE
[EDGE-Z1-ENSEMBLE] CID:6 m1=0.000 m2=0.020 m3=0.000 m4=0.000 m5=0.000 p=0.000 cloud=PRE overlap=NO -> SAFE
[EDGE-Z1-ENSEMBLE] CID:21 m1=0.000 m2=0.020 m3=0.000 m4=0.000 m5=0.000 p=0.000 cloud=PRE overlap=NO -> SAFE
[EDGE-Z1-ENSEMBLE] CID:17 m1=0.000 m2=0.020 m3=0.000 m4=0.000 m5=0.000 p=0.000 cloud=PRE overlap=NO -> SAFE
[EDGE-Z1-ENSEMBLE] CID:8 m1=0.000 m2=0.020 m3=0.000 m4=0.000 m5=0.000 p=0.000 cloud=PRE overlap=NO -> SAFE
[EDGE-Z1-ENSEMBLE] CID:15 m1=0.000 m2=0.020 m3=0.000 m4=0.000 m5=0.000 p=0.000 cloud=PRE overlap=NO -> SAFE
[EDGE-Z1-ENSEMBLE] CID:29 m1=0.000 m2=0.020 m3=0.000 m4=0.000 m5=0.000 p=0.000 cloud=PRE overlap=NO -> SAFE
[EDGE-Z1-ENSEMBLE] CID:5 m1=0.000 m2=0.020 m3=0.000 m4=0.000 m5=0.000 p=0.000 cloud=PRE overlap=NO -> SAFE
[EDGE-Z1-ENSEMBLE] CID:28 m1=0.000 m2=0.020 m3=0.000 m4=0.000 m5=0.000 p=0.000 cloud=PRE overlap=NO -> SAFE
[EDGE-Z1-ENSEMBLE] CID:16 m1=0.000 m2=0.020 m3=0.000 m4=0.000 m5=0.000 p=0.000 cloud=PRE overlap=NO -> SAFE
[EDGE-Z1-ENSEMBLE] CID:10 m1=0.000 m2=0.020 m3=0.000 m4=0.000 m5=0.000 p=0.000 cloud=PRE overlap=NO -> SAFE
[EDGE-Z1-ENSEMBLE] CID:22 m1=0.000 m2=0.020 m3=0.000 m4=0.000 m5=0.000 p=0.000 cloud=PRE overlap=NO -> SAFE
[EDGE-Z1-ENSEMBLE] CID:4 m1=0.000 m2=0.020 m3=0.000 m4=0.000 m5=0.000 p=0.000 cloud=PRE overlap=NO -> SAFE
[EDGE-Z1-ENSEMBLE] CID:6 m1=0.000 m2=0.020 m3=0.000 m4=0.000 m5=0.000 p=0.000 cloud=PRE overlap=NO -> SAFE
[EDGE-Z1-ENSEMBLE] CID:21 m1=0.000 m2=0.020 m3=0.000 m4=0.000 m5=0.000 p=0.000 cloud=PRE overlap=NO -> SAFE
[EDGE-Z1-ENSEMBLE] CID:17 m1=0.000 m2=0.020 m3=0.000 m4=0.000 m5=0.000 p=0.000 cloud=PRE overlap=NO -> SAFE
[EDGE-Z1-ENSEMBLE] CID:8 m1=0.000 m2=0.020 m3=0.000 m4=0.000 m5=0.000 p=0.000 cloud=PRE overlap=NO -> SAFE
[EDGE-Z1-ENSEMBLE] CID:15 m1=0.000 m2=0.020 m3=0.000 m4=0.000 m5=0.000 p=0.000 cloud=PRE overlap=NO -> SAFE
[EDGE-Z1-ENSEMBLE] CID:29 m1=0.000 m2=0.020 m3=0.000 m4=0.000 m5=0.000 p=0.000 cloud=PRE overlap=NO -> SAFE
[EDGE-Z1-ENSEMBLE] CID:5 m1=0.000 m2=0.020 m3=0.000 m4=0.000 m5=0.000 p=0.000 cloud=PRE overlap=NO -> SAFE
[EDGE-Z1-ENSEMBLE] CID:28 m1=0.000 m2=0.020 m3=0.000 m4=0.000 m5=0.000 p=0.000 cloud=PRE overlap=NO -> SAFE
[EDGE-Z1-ENSEMBLE] CID:16 m1=0.000 m2=0.020 m3=0.000 m4=0.000 m5=0.000 p=0.000 cloud=PRE overlap=NO -> SAFE
[EDGE-Z1-ENSEMBLE] CID:10 m1=0.000 m2=0.020 m3=0.000 m4=0.000 m5=0.000 p=0.000 cloud=PRE overlap=NO -> SAFE
[EDGE-Z1-ENSEMBLE] CID:22 m1=0.000 m2=0.020 m3=0.000 m4=0.000 m5=0.000 p=0.000 cloud=PRE overlap=NO -> SAFE
[EDGE-Z1-ENSEMBLE] CID:4 m1=0.000 m2=0.020 m3=0.000 m4=0.000 m5=0.000 p=0.000 cloud=PRE overlap=NO -> SAFE
[EDGE-Z1-ENSEMBLE] CID:6 m1=0.000 m2=0.020 m3=0.000 m4=0.000 m5=0.000 p=0.000 cloud=PRE overlap=NO -> SAFE
[EDGE-Z1-ENSEMBLE] CID:21 m1=0.000 m2=0.020 m3=0.000 m4=0.000 m5=0.000 p=0.000 cloud=PRE overlap=NO -> SAFE
[EDGE-Z1-ENSEMBLE] CID:17 m1=0.000 m2=0.020 m3=0.000 m4=0.000 m5=0.000 p=0.000 cloud=PRE overlap=NO -> SAFE
[EDGE-Z1-ENSEMBLE] CID:8 m1=0.000 m2=0.020 m3=0.000 m4=0.000 m5=0.000 p=0.000 cloud=PRE overlap=NO -> SAFE
[EDGE-Z1-ENSEMBLE] CID:15 m1=0.000 m2=0.020 m3=0.000 m4=0.000 m5=0.000 p=0.000 cloud=PRE overlap=NO -> SAFE
[EDGE-Z1-ENSEMBLE] CID:29 m1=0.000 m2=0.020 m3=0.000 m4=0.000 m5=0.000 p=0.000 cloud=PRE overlap=NO -> SAFE
[EDGE-Z1-ENSEMBLE] CID:5 m1=0.000 m2=0.020 m3=0.000 m4=0.000 m5=0.000 p=0.000 cloud=PRE overlap=NO -> SAFE
[EDGE-Z1-ENSEMBLE] CID:28 m1=0.000 m2=0.020 m3=0.000 m4=0.000 m5=0.000 p=0.000 cloud=PRE overlap=NO -> SAFE
[EDGE-Z1-ENSEMBLE] CID:16 m1=0.000 m2=0.020 m3=0.000 m4=0.000 m5=0.000 p=0.000 cloud=PRE overlap=NO -> SAFE
[EDGE-Z1-ENSEMBLE] CID:10 m1=0.000 m2=0.020 m3=0.000 m4=0.000 m5=0.000 p=0.000 cloud=PRE overlap=NO -> SAFE
[EDGE-Z1-ENSEMBLE] CID:22 m1=0.000 m2=0.020 m3=0.000 m4=0.000 m5=0.000 p=0.000 cloud=PRE overlap=NO -> SAFE
[EDGE-Z1-ENSEMBLE] CID:4 m1=0.000 m2=0.020 m3=0.000 m4=0.000 m5=0.000 p=0.000 cloud=PRE overlap=NO -> SAFE
[EDGE-Z1-ENSEMBLE] CID:6 m1=0.000 m2=0.020 m3=0.000 m4=0.000 m5=0.000 p=0.000 cloud=PRE overlap=NO -> SAFE
[EDGE-Z1-ENSEMBLE] CID:21 m1=0.000 m2=0.020 m3=0.000 m4=0.000 m5=0.000 p=0.000 cloud=PRE overlap=NO -> SAFE
[EDGE-Z1-ENSEMBLE] CID:17 m1=0.000 m2=0.020 m3=0.000 m4=0.000 m5=0.000 p=0.000 cloud=PRE overlap=NO -> SAFE
[EDGE-Z1-ENSEMBLE] CID:8 m1=0.000 m2=0.020 m3=0.000 m4=0.000 m5=0.000 p=0.000 cloud=PRE overlap=NO -> SAFE
[EDGE-Z1-ENSEMBLE] CID:15 m1=0.000 m2=0.020 m3=0.000 m4=0.000 m5=0.000 p=0.000 cloud=PRE overlap=NO -> SAFE
[EDGE-Z1-ENSEMBLE] CID:29 m1=0.000 m2=0.020 m3=0.000 m4=0.000 m5=0.000 p=0.000 cloud=PRE overlap=NO -> SAFE
[EDGE-Z1-ENSEMBLE] CID:5 m1=0.000 m2=0.020 m3=0.000 m4=0.000 m5=0.000 p=0.000 cloud=PRE overlap=NO -> SAFE
[EDGE-Z1-ENSEMBLE] CID:28 m1=0.000 m2=0.020 m3=0.000 m4=0.000 m5=0.000 p=0.000 cloud=PRE overlap=NO -> SAFE
[EDGE-Z1-ENSEMBLE] CID:16 m1=0.000 m2=0.020 m3=0.000 m4=0.000 m5=0.000 p=0.000 cloud=PRE overlap=NO -> SAFE
[EDGE-Z1-ENSEMBLE] CID:10 m1=0.000 m2=0.020 m3=0.000 m4=0.000 m5=0.000 p=0.000 cloud=PRE overlap=NO -> SAFE
[EDGE-Z1-ENSEMBLE] CID:22 m1=0.000 m2=0.020 m3=0.000 m4=0.000 m5=0.000 p=0.000 cloud=PRE overlap=NO -> SAFE
[EDGE-Z1-ENSEMBLE] CID:4 m1=0.000 m2=0.020 m3=0.000 m4=0.000 m5=0.000 p=0.000 cloud=PRE overlap=NO -> SAFE
[EDGE-Z1-ENSEMBLE] CID:6 m1=0.000 m2=0.020 m3=0.000 m4=0.000 m5=0.000 p=0.000 cloud=PRE overlap=NO -> SAFE
[EDGE-Z1-ENSEMBLE] CID:21 m1=0.000 m2=0.020 m3=0.000 m4=0.000 m5=0.000 p=0.000 cloud=PRE overlap=NO -> SAFE
[EDGE-Z1-ENSEMBLE] CID:17 m1=0.000 m2=0.020 m3=0.000 m4=0.000 m5=0.000 p=0.000 cloud=PRE overlap=NO -> SAFE
[EDGE-Z1-ENSEMBLE] CID:8 m1=0.000 m2=0.020 m3=0.000 m4=0.000 m5=0.000 p=0.000 cloud=PRE overlap=NO -> SAFE
[EDGE-Z1-ENSEMBLE] CID:15 m1=0.000 m2=0.020 m3=0.000 m4=0.000 m5=0.000 p=0.000 cloud=PRE overlap=NO -> SAFE
[EDGE-Z1-ENSEMBLE] CID:29 m1=0.000 m2=0.020 m3=0.000 m4=0.000 m5=0.000 p=0.000 cloud=PRE overlap=NO -> SAFE
[EDGE-Z1-ENSEMBLE] CID:5 m1=0.000 m2=0.020 m3=0.000 m4=0.000 m5=0.000 p=0.000 cloud=PRE overlap=NO -> SAFE
[EDGE-Z1-ENSEMBLE] CID:28 m1=0.000 m2=0.020 m3=0.000 m4=0.000 m5=0.000 p=0.000 cloud=PRE overlap=NO -> SAFE
[EDGE-Z1-ENSEMBLE] CID:16 m1=0.000 m2=0.020 m3=0.000 m4=0.000 m5=0.000 p=0.000 cloud=PRE overlap=NO -> SAFE
[EDGE-Z1-ENSEMBLE] CID:10 m1=0.000 m2=0.020 m3=0.000 m4=0.000 m5=0.000 p=0.000 cloud=PRE overlap=NO -> SAFE
[EDGE-Z1-ENSEMBLE] CID:22 m1=0.000 m2=0.020 m3=0.000 m4=0.000 m5=0.000 p=0.000 cloud=PRE overlap=NO -> SAFE
[EDGE-Z1-ENSEMBLE] CID:4 m1=0.000 m2=0.020 m3=0.000 m4=0.000 m5=0.000 p=0.000 cloud=PRE overlap=NO -> SAFE
[EDGE-Z1-ENSEMBLE] CID:6 m1=0.000 m2=0.020 m3=0.000 m4=0.000 m5=0.000 p=0.000 cloud=PRE overlap=NO -> SAFE
[EDGE-Z1-ENSEMBLE] CID:21 m1=0.000 m2=0.020 m3=0.000 m4=0.000 m5=0.000 p=0.000 cloud=PRE overlap=NO -> SAFE
[EDGE-Z1-ENSEMBLE] CID:17 m1=0.000 m2=0.020 m3=0.000 m4=0.000 m5=0.000 p=0.000 cloud=PRE overlap=NO -> SAFE
[EDGE-Z1-ENSEMBLE] CID:8 m1=0.000 m2=0.020 m3=0.000 m4=0.000 m5=0.000 p=0.000 cloud=PRE overlap=NO -> SAFE
[EDGE-Z1-ENSEMBLE] CID:15 m1=0.000 m2=0.020 m3=0.000 m4=0.000 m5=0.000 p=0.000 cloud=PRE overlap=NO -> SAFE
[EDGE-Z1-ENSEMBLE] CID:29 m1=0.000 m2=0.020 m3=0.000 m4=0.000 m5=0.000 p=0.000 cloud=PRE overlap=NO -> SAFE
[EDGE-Z1-ENSEMBLE] CID:5 m1=0.000 m2=0.020 m3=0.000 m4=0.000 m5=0.000 p=0.000 cloud=PRE overlap=NO -> SAFE
[EDGE-Z1-ENSEMBLE] CID:28 m1=0.000 m2=0.020 m3=0.000 m4=0.000 m5=0.000 p=0.000 cloud=PRE overlap=NO -> SAFE
[EDGE-Z1-ENSEMBLE] CID:16 m1=0.000 m2=0.020 m3=0.000 m4=0.000 m5=0.000 p=0.000 cloud=PRE overlap=NO -> SAFE
[EDGE-Z1-ENSEMBLE] CID:10 m1=0.000 m2=0.020 m3=0.000 m4=0.000 m5=0.000 p=0.000 cloud=PRE overlap=NO -> SAFE
[EDGE-Z1-ENSEMBLE] CID:22 m1=0.000 m2=0.020 m3=0.040 m4=0.000 m5=0.000 p=0.000 cloud=PRE overlap=NO -> SAFE
[EDGE-Z1-ENSEMBLE] CID:4 m1=0.000 m2=0.020 m3=0.000 m4=0.000 m5=0.000 p=0.000 cloud=PRE overlap=NO -> SAFE
[EDGE-Z1-ENSEMBLE] CID:6 m1=0.000 m2=0.020 m3=0.000 m4=0.000 m5=0.000 p=0.000 cloud=PRE overlap=NO -> SAFE
[EDGE-Z1-ENSEMBLE] CID:21 m1=0.000 m2=0.020 m3=0.000 m4=0.000 m5=0.000 p=0.000 cloud=PRE overlap=NO -> SAFE
[EDGE-Z1-ENSEMBLE] CID:17 m1=0.000 m2=0.020 m3=0.000 m4=0.000 m5=0.000 p=0.000 cloud=PRE overlap=NO -> SAFE
[EDGE-Z1-ENSEMBLE] CID:8 m1=0.000 m2=0.020 m3=0.000 m4=0.000 m5=0.000 p=0.000 cloud=PRE overlap=NO -> SAFE
[EDGE-Z1-ENSEMBLE] CID:15 m1=0.000 m2=0.020 m3=0.000 m4=0.000 m5=0.000 p=0.000 cloud=PRE overlap=NO -> SAFE
[EDGE-Z1-ENSEMBLE] CID:29 m1=0.000 m2=0.020 m3=0.000 m4=0.000 m5=0.000 p=0.000 cloud=PRE overlap=NO -> SAFE
[EDGE-Z1-ENSEMBLE] CID:5 m1=0.000 m2=0.020 m3=0.000 m4=0.000 m5=0.000 p=0.000 cloud=PRE overlap=NO -> SAFE
[EDGE-Z1-ENSEMBLE] CID:28 m1=0.000 m2=0.020 m3=0.000 m4=0.000 m5=0.000 p=0.000 cloud=PRE overlap=NO -> SAFE
[EDGE-Z1-ENSEMBLE] CID:16 m1=0.000 m2=0.020 m3=0.000 m4=0.000 m5=0.000 p=0.000 cloud=PRE overlap=NO -> SAFE
[EDGE-Z1-ENSEMBLE] CID:10 m1=0.000 m2=0.020 m3=0.000 m4=0.000 m5=0.000 p=0.000 cloud=PRE overlap=NO -> SAFE
[EDGE-Z1-ENSEMBLE] CID:22 m1=0.000 m2=0.020 m3=0.000 m4=0.000 m5=0.000 p=0.000 cloud=PRE overlap=NO -> SAFE
[EDGE-Z1-ENSEMBLE] CID:4 m1=0.000 m2=0.020 m3=0.000 m4=0.000 m5=0.000 p=0.000 cloud=PRE overlap=NO -> SAFE
[EDGE-Z1-ENSEMBLE] CID:6 m1=0.000 m2=0.020 m3=0.000 m4=0.000 m5=0.000 p=0.000 cloud=PRE overlap=NO -> SAFE
[EDGE-Z1-ENSEMBLE] CID:21 m1=0.000 m2=0.020 m3=0.000 m4=0.000 m5=0.000 p=0.000 cloud=PRE overlap=NO -> SAFE
[EDGE-Z1-ENSEMBLE] CID:17 m1=0.000 m2=0.020 m3=0.000 m4=0.000 m5=0.000 p=0.000 cloud=PRE overlap=NO -> SAFE
[EDGE-Z1-ENSEMBLE] CID:8 m1=0.000 m2=0.020 m3=0.000 m4=0.000 m5=0.000 p=0.000 cloud=PRE overlap=NO -> SAFE
[EDGE-Z1-ENSEMBLE] CID:15 m1=0.000 m2=0.020 m3=0.000 m4=0.000 m5=0.000 p=0.000 cloud=PRE overlap=NO -> SAFE
[EDGE-Z1-ENSEMBLE] CID:29 m1=0.000 m2=0.020 m3=0.000 m4=0.000 m5=0.000 p=0.000 cloud=PRE overlap=NO -> SAFE
[EDGE-Z1-ENSEMBLE] CID:5 m1=0.000 m2=0.020 m3=0.000 m4=0.000 m5=0.000 p=0.000 cloud=PRE overlap=NO -> SAFE
[EDGE-Z1-ENSEMBLE] CID:28 m1=0.000 m2=0.020 m3=0.000 m4=0.000 m5=0.000 p=0.000 cloud=PRE overlap=NO -> SAFE
[EDGE-Z1-ENSEMBLE] CID:16 m1=0.000 m2=0.020 m3=0.000 m4=0.000 m5=0.000 p=0.000 cloud=PRE overlap=NO -> SAFE
[EDGE-Z1-ENSEMBLE] CID:10 m1=0.000 m2=0.020 m3=0.000 m4=0.000 m5=0.000 p=0.000 cloud=PRE overlap=NO -> SAFE
[EDGE-Z1-ENSEMBLE] CID:22 m1=0.000 m2=0.020 m3=0.000 m4=0.000 m5=0.000 p=0.000 cloud=PRE overlap=NO -> SAFE
[EDGE-Z1-ENSEMBLE] CID:4 m1=0.000 m2=0.020 m3=0.000 m4=0.000 m5=0.000 p=0.000 cloud=PRE overlap=NO -> SAFE
[EDGE-Z1-ENSEMBLE] CID:6 m1=0.000 m2=0.020 m3=0.000 m4=0.000 m5=0.000 p=0.000 cloud=PRE overlap=NO -> SAFE
[EDGE-Z1-ENSEMBLE] CID:17 m1=0.000 m2=0.020 m3=0.000 m4=0.000 m5=0.000 p=0.000 cloud=PRE overlap=NO -> SAFE
[EDGE-Z1-ENSEMBLE] CID:8 m1=0.000 m2=0.020 m3=0.000 m4=0.000 m5=0.000 p=0.000 cloud=PRE overlap=NO -> SAFE
[EDGE-Z1-ENSEMBLE] CID:29 m1=0.000 m2=0.020 m3=0.000 m4=0.000 m5=0.000 p=0.000 cloud=PRE overlap=NO -> SAFE
[EDGE-Z1-ENSEMBLE] CID:5 m1=0.000 m2=0.020 m3=0.000 m4=0.000 m5=0.000 p=0.000 cloud=PRE overlap=NO -> SAFE
[EDGE-Z1-ENSEMBLE] CID:28 m1=0.000 m2=0.020 m3=0.000 m4=0.000 m5=0.000 p=0.000 cloud=PRE overlap=NO -> SAFE
[EDGE-Z1-ENSEMBLE] CID:16 m1=0.000 m2=0.020 m3=0.000 m4=0.000 m5=0.000 p=0.000 cloud=PRE overlap=NO -> SAFE
[EDGE-Z1-ENSEMBLE] CID:10 m1=0.000 m2=0.020 m3=0.000 m4=0.000 m5=0.000 p=0.000 cloud=PRE overlap=NO -> SAFE
[EDGE-Z1-ENSEMBLE] CID:22 m1=0.000 m2=0.020 m3=0.000 m4=0.000 m5=0.000 p=0.000 cloud=PRE overlap=NO -> SAFE
[EDGE-Z1-ENSEMBLE] CID:4 m1=0.000 m2=0.020 m3=0.000 m4=0.000 m5=0.000 p=0.000 cloud=PRE overlap=NO -> SAFE
[EDGE-Z1-ENSEMBLE] CID:6 m1=0.000 m2=0.020 m3=0.000 m4=0.000 m5=0.000 p=0.000 cloud=PRE overlap=NO -> SAFE
[EDGE-Z1-ENSEMBLE] CID:21 m1=0.000 m2=0.020 m3=0.000 m4=0.000 m5=0.000 p=0.000 cloud=PRE overlap=NO -> SAFE
[EDGE-Z1-ENSEMBLE] CID:17 m1=0.000 m2=0.020 m3=0.000 m4=0.000 m5=0.000 p=0.000 cloud=PRE overlap=NO -> SAFE
[EDGE-Z1-ENSEMBLE] CID:8 m1=0.000 m2=0.020 m3=0.000 m4=0.000 m5=0.000 p=0.000 cloud=PRE overlap=NO -> SAFE
[EDGE-Z1-ENSEMBLE] CID:15 m1=0.000 m2=0.020 m3=0.000 m4=0.000 m5=0.000 p=0.000 cloud=PRE overlap=NO -> SAFE
[EDGE-Z1-ENSEMBLE] CID:29 m1=0.000 m2=0.020 m3=0.000 m4=0.000 m5=0.000 p=0.000 cloud=PRE overlap=NO -> SAFE
[EDGE-Z1-ENSEMBLE] CID:5 m1=0.000 m2=0.020 m3=0.000 m4=0.000 m5=0.000 p=0.000 cloud=PRE overlap=NO -> SAFE
[EDGE-Z1-ENSEMBLE] CID:28 m1=0.000 m2=0.020 m3=0.000 m4=0.000 m5=0.000 p=0.000 cloud=PRE overlap=NO -> SAFE
[EDGE-Z1-ENSEMBLE] CID:16 m1=0.000 m2=0.020 m3=0.000 m4=0.000 m5=0.000 p=0.000 cloud=PRE overlap=NO -> SAFE
[EDGE-Z1-ENSEMBLE] CID:10 m1=0.000 m2=0.020 m3=0.000 m4=0.000 m5=0.000 p=0.000 cloud=PRE overlap=NO -> SAFE
[EDGE-Z1-ENSEMBLE] CID:22 m1=0.000 m2=0.020 m3=0.000 m4=0.000 m5=0.000 p=0.000 cloud=PRE overlap=NO -> SAFE
[EDGE-Z1-ENSEMBLE] CID:4 m1=0.000 m2=0.020 m3=0.000 m4=0.000 m5=0.000 p=0.000 cloud=PRE overlap=NO -> SAFE
[EDGE-Z1-ENSEMBLE] CID:6 m1=0.000 m2=0.020 m3=0.000 m4=0.000 m5=0.000 p=0.000 cloud=PRE overlap=NO -> SAFE
[EDGE-Z1-ENSEMBLE] CID:21 m1=0.000 m2=0.020 m3=0.000 m4=0.000 m5=0.000 p=0.000 cloud=PRE overlap=NO -> SAFE
[EDGE-Z1-ENSEMBLE] CID:17 m1=0.000 m2=0.020 m3=0.000 m4=0.000 m5=0.000 p=0.000 cloud=PRE overlap=NO -> SAFE
[EDGE-Z1-ENSEMBLE] CID:8 m1=0.000 m2=0.020 m3=0.000 m4=0.000 m5=0.000 p=0.000 cloud=PRE overlap=NO -> SAFE
[EDGE-Z1-ENSEMBLE] CID:15 m1=0.000 m2=0.020 m3=0.000 m4=0.000 m5=0.000 p=0.000 cloud=PRE overlap=NO -> SAFE
[EDGE-Z1-ENSEMBLE] CID:29 m1=0.000 m2=0.020 m3=0.000 m4=0.000 m5=0.000 p=0.000 cloud=PRE overlap=NO -> SAFE
[EDGE-Z1-ENSEMBLE] CID:5 m1=0.000 m2=0.020 m3=0.000 m4=0.000 m5=0.000 p=0.000 cloud=PRE overlap=NO -> SAFE
[EDGE-Z1-ENSEMBLE] CID:28 m1=0.000 m2=0.020 m3=0.000 m4=0.000 m5=0.000 p=0.000 cloud=PRE overlap=NO -> SAFE
[EDGE-Z1-ENSEMBLE] CID:16 m1=0.000 m2=0.020 m3=0.000 m4=0.000 m5=0.000 p=0.000 cloud=PRE overlap=NO -> SAFE
[EDGE-Z1-ENSEMBLE] CID:10 m1=0.000 m2=0.020 m3=0.000 m4=0.000 m5=0.000 p=0.000 cloud=PRE overlap=NO -> SAFE
[EDGE-Z1-ENSEMBLE] CID:22 m1=0.000 m2=0.020 m3=0.000 m4=0.000 m5=0.000 p=0.000 cloud=PRE overlap=NO -> SAFE
[EDGE-Z1-ENSEMBLE] CID:4 m1=0.000 m2=0.020 m3=0.000 m4=0.000 m5=0.000 p=0.000 cloud=PRE overlap=NO -> SAFE
[EDGE-Z1-ENSEMBLE] CID:6 m1=0.000 m2=0.020 m3=0.000 m4=0.000 m5=0.000 p=0.000 cloud=PRE overlap=NO -> SAFE
[EDGE-Z1-ENSEMBLE] CID:21 m1=0.000 m2=0.020 m3=0.000 m4=0.000 m5=0.000 p=0.000 cloud=PRE overlap=NO -> SAFE
[EDGE-Z1-ENSEMBLE] CID:17 m1=0.000 m2=0.020 m3=0.000 m4=0.000 m5=0.000 p=0.000 cloud=PRE overlap=NO -> SAFE
[EDGE-Z1-ENSEMBLE] CID:8 m1=0.000 m2=0.020 m3=0.000 m4=0.000 m5=0.000 p=0.000 cloud=PRE overlap=NO -> SAFE
[EDGE-Z1-ENSEMBLE] CID:15 m1=0.000 m2=0.020 m3=0.000 m4=0.000 m5=0.000 p=0.000 cloud=PRE overlap=NO -> SAFE
[EDGE-Z1-ENSEMBLE] CID:29 m1=0.000 m2=0.020 m3=0.000 m4=0.000 m5=0.000 p=0.000 cloud=PRE overlap=NO -> SAFE
[EDGE-Z1-ENSEMBLE] CID:5 m1=0.000 m2=0.020 m3=0.000 m4=0.000 m5=0.000 p=0.000 cloud=PRE overlap=NO -> SAFE
[EDGE-Z1-ENSEMBLE] CID:28 m1=0.000 m2=0.020 m3=0.000 m4=0.000 m5=0.000 p=0.000 cloud=PRE overlap=NO -> SAFE
[EDGE-Z1-ENSEMBLE] CID:16 m1=0.000 m2=0.020 m3=0.000 m4=0.000 m5=0.000 p=0.000 cloud=PRE overlap=NO -> SAFE
[EDGE-Z1-ENSEMBLE] CID:10 m1=0.000 m2=0.020 m3=0.000 m4=0.000 m5=0.000 p=0.000 cloud=PRE overlap=NO -> SAFE
[EDGE-Z1-ENSEMBLE] CID:22 m1=0.000 m2=0.020 m3=0.000 m4=0.000 m5=0.000 p=0.000 cloud=PRE overlap=NO -> SAFE
[EDGE-Z1-ENSEMBLE] CID:4 m1=0.000 m2=0.020 m3=0.000 m4=0.000 m5=0.000 p=0.000 cloud=PRE overlap=NO -> SAFE
[EDGE-Z1-ENSEMBLE] CID:6 m1=0.000 m2=0.020 m3=0.000 m4=0.000 m5=0.000 p=0.000 cloud=PRE overlap=NO -> SAFE
[EDGE-Z1-ENSEMBLE] CID:21 m1=0.000 m2=0.020 m3=0.000 m4=0.000 m5=0.000 p=0.000 cloud=PRE overlap=NO -> SAFE
[EDGE-Z1-ENSEMBLE] CID:17 m1=0.000 m2=0.020 m3=0.000 m4=0.000 m5=0.000 p=0.000 cloud=PRE overlap=NO -> SAFE
[EDGE-Z1-ENSEMBLE] CID:8 m1=0.000 m2=0.020 m3=0.000 m4=0.000 m5=0.000 p=0.000 cloud=PRE overlap=NO -> SAFE
[EDGE-Z1-ENSEMBLE] CID:15 m1=0.000 m2=0.020 m3=0.000 m4=0.000 m5=0.000 p=0.000 cloud=PRE overlap=NO -> SAFE
[EDGE-Z1-ENSEMBLE] CID:29 m1=0.000 m2=0.020 m3=0.000 m4=0.000 m5=0.000 p=0.000 cloud=PRE overlap=NO -> SAFE
[EDGE-Z1-ENSEMBLE] CID:5 m1=0.000 m2=0.020 m3=0.000 m4=0.000 m5=0.000 p=0.000 cloud=PRE overlap=NO -> SAFE
[EDGE-Z1-ENSEMBLE] CID:28 m1=0.000 m2=0.020 m3=0.000 m4=0.000 m5=0.000 p=0.000 cloud=PRE overlap=NO -> SAFE
[EDGE-Z1-ENSEMBLE] CID:16 m1=0.000 m2=0.020 m3=0.000 m4=0.000 m5=0.000 p=0.000 cloud=PRE overlap=NO -> SAFE
[EDGE-Z1-ENSEMBLE] CID:10 m1=0.000 m2=0.020 m3=0.000 m4=0.000 m5=0.000 p=0.000 cloud=PRE overlap=NO -> SAFE
[EDGE-Z1-ENSEMBLE] CID:22 m1=0.000 m2=0.020 m3=0.000 m4=0.000 m5=0.000 p=0.000 cloud=PRE overlap=NO -> SAFE
[EDGE-Z1-ENSEMBLE] CID:4 m1=0.000 m2=0.020 m3=0.000 m4=0.000 m5=0.000 p=0.000 cloud=PRE overlap=NO -> SAFE
[EDGE-Z1-ENSEMBLE] CID:6 m1=0.000 m2=0.020 m3=0.000 m4=0.000 m5=0.000 p=0.000 cloud=PRE overlap=NO -> SAFE
[EDGE-Z1-ENSEMBLE] CID:21 m1=0.000 m2=0.020 m3=0.000 m4=0.000 m5=0.000 p=0.000 cloud=PRE overlap=NO -> SAFE
[EDGE-Z1-ENSEMBLE] CID:17 m1=0.000 m2=0.020 m3=0.000 m4=0.000 m5=0.000 p=0.000 cloud=PRE overlap=NO -> SAFE
[EDGE-Z1-ENSEMBLE] CID:8 m1=0.000 m2=0.020 m3=0.000 m4=0.000 m5=0.000 p=0.000 cloud=PRE overlap=NO -> SAFE
[EDGE-Z1-ENSEMBLE] CID:15 m1=0.000 m2=0.020 m3=0.000 m4=0.000 m5=0.000 p=0.000 cloud=PRE overlap=NO -> SAFE
[EDGE-Z1-ENSEMBLE] CID:29 m1=0.000 m2=0.020 m3=0.000 m4=0.000 m5=0.000 p=0.000 cloud=PRE overlap=NO -> SAFE
[EDGE-Z1-ENSEMBLE] CID:5 m1=0.000 m2=0.020 m3=0.000 m4=0.000 m5=0.000 p=0.000 cloud=PRE overlap=NO -> SAFE
[EDGE-Z1-ENSEMBLE] CID:28 m1=0.000 m2=0.020 m3=0.000 m4=0.000 m5=0.000 p=0.000 cloud=PRE overlap=NO -> SAFE
[EDGE-Z1-ENSEMBLE] CID:16 m1=0.000 m2=0.020 m3=0.000 m4=0.000 m5=0.000 p=0.000 cloud=PRE overlap=NO -> SAFE
[EDGE-Z1-ENSEMBLE] CID:10 m1=0.000 m2=0.020 m3=0.000 m4=0.000 m5=0.000 p=0.000 cloud=PRE overlap=NO -> SAFE
[EDGE-Z1-ENSEMBLE] CID:22 m1=0.000 m2=0.020 m3=0.000 m4=0.000 m5=0.000 p=0.000 cloud=PRE overlap=NO -> SAFE
[EDGE-Z1-ENSEMBLE] CID:4 m1=0.000 m2=0.020 m3=0.000 m4=0.000 m5=0.000 p=0.000 cloud=PRE overlap=NO -> SAFE
[EDGE-Z1-ENSEMBLE] CID:6 m1=0.000 m2=0.020 m3=0.000 m4=0.000 m5=0.000 p=0.000 cloud=PRE overlap=NO -> SAFE
[EDGE-Z1-ENSEMBLE] CID:21 m1=0.000 m2=0.020 m3=0.000 m4=0.000 m5=0.000 p=0.000 cloud=PRE overlap=NO -> SAFE
[EDGE-Z1-ENSEMBLE] CID:17 m1=0.000 m2=0.020 m3=0.000 m4=0.000 m5=0.000 p=0.000 cloud=PRE overlap=NO -> SAFE
[EDGE-Z1-ENSEMBLE] CID:8 m1=0.000 m2=0.020 m3=0.000 m4=0.000 m5=0.000 p=0.000 cloud=PRE overlap=NO -> SAFE
[EDGE-Z1-ENSEMBLE] CID:15 m1=0.000 m2=0.020 m3=0.000 m4=0.000 m5=0.000 p=0.000 cloud=PRE overlap=NO -> SAFE
[EDGE-Z1-ENSEMBLE] CID:29 m1=0.000 m2=0.020 m3=0.000 m4=0.000 m5=0.000 p=0.000 cloud=PRE overlap=NO -> SAFE
[EDGE-Z1-ENSEMBLE] CID:5 m1=0.000 m2=0.020 m3=0.000 m4=0.000 m5=0.000 p=0.000 cloud=PRE overlap=NO -> SAFE
[EDGE-Z1-ENSEMBLE] CID:28 m1=0.000 m2=0.020 m3=0.000 m4=0.000 m5=0.000 p=0.000 cloud=PRE overlap=NO -> SAFE
[EDGE-Z1-ENSEMBLE] CID:16 m1=0.000 m2=0.020 m3=0.000 m4=0.000 m5=0.000 p=0.000 cloud=PRE overlap=NO -> SAFE
[EDGE-Z1-ENSEMBLE] CID:10 m1=0.000 m2=0.020 m3=0.000 m4=0.000 m5=0.000 p=0.000 cloud=PRE overlap=NO -> SAFE
[EDGE-Z1-ENSEMBLE] CID:22 m1=0.000 m2=0.020 m3=0.000 m4=0.000 m5=0.000 p=0.000 cloud=PRE overlap=NO -> SAFE
[EDGE-Z1-ENSEMBLE] CID:4 m1=0.000 m2=0.020 m3=0.000 m4=0.000 m5=0.000 p=0.000 cloud=PRE overlap=NO -> SAFE
[EDGE-Z1-ENSEMBLE] CID:6 m1=0.000 m2=0.020 m3=0.000 m4=0.000 m5=0.000 p=0.000 cloud=PRE overlap=NO -> SAFE
[EDGE-Z1-ENSEMBLE] CID:21 m1=0.000 m2=0.020 m3=0.000 m4=0.000 m5=0.000 p=0.000 cloud=PRE overlap=NO -> SAFE
[EDGE-Z1-ENSEMBLE] CID:17 m1=0.000 m2=0.020 m3=0.000 m4=0.000 m5=0.000 p=0.000 cloud=PRE overlap=NO -> SAFE
[EDGE-Z1-ENSEMBLE] CID:8 m1=0.000 m2=0.020 m3=0.000 m4=0.000 m5=0.000 p=0.000 cloud=PRE overlap=NO -> SAFE
[EDGE-Z1-ENSEMBLE] CID:15 m1=0.000 m2=0.020 m3=0.000 m4=0.000 m5=0.000 p=0.000 cloud=PRE overlap=NO -> SAFE
[EDGE-Z1-ENSEMBLE] CID:29 m1=0.000 m2=0.020 m3=0.000 m4=0.000 m5=0.000 p=0.000 cloud=PRE overlap=NO -> SAFE
[EDGE-Z1-ENSEMBLE] CID:5 m1=0.000 m2=0.020 m3=0.000 m4=0.000 m5=0.000 p=0.000 cloud=PRE overlap=NO -> SAFE
[EDGE-Z1-ENSEMBLE] CID:28 m1=0.000 m2=0.020 m3=0.000 m4=0.000 m5=0.000 p=0.000 cloud=PRE overlap=NO -> SAFE
[EDGE-Z1-ENSEMBLE] CID:16 m1=0.000 m2=0.020 m3=0.000 m4=0.000 m5=0.000 p=0.000 cloud=PRE overlap=NO -> SAFE
[EDGE-Z1-ENSEMBLE] CID:10 m1=0.000 m2=0.020 m3=0.000 m4=0.000 m5=0.000 p=0.000 cloud=PRE overlap=NO -> SAFE
[EDGE-Z1-ENSEMBLE] CID:4 m1=0.000 m2=0.020 m3=0.000 m4=0.000 m5=0.000 p=0.000 cloud=PRE overlap=NO -> SAFE
[EDGE-Z1-ENSEMBLE] CID:6 m1=0.000 m2=0.020 m3=0.000 m4=0.000 m5=0.000 p=0.000 cloud=PRE overlap=NO -> SAFE
[EDGE-Z1-ENSEMBLE] CID:17 m1=0.000 m2=0.020 m3=0.000 m4=0.000 m5=0.000 p=0.000 cloud=PRE overlap=NO -> SAFE
[EDGE-Z1-ENSEMBLE] CID:8 m1=0.000 m2=0.020 m3=0.000 m4=0.000 m5=0.000 p=0.000 cloud=PRE overlap=NO -> SAFE
[EDGE-Z1-ENSEMBLE] CID:15 m1=0.000 m2=0.020 m3=0.000 m4=0.000 m5=0.000 p=0.000 cloud=PRE overlap=NO -> SAFE
[EDGE-Z1-ENSEMBLE] CID:29 m1=0.000 m2=0.020 m3=0.000 m4=0.000 m5=0.000 p=0.000 cloud=PRE overlap=NO -> SAFE
[EDGE-Z1-ENSEMBLE] CID:5 m1=0.000 m2=0.020 m3=0.000 m4=0.000 m5=0.000 p=0.000 cloud=PRE overlap=NO -> SAFE
[EDGE-Z1-ENSEMBLE] CID:28 m1=0.000 m2=0.020 m3=0.000 m4=0.000 m5=0.000 p=0.000 cloud=PRE overlap=NO -> SAFE
[EDGE-Z1-ENSEMBLE] CID:16 m1=0.000 m2=0.020 m3=0.000 m4=0.000 m5=0.000 p=0.000 cloud=PRE overlap=NO -> SAFE
[EDGE-Z1-ENSEMBLE] CID:10 m1=0.000 m2=0.020 m3=0.000 m4=0.000 m5=0.000 p=0.000 cloud=PRE overlap=NO -> SAFE
[EDGE-Z1-ENSEMBLE] CID:22 m1=0.000 m2=0.020 m3=0.000 m4=0.000 m5=0.000 p=0.000 cloud=PRE overlap=NO -> SAFE
[EDGE-Z1-ENSEMBLE] CID:4 m1=0.000 m2=0.020 m3=0.000 m4=0.000 m5=0.000 p=0.000 cloud=PRE overlap=NO -> SAFE
[EDGE-Z1-ENSEMBLE] CID:6 m1=0.000 m2=0.020 m3=0.000 m4=0.000 m5=0.000 p=0.000 cloud=PRE overlap=NO -> SAFE
[EDGE-Z1-ENSEMBLE] CID:21 m1=0.000 m2=0.020 m3=0.000 m4=0.000 m5=0.000 p=0.000 cloud=PRE overlap=NO -> SAFE
[EDGE-Z1] HANDOVER OK   CID:0    --> Z2  verdict=BAN
[EDGE-Z1] HANDOVER_TRIGGER complete  CID:0     alpha=2.00  beta=1.00
[EDGE-Z1] HANDOVER OK   CID:1    --> Z2  verdict=BAN
[EDGE-Z1] HANDOVER_TRIGGER complete  CID:1     alpha=2.00  beta=1.00
[EDGE-Z1] HANDOVER OK   CID:2    --> Z2  verdict=SAFE
[EDGE-Z1] HANDOVER_TRIGGER complete  CID:2     alpha=2.00  beta=1.00
[EDGE-Z1] HANDOVER OK   CID:3    --> Z2  verdict=BAN
[EDGE-Z1] HANDOVER_TRIGGER complete  CID:3     alpha=2.00  beta=1.00
[EDGE-Z1] HANDOVER OK   CID:4    --> Z2  verdict=SAFE
[EDGE-Z1] HANDOVER_TRIGGER complete  CID:4     alpha=2.00  beta=1.00
[EDGE-Z1] HANDOVER OK   CID:5    --> Z2  verdict=SAFE
[EDGE-Z1] HANDOVER_TRIGGER complete  CID:5     alpha=2.00  beta=1.00
[EDGE-Z1] HANDOVER OK   CID:6    --> Z2  verdict=SAFE
[EDGE-Z1] HANDOVER_TRIGGER complete  CID:6     alpha=2.00  beta=1.00
[EDGE-Z1] HANDOVER OK   CID:7    --> Z2  verdict=BAN
[EDGE-Z1] HANDOVER_TRIGGER complete  CID:7     alpha=2.00  beta=1.00
[EDGE-Z1] HANDOVER OK   CID:8    --> Z2  verdict=SAFE
[EDGE-Z1] HANDOVER_TRIGGER complete  CID:8     alpha=2.00  beta=1.00
[EDGE-Z1] HANDOVER OK   CID:9    --> Z2  verdict=SAFE
[EDGE-Z1] HANDOVER_TRIGGER complete  CID:9     alpha=2.00  beta=1.00
[EDGE-Z1] HANDOVER OK   CID:10   --> Z2  verdict=SAFE
[EDGE-Z1] HANDOVER_TRIGGER complete  CID:10    alpha=2.00  beta=1.00
[EDGE-Z1] HANDOVER OK   CID:11   --> Z2  verdict=BAN
[EDGE-Z1] HANDOVER_TRIGGER complete  CID:11    alpha=2.00  beta=1.00
[EDGE-Z1] HANDOVER OK   CID:12   --> Z2  verdict=BAN
[EDGE-Z1] HANDOVER_TRIGGER complete  CID:12    alpha=2.00  beta=1.00
[EDGE-Z1] HANDOVER OK   CID:13   --> Z2  verdict=BAN
[EDGE-Z1] HANDOVER_TRIGGER complete  CID:13    alpha=2.00  beta=1.00
[EDGE-Z1] HANDOVER OK   CID:14   --> Z2  verdict=BAN
[EDGE-Z1] HANDOVER_TRIGGER complete  CID:14    alpha=2.00  beta=1.00
[EDGE-Z1] HANDOVER OK   CID:15   --> Z2  verdict=SAFE
[EDGE-Z1] HANDOVER_TRIGGER complete  CID:15    alpha=2.00  beta=1.00
[EDGE-Z1] HANDOVER OK   CID:17   --> Z2  verdict=SAFE
[EDGE-Z1] HANDOVER_TRIGGER complete  CID:17    alpha=2.00  beta=1.00
[EDGE-Z1] HANDOVER OK   CID:16   --> Z2  verdict=SAFE
[EDGE-Z1] HANDOVER_TRIGGER complete  CID:16    alpha=2.00  beta=1.00
[EDGE-Z1] HANDOVER OK   CID:18   --> Z2  verdict=BAN
[EDGE-Z1] HANDOVER_TRIGGER complete  CID:18    alpha=2.00  beta=1.00
[EDGE-Z1] HANDOVER OK   CID:19   --> Z2  verdict=BAN
[EDGE-Z1] HANDOVER_TRIGGER complete  CID:19    alpha=2.00  beta=1.00
[EDGE-Z1] HANDOVER OK   CID:20   --> Z2  verdict=BAN
[EDGE-Z1] HANDOVER_TRIGGER complete  CID:20    alpha=2.00  beta=1.00
[EDGE-Z1] HANDOVER OK   CID:21   --> Z2  verdict=SAFE
[EDGE-Z1] HANDOVER_TRIGGER complete  CID:21    alpha=2.00  beta=1.00
[EDGE-Z1] HANDOVER OK   CID:22   --> Z2  verdict=SAFE
[EDGE-Z1] HANDOVER_TRIGGER complete  CID:22    alpha=2.00  beta=1.00
[EDGE-Z1] HANDOVER OK   CID:23   --> Z2  verdict=BAN
[EDGE-Z1] HANDOVER_TRIGGER complete  CID:23    alpha=2.00  beta=1.00
[EDGE-Z1] HANDOVER OK   CID:24   --> Z2  verdict=BAN
[EDGE-Z1] HANDOVER_TRIGGER complete  CID:24    alpha=2.00  beta=1.00
[EDGE-Z1] HANDOVER OK   CID:25   --> Z2  verdict=BAN
[EDGE-Z1] HANDOVER_TRIGGER complete  CID:25    alpha=2.00  beta=1.00
[EDGE-Z1] HANDOVER OK   CID:26   --> Z2  verdict=BAN
[EDGE-Z1] HANDOVER_TRIGGER complete  CID:26    alpha=2.00  beta=1.00
[EDGE-Z1] HANDOVER OK   CID:27   --> Z2  verdict=SAFE
[EDGE-Z1] HANDOVER_TRIGGER complete  CID:27    alpha=2.00  beta=1.00
[EDGE-Z1] HANDOVER OK   CID:28   --> Z2  verdict=SAFE
[EDGE-Z1] HANDOVER_TRIGGER complete  CID:28    alpha=2.00  beta=1.00
[EDGE-Z1] HANDOVER OK   CID:29   --> Z2  verdict=SAFE
[EDGE-Z1] HANDOVER_TRIGGER complete  CID:29    alpha=2.00  beta=1.00
[EDGE-Z1-ENSEMBLE] CID:17 m1=0.000 m2=0.020 m3=0.000 m4=0.000 m5=0.000 p=0.000 cloud=PRE overlap=NO -> SAFE
[EDGE-Z1-ENSEMBLE] CID:15 m1=0.000 m2=0.020 m3=0.000 m4=0.000 m5=0.000 p=0.000 cloud=PRE overlap=NO -> SAFE
[EDGE-Z1-ENSEMBLE] CID:29 m1=0.000 m2=0.020 m3=0.000 m4=0.000 m5=0.000 p=0.000 cloud=PRE overlap=NO -> SAFE
[EDGE-Z1-ENSEMBLE] CID:5 m1=0.000 m2=0.020 m3=0.000 m4=0.000 m5=0.000 p=0.000 cloud=PRE overlap=NO -> SAFE
[EDGE-Z1-ENSEMBLE] CID:28 m1=0.000 m2=0.020 m3=0.000 m4=0.000 m5=0.000 p=0.000 cloud=PRE overlap=NO -> SAFE
[EDGE-Z1-ENSEMBLE] CID:16 m1=0.000 m2=0.020 m3=0.000 m4=0.000 m5=0.000 p=0.000 cloud=PRE overlap=NO -> SAFE
[EDGE-Z1-ENSEMBLE] CID:10 m1=0.000 m2=0.020 m3=0.000 m4=0.000 m5=0.000 p=0.000 cloud=PRE overlap=NO -> SAFE
[EDGE-Z1-ENSEMBLE] CID:22 m1=0.000 m2=0.020 m3=0.000 m4=0.000 m5=0.000 p=0.000 cloud=PRE overlap=NO -> SAFE
[EDGE-Z1-ENSEMBLE] CID:4 m1=0.000 m2=0.020 m3=0.000 m4=0.000 m5=0.000 p=0.000 cloud=PRE overlap=NO -> SAFE
[EDGE-Z1-ENSEMBLE] CID:6 m1=0.000 m2=0.020 m3=0.000 m4=0.000 m5=0.000 p=0.000 cloud=PRE overlap=NO -> SAFE
[EDGE-Z1-ENSEMBLE] CID:21 m1=0.000 m2=0.020 m3=0.000 m4=0.000 m5=0.000 p=0.000 cloud=PRE overlap=NO -> SAFE
[EDGE-Z1-ENSEMBLE] CID:8 m1=0.000 m2=0.020 m3=0.000 m4=0.000 m5=0.000 p=0.000 cloud=PRE overlap=NO -> SAFE
[EDGE-CALIB] Received calibration: attack=ts_replay conf=0.90
[EDGE-CALIB] Applied: W2: 0.1818→0.1818 (Δ0.0200)  ZONE_MAL: 0.300→0.300
[EDGE-CALIB] New weights: W1=0.273 W2=0.182 W3=0.227 W4=0.182 W5=0.136
